Archive member included because of file (symbol)

c:/dave-3.1.10/arm-gcc/bin/../lib/gcc/arm-none-eabi/4.7.4/../../../../arm-none-eabi/lib/armv7e-m\libg.a(lib_a-init.o)
                              Startup/startup_XMC4500.o (__libc_init_array)

Allocating common symbols
Common symbol       size              file

TimerTbl            0x400             Dave/Generated/src/SYSTM002/SYSTM002.o

Discarded input sections

 .group         0x00000000        0x8 Startup/system_XMC4500.o
 .group         0x00000000        0x8 Startup/system_XMC4500.o
 .group         0x00000000        0x8 Startup/system_XMC4500.o
 .group         0x00000000        0x8 Startup/system_XMC4500.o
 .group         0x00000000        0x8 Startup/system_XMC4500.o
 .group         0x00000000        0x8 Startup/system_XMC4500.o
 .group         0x00000000        0x8 Startup/system_XMC4500.o
 .group         0x00000000        0x8 Startup/system_XMC4500.o
 .group         0x00000000        0x8 Startup/system_XMC4500.o
 .group         0x00000000        0x8 Startup/system_XMC4500.o
 .group         0x00000000        0x8 Startup/system_XMC4500.o
 .group         0x00000000        0x8 Startup/system_XMC4500.o
 .group         0x00000000        0x8 Startup/system_XMC4500.o
 .comment       0x00000000       0x71 Startup/system_XMC4500.o
 .group         0x00000000        0x8 Main.o
 .group         0x00000000        0x8 Main.o
 .group         0x00000000        0x8 Main.o
 .group         0x00000000        0x8 Main.o
 .group         0x00000000        0x8 Main.o
 .group         0x00000000        0x8 Main.o
 .group         0x00000000        0x8 Main.o
 .group         0x00000000        0x8 Main.o
 .group         0x00000000        0x8 Main.o
 .group         0x00000000        0x8 Main.o
 .group         0x00000000        0x8 Main.o
 .group         0x00000000        0x8 Main.o
 .group         0x00000000        0x8 Main.o
 .group         0x00000000        0x8 Main.o
 .group         0x00000000        0x8 Main.o
 .group         0x00000000        0x8 Main.o
 .group         0x00000000        0x8 Main.o
 .group         0x00000000        0x8 Main.o
 .group         0x00000000        0x8 Main.o
 .group         0x00000000        0x8 Main.o
 .group         0x00000000        0x8 Main.o
 .group         0x00000000        0x8 Main.o
 .group         0x00000000        0x8 Main.o
 .group         0x00000000        0x8 Main.o
 .group         0x00000000        0x8 Main.o
 .group         0x00000000        0x8 Main.o
 .group         0x00000000        0x8 Main.o
 .group         0x00000000        0x8 Main.o
 .group         0x00000000        0x8 Main.o
 .group         0x00000000        0x8 Main.o
 .group         0x00000000        0x8 Main.o
 .group         0x00000000        0x8 Main.o
 .debug_macro   0x00000000      0x814 Main.o
 .debug_macro   0x00000000       0x2d Main.o
 .debug_macro   0x00000000       0x3b Main.o
 .debug_macro   0x00000000       0x3a Main.o
 .debug_macro   0x00000000       0x10 Main.o
 .debug_macro   0x00000000       0x2e Main.o
 .debug_macro   0x00000000       0xa3 Main.o
 .debug_macro   0x00000000      0x20e Main.o
 .debug_macro   0x00000000       0x2d Main.o
 .debug_macro   0x00000000       0x42 Main.o
 .debug_macro   0x00000000      0xd39 Main.o
 .debug_macro   0x00000000    0x150f5 Main.o
 .comment       0x00000000       0x71 Main.o
 .group         0x00000000        0x8 Lib/System_LibcStubs.o
 .group         0x00000000        0x8 Lib/System_LibcStubs.o
 .group         0x00000000        0x8 Lib/System_LibcStubs.o
 .group         0x00000000        0x8 Lib/System_LibcStubs.o
 .group         0x00000000        0x8 Lib/System_LibcStubs.o
 .group         0x00000000        0x8 Lib/System_LibcStubs.o
 .group         0x00000000        0x8 Lib/System_LibcStubs.o
 .group         0x00000000        0x8 Lib/System_LibcStubs.o
 .group         0x00000000        0x8 Lib/System_LibcStubs.o
 .group         0x00000000        0x8 Lib/System_LibcStubs.o
 .group         0x00000000        0x8 Lib/System_LibcStubs.o
 .group         0x00000000        0x8 Lib/System_LibcStubs.o
 .group         0x00000000        0x8 Lib/System_LibcStubs.o
 .group         0x00000000        0x8 Lib/System_LibcStubs.o
 .group         0x00000000        0x8 Lib/System_LibcStubs.o
 .group         0x00000000        0x8 Lib/System_LibcStubs.o
 .group         0x00000000        0x8 Lib/System_LibcStubs.o
 .group         0x00000000        0x8 Lib/System_LibcStubs.o
 .group         0x00000000        0x8 Lib/System_LibcStubs.o
 .group         0x00000000        0x8 Lib/System_LibcStubs.o
 .group         0x00000000        0x8 Lib/System_LibcStubs.o
 .debug_macro   0x00000000      0x814 Lib/System_LibcStubs.o
 .debug_macro   0x00000000       0x3a Lib/System_LibcStubs.o
 .debug_macro   0x00000000       0x10 Lib/System_LibcStubs.o
 .debug_macro   0x00000000       0x2e Lib/System_LibcStubs.o
 .debug_macro   0x00000000       0xa3 Lib/System_LibcStubs.o
 .comment       0x00000000       0x71 Lib/System_LibcStubs.o
[...]
Memory Configuration

Name             Origin             Length             Attributes
FLASH_1_cached   0x08000000         0x00100000         xr
FLASH_1_uncached 0x0c000000         0x00100000         xr
PSRAM_1          0x10000000         0x00010000         !xr
DSRAM_1_system   0x20000000         0x00010000         !xr
DSRAM_2_comm     0x30000000         0x00008000         !xr
*default*        0x00000000         0xffffffff

Linker script and memory map

LOAD Startup/startup_XMC4500.o
LOAD Startup/system_XMC4500.o
LOAD Main.o
LOAD Lib/System_LibcStubs.o
LOAD Dave/Generated/src/SYSTM002/SYSTM002.o
LOAD Dave/Generated/src/RESET001/RESET001.o
LOAD Dave/Generated/src/PWMSP001/PWMSP001.o
LOAD Dave/Generated/src/PWMSP001/PWMSP001_Conf.o
LOAD Dave/Generated/src/NVIC002/NVIC002.o
LOAD Dave/Generated/src/NVIC002/NVIC002_Conf.o
LOAD Dave/Generated/src/LIBS/CCU8PWMLIB.o
LOAD Dave/Generated/src/LIBS/MOTORLIB.o
LOAD Dave/Generated/src/IO004/IO004.o
LOAD Dave/Generated/src/IO004/IO004_Conf.o
LOAD Dave/Generated/src/IO002/IO002.o
LOAD Dave/Generated/src/IO002/IO002_Conf.o
LOAD Dave/Generated/src/ERU002/ERU002.o
LOAD Dave/Generated/src/ERU002/ERU002_Conf.o
LOAD Dave/Generated/src/ERU001/ERU001.o
LOAD Dave/Generated/src/ERU001/ERU001_Conf.o
LOAD Dave/Generated/src/DAVESupport/DAVE3.o
LOAD Dave/Generated/src/DAVESupport/MULTIPLEXER.o
LOAD Dave/Generated/src/CNT001/CNT001.o
LOAD Dave/Generated/src/CNT001/CNT001_Conf.o
LOAD Dave/Generated/src/CLK001/CLK001.o
LOAD Dave/Generated/src/CCU4GLOBAL/CCU4GLOBAL.o
LOAD Dave/Generated/src/CCU4GLOBAL/CCU4GLOBAL_Conf.o
START GROUP
LOAD c:/dave-3.1.10/arm-gcc/bin/../lib/gcc/arm-none-eabi/4.7.4/armv7e-m\libgcc.a
LOAD c:/dave-3.1.10/arm-gcc/bin/../lib/gcc/arm-none-eabi/4.7.4/../../../../arm-none-eabi/lib/armv7e-m\libg.a
LOAD c:/dave-3.1.10/arm-gcc/bin/../lib/gcc/arm-none-eabi/4.7.4/../../../../arm-none-eabi/lib/armv7e-m\libc.a
END GROUP
                0x00000800                stack_size = 0x800

.text           0x08000000     0x582c load address 0x0c000000
                0x08000000                sText = .
 *(.Xmc4500.reset)
 .Xmc4500.reset
                0x08000000      0x21c Startup/startup_XMC4500.o
                0x08000000                __Xmc4500_interrupt_vector_cortex_m
                0x08000200                __Xmc4500_reset_cortex_m
 *(.Xmc4500.postreset)
 .Xmc4500.postreset
                0x0800021c       0xa8 Startup/startup_XMC4500.o
 *(.XmcStartup)
 .XmcStartup    0x080002c4        0x4 Startup/startup_XMC4500.o
 *(.text .text.* .gnu.linkonce.t.*)
 .text          0x080002c8      0x82c Startup/startup_XMC4500.o
                0x080002c8                NMI_Handler
                0x080002ca                NMI_Handler_Veneer
                0x080002d8                HardFault_Handler
                0x080002da                HardFault_Handler_Veneer
                0x080002e8                MemManage_Handler
                0x080002ea                MemManage_Handler_Veneer
                0x080002f8                BusFault_Handler
                0x080002fa                BusFault_Handler_Veneer
                0x08000308                UsageFault_Handler
                0x0800030a                UsageFault_Handler_Veneer
                0x08000318                SVC_Handler
                0x0800031a                SVC_Handler_Veneer
                0x08000328                DebugMon_Handler
                0x0800032a                DebugMon_Handler_Veneer
                0x08000338                PendSV_Handler
                0x0800033a                PendSV_Handler_Veneer
                0x0800034a                SysTick_Handler_Veneer
                0x08000358                SCU_0_IRQHandler
                0x0800035a                SCU_0_IRQHandler_Veneer
                0x08000368                ERU0_0_IRQHandler
                0x0800036a                ERU0_0_IRQHandler_Veneer
                0x08000378                ERU0_1_IRQHandler
                0x0800037a                ERU0_1_IRQHandler_Veneer
                0x08000388                ERU0_2_IRQHandler
                0x0800038a                ERU0_2_IRQHandler_Veneer
                0x0800039a                ERU0_3_IRQHandler_Veneer
                0x080003a8                ERU1_0_IRQHandler
                0x080003aa                ERU1_0_IRQHandler_Veneer
                0x080003b8                ERU1_1_IRQHandler
                0x080003ba                ERU1_1_IRQHandler_Veneer
                0x080003c8                ERU1_2_IRQHandler
                0x080003ca                ERU1_2_IRQHandler_Veneer
                0x080003d8                ERU1_3_IRQHandler
                0x080003da                ERU1_3_IRQHandler_Veneer
                0x080003e8                PMU0_0_IRQHandler
                0x080003ea                PMU0_0_IRQHandler_Veneer
                0x080003f8                VADC0_C0_0_IRQHandler
                0x080003fa                VADC0_C0_0_IRQHandler_Veneer
                0x08000408                VADC0_C0_1_IRQHandler
                0x0800040a                VADC0_C0_1_IRQHandler_Veneer
                0x08000418                VADC0_C0_2_IRQHandler
                0x0800041a                VADC0_C0_2_IRQHandler_Veneer
                0x08000428                VADC0_C0_3_IRQHandler
                0x0800042a                VADC0_C0_3_IRQHandler_Veneer
                0x08000438                VADC0_G0_0_IRQHandler
                0x0800043a                VADC0_G0_0_IRQHandler_Veneer
                0x08000448                VADC0_G0_1_IRQHandler
                0x0800044a                VADC0_G0_1_IRQHandler_Veneer
                0x08000458                VADC0_G0_2_IRQHandler
                0x0800045a                VADC0_G0_2_IRQHandler_Veneer
                0x08000468                VADC0_G0_3_IRQHandler
                0x0800046a                VADC0_G0_3_IRQHandler_Veneer
                0x08000478                VADC0_G1_0_IRQHandler
                0x0800047a                VADC0_G1_0_IRQHandler_Veneer
                0x08000488                VADC0_G1_1_IRQHandler
                0x0800048a                VADC0_G1_1_IRQHandler_Veneer
                0x08000498                VADC0_G1_2_IRQHandler
                0x0800049a                VADC0_G1_2_IRQHandler_Veneer
                0x080004a8                VADC0_G1_3_IRQHandler
                0x080004aa                VADC0_G1_3_IRQHandler_Veneer
                0x080004b8                VADC0_G2_0_IRQHandler
                0x080004ba                VADC0_G2_0_IRQHandler_Veneer
                0x080004c8                VADC0_G2_1_IRQHandler
                0x080004ca                VADC0_G2_1_IRQHandler_Veneer
                0x080004d8                VADC0_G2_2_IRQHandler
                0x080004da                VADC0_G2_2_IRQHandler_Veneer
                0x080004e8                VADC0_G2_3_IRQHandler
                0x080004ea                VADC0_G2_3_IRQHandler_Veneer
                0x080004f8                VADC0_G3_0_IRQHandler
                0x080004fa                VADC0_G3_0_IRQHandler_Veneer
                0x08000508                VADC0_G3_1_IRQHandler
                0x0800050a                VADC0_G3_1_IRQHandler_Veneer
                0x08000518                VADC0_G3_2_IRQHandler
                0x0800051a                VADC0_G3_2_IRQHandler_Veneer
                0x08000528                VADC0_G3_3_IRQHandler
                0x0800052a                VADC0_G3_3_IRQHandler_Veneer
                0x08000538                DSD0_0_IRQHandler
                0x0800053a                DSD0_0_IRQHandler_Veneer
                0x08000548                DSD0_1_IRQHandler
                0x0800054a                DSD0_1_IRQHandler_Veneer
                0x08000558                DSD0_2_IRQHandler
                0x0800055a                DSD0_2_IRQHandler_Veneer
                0x08000568                DSD0_3_IRQHandler
                0x0800056a                DSD0_3_IRQHandler_Veneer
                0x08000578                DSD0_4_IRQHandler
                0x0800057a                DSD0_4_IRQHandler_Veneer
                0x08000588                DSD0_5_IRQHandler
                0x0800058a                DSD0_5_IRQHandler_Veneer
                0x08000598                DSD0_6_IRQHandler
                0x0800059a                DSD0_6_IRQHandler_Veneer
                0x080005a8                DSD0_7_IRQHandler
                0x080005aa                DSD0_7_IRQHandler_Veneer
                0x080005b8                DAC0_0_IRQHandler
                0x080005ba                DAC0_0_IRQHandler_Veneer
                0x080005c8                DAC0_1_IRQHandler
                0x080005ca                DAC0_1_IRQHandler_Veneer
                0x080005d8                CCU40_0_IRQHandler
                0x080005da                CCU40_0_IRQHandler_Veneer
                0x080005e8                CCU40_1_IRQHandler
                0x080005ea                CCU40_1_IRQHandler_Veneer
                0x080005f8                CCU40_2_IRQHandler
                0x080005fa                CCU40_2_IRQHandler_Veneer
                0x08000608                CCU40_3_IRQHandler
                0x0800060a                CCU40_3_IRQHandler_Veneer
                0x08000618                CCU41_0_IRQHandler
                0x0800061a                CCU41_0_IRQHandler_Veneer
                0x08000626                CCU41_1_IRQHandler
                0x08000628                CCU41_1_IRQHandler_Veneer
                0x08000634                CCU41_2_IRQHandler
                0x08000636                CCU41_2_IRQHandler_Veneer
                0x08000642                CCU41_3_IRQHandler
                0x08000644                CCU41_3_IRQHandler_Veneer
                0x08000650                CCU42_0_IRQHandler
                0x08000652                CCU42_0_IRQHandler_Veneer
                0x0800065e                CCU42_1_IRQHandler
                0x08000660                CCU42_1_IRQHandler_Veneer
                0x0800066c                CCU42_2_IRQHandler
                0x0800066e                CCU42_2_IRQHandler_Veneer
                0x0800067a                CCU42_3_IRQHandler
                0x0800067c                CCU42_3_IRQHandler_Veneer
                0x08000688                CCU43_0_IRQHandler
                0x0800068a                CCU43_0_IRQHandler_Veneer
                0x08000696                CCU43_1_IRQHandler
                0x08000698                CCU43_1_IRQHandler_Veneer
                0x080006a4                CCU43_2_IRQHandler
                0x080006a6                CCU43_2_IRQHandler_Veneer
                0x080006b2                CCU43_3_IRQHandler
                0x080006b4                CCU43_3_IRQHandler_Veneer
                0x080006c0                CCU80_0_IRQHandler
                0x080006c2                CCU80_0_IRQHandler_Veneer
                0x080006ce                CCU80_1_IRQHandler
                0x080006d0                CCU80_1_IRQHandler_Veneer
                0x080006dc                CCU80_2_IRQHandler
                0x080006de                CCU80_2_IRQHandler_Veneer
                0x080006ea                CCU80_3_IRQHandler
                0x080006ec                CCU80_3_IRQHandler_Veneer
                0x080006f8                CCU81_0_IRQHandler
                0x080006fa                CCU81_0_IRQHandler_Veneer
                0x08000706                CCU81_1_IRQHandler
                0x08000708                CCU81_1_IRQHandler_Veneer
                0x08000714                CCU81_2_IRQHandler
                0x08000716                CCU81_2_IRQHandler_Veneer
                0x08000722                CCU81_3_IRQHandler
                0x08000724                CCU81_3_IRQHandler_Veneer
                0x08000730                POSIF0_0_IRQHandler
                0x08000732                POSIF0_0_IRQHandler_Veneer
                0x0800073e                POSIF0_1_IRQHandler
                0x08000740                POSIF0_1_IRQHandler_Veneer
                0x0800074c                POSIF1_0_IRQHandler
                0x0800074e                POSIF1_0_IRQHandler_Veneer
                0x0800075a                POSIF1_1_IRQHandler
                0x0800075c                POSIF1_1_IRQHandler_Veneer
                0x08000768                CAN0_0_IRQHandler
                0x0800076a                CAN0_0_IRQHandler_Veneer
                0x08000776                CAN0_1_IRQHandler
                0x08000778                CAN0_1_IRQHandler_Veneer
                0x08000784                CAN0_2_IRQHandler
                0x08000786                CAN0_2_IRQHandler_Veneer
                0x08000792                CAN0_3_IRQHandler
                0x08000794                CAN0_3_IRQHandler_Veneer
                0x080007a0                CAN0_4_IRQHandler
                0x080007a2                CAN0_4_IRQHandler_Veneer
                0x080007ae                CAN0_5_IRQHandler
                0x080007b0                CAN0_5_IRQHandler_Veneer
                0x080007bc                CAN0_6_IRQHandler
                0x080007be                CAN0_6_IRQHandler_Veneer
                0x080007ca                CAN0_7_IRQHandler
                0x080007cc                CAN0_7_IRQHandler_Veneer
                0x080007d8                USIC0_0_IRQHandler
                0x080007da                USIC0_0_IRQHandler_Veneer
                0x080007e6                USIC0_1_IRQHandler
                0x080007e8                USIC0_1_IRQHandler_Veneer
                0x080007f4                USIC0_2_IRQHandler
                0x080007f6                USIC0_2_IRQHandler_Veneer
                0x08000802                USIC0_3_IRQHandler
                0x08000804                USIC0_3_IRQHandler_Veneer
                0x08000810                USIC0_4_IRQHandler
                0x08000812                USIC0_4_IRQHandler_Veneer
                0x0800081e                USIC0_5_IRQHandler
                0x08000820                USIC0_5_IRQHandler_Veneer
                0x0800082c                USIC1_0_IRQHandler
                0x0800082e                USIC1_0_IRQHandler_Veneer
                0x0800083a                USIC1_1_IRQHandler
                0x0800083c                USIC1_1_IRQHandler_Veneer
                0x08000848                USIC1_2_IRQHandler
                0x0800084a                USIC1_2_IRQHandler_Veneer
                0x08000856                USIC1_3_IRQHandler
                0x08000858                USIC1_3_IRQHandler_Veneer
                0x08000864                USIC1_4_IRQHandler
                0x08000866                USIC1_4_IRQHandler_Veneer
                0x08000872                USIC1_5_IRQHandler
                0x08000874                USIC1_5_IRQHandler_Veneer
                0x08000880                USIC2_0_IRQHandler
                0x08000882                USIC2_0_IRQHandler_Veneer
                0x0800088e                USIC2_1_IRQHandler
                0x08000890                USIC2_1_IRQHandler_Veneer
                0x0800089c                USIC2_2_IRQHandler
                0x0800089e                USIC2_2_IRQHandler_Veneer
                0x080008aa                USIC2_3_IRQHandler
                0x080008ac                USIC2_3_IRQHandler_Veneer
                0x080008b8                USIC2_4_IRQHandler
                0x080008ba                USIC2_4_IRQHandler_Veneer
                0x080008c6                USIC2_5_IRQHandler
                0x080008c8                USIC2_5_IRQHandler_Veneer
                0x080008d4                LEDTS0_0_IRQHandler
                0x080008d6                LEDTS0_0_IRQHandler_Veneer
                0x080008e2                FCE0_0_IRQHandler
                0x080008e4                FCE0_0_IRQHandler_Veneer
                0x080008f0                GPDMA0_0_IRQHandler
                0x080008f2                GPDMA0_0_IRQHandler_Veneer
                0x080008fe                SDMMC0_0_IRQHandler
                0x08000900                SDMMC0_0_IRQHandler_Veneer
                0x0800090c                USB0_0_IRQHandler
                0x0800090e                USB0_0_IRQHandler_Veneer
                0x0800091a                ETH0_0_IRQHandler
                0x0800091c                ETH0_0_IRQHandler_Veneer
                0x08000928                GPDMA1_0_IRQHandler
                0x0800092a                GPDMA1_0_IRQHandler_Veneer
 .text          0x08000af4        0x0 Startup/system_XMC4500.o
 .text.SystemInit
                0x08000af4       0x9c Startup/system_XMC4500.o
                0x08000af4                SystemInit
 .text.SystemCoreClockUpdate
                0x08000b90      0x148 Startup/system_XMC4500.o
                0x08000b90                SystemCoreClockUpdate
 .text.SystemClockSetup
                0x08000cd8      0x4cc Startup/system_XMC4500.o
 .text          0x080011a4        0x0 Main.o
 .text.main     0x080011a4      0x158 Main.o
                0x080011a4                main
 .text.WakeUp   0x080012fc       0x4c Main.o
                0x080012fc                WakeUp
 .text.Software_Timers_Init
                0x08001348       0x34 Main.o
                0x08001348                Software_Timers_Init
 .text.delayus  0x0800137c       0x54 Main.o
                0x0800137c                delayus
 .text.delayms  0x080013d0       0x20 Main.o
                0x080013d0                delayms
 .text.Tick_Handler
                0x080013f0       0x24 Main.o
                0x080013f0                Tick_Handler
 .text.ERU0_3_IRQHandler
                0x08001414        0xc Main.o
                0x08001414                ERU0_3_IRQHandler
 .text          0x08001420        0x0 Lib/System_LibcStubs.o
 .text._open    0x08001420       0x1c Lib/System_LibcStubs.o
                0x08001420                _open
 .text._lseek   0x0800143c       0x1c Lib/System_LibcStubs.o
                0x0800143c                _lseek
 .text._read    0x08001458       0x1c Lib/System_LibcStubs.o
                0x08001458                _read
 .text._write   0x08001474       0x1c Lib/System_LibcStubs.o
                0x08001474                _write
 .text._close   0x08001490       0x10 Lib/System_LibcStubs.o
                0x08001490                _close
 .text._fstat   0x080014a0       0x28 Lib/System_LibcStubs.o
                0x080014a0                _fstat
 .text._link    0x080014c8       0x28 Lib/System_LibcStubs.o
                0x080014c8                _link
 .text._unlink  0x080014f0       0x18 Lib/System_LibcStubs.o
                0x080014f0                _unlink
 .text._sbrk    0x08001508       0xa0 Lib/System_LibcStubs.o
                0x08001508                _sbrk
 .text._times   0x080015a8       0x18 Lib/System_LibcStubs.o
                0x080015a8                _times
 .text._wait    0x080015c0       0x18 Lib/System_LibcStubs.o
                0x080015c0                _wait
 .text._kill    0x080015d8       0x1c Lib/System_LibcStubs.o
                0x080015d8                _kill
 .text._fork    0x080015f4       0x10 Lib/System_LibcStubs.o
                0x080015f4                _fork
 .text._getpid  0x08001604       0x10 Lib/System_LibcStubs.o
                0x08001604                _getpid
 .text._exit    0x08001614        0xc Lib/System_LibcStubs.o
                0x08001614                _exit
 .text._init    0x08001620        0xc Lib/System_LibcStubs.o
                0x08001620                _init
 .text._isatty  0x0800162c       0x18 Lib/System_LibcStubs.o
                0x0800162c                _isatty
 .text          0x08001644        0x0 Dave/Generated/src/SYSTM002/SYSTM002.o
 .text.NVIC_GetPriorityGrouping
                0x08001644       0x20 Dave/Generated/src/SYSTM002/SYSTM002.o
 .text.NVIC_SetPriority
                0x08001664       0x5c Dave/Generated/src/SYSTM002/SYSTM002.o
 .text.NVIC_EncodePriority
                0x080016c0       0x78 Dave/Generated/src/SYSTM002/SYSTM002.o
 .text.SysTick_Config
                0x08001738       0x64 Dave/Generated/src/SYSTM002/SYSTM002.o
 .text.SYSTM002_lInsertTimerList
                0x0800179c      0x214 Dave/Generated/src/SYSTM002/SYSTM002.o
 .text.SYSTM002_lRemoveTimerList
                0x080019b0       0xd8 Dave/Generated/src/SYSTM002/SYSTM002.o
 .text.SYSTM002_lTimerHandler
                0x08001a88       0x94 Dave/Generated/src/SYSTM002/SYSTM002.o
 .text.SysTick_Handler
                0x08001b1c       0x5c Dave/Generated/src/SYSTM002/SYSTM002.o
                0x08001b1c                SysTick_Handler
 .text.SYSTM002_Init
                0x08001b78       0x64 Dave/Generated/src/SYSTM002/SYSTM002.o
                0x08001b78                SYSTM002_Init
 .text.SYSTM002_CreateTimer
                0x08001bdc      0x1bc Dave/Generated/src/SYSTM002/SYSTM002.o
                0x08001bdc                SYSTM002_CreateTimer
 .text.SYSTM002_StartTimer
                0x08001d98       0xb4 Dave/Generated/src/SYSTM002/SYSTM002.o
                0x08001d98                SYSTM002_StartTimer
 .text.SYSTM002_StopTimer
                0x08001e4c       0x90 Dave/Generated/src/SYSTM002/SYSTM002.o
                0x08001e4c                SYSTM002_StopTimer
 .text.SYSTM002_DeleteTimer
                0x08001edc       0x9c Dave/Generated/src/SYSTM002/SYSTM002.o
                0x08001edc                SYSTM002_DeleteTimer
 .text.SYSTM002_GetTime
                0x08001f78       0x20 Dave/Generated/src/SYSTM002/SYSTM002.o
                0x08001f78                SYSTM002_GetTime
 .text          0x08001f98        0x0 Dave/Generated/src/RESET001/RESET001.o
 .text.RESET001_AssertReset
                0x08001f98       0x54 Dave/Generated/src/RESET001/RESET001.o
                0x08001f98                RESET001_AssertReset
 .text.RESET001_DeassertReset
                0x08001fec       0x54 Dave/Generated/src/RESET001/RESET001.o
                0x08001fec                RESET001_DeassertReset
 .text.RESET001_GetResetInfo
                0x08002040       0x2c Dave/Generated/src/RESET001/RESET001.o
                0x08002040                RESET001_GetResetInfo
 .text.RESET001_GetStatus
                0x0800206c       0x7c Dave/Generated/src/RESET001/RESET001.o
                0x0800206c                RESET001_GetStatus
 .text.RESET001_ClearResetInfo
                0x080020e8       0x28 Dave/Generated/src/RESET001/RESET001.o
                0x080020e8                RESET001_ClearResetInfo
 .text          0x08002110        0x0 Dave/Generated/src/PWMSP001/PWMSP001.o
 .text.PWMSP001_Init
                0x08002110       0xa0 Dave/Generated/src/PWMSP001/PWMSP001.o
                0x08002110                PWMSP001_Init
 .text.PWMSP001_lInit
                0x080021b0      0x2fc Dave/Generated/src/PWMSP001/PWMSP001.o
                0x080021b0                PWMSP001_lInit
 .text.PWMSP001_Deinit
                0x080024ac      0x180 Dave/Generated/src/PWMSP001/PWMSP001.o
                0x080024ac                PWMSP001_Deinit
 .text.PWMSP001_Start
                0x0800262c      0x184 Dave/Generated/src/PWMSP001/PWMSP001.o
                0x0800262c                PWMSP001_Start
 .text.PWMSP001_Stop
                0x080027b0       0xac Dave/Generated/src/PWMSP001/PWMSP001.o
                0x080027b0                PWMSP001_Stop
 .text.PWMSP001_SetCompare
                0x0800285c       0x8c Dave/Generated/src/PWMSP001/PWMSP001.o
                0x0800285c                PWMSP001_SetCompare
 .text.PWMSP001_lSetCompareEdgeAlign
                0x080028e8       0x50 Dave/Generated/src/PWMSP001/PWMSP001.o
                0x080028e8                PWMSP001_lSetCompareEdgeAlign
 .text.PWMSP001_lSetCompareEdgeAlignTimerConcat
                0x08002938       0xa8 Dave/Generated/src/PWMSP001/PWMSP001.o
                0x08002938                PWMSP001_lSetCompareEdgeAlignTimerConcat
 .text.PWMSP001_lSetCompareCenterAlign
                0x080029e0       0x4c Dave/Generated/src/PWMSP001/PWMSP001.o
                0x080029e0                PWMSP001_lSetCompareCenterAlign
 .text.PWMSP001_SetDutyCycle
                0x08002a2c       0x64 Dave/Generated/src/PWMSP001/PWMSP001.o
                0x08002a2c                PWMSP001_SetDutyCycle
 .text.PWMSP001_lSetDutyEdgeAlign
                0x08002a90       0x9c Dave/Generated/src/PWMSP001/PWMSP001.o
                0x08002a90                PWMSP001_lSetDutyEdgeAlign
 .text.PWMSP001_lSetDutyEdgeAlignTimerConcat
                0x08002b2c      0x128 Dave/Generated/src/PWMSP001/PWMSP001.o
                0x08002b2c                PWMSP001_lSetDutyEdgeAlignTimerConcat
 .text.PWMSP001_lSetDutyCenterAlign
                0x08002c54       0x98 Dave/Generated/src/PWMSP001/PWMSP001.o
                0x08002c54                PWMSP001_lSetDutyCenterAlign
 .text.PWMSP001_SetPeriodAndCompare
                0x08002cec       0xa8 Dave/Generated/src/PWMSP001/PWMSP001.o
                0x08002cec                PWMSP001_SetPeriodAndCompare
 .text.PWMSP001_SetPeriod
                0x08002d94       0xdc Dave/Generated/src/PWMSP001/PWMSP001.o
                0x08002d94                PWMSP001_SetPeriod
 .text.PWMSP001_SetPwmFreqAndDutyCycle
                0x08002e70      0x118 Dave/Generated/src/PWMSP001/PWMSP001.o
                0x08002e70                PWMSP001_SetPwmFreqAndDutyCycle
 .text.PWMSP001_SetPwmFreq
                0x08002f88      0x12c Dave/Generated/src/PWMSP001/PWMSP001.o
                0x08002f88                PWMSP001_SetPwmFreq
 .text.PWMSP001_lSetPwmFreqTimerConcat
                0x080030b4       0xbc Dave/Generated/src/PWMSP001/PWMSP001.o
                0x080030b4                PWMSP001_lSetPwmFreqTimerConcat
 .text.PWMSP001_SetTimerVal
                0x08003170       0x60 Dave/Generated/src/PWMSP001/PWMSP001.o
                0x08003170                PWMSP001_SetTimerVal
 .text.PWMSP001_GetTimerStatus
                0x080031d0       0x6c Dave/Generated/src/PWMSP001/PWMSP001.o
                0x080031d0                PWMSP001_GetTimerStatus
 .text.PWMSP001_GetTimerRegsVal
                0x0800323c       0xec Dave/Generated/src/PWMSP001/PWMSP001.o
                0x0800323c                PWMSP001_GetTimerRegsVal
 .text.PWMSP001_GetPeriodReg
                0x08003328       0x7c Dave/Generated/src/PWMSP001/PWMSP001.o
                0x08003328                PWMSP001_GetPeriodReg
 .text.PWMSP001_SWRequestShadowTransfer
                0x080033a4       0x98 Dave/Generated/src/PWMSP001/PWMSP001.o
                0x080033a4                PWMSP001_SWRequestShadowTransfer
 .text.PWMSP001_ResetTrapFlag
                0x0800343c       0x80 Dave/Generated/src/PWMSP001/PWMSP001.o
                0x0800343c                PWMSP001_ResetTrapFlag
 .text.PWMSP001_lConfigureSecondSlice
                0x080034bc      0x250 Dave/Generated/src/PWMSP001/PWMSP001.o
                0x080034bc                PWMSP001_lConfigureSecondSlice
 .text.PWMSP001_EnableEvent
                0x0800370c       0x7c Dave/Generated/src/PWMSP001/PWMSP001.o
                0x0800370c                PWMSP001_EnableEvent
 .text.PWMSP001_DisableEvent
                0x08003788       0x84 Dave/Generated/src/PWMSP001/PWMSP001.o
                0x08003788                PWMSP001_DisableEvent
 .text.PWMSP001_ClearPendingEvent
                0x0800380c       0x7c Dave/Generated/src/PWMSP001/PWMSP001.o
                0x0800380c                PWMSP001_ClearPendingEvent
 .text.PWMSP001_SetPendingEvent
                0x08003888       0x7c Dave/Generated/src/PWMSP001/PWMSP001.o
                0x08003888                PWMSP001_SetPendingEvent
 .text.PWMSP001_GetPendingEvent
                0x08003904       0xa8 Dave/Generated/src/PWMSP001/PWMSP001.o
                0x08003904                PWMSP001_GetPendingEvent
 .text          0x080039ac        0x0 Dave/Generated/src/PWMSP001/PWMSP001_Conf.o
 .text          0x080039ac        0x0 Dave/Generated/src/NVIC002/NVIC002.o
 .text.NVIC_GetPriorityGrouping
                0x080039ac       0x20 Dave/Generated/src/NVIC002/NVIC002.o
 .text.NVIC_EnableIRQ
                0x080039cc       0x38 Dave/Generated/src/NVIC002/NVIC002.o
 .text.NVIC_SetPriority
                0x08003a04       0x5c Dave/Generated/src/NVIC002/NVIC002.o
 .text.NVIC_EncodePriority
                0x08003a60       0x78 Dave/Generated/src/NVIC002/NVIC002.o
 .text.NVIC002_EnableIRQ
                0x08003ad8       0x20 Dave/Generated/src/NVIC002/NVIC002.o
 .text.NVIC002_Init
                0x08003af8       0x38 Dave/Generated/src/NVIC002/NVIC002.o
                0x08003af8                NVIC002_Init
 .text.NVIC002_lInit
                0x08003b30       0x4c Dave/Generated/src/NVIC002/NVIC002.o
 .text          0x08003b7c        0x0 Dave/Generated/src/NVIC002/NVIC002_Conf.o
 .text          0x08003b7c        0x0 Dave/Generated/src/LIBS/CCU8PWMLIB.o
 .text          0x08003b7c        0x0 Dave/Generated/src/LIBS/MOTORLIB.o
 .text          0x08003b7c        0x0 Dave/Generated/src/IO004/IO004.o
 .text.IO004_Init
                0x08003b7c      0x36c Dave/Generated/src/IO004/IO004.o
                0x08003b7c                IO004_Init
 .text.IO004_DisableOutputDriver
                0x08003ee8      0x17c Dave/Generated/src/IO004/IO004.o
                0x08003ee8                IO004_DisableOutputDriver
 .text.IO004_EnableOutputDriver
                0x08004064      0x17c Dave/Generated/src/IO004/IO004.o
                0x08004064                IO004_EnableOutputDriver
 .text          0x080041e0        0x0 Dave/Generated/src/IO004/IO004_Conf.o
 .text          0x080041e0        0x0 Dave/Generated/src/IO002/IO002.o
 .text.IO002_lInit
                0x080041e0       0x78 Dave/Generated/src/IO002/IO002.o
 .text.IO002_XMC4_lInit
                0x08004258       0xa0 Dave/Generated/src/IO002/IO002.o
 .text.IO002_IOCR_OE_Enabled_lInit
                0x080042f8       0xdc Dave/Generated/src/IO002/IO002.o
 .text.IO002_IOCR_OE_Disabled_lInit
                0x080043d4       0xdc Dave/Generated/src/IO002/IO002.o
 .text.IO002_Init
                0x080044b0       0x38 Dave/Generated/src/IO002/IO002.o
                0x080044b0                IO002_Init
 .text.IO002_ReadPin
                0x080044e8       0x28 Dave/Generated/src/IO002/IO002.o
                0x080044e8                IO002_ReadPin
 .text.IO002_SetPin
                0x08004510       0x24 Dave/Generated/src/IO002/IO002.o
                0x08004510                IO002_SetPin
 .text.IO002_ResetPin
                0x08004534       0x24 Dave/Generated/src/IO002/IO002.o
                0x08004534                IO002_ResetPin
 .text.IO002_SetOutputValue
                0x08004558       0x3c Dave/Generated/src/IO002/IO002.o
                0x08004558                IO002_SetOutputValue
 .text.IO002_TogglePin
                0x08004594       0x24 Dave/Generated/src/IO002/IO002.o
                0x08004594                IO002_TogglePin
 .text.IO002_DisableOutputDriver
                0x080045b8       0x18 Dave/Generated/src/IO002/IO002.o
                0x080045b8                IO002_DisableOutputDriver
 .text.IO002_EnableOutputDriver
                0x080045d0       0x18 Dave/Generated/src/IO002/IO002.o
                0x080045d0                IO002_EnableOutputDriver
 .text          0x080045e8        0x0 Dave/Generated/src/IO002/IO002_Conf.o
 .text          0x080045e8        0x0 Dave/Generated/src/ERU002/ERU002.o
 .text.ERU002_Init
                0x080045e8       0x38 Dave/Generated/src/ERU002/ERU002.o
                0x080045e8                ERU002_Init
 .text.ERU002_lInit
                0x08004620       0x74 Dave/Generated/src/ERU002/ERU002.o
                0x08004620                ERU002_lInit
 .text.ERU002_SetPeripheralTrigInputSrc
                0x08004694       0x68 Dave/Generated/src/ERU002/ERU002.o
                0x08004694                ERU002_SetPeripheralTrigInputSrc
 .text.ERU002_GetPatternResult
                0x080046fc       0x30 Dave/Generated/src/ERU002/ERU002.o
                0x080046fc                ERU002_GetPatternResult
 .text.ERU002_EnablePatternDetection
                0x0800472c       0x3c Dave/Generated/src/ERU002/ERU002.o
                0x0800472c                ERU002_EnablePatternDetection
 .text.ERU002_DisablePatternDetection
                0x08004768       0x3c Dave/Generated/src/ERU002/ERU002.o
                0x08004768                ERU002_DisablePatternDetection
 .text.ERU002_SelectServiceRequestMode
                0x080047a4       0x4c Dave/Generated/src/ERU002/ERU002.o
                0x080047a4                ERU002_SelectServiceRequestMode
 .text          0x080047f0        0x0 Dave/Generated/src/ERU002/ERU002_Conf.o
 .text          0x080047f0        0x0 Dave/Generated/src/ERU001/ERU001.o
 .text.ERU001_lInit
                0x080047f0       0xcc Dave/Generated/src/ERU001/ERU001.o
                0x080047f0                ERU001_lInit
 .text.ERU001_Init
                0x080048bc       0x38 Dave/Generated/src/ERU001/ERU001.o
                0x080048bc                ERU001_Init
 .text.ERU001_ClearFlag
                0x080048f4       0x34 Dave/Generated/src/ERU001/ERU001.o
                0x080048f4                ERU001_ClearFlag
 .text          0x08004928        0x0 Dave/Generated/src/ERU001/ERU001_Conf.o
 .text          0x08004928        0x0 Dave/Generated/src/DAVESupport/DAVE3.o
 .text.NVIC_SetPriorityGrouping
                0x08004928       0x50 Dave/Generated/src/DAVESupport/DAVE3.o
 .text.DAVE_Init
                0x08004978       0x40 Dave/Generated/src/DAVESupport/DAVE3.o
                0x08004978                DAVE_Init
 .text.SystemInit_DAVE3
                0x080049b8        0xc Dave/Generated/src/DAVESupport/DAVE3.o
                0x080049b8                SystemInit_DAVE3
 .text          0x080049c4        0x0 Dave/Generated/src/DAVESupport/MULTIPLEXER.o
 .text.DAVE_MUX_Init
                0x080049c4      0x108 Dave/Generated/src/DAVESupport/MULTIPLEXER.o
                0x080049c4                DAVE_MUX_Init
 .text.DAVE_MUX_PreInit
                0x08004acc       0x28 Dave/Generated/src/DAVESupport/MULTIPLEXER.o
                0x08004acc                DAVE_MUX_PreInit
 .text          0x08004af4        0x0 Dave/Generated/src/CNT001/CNT001.o
 .text.CNT001_Init
                0x08004af4       0x48 Dave/Generated/src/CNT001/CNT001.o
                0x08004af4                CNT001_Init
 .text.CNT001_lInit
                0x08004b3c      0x194 Dave/Generated/src/CNT001/CNT001.o
                0x08004b3c                CNT001_lInit
 .text.CNT001_Deinit
                0x08004cd0       0xb8 Dave/Generated/src/CNT001/CNT001.o
                0x08004cd0                CNT001_Deinit
 .text.CNT001_Start
                0x08004d88       0x64 Dave/Generated/src/CNT001/CNT001.o
                0x08004d88                CNT001_Start
 .text.CNT001_Stop
                0x08004dec       0x84 Dave/Generated/src/CNT001/CNT001.o
                0x08004dec                CNT001_Stop
 .text.CNT001_GetEvtCountValue
                0x08004e70       0x44 Dave/Generated/src/CNT001/CNT001.o
                0x08004e70                CNT001_GetEvtCountValue
 .text.CNT001_GetCountMatch
                0x08004eb4       0x38 Dave/Generated/src/CNT001/CNT001.o
                0x08004eb4                CNT001_GetCountMatch
 .text.CNT001_SetCountMatch
                0x08004eec       0x8c Dave/Generated/src/CNT001/CNT001.o
                0x08004eec                CNT001_SetCountMatch
 .text.CNT001_GetTimerStatus
                0x08004f78       0x40 Dave/Generated/src/CNT001/CNT001.o
                0x08004f78                CNT001_GetTimerStatus
 .text.CNT001_EnableEvent
                0x08004fb8       0x50 Dave/Generated/src/CNT001/CNT001.o
                0x08004fb8                CNT001_EnableEvent
 .text.CNT001_DisableEvent
                0x08005008       0x54 Dave/Generated/src/CNT001/CNT001.o
                0x08005008                CNT001_DisableEvent
 .text.CNT001_ClearPendingEvent
                0x0800505c       0x50 Dave/Generated/src/CNT001/CNT001.o
                0x0800505c                CNT001_ClearPendingEvent
 .text.CNT001_SetPendingEvent
                0x080050ac       0x50 Dave/Generated/src/CNT001/CNT001.o
                0x080050ac                CNT001_SetPendingEvent
 .text.CNT001_GetPendingEvent
                0x080050fc       0x68 Dave/Generated/src/CNT001/CNT001.o
                0x080050fc                CNT001_GetPendingEvent
 .text.CNT001_ResetCounter
                0x08005164       0x40 Dave/Generated/src/CNT001/CNT001.o
                0x08005164                CNT001_ResetCounter
 .text          0x080051a4        0x0 Dave/Generated/src/CNT001/CNT001_Conf.o
 .text          0x080051a4        0x0 Dave/Generated/src/CLK001/CLK001.o
 .text.CLK001_Delay
                0x080051a4       0x34 Dave/Generated/src/CLK001/CLK001.o
 .text.CLK001_SysClk_Valid
                0x080051d8       0x38 Dave/Generated/src/CLK001/CLK001.o
 .text.CLK001_BackupClkTrim
                0x08005210       0x94 Dave/Generated/src/CLK001/CLK001.o
 .text.CLK001_SetMainPLLClkSrc
                0x080052a4       0xf0 Dave/Generated/src/CLK001/CLK001.o
 .text.CLK001_ConfigMainPLL
                0x08005394      0x15c Dave/Generated/src/CLK001/CLK001.o
 .text.CLK001_FreqStepupMainPLL
                0x080054f0      0x164 Dave/Generated/src/CLK001/CLK001.o
 .text.CLK001_SysClk_Init
                0x08005654       0x50 Dave/Generated/src/CLK001/CLK001.o
 .text.CLK001_CCUClk_Init
                0x080056a4       0x24 Dave/Generated/src/CLK001/CLK001.o
 .text.CLK001_Init
                0x080056c8       0x38 Dave/Generated/src/CLK001/CLK001.o
                0x080056c8                CLK001_Init
 .text.AllowPLLInitByStartup
                0x08005700       0x10 Dave/Generated/src/CLK001/CLK001.o
                0x08005700                AllowPLLInitByStartup
 .text          0x08005710        0x0 Dave/Generated/src/CCU4GLOBAL/CCU4GLOBAL.o
 .text.CCU4GLOBAL_Init
                0x08005710       0x5c Dave/Generated/src/CCU4GLOBAL/CCU4GLOBAL.o
                0x08005710                CCU4GLOBAL_Init
 .text.CCU4Global_lInit
                0x0800576c       0x2c Dave/Generated/src/CCU4GLOBAL/CCU4GLOBAL.o
 .text          0x08005798        0x0 Dave/Generated/src/CCU4GLOBAL/CCU4GLOBAL_Conf.o
 .text          0x08005798        0x0 c:/dave-3.1.10/arm-gcc/bin/../lib/gcc/arm-none-eabi/4.7.4/../../../../arm-none-eabi/lib/armv7e-m\libg.a(lib_a-init.o)
 .text.__libc_init_array
                0x08005798       0x94 c:/dave-3.1.10/arm-gcc/bin/../lib/gcc/arm-none-eabi/4.7.4/../../../../arm-none-eabi/lib/armv7e-m\libg.a(lib_a-init.o)
                0x08005798                __libc_init_array
 *(.glue*)
 .glue_7        0x00000000        0x0 linker stubs
 .glue_7t       0x00000000        0x0 linker stubs
 *(.v4*)
 .v4_bx         0x00000000        0x0 linker stubs
 *(.vfp11_veneer)
 .vfp11_veneer  0x00000000        0x0 linker stubs
 *(.init)
                0x0800582c                __preinit_array_start = .
 *(.preinit_array)
                0x0800582c                __preinit_array_end = .
                0x0800582c                __init_array_start = .
 *(SORT(.init_array.*))
 *(.init_array)
                0x0800582c                __init_array_end = .
 *crtbegin.o(.ctors)
 *(EXCLUDE_FILE(*crtend.o) .ctors)
 *(SORT(.ctors.*))
 *crtend.o(.ctors)
 *(.fini)
                0x0800582c                __fini_array_start = .
 *(.fini_array)
 *(SORT(.fini_array.*))
                0x0800582c                __fini_array_end = .
 *crtbegin.o(.dtors)
 *(EXCLUDE_FILE(*crtend.o) .dtors)
 *(SORT(.dtors.*))
 *crtend.o(.dtors)
                0x0800582c                __extab_start = .
 *(.ARM.extab* .gnu.linkonce.armextab.*)
 .ARM.extab.Xmc4500.reset
                0x0800582c        0x0 Startup/startup_XMC4500.o
 .ARM.extab.Xmc4500.postreset
                0x0800582c        0x0 Startup/startup_XMC4500.o
                0x0800582c                . = ALIGN (0x4)
                0x0800582c                __extab_end = ABSOLUTE (.)

.iplt           0x0800582c        0x0 load address 0x0c00582c
 .iplt          0x00000000        0x0 Startup/startup_XMC4500.o

.ARM.exidx      0x0800582c       0x10 load address 0x0c00582c
                0x0800582c                __exidx_start = .
 *(.ARM.exidx* .gnu.linkonce.armexidx.*)
 .ARM.exidx.Xmc4500.reset
                0x0800582c        0x8 Startup/startup_XMC4500.o
 .ARM.exidx.Xmc4500.postreset
                0x08005834        0x8 Startup/startup_XMC4500.o
                0x0800583c                . = ALIGN (0x4)
                0x0800583c                __exidx_end = ABSOLUTE (.)

.rodata         0x0800583c      0x128 load address 0x0c00583c
 *(.rodata .rodata.*)
 .rodata        0x0800583c       0x48 Dave/Generated/src/PWMSP001/PWMSP001_Conf.o
                0x0800583c                PWMSP001_Handle0
 .rodata        0x08005884        0x4 Dave/Generated/src/NVIC002/NVIC002_Conf.o
                0x08005884                NVIC002_Handle0
 .rodata        0x08005888       0x48 Dave/Generated/src/IO004/IO004_Conf.o
                0x08005888                IO004_Handle0
                0x08005890                IO004_Handle1
                0x08005898                IO004_Handle2
                0x080058a0                IO004_Handle3
                0x080058a8                IO004_Handle4
                0x080058b0                IO004_Handle5
                0x080058b8                IO004_Handle6
                0x080058c0                IO004_Handle7
                0x080058c8                IO004_Handle8
 .rodata        0x080058d0       0x4c Dave/Generated/src/IO002/IO002_Conf.o
                0x080058d0                IO002_Handle0
 .rodata        0x0800591c       0x10 Dave/Generated/src/ERU002/ERU002_Conf.o
                0x0800591c                ERU002_Handle0
 .rodata        0x0800592c        0xc Dave/Generated/src/ERU001/ERU001_Conf.o
                0x0800592c                ERU001_Handle0
 .rodata        0x08005938       0x20 Dave/Generated/src/CNT001/CNT001_Conf.o
                0x08005938                CNT001_Handle0
 .rodata        0x08005958        0xc Dave/Generated/src/CCU4GLOBAL/CCU4GLOBAL_Conf.o
                0x08005958                CCU4Global_Handle0
 *(.gnu.linkonce.r*)

.rel.dyn        0x08005964        0x0 load address 0x0c005964
 .rel.iplt      0x00000000        0x0 Startup/startup_XMC4500.o
                0x08005970                . = ALIGN (0x10)
                0x0c005970                eROData = (. | 0x4000000)

Stack           0x10000000      0x800
                0x10000800                . = (. + stack_size)
 *fill*         0x10000000      0x800 00
                0x10000800                __Xmc4500_stack = .

.data3          0x10000800        0x0
                0x10000800                __data3_start = .
 *(.data3)
                0x10000800                __data3_end = .
                0x00000000                __data3_size = (__data3_end - __data3_start)

.data           0x20000000       0x18 load address 0x0c005970
                0x20000000                __Xmc4500_sData = .
 *(.data)
 .data          0x20000000        0x0 Startup/startup_XMC4500.o
 .data          0x20000000        0x4 Startup/system_XMC4500.o
                0x20000000                SystemCoreClock
 .data          0x20000004        0x0 Main.o
 .data          0x20000004        0x0 Lib/System_LibcStubs.o
 .data          0x20000004        0x0 Dave/Generated/src/SYSTM002/SYSTM002.o
 .data          0x20000004        0x0 Dave/Generated/src/RESET001/RESET001.o
 .data          0x20000004        0x0 Dave/Generated/src/PWMSP001/PWMSP001.o
 .data          0x20000004        0x0 Dave/Generated/src/PWMSP001/PWMSP001_Conf.o
 .data          0x20000004        0x0 Dave/Generated/src/NVIC002/NVIC002.o
 .data          0x20000004        0x4 Dave/Generated/src/NVIC002/NVIC002_Conf.o
                0x20000004                NVIC002_HandleArray
 .data          0x20000008        0x0 Dave/Generated/src/LIBS/CCU8PWMLIB.o
 .data          0x20000008        0x0 Dave/Generated/src/LIBS/MOTORLIB.o
 .data          0x20000008        0x0 Dave/Generated/src/IO004/IO004.o
 .data          0x20000008        0x0 Dave/Generated/src/IO004/IO004_Conf.o
 .data          0x20000008        0x0 Dave/Generated/src/IO002/IO002.o
 .data          0x20000008        0x4 Dave/Generated/src/IO002/IO002_Conf.o
                0x20000008                IO002_HandleArr
 .data          0x2000000c        0x0 Dave/Generated/src/ERU002/ERU002.o
 .data          0x2000000c        0x4 Dave/Generated/src/ERU002/ERU002_Conf.o
                0x2000000c                ERU002_HandleArray
 .data          0x20000010        0x0 Dave/Generated/src/ERU001/ERU001.o
 .data          0x20000010        0x4 Dave/Generated/src/ERU001/ERU001_Conf.o
                0x20000010                ERU001_HandleArray
 .data          0x20000014        0x0 Dave/Generated/src/DAVESupport/DAVE3.o
 .data          0x20000014        0x0 Dave/Generated/src/DAVESupport/MULTIPLEXER.o
 .data          0x20000014        0x0 Dave/Generated/src/CNT001/CNT001.o
 .data          0x20000014        0x0 Dave/Generated/src/CNT001/CNT001_Conf.o
 .data          0x20000014        0x0 Dave/Generated/src/CLK001/CLK001.o
 .data          0x20000014        0x0 Dave/Generated/src/CCU4GLOBAL/CCU4GLOBAL.o
 .data          0x20000014        0x4 Dave/Generated/src/CCU4GLOBAL/CCU4GLOBAL_Conf.o
                0x20000014                CCU4Global_HandleArray
 .data          0x20000018        0x0 c:/dave-3.1.10/arm-gcc/bin/../lib/gcc/arm-none-eabi/4.7.4/../../../../arm-none-eabi/lib/armv7e-m\libg.a(lib_a-init.o)
 *(.data*)
 *(*.data)
 *(.gnu.linkonce.d*)
                0x20000018                __Xmc4500_eData = ALIGN (0x4)
                0x00000018                __Xmc4500_Data_Size = (__Xmc4500_eData - __Xmc4500_sData)

.igot.plt       0x20000018        0x0 load address 0x0c005988
 .igot.plt      0x00000000        0x0 Startup/startup_XMC4500.o

.ram_code       0x10000800        0x0 load address 0x0c005988
                0x10000800                __ram_code_start = .
 *(.ram_code)
                0x10000800                __ram_code_end = .
                0x0c005988                __ram_code_load = LOADADDR (.ram_code)
                0x00000000                __ram_code_size = (__ram_code_end - __ram_code_start)

.bss            0x20000018      0x43c load address 0x0c005988
                0x20000018                __Xmc4500_sBSS = .
 *(.bss)
 .bss           0x20000018        0x0 Startup/startup_XMC4500.o
 .bss           0x20000018        0x0 Startup/system_XMC4500.o
 .bss           0x20000018        0x8 Main.o
                0x20000018                ticks
                0x2000001c                value
 .bss           0x20000020        0xc Lib/System_LibcStubs.o
                0x20000020                __dso_handle
 .bss           0x2000002c        0xc Dave/Generated/src/SYSTM002/SYSTM002.o
                0x2000002c                TimerList
                0x20000030                TimerTracker
                0x20000034                SysTickCount
 .bss           0x20000038        0x0 Dave/Generated/src/RESET001/RESET001.o
 .bss           0x20000038        0x0 Dave/Generated/src/PWMSP001/PWMSP001.o
 .bss           0x20000038        0x4 Dave/Generated/src/PWMSP001/PWMSP001_Conf.o
                0x20000038                PWMSP001_DynamicData0
 .bss           0x2000003c        0x0 Dave/Generated/src/NVIC002/NVIC002.o
 .bss           0x2000003c        0x0 Dave/Generated/src/NVIC002/NVIC002_Conf.o
 .bss           0x2000003c        0x0 Dave/Generated/src/LIBS/CCU8PWMLIB.o
 .bss           0x2000003c        0x0 Dave/Generated/src/LIBS/MOTORLIB.o
 .bss           0x2000003c        0x0 Dave/Generated/src/IO004/IO004.o
 .bss           0x2000003c        0x0 Dave/Generated/src/IO004/IO004_Conf.o
 .bss           0x2000003c        0x0 Dave/Generated/src/IO002/IO002.o
 .bss           0x2000003c        0x0 Dave/Generated/src/IO002/IO002_Conf.o
 .bss           0x2000003c        0x0 Dave/Generated/src/ERU002/ERU002.o
 .bss           0x2000003c        0x0 Dave/Generated/src/ERU002/ERU002_Conf.o
 .bss           0x2000003c        0x0 Dave/Generated/src/ERU001/ERU001.o
 .bss           0x2000003c        0x0 Dave/Generated/src/ERU001/ERU001_Conf.o
 .bss           0x2000003c        0x0 Dave/Generated/src/DAVESupport/DAVE3.o
 .bss           0x2000003c        0x0 Dave/Generated/src/DAVESupport/MULTIPLEXER.o
 .bss           0x2000003c        0x0 Dave/Generated/src/CNT001/CNT001.o
 .bss           0x2000003c        0xc Dave/Generated/src/CNT001/CNT001_Conf.o
                0x2000003c                CNT001_DynamicHandle0
 .bss           0x20000048        0x8 Dave/Generated/src/CLK001/CLK001.o
 .bss           0x20000050        0x4 Dave/Generated/src/CCU4GLOBAL/CCU4GLOBAL.o
 .bss           0x20000054        0x0 Dave/Generated/src/CCU4GLOBAL/CCU4GLOBAL_Conf.o
 .bss           0x20000054        0x0 c:/dave-3.1.10/arm-gcc/bin/../lib/gcc/arm-none-eabi/4.7.4/../../../../arm-none-eabi/lib/armv7e-m\libg.a(lib_a-init.o)
 *(.bss*)
 *(COMMON)
 COMMON         0x20000054      0x400 Dave/Generated/src/SYSTM002/SYSTM002.o
                0x20000054                TimerTbl
 *(.gnu.linkonce.b*)
                0x20000454                __Xmc4500_eBSS = ALIGN (0x4)
                0x20000454                . = ALIGN (0x4)
                0x20000454                Heap_Bank1_Start = .
                0x0000043c                __Xmc4500_BSS_Size = (__Xmc4500_eBSS - __Xmc4500_sBSS)

.data2          0x30000000        0x0
                0x30000000                __data2_start = .
 *(ETH_RAM)
                0x30000000                __data2_end = .
                0x00000000                __data2_size = (__data2_end - __data2_start)
                0x0000fbac                Heap_Bank1_Size = (0x10000 - (Heap_Bank1_Start - ORIGIN (DSRAM_1_system)))

DSRAM2_Heap     0x30000000        0x0
                0x30000000                Heap_Bank2_Start = .
                0x00008000                Heap_Bank2_Size = (0x8000 - (Heap_Bank2_Start - ORIGIN (DSRAM_2_comm)))

PSRAM_Heap      0x10000800        0x0
                0x10000800                Heap_Bank3_Start = .
                0x0000f800                Heap_Bank3_Size = (0x10000 - (Heap_Bank3_Start - ORIGIN (PSRAM_1)))

/DISCARD/
 *(.comment)

.stab
 *(.stab)

.stabstr
 *(.stabstr)

.debug
 *(.debug)

.line
 *(.line)

.debug_srcinfo
 *(.debug_srcinfo)

.debug_sfnames
 *(.debug_sfnames)

.debug_aranges  0x00000000      0x708
 *(.debug_aranges)
 .debug_aranges
                0x00000000       0x38 Startup/startup_XMC4500.o
 .debug_aranges
                0x00000038       0x30 Startup/system_XMC4500.o
 .debug_aranges
                0x00000068       0x50 Main.o
 .debug_aranges
                0x000000b8       0xa0 Lib/System_LibcStubs.o
 .debug_aranges
                0x00000158       0x88 Dave/Generated/src/SYSTM002/SYSTM002.o
 .debug_aranges
                0x000001e0       0x40 Dave/Generated/src/RESET001/RESET001.o
 .debug_aranges
                0x00000220      0x108 Dave/Generated/src/PWMSP001/PWMSP001.o
 .debug_aranges
                0x00000328       0x18 Dave/Generated/src/PWMSP001/PWMSP001_Conf.o
 .debug_aranges
                0x00000340       0x50 Dave/Generated/src/NVIC002/NVIC002.o
 .debug_aranges
                0x00000390       0x18 Dave/Generated/src/NVIC002/NVIC002_Conf.o
 .debug_aranges
                0x000003a8       0x18 Dave/Generated/src/LIBS/CCU8PWMLIB.o
 .debug_aranges
                0x000003c0       0x18 Dave/Generated/src/LIBS/MOTORLIB.o
 .debug_aranges
                0x000003d8       0x30 Dave/Generated/src/IO004/IO004.o
 .debug_aranges
                0x00000408       0x18 Dave/Generated/src/IO004/IO004_Conf.o
 .debug_aranges
                0x00000420       0x78 Dave/Generated/src/IO002/IO002.o
 .debug_aranges
                0x00000498       0x18 Dave/Generated/src/IO002/IO002_Conf.o
 .debug_aranges
                0x000004b0       0x50 Dave/Generated/src/ERU002/ERU002.o
 .debug_aranges
                0x00000500       0x18 Dave/Generated/src/ERU002/ERU002_Conf.o
 .debug_aranges
                0x00000518       0x30 Dave/Generated/src/ERU001/ERU001.o
 .debug_aranges
                0x00000548       0x18 Dave/Generated/src/ERU001/ERU001_Conf.o
 .debug_aranges
                0x00000560       0x30 Dave/Generated/src/DAVESupport/DAVE3.o
 .debug_aranges
                0x00000590       0x28 Dave/Generated/src/DAVESupport/MULTIPLEXER.o
 .debug_aranges
                0x000005b8       0x90 Dave/Generated/src/CNT001/CNT001.o
 .debug_aranges
                0x00000648       0x18 Dave/Generated/src/CNT001/CNT001_Conf.o
 .debug_aranges
                0x00000660       0x68 Dave/Generated/src/CLK001/CLK001.o
 .debug_aranges
                0x000006c8       0x28 Dave/Generated/src/CCU4GLOBAL/CCU4GLOBAL.o
 .debug_aranges
                0x000006f0       0x18 Dave/Generated/src/CCU4GLOBAL/CCU4GLOBAL_Conf.o

.debug_pubnames
 *(.debug_pubnames)

.debug_pubtypes
 *(.debug_pubtypes)

.debug_info     0x00000000     0x8fd5
 *(.debug_info .gnu.linkonce.wi.*)
 .debug_info    0x00000000       0x92 Startup/startup_XMC4500.o
 .debug_info    0x00000092      0xaf0 Startup/system_XMC4500.o
 .debug_info    0x00000b82      0x423 Main.o
 .debug_info    0x00000fa5      0x65f Lib/System_LibcStubs.o
 .debug_info    0x00001604      0xc09 Dave/Generated/src/SYSTM002/SYSTM002.o
 .debug_info    0x0000220d      0x47c Dave/Generated/src/RESET001/RESET001.o
 .debug_info    0x00002689     0x14e9 Dave/Generated/src/PWMSP001/PWMSP001.o
 .debug_info    0x00003b72      0x755 Dave/Generated/src/PWMSP001/PWMSP001_Conf.o
 .debug_info    0x000042c7      0x884 Dave/Generated/src/NVIC002/NVIC002.o
 .debug_info    0x00004b4b      0x127 Dave/Generated/src/NVIC002/NVIC002_Conf.o
 .debug_info    0x00004c72       0x94 Dave/Generated/src/LIBS/CCU8PWMLIB.o
 .debug_info    0x00004d06       0x94 Dave/Generated/src/LIBS/MOTORLIB.o
 .debug_info    0x00004d9a      0x407 Dave/Generated/src/IO004/IO004.o
 .debug_info    0x000051a1      0x316 Dave/Generated/src/IO004/IO004_Conf.o
 .debug_info    0x000054b7      0x65e Dave/Generated/src/IO002/IO002.o
 .debug_info    0x00005b15      0x39b Dave/Generated/src/IO002/IO002_Conf.o
 .debug_info    0x00005eb0      0x444 Dave/Generated/src/ERU002/ERU002.o
 .debug_info    0x000062f4      0x1c3 Dave/Generated/src/ERU002/ERU002_Conf.o
 .debug_info    0x000064b7      0x381 Dave/Generated/src/ERU001/ERU001.o
 .debug_info    0x00006838      0x1fb Dave/Generated/src/ERU001/ERU001_Conf.o
 .debug_info    0x00006a33      0x2e9 Dave/Generated/src/DAVESupport/DAVE3.o
 .debug_info    0x00006d1c      0x5cc Dave/Generated/src/DAVESupport/MULTIPLEXER.o
 .debug_info    0x000072e8      0xb53 Dave/Generated/src/CNT001/CNT001.o
 .debug_info    0x00007e3b      0x57c Dave/Generated/src/CNT001/CNT001_Conf.o
 .debug_info    0x000083b7      0x69f Dave/Generated/src/CLK001/CLK001.o
 .debug_info    0x00008a56      0x275 Dave/Generated/src/CCU4GLOBAL/CCU4GLOBAL.o
 .debug_info    0x00008ccb      0x30a Dave/Generated/src/CCU4GLOBAL/CCU4GLOBAL_Conf.o

.debug_abbrev   0x00000000     0x1ddf
 *(.debug_abbrev)
 .debug_abbrev  0x00000000       0x12 Startup/startup_XMC4500.o
 .debug_abbrev  0x00000012      0x154 Startup/system_XMC4500.o
 .debug_abbrev  0x00000166      0x193 Main.o
 .debug_abbrev  0x000002f9      0x149 Lib/System_LibcStubs.o
 .debug_abbrev  0x00000442      0x26b Dave/Generated/src/SYSTM002/SYSTM002.o
 .debug_abbrev  0x000006ad      0x122 Dave/Generated/src/RESET001/RESET001.o
 .debug_abbrev  0x000007cf      0x1a4 Dave/Generated/src/PWMSP001/PWMSP001.o
 .debug_abbrev  0x00000973       0xf5 Dave/Generated/src/PWMSP001/PWMSP001_Conf.o
 .debug_abbrev  0x00000a68      0x1c1 Dave/Generated/src/NVIC002/NVIC002.o
 .debug_abbrev  0x00000c29       0x9f Dave/Generated/src/NVIC002/NVIC002_Conf.o
 .debug_abbrev  0x00000cc8       0x4e Dave/Generated/src/LIBS/CCU8PWMLIB.o
 .debug_abbrev  0x00000d16       0x4e Dave/Generated/src/LIBS/MOTORLIB.o
 .debug_abbrev  0x00000d64      0x129 Dave/Generated/src/IO004/IO004.o
 .debug_abbrev  0x00000e8d       0xbb Dave/Generated/src/IO004/IO004_Conf.o
 .debug_abbrev  0x00000f48      0x1cb Dave/Generated/src/IO002/IO002.o
 .debug_abbrev  0x00001113       0xbb Dave/Generated/src/IO002/IO002_Conf.o
 .debug_abbrev  0x000011ce      0x170 Dave/Generated/src/ERU002/ERU002.o
 .debug_abbrev  0x0000133e       0xc8 Dave/Generated/src/ERU002/ERU002_Conf.o
 .debug_abbrev  0x00001406      0x14c Dave/Generated/src/ERU001/ERU001.o
 .debug_abbrev  0x00001552       0xc8 Dave/Generated/src/ERU001/ERU001_Conf.o
 .debug_abbrev  0x0000161a       0xf3 Dave/Generated/src/DAVESupport/DAVE3.o
 .debug_abbrev  0x0000170d       0xbd Dave/Generated/src/DAVESupport/MULTIPLEXER.o
 .debug_abbrev  0x000017ca      0x18c Dave/Generated/src/CNT001/CNT001.o
 .debug_abbrev  0x00001956       0xef Dave/Generated/src/CNT001/CNT001_Conf.o
 .debug_abbrev  0x00001a45      0x19c Dave/Generated/src/CLK001/CLK001.o
 .debug_abbrev  0x00001be1      0x11e Dave/Generated/src/CCU4GLOBAL/CCU4GLOBAL.o
 .debug_abbrev  0x00001cff       0xe0 Dave/Generated/src/CCU4GLOBAL/CCU4GLOBAL_Conf.o

.debug_line     0x00000000    0x10d94
 *(.debug_line)
 .debug_line    0x00000000      0x1a1 Startup/startup_XMC4500.o
 .debug_line    0x000001a1      0x3b7 Startup/system_XMC4500.o
 .debug_line    0x00000558     0x12c1 Main.o
 .debug_line    0x00001819      0x3c1 Lib/System_LibcStubs.o
 .debug_line    0x00001bda      0x61a Dave/Generated/src/SYSTM002/SYSTM002.o
 .debug_line    0x000021f4      0x41e Dave/Generated/src/RESET001/RESET001.o
 .debug_line    0x00002612     0x16a4 Dave/Generated/src/PWMSP001/PWMSP001.o
 .debug_line    0x00003cb6     0x1231 Dave/Generated/src/PWMSP001/PWMSP001_Conf.o
 .debug_line    0x00004ee7      0x433 Dave/Generated/src/NVIC002/NVIC002.o
 .debug_line    0x0000531a      0x373 Dave/Generated/src/NVIC002/NVIC002_Conf.o
 .debug_line    0x0000568d     0x1264 Dave/Generated/src/LIBS/CCU8PWMLIB.o
 .debug_line    0x000068f1     0x1260 Dave/Generated/src/LIBS/MOTORLIB.o
 .debug_line    0x00007b51     0x12d7 Dave/Generated/src/IO004/IO004.o
 .debug_line    0x00008e28     0x122b Dave/Generated/src/IO004/IO004_Conf.o
 .debug_line    0x0000a053      0x51c Dave/Generated/src/IO002/IO002.o
 .debug_line    0x0000a56f      0x3df Dave/Generated/src/IO002/IO002_Conf.o
 .debug_line    0x0000a94e      0x512 Dave/Generated/src/ERU002/ERU002.o
 .debug_line    0x0000ae60      0x46a Dave/Generated/src/ERU002/ERU002_Conf.o
 .debug_line    0x0000b2ca      0x4b0 Dave/Generated/src/ERU001/ERU001.o
 .debug_line    0x0000b77a      0x461 Dave/Generated/src/ERU001/ERU001_Conf.o
 .debug_line    0x0000bbdb      0xe3d Dave/Generated/src/DAVESupport/DAVE3.o
 .debug_line    0x0000ca18      0xe28 Dave/Generated/src/DAVESupport/MULTIPLEXER.o
 .debug_line    0x0000d840     0x1404 Dave/Generated/src/CNT001/CNT001.o
 .debug_line    0x0000ec44     0x122d Dave/Generated/src/CNT001/CNT001_Conf.o
 .debug_line    0x0000fe71      0x4c5 Dave/Generated/src/CLK001/CLK001.o
 .debug_line    0x00010336      0x54a Dave/Generated/src/CCU4GLOBAL/CCU4GLOBAL.o
 .debug_line    0x00010880      0x514 Dave/Generated/src/CCU4GLOBAL/CCU4GLOBAL_Conf.o

.debug_frame    0x00000000     0x1134
 *(.debug_frame)
 .debug_frame   0x00000000       0x6c Startup/system_XMC4500.o
 .debug_frame   0x0000006c       0xdc Main.o
 .debug_frame   0x00000148      0x1ec Lib/System_LibcStubs.o
 .debug_frame   0x00000334      0x1b4 Dave/Generated/src/SYSTM002/SYSTM002.o
 .debug_frame   0x000004e8       0x9c Dave/Generated/src/RESET001/RESET001.o
 .debug_frame   0x00000584      0x38c Dave/Generated/src/PWMSP001/PWMSP001.o
 .debug_frame   0x00000910       0xe4 Dave/Generated/src/NVIC002/NVIC002.o
 .debug_frame   0x000009f4       0x64 Dave/Generated/src/IO004/IO004.o
 .debug_frame   0x00000a58      0x168 Dave/Generated/src/IO002/IO002.o
 .debug_frame   0x00000bc0       0xe8 Dave/Generated/src/ERU002/ERU002.o
 .debug_frame   0x00000ca8       0x6c Dave/Generated/src/ERU001/ERU001.o
 .debug_frame   0x00000d14       0x64 Dave/Generated/src/DAVESupport/DAVE3.o
 .debug_frame   0x00000d78       0x48 Dave/Generated/src/DAVESupport/MULTIPLEXER.o
 .debug_frame   0x00000dc0      0x1b8 Dave/Generated/src/CNT001/CNT001.o
 .debug_frame   0x00000f78      0x13c Dave/Generated/src/CLK001/CLK001.o
 .debug_frame   0x000010b4       0x50 Dave/Generated/src/CCU4GLOBAL/CCU4GLOBAL.o
 .debug_frame   0x00001104       0x30 c:/dave-3.1.10/arm-gcc/bin/../lib/gcc/arm-none-eabi/4.7.4/../../../../arm-none-eabi/lib/armv7e-m\libg.a(lib_a-init.o)

.debug_str      0x00000000    0x98da6
 *(.debug_str)
 .debug_str     0x00000000    0x9017d Startup/system_XMC4500.o
                              0x9048f (size before relaxing)
 .debug_str     0x0009017d     0x31eb Main.o
                              0x9321d (size before relaxing)
 .debug_str     0x00093368     0x2e29 Lib/System_LibcStubs.o
                               0x58af (size before relaxing)
 .debug_str     0x00096191      0xcc8 Dave/Generated/src/SYSTM002/SYSTM002.o
                              0x91b1b (size before relaxing)
 .debug_str     0x00096e59      0x349 Dave/Generated/src/RESET001/RESET001.o
                              0x907ee (size before relaxing)
 .debug_str     0x000971a2      0x9b1 Dave/Generated/src/PWMSP001/PWMSP001.o
                              0x93e22 (size before relaxing)
 .debug_str     0x00097b53       0x45 Dave/Generated/src/PWMSP001/PWMSP001_Conf.o
                              0x93565 (size before relaxing)
 .debug_str     0x00097b98       0xa2 Dave/Generated/src/NVIC002/NVIC002.o
                              0x9091c (size before relaxing)
 .debug_str     0x00097c3a       0x3d Dave/Generated/src/NVIC002/NVIC002_Conf.o
                              0x90191 (size before relaxing)
 .debug_str     0x00097c77       0x28 Dave/Generated/src/LIBS/CCU8PWMLIB.o
                              0x93058 (size before relaxing)
 .debug_str     0x00097c9f       0x26 Dave/Generated/src/LIBS/MOTORLIB.o
                              0x93056 (size before relaxing)
 .debug_str     0x00097cc5      0x172 Dave/Generated/src/IO004/IO004.o
                              0x932bf (size before relaxing)
 .debug_str     0x00097e37       0x29 Dave/Generated/src/IO004/IO004_Conf.o
                              0x93186 (size before relaxing)
 .debug_str     0x00097e60      0x2ab Dave/Generated/src/IO002/IO002.o
                              0x90797 (size before relaxing)
 .debug_str     0x0009810b       0x37 Dave/Generated/src/IO002/IO002_Conf.o
                              0x905ba (size before relaxing)
 .debug_str     0x00098142      0x2a8 Dave/Generated/src/ERU002/ERU002.o
                              0x90b3a (size before relaxing)
 .debug_str     0x000983ea       0x3a Dave/Generated/src/ERU002/ERU002_Conf.o
                              0x90538 (size before relaxing)
 .debug_str     0x00098424       0xf8 Dave/Generated/src/ERU001/ERU001.o
                              0x906e2 (size before relaxing)
 .debug_str     0x0009851c       0x3a Dave/Generated/src/ERU001/ERU001_Conf.o
                              0x90579 (size before relaxing)
 .debug_str     0x00098556       0x68 Dave/Generated/src/DAVESupport/DAVE3.o
                              0x93126 (size before relaxing)
 .debug_str     0x000985be       0x5a Dave/Generated/src/DAVESupport/MULTIPLEXER.o
                              0x93163 (size before relaxing)
 .debug_str     0x00098618      0x4a6 Dave/Generated/src/CNT001/CNT001.o
                              0x938e1 (size before relaxing)
 .debug_str     0x00098abe       0x41 Dave/Generated/src/CNT001/CNT001_Conf.o
                              0x93319 (size before relaxing)
 .debug_str     0x00098aff      0x1b9 Dave/Generated/src/CLK001/CLK001.o
                              0x90a9d (size before relaxing)
 .debug_str     0x00098cb8       0xa8 Dave/Generated/src/CCU4GLOBAL/CCU4GLOBAL.o
                              0x90bd7 (size before relaxing)
 .debug_str     0x00098d60       0x46 Dave/Generated/src/CCU4GLOBAL/CCU4GLOBAL_Conf.o
                              0x90cd6 (size before relaxing)

.debug_loc      0x00000000     0x1dbc
 *(.debug_loc)
 .debug_loc     0x00000000       0xa8 Startup/system_XMC4500.o
 .debug_loc     0x000000a8      0x158 Main.o
 .debug_loc     0x00000200      0x388 Lib/System_LibcStubs.o
 .debug_loc     0x00000588      0x2f8 Dave/Generated/src/SYSTM002/SYSTM002.o
 .debug_loc     0x00000880      0x118 Dave/Generated/src/RESET001/RESET001.o
 .debug_loc     0x00000998      0x690 Dave/Generated/src/PWMSP001/PWMSP001.o
 .debug_loc     0x00001028      0x17c Dave/Generated/src/NVIC002/NVIC002.o
 .debug_loc     0x000011a4       0x9c Dave/Generated/src/IO004/IO004.o
 .debug_loc     0x00001240      0x2a0 Dave/Generated/src/IO002/IO002.o
 .debug_loc     0x000014e0      0x188 Dave/Generated/src/ERU002/ERU002.o
 .debug_loc     0x00001668       0xa8 Dave/Generated/src/ERU001/ERU001.o
 .debug_loc     0x00001710       0x90 Dave/Generated/src/DAVESupport/DAVE3.o
 .debug_loc     0x000017a0       0x58 Dave/Generated/src/DAVESupport/MULTIPLEXER.o
 .debug_loc     0x000017f8      0x348 Dave/Generated/src/CNT001/CNT001.o
 .debug_loc     0x00001b40      0x20c Dave/Generated/src/CLK001/CLK001.o
 .debug_loc     0x00001d4c       0x70 Dave/Generated/src/CCU4GLOBAL/CCU4GLOBAL.o

.debug_macinfo
 *(.debug_macinfo)

.debug_ranges   0x00000000      0x510
 *(.debug_ranges)
 .debug_ranges  0x00000000       0x30 Startup/startup_XMC4500.o
 .debug_ranges  0x00000030       0x20 Startup/system_XMC4500.o
 .debug_ranges  0x00000050       0x40 Main.o
 .debug_ranges  0x00000090       0x90 Lib/System_LibcStubs.o
 .debug_ranges  0x00000120       0x78 Dave/Generated/src/SYSTM002/SYSTM002.o
 .debug_ranges  0x00000198       0x30 Dave/Generated/src/RESET001/RESET001.o
 .debug_ranges  0x000001c8       0xf8 Dave/Generated/src/PWMSP001/PWMSP001.o
 .debug_ranges  0x000002c0       0x40 Dave/Generated/src/NVIC002/NVIC002.o
 .debug_ranges  0x00000300       0x20 Dave/Generated/src/IO004/IO004.o
 .debug_ranges  0x00000320       0x68 Dave/Generated/src/IO002/IO002.o
 .debug_ranges  0x00000388       0x40 Dave/Generated/src/ERU002/ERU002.o
 .debug_ranges  0x000003c8       0x20 Dave/Generated/src/ERU001/ERU001.o
 .debug_ranges  0x000003e8       0x20 Dave/Generated/src/DAVESupport/DAVE3.o
 .debug_ranges  0x00000408       0x18 Dave/Generated/src/DAVESupport/MULTIPLEXER.o
 .debug_ranges  0x00000420       0x80 Dave/Generated/src/CNT001/CNT001.o
 .debug_ranges  0x000004a0       0x58 Dave/Generated/src/CLK001/CLK001.o
 .debug_ranges  0x000004f8       0x18 Dave/Generated/src/CCU4GLOBAL/CCU4GLOBAL.o

.debug_weaknames
 *(.debug_weaknames)

.debug_funcnames
 *(.debug_funcnames)

.debug_typenames
 *(.debug_typenames)

.debug_varnames
 *(.debug_varnames)

.build_attributes
                0x00000000      0x61f
 *(.ARM.attributes)
 .ARM.attributes
                0x00000000       0x27 Startup/startup_XMC4500.o
 .ARM.attributes
                0x00000027       0x39 Startup/system_XMC4500.o
 .ARM.attributes
                0x00000060       0x39 Main.o
 .ARM.attributes
                0x00000099       0x39 Lib/System_LibcStubs.o
 .ARM.attributes
                0x000000d2       0x39 Dave/Generated/src/SYSTM002/SYSTM002.o
 .ARM.attributes
                0x0000010b       0x39 Dave/Generated/src/RESET001/RESET001.o
 .ARM.attributes
                0x00000144       0x39 Dave/Generated/src/PWMSP001/PWMSP001.o
 .ARM.attributes
                0x0000017d       0x39 Dave/Generated/src/PWMSP001/PWMSP001_Conf.o
 .ARM.attributes
                0x000001b6       0x39 Dave/Generated/src/NVIC002/NVIC002.o
 .ARM.attributes
                0x000001ef       0x39 Dave/Generated/src/NVIC002/NVIC002_Conf.o
 .ARM.attributes
                0x00000228       0x39 Dave/Generated/src/LIBS/CCU8PWMLIB.o
 .ARM.attributes
                0x00000261       0x39 Dave/Generated/src/LIBS/MOTORLIB.o
 .ARM.attributes
                0x0000029a       0x39 Dave/Generated/src/IO004/IO004.o
 .ARM.attributes
                0x000002d3       0x39 Dave/Generated/src/IO004/IO004_Conf.o
 .ARM.attributes
                0x0000030c       0x39 Dave/Generated/src/IO002/IO002.o
 .ARM.attributes
                0x00000345       0x39 Dave/Generated/src/IO002/IO002_Conf.o
 .ARM.attributes
                0x0000037e       0x39 Dave/Generated/src/ERU002/ERU002.o
 .ARM.attributes
                0x000003b7       0x39 Dave/Generated/src/ERU002/ERU002_Conf.o
 .ARM.attributes
                0x000003f0       0x39 Dave/Generated/src/ERU001/ERU001.o
 .ARM.attributes
                0x00000429       0x39 Dave/Generated/src/ERU001/ERU001_Conf.o
 .ARM.attributes
                0x00000462       0x39 Dave/Generated/src/DAVESupport/DAVE3.o
 .ARM.attributes
                0x0000049b       0x39 Dave/Generated/src/DAVESupport/MULTIPLEXER.o
 .ARM.attributes
                0x000004d4       0x39 Dave/Generated/src/CNT001/CNT001.o
 .ARM.attributes
                0x0000050d       0x39 Dave/Generated/src/CNT001/CNT001_Conf.o
 .ARM.attributes
                0x00000546       0x39 Dave/Generated/src/CLK001/CLK001.o
 .ARM.attributes
                0x0000057f       0x39 Dave/Generated/src/CCU4GLOBAL/CCU4GLOBAL.o
 .ARM.attributes
                0x000005b8       0x39 Dave/Generated/src/CCU4GLOBAL/CCU4GLOBAL_Conf.o
 .ARM.attributes
                0x000005f1       0x2e c:/dave-3.1.10/arm-gcc/bin/../lib/gcc/arm-none-eabi/4.7.4/../../../../arm-none-eabi/lib/armv7e-m\libg.a(lib_a-init.o)
OUTPUT(Feather-PonteH.elf elf32-littlearm)

.debug_macro    0x00000000    0x1aee1
 .debug_macro   0x00000000      0x17e Startup/system_XMC4500.o
 .debug_macro   0x0000017e      0x814 Startup/system_XMC4500.o
 .debug_macro   0x00000992       0x3a Startup/system_XMC4500.o
 .debug_macro   0x000009cc       0x10 Startup/system_XMC4500.o
 .debug_macro   0x000009dc       0x2e Startup/system_XMC4500.o
 .debug_macro   0x00000a0a       0xa3 Startup/system_XMC4500.o
 .debug_macro   0x00000aad      0x20e Startup/system_XMC4500.o
 .debug_macro   0x00000cbb       0x6a Startup/system_XMC4500.o
 .debug_macro   0x00000d25       0x2d Startup/system_XMC4500.o
 .debug_macro   0x00000d52       0x3b Startup/system_XMC4500.o
 .debug_macro   0x00000d8d       0x2d Startup/system_XMC4500.o
 .debug_macro   0x00000dba       0x42 Startup/system_XMC4500.o
 .debug_macro   0x00000dfc      0xd39 Startup/system_XMC4500.o
 .debug_macro   0x00001b35    0x150f5 Startup/system_XMC4500.o
 .debug_macro   0x00016c2a      0x258 Main.o
 .debug_macro   0x00016e82       0x70 Main.o
 .debug_macro   0x00016ef2      0x16c Main.o
 .debug_macro   0x0001705e       0x22 Main.o
 .debug_macro   0x00017080      0x54a Main.o
 .debug_macro   0x000175ca       0x64 Main.o
 .debug_macro   0x0001762e       0x46 Main.o
 .debug_macro   0x00017674      0x160 Main.o
 .debug_macro   0x000177d4      0x130 Main.o
 .debug_macro   0x00017904       0x7f Main.o
 .debug_macro   0x00017983       0xbb Main.o
 .debug_macro   0x00017a3e       0x10 Main.o
 .debug_macro   0x00017a4e       0x6d Main.o
 .debug_macro   0x00017abb       0x2d Main.o
 .debug_macro   0x00017ae8       0x52 Main.o
 .debug_macro   0x00017b3a       0x28 Main.o
 .debug_macro   0x00017b62       0x40 Main.o
 .debug_macro   0x00017ba2       0x10 Main.o
 .debug_macro   0x00017bb2       0x1c Main.o
 .debug_macro   0x00017bce       0x1c Main.o
 .debug_macro   0x00017bea       0x1c Main.o
 .debug_macro   0x00017c06      0x119 Lib/System_LibcStubs.o
 .debug_macro   0x00017d1f       0x3a Lib/System_LibcStubs.o
 .debug_macro   0x00017d59       0x52 Lib/System_LibcStubs.o
 .debug_macro   0x00017dab       0x19 Lib/System_LibcStubs.o
 .debug_macro   0x00017dc4      0x16d Lib/System_LibcStubs.o
 .debug_macro   0x00017f31       0x10 Lib/System_LibcStubs.o
 .debug_macro   0x00017f41       0x16 Lib/System_LibcStubs.o
 .debug_macro   0x00017f57       0x89 Lib/System_LibcStubs.o
 .debug_macro   0x00017fe0       0x10 Lib/System_LibcStubs.o
 .debug_macro   0x00017ff0       0xf5 Lib/System_LibcStubs.o
 .debug_macro   0x000180e5       0x22 Lib/System_LibcStubs.o
 .debug_macro   0x00018107       0x91 Lib/System_LibcStubs.o
 .debug_macro   0x00018198       0x34 Lib/System_LibcStubs.o
 .debug_macro   0x000181cc      0x120 Lib/System_LibcStubs.o
 .debug_macro   0x000182ec       0x16 Lib/System_LibcStubs.o
 .debug_macro   0x00018302       0x35 Lib/System_LibcStubs.o
 .debug_macro   0x00018337      0x495 Lib/System_LibcStubs.o
 .debug_macro   0x000187cc      0x1c9 Dave/Generated/src/SYSTM002/SYSTM002.o
 .debug_macro   0x00018995       0xff Dave/Generated/src/RESET001/RESET001.o
 .debug_macro   0x00018a94      0x328 Dave/Generated/src/PWMSP001/PWMSP001.o
 .debug_macro   0x00018dbc      0x258 Dave/Generated/src/PWMSP001/PWMSP001_Conf.o
 .debug_macro   0x00019014       0xd2 Dave/Generated/src/NVIC002/NVIC002.o
 .debug_macro   0x000190e6       0xd2 Dave/Generated/src/NVIC002/NVIC002_Conf.o
 .debug_macro   0x000191b8      0x25c Dave/Generated/src/LIBS/CCU8PWMLIB.o
 .debug_macro   0x00019414      0x25c Dave/Generated/src/LIBS/MOTORLIB.o
 .debug_macro   0x00019670      0x258 Dave/Generated/src/IO004/IO004.o
 .debug_macro   0x000198c8      0x258 Dave/Generated/src/IO004/IO004_Conf.o
 .debug_macro   0x00019b20       0xea Dave/Generated/src/IO002/IO002.o
 .debug_macro   0x00019c0a       0xea Dave/Generated/src/IO002/IO002_Conf.o
 .debug_macro   0x00019cf4      0x1be Dave/Generated/src/ERU002/ERU002.o
 .debug_macro   0x00019eb2       0xf8 Dave/Generated/src/ERU002/ERU002_Conf.o
 .debug_macro   0x00019faa       0xf4 Dave/Generated/src/ERU001/ERU001.o
 .debug_macro   0x0001a09e       0xf4 Dave/Generated/src/ERU001/ERU001_Conf.o
 .debug_macro   0x0001a192      0x258 Dave/Generated/src/DAVESupport/DAVE3.o
 .debug_macro   0x0001a3ea      0x258 Dave/Generated/src/DAVESupport/MULTIPLEXER.o
 .debug_macro   0x0001a642      0x319 Dave/Generated/src/CNT001/CNT001.o
 .debug_macro   0x0001a95b      0x258 Dave/Generated/src/CNT001/CNT001_Conf.o
 .debug_macro   0x0001abb3       0xee Dave/Generated/src/CLK001/CLK001.o
 .debug_macro   0x0001aca1      0x120 Dave/Generated/src/CCU4GLOBAL/CCU4GLOBAL.o
 .debug_macro   0x0001adc1      0x120 Dave/Generated/src/CCU4GLOBAL/CCU4GLOBAL_Conf.o
