Archive member included because of file (symbol)

c:/dave-3.1.10/arm-gcc/bin/../lib/gcc/arm-none-eabi/4.7.4/../../../../arm-none-eabi/lib/armv7e-m\libc.a(lib_a-init.o)
                              Startup/startup_XMC4500.o (__libc_init_array)

Allocating common symbols
Common symbol       size              file

configuration       0xf               Main.o
data_R              0x5               Main.o

Discarded input sections

 .comment       0x00000000       0x71 Startup/system_XMC4500.o
 .comment       0x00000000       0x71 Main.o
 .comment       0x00000000       0x71 Lib/System_LibcStubs.o
 .comment       0x00000000       0x71 Dave/Generated/src/RESET001/RESET001.o
 .comment       0x00000000       0x71 Dave/Generated/src/PWMSP001/PWMSP001.o
 .comment       0x00000000       0x71 Dave/Generated/src/PWMSP001/PWMSP001_Conf.o
 .comment       0x00000000       0x71 Dave/Generated/src/LIBS/CCU8PWMLIB.o
 .comment       0x00000000       0x71 Dave/Generated/src/LIBS/MOTORLIB.o
 .comment       0x00000000       0x71 Dave/Generated/src/IO004/IO004.o
 .comment       0x00000000       0x71 Dave/Generated/src/IO004/IO004_Conf.o
 .comment       0x00000000       0x71 Dave/Generated/src/DAVESupport/DAVE3.o
 .comment       0x00000000       0x71 Dave/Generated/src/DAVESupport/MULTIPLEXER.o
 .comment       0x00000000       0x71 Dave/Generated/src/CLK001/CLK001.o
 .comment       0x00000000       0x71 Dave/Generated/src/CCU4GLOBAL/CCU4GLOBAL.o
 .comment       0x00000000       0x71 Dave/Generated/src/CCU4GLOBAL/CCU4GLOBAL_Conf.o

Memory Configuration

Name             Origin             Length             Attributes
FLASH_1_cached   0x08000000         0x00100000         xr
FLASH_1_uncached 0x0c000000         0x00100000         xr
PSRAM_1          0x10000000         0x00010000         !xr
DSRAM_1_system   0x20000000         0x00010000         !xr
DSRAM_2_comm     0x30000000         0x00008000         !xr
*default*        0x00000000         0xffffffff

Linker script and memory map

LOAD Startup/startup_XMC4500.o
LOAD Startup/system_XMC4500.o
LOAD Main.o
LOAD Lib/System_LibcStubs.o
LOAD Dave/Generated/src/RESET001/RESET001.o
LOAD Dave/Generated/src/PWMSP001/PWMSP001.o
LOAD Dave/Generated/src/PWMSP001/PWMSP001_Conf.o
LOAD Dave/Generated/src/LIBS/CCU8PWMLIB.o
LOAD Dave/Generated/src/LIBS/MOTORLIB.o
LOAD Dave/Generated/src/IO004/IO004.o
LOAD Dave/Generated/src/IO004/IO004_Conf.o
LOAD Dave/Generated/src/DAVESupport/DAVE3.o
LOAD Dave/Generated/src/DAVESupport/MULTIPLEXER.o
LOAD Dave/Generated/src/CLK001/CLK001.o
LOAD Dave/Generated/src/CCU4GLOBAL/CCU4GLOBAL.o
LOAD Dave/Generated/src/CCU4GLOBAL/CCU4GLOBAL_Conf.o
START GROUP
LOAD c:/dave-3.1.10/arm-gcc/bin/../lib/gcc/arm-none-eabi/4.7.4/armv7e-m\libgcc.a
LOAD c:/dave-3.1.10/arm-gcc/bin/../lib/gcc/arm-none-eabi/4.7.4/../../../../arm-none-eabi/lib/armv7e-m\libc.a
END GROUP
                0x00000800                stack_size = 0x800

.text           0x08000000     0x1b40 load address 0x0c000000
                0x08000000                sText = .
 *(.Xmc4500.reset)
 .Xmc4500.reset
                0x08000000      0x21c Startup/startup_XMC4500.o
                0x08000000                __Xmc4500_interrupt_vector_cortex_m
                0x08000200                __Xmc4500_reset_cortex_m
 *(.Xmc4500.postreset)
 .Xmc4500.postreset
                0x0800021c       0xa8 Startup/startup_XMC4500.o
 *(.XmcStartup)
 .XmcStartup    0x080002c4        0x4 Startup/startup_XMC4500.o
 *(.text .text.* .gnu.linkonce.t.*)
 .text          0x080002c8       0xe2 Startup/startup_XMC4500.o
                0x080002c8                NMI_Handler
                0x080002ca                HardFault_Handler
                0x080002cc                MemManage_Handler
                0x080002ce                BusFault_Handler
                0x080002d0                UsageFault_Handler
                0x080002d2                SVC_Handler
                0x080002d4                DebugMon_Handler
                0x080002d6                PendSV_Handler
                0x080002d8                SysTick_Handler
                0x080002da                SCU_0_IRQHandler
                0x080002dc                ERU0_0_IRQHandler
                0x080002de                ERU0_1_IRQHandler
                0x080002e0                ERU0_2_IRQHandler
                0x080002e2                ERU0_3_IRQHandler
                0x080002e4                ERU1_0_IRQHandler
                0x080002e6                ERU1_1_IRQHandler
                0x080002e8                ERU1_2_IRQHandler
                0x080002ea                ERU1_3_IRQHandler
                0x080002ec                PMU0_0_IRQHandler
                0x080002ee                VADC0_C0_0_IRQHandler
                0x080002f0                VADC0_C0_1_IRQHandler
                0x080002f2                VADC0_C0_2_IRQHandler
                0x080002f4                VADC0_C0_3_IRQHandler
                0x080002f6                VADC0_G0_0_IRQHandler
                0x080002f8                VADC0_G0_1_IRQHandler
                0x080002fa                VADC0_G0_2_IRQHandler
                0x080002fc                VADC0_G0_3_IRQHandler
                0x080002fe                VADC0_G1_0_IRQHandler
                0x08000300                VADC0_G1_1_IRQHandler
                0x08000302                VADC0_G1_2_IRQHandler
                0x08000304                VADC0_G1_3_IRQHandler
                0x08000306                VADC0_G2_0_IRQHandler
                0x08000308                VADC0_G2_1_IRQHandler
                0x0800030a                VADC0_G2_2_IRQHandler
                0x0800030c                VADC0_G2_3_IRQHandler
                0x0800030e                VADC0_G3_0_IRQHandler
                0x08000310                VADC0_G3_1_IRQHandler
                0x08000312                VADC0_G3_2_IRQHandler
                0x08000314                VADC0_G3_3_IRQHandler
                0x08000316                DSD0_0_IRQHandler
                0x08000318                DSD0_1_IRQHandler
                0x0800031a                DSD0_2_IRQHandler
                0x0800031c                DSD0_3_IRQHandler
                0x0800031e                DSD0_4_IRQHandler
                0x08000320                DSD0_5_IRQHandler
                0x08000322                DSD0_6_IRQHandler
                0x08000324                DSD0_7_IRQHandler
                0x08000326                DAC0_0_IRQHandler
                0x08000328                DAC0_1_IRQHandler
                0x0800032a                CCU40_0_IRQHandler
                0x0800032c                CCU40_1_IRQHandler
                0x0800032e                CCU40_2_IRQHandler
                0x08000330                CCU40_3_IRQHandler
                0x08000332                CCU41_0_IRQHandler
                0x08000334                CCU41_1_IRQHandler
                0x08000336                CCU41_2_IRQHandler
                0x08000338                CCU41_3_IRQHandler
                0x0800033a                CCU42_0_IRQHandler
                0x0800033c                CCU42_1_IRQHandler
                0x0800033e                CCU42_2_IRQHandler
                0x08000340                CCU42_3_IRQHandler
                0x08000342                CCU43_0_IRQHandler
                0x08000344                CCU43_1_IRQHandler
                0x08000346                CCU43_2_IRQHandler
                0x08000348                CCU43_3_IRQHandler
                0x0800034a                CCU80_0_IRQHandler
                0x0800034c                CCU80_1_IRQHandler
                0x0800034e                CCU80_2_IRQHandler
                0x08000350                CCU80_3_IRQHandler
                0x08000352                CCU81_0_IRQHandler
                0x08000354                CCU81_1_IRQHandler
                0x08000356                CCU81_2_IRQHandler
                0x08000358                CCU81_3_IRQHandler
                0x0800035a                POSIF0_0_IRQHandler
                0x0800035c                POSIF0_1_IRQHandler
                0x0800035e                POSIF1_0_IRQHandler
                0x08000360                POSIF1_1_IRQHandler
                0x08000362                CAN0_0_IRQHandler
                0x08000364                CAN0_1_IRQHandler
                0x08000366                CAN0_2_IRQHandler
                0x08000368                CAN0_3_IRQHandler
                0x0800036a                CAN0_4_IRQHandler
                0x0800036c                CAN0_5_IRQHandler
                0x0800036e                CAN0_6_IRQHandler
                0x08000370                CAN0_7_IRQHandler
                0x08000372                USIC0_0_IRQHandler
                0x08000374                USIC0_1_IRQHandler
                0x08000376                USIC0_2_IRQHandler
                0x08000378                USIC0_3_IRQHandler
                0x0800037a                USIC0_4_IRQHandler
                0x0800037c                USIC0_5_IRQHandler
                0x0800037e                USIC1_0_IRQHandler
                0x08000380                USIC1_1_IRQHandler
                0x08000382                USIC1_2_IRQHandler
                0x08000384                USIC1_3_IRQHandler
                0x08000386                USIC1_4_IRQHandler
                0x08000388                USIC1_5_IRQHandler
                0x0800038a                USIC2_0_IRQHandler
                0x0800038c                USIC2_1_IRQHandler
                0x0800038e                USIC2_2_IRQHandler
                0x08000390                USIC2_3_IRQHandler
                0x08000392                USIC2_4_IRQHandler
                0x08000394                USIC2_5_IRQHandler
                0x08000396                LEDTS0_0_IRQHandler
                0x08000398                FCE0_0_IRQHandler
                0x0800039a                GPDMA0_0_IRQHandler
                0x0800039c                SDMMC0_0_IRQHandler
                0x0800039e                USB0_0_IRQHandler
                0x080003a0                ETH0_0_IRQHandler
                0x080003a2                GPDMA1_0_IRQHandler
 .text          0x080003aa        0x0 Startup/system_XMC4500.o
 *fill*         0x080003aa        0x2 00
 .text.SystemCoreClockUpdate
                0x080003ac       0x70 Startup/system_XMC4500.o
                0x080003ac                SystemCoreClockUpdate
 .text.SystemInit
                0x0800041c      0x204 Startup/system_XMC4500.o
                0x0800041c                SystemInit
 .text          0x08000620        0x0 Main.o
 .text.start_PWM_signals
                0x08000620       0x6c Main.o
                0x08000620                start_PWM_signals
 .text.update_PWM_signals
                0x0800068c       0xb8 Main.o
                0x0800068c                update_PWM_signals
 .text.delay    0x08000744        0xc Main.o
                0x08000744                delay
 .text.pulse_R  0x08000750       0x30 Main.o
                0x08000750                pulse_R
 .text.configure_R
                0x08000780       0xd0 Main.o
                0x08000780                configure_R
 .text.read_R   0x08000850       0x74 Main.o
                0x08000850                read_R
 .text.startup.main
                0x080008c4       0x30 Main.o
                0x080008c4                main
 .text          0x080008f4        0x0 Lib/System_LibcStubs.o
 .text._open    0x080008f4        0x6 Lib/System_LibcStubs.o
                0x080008f4                _open
 .text._lseek   0x080008fa        0x6 Lib/System_LibcStubs.o
                0x080008fa                _lseek
 .text._read    0x08000900        0x4 Lib/System_LibcStubs.o
                0x08000900                _read
 .text._write   0x08000904        0x6 Lib/System_LibcStubs.o
                0x08000904                _write
 .text._close   0x0800090a        0x6 Lib/System_LibcStubs.o
                0x0800090a                _close
 .text._fstat   0x08000910        0xe Lib/System_LibcStubs.o
                0x08000910                _fstat
 .text._link    0x0800091e        0xe Lib/System_LibcStubs.o
                0x0800091e                _link
 .text._unlink  0x0800092c        0x6 Lib/System_LibcStubs.o
                0x0800092c                _unlink
 *fill*         0x08000932        0x2 00
 .text._sbrk    0x08000934       0x38 Lib/System_LibcStubs.o
                0x08000934                _sbrk
 .text._times   0x0800096c        0x6 Lib/System_LibcStubs.o
                0x0800096c                _times
 .text._wait    0x08000972        0x6 Lib/System_LibcStubs.o
                0x08000972                _wait
 .text._kill    0x08000978        0x6 Lib/System_LibcStubs.o
                0x08000978                _kill
 .text._fork    0x0800097e        0x6 Lib/System_LibcStubs.o
                0x0800097e                _fork
 .text._getpid  0x08000984        0x6 Lib/System_LibcStubs.o
                0x08000984                _getpid
 .text._exit    0x0800098a        0x2 Lib/System_LibcStubs.o
                0x0800098a                _exit
 .text._init    0x0800098c        0x2 Lib/System_LibcStubs.o
                0x0800098c                _init
 .text._isatty  0x0800098e        0x6 Lib/System_LibcStubs.o
                0x0800098e                _isatty
 .text          0x08000994        0x0 Dave/Generated/src/RESET001/RESET001.o
 .text.RESET001_AssertReset
                0x08000994       0x14 Dave/Generated/src/RESET001/RESET001.o
                0x08000994                RESET001_AssertReset
 .text.RESET001_DeassertReset
                0x080009a8       0x14 Dave/Generated/src/RESET001/RESET001.o
                0x080009a8                RESET001_DeassertReset
 .text.RESET001_GetResetInfo
                0x080009bc        0xc Dave/Generated/src/RESET001/RESET001.o
                0x080009bc                RESET001_GetResetInfo
 .text.RESET001_GetStatus
                0x080009c8       0x1c Dave/Generated/src/RESET001/RESET001.o
                0x080009c8                RESET001_GetStatus
 .text.RESET001_ClearResetInfo
                0x080009e4       0x10 Dave/Generated/src/RESET001/RESET001.o
                0x080009e4                RESET001_ClearResetInfo
 .text          0x080009f4        0x0 Dave/Generated/src/PWMSP001/PWMSP001.o
 .text.PWMSP001_Deinit
                0x080009f4       0x8e Dave/Generated/src/PWMSP001/PWMSP001.o
                0x080009f4                PWMSP001_Deinit
 .text.PWMSP001_Start
                0x08000a82       0xd8 Dave/Generated/src/PWMSP001/PWMSP001.o
                0x08000a82                PWMSP001_Start
 .text.PWMSP001_Stop
                0x08000b5a       0x50 Dave/Generated/src/PWMSP001/PWMSP001.o
                0x08000b5a                PWMSP001_Stop
 .text.PWMSP001_SetCompare
                0x08000baa       0x3e Dave/Generated/src/PWMSP001/PWMSP001.o
                0x08000baa                PWMSP001_SetCompare
 .text.PWMSP001_lSetCompareEdgeAlign
                0x08000be8       0x1c Dave/Generated/src/PWMSP001/PWMSP001.o
                0x08000be8                PWMSP001_lSetCompareEdgeAlign
 .text.PWMSP001_lSetCompareEdgeAlignTimerConcat
                0x08000c04       0x44 Dave/Generated/src/PWMSP001/PWMSP001.o
                0x08000c04                PWMSP001_lSetCompareEdgeAlignTimerConcat
 .text.PWMSP001_lSetCompareCenterAlign
                0x08000c48       0x1c Dave/Generated/src/PWMSP001/PWMSP001.o
                0x08000c48                PWMSP001_lSetCompareCenterAlign
 .text.PWMSP001_SetDutyCycle
                0x08000c64       0x38 Dave/Generated/src/PWMSP001/PWMSP001.o
                0x08000c64                PWMSP001_SetDutyCycle
 .text.PWMSP001_lSetDutyEdgeAlign
                0x08000c9c       0x48 Dave/Generated/src/PWMSP001/PWMSP001.o
                0x08000c9c                PWMSP001_lSetDutyEdgeAlign
 .text.PWMSP001_lSetDutyEdgeAlignTimerConcat
                0x08000ce4       0x7c Dave/Generated/src/PWMSP001/PWMSP001.o
                0x08000ce4                PWMSP001_lSetDutyEdgeAlignTimerConcat
 .text.PWMSP001_lSetDutyCenterAlign
                0x08000d60       0x44 Dave/Generated/src/PWMSP001/PWMSP001.o
                0x08000d60                PWMSP001_lSetDutyCenterAlign
 .text.PWMSP001_SetPeriodAndCompare
                0x08000da4       0x46 Dave/Generated/src/PWMSP001/PWMSP001.o
                0x08000da4                PWMSP001_SetPeriodAndCompare
 .text.PWMSP001_SetPeriod
                0x08000dea       0x64 Dave/Generated/src/PWMSP001/PWMSP001.o
                0x08000dea                PWMSP001_SetPeriod
 .text.PWMSP001_lSetPwmFreqTimerConcat
                0x08000e4e       0x40 Dave/Generated/src/PWMSP001/PWMSP001.o
                0x08000e4e                PWMSP001_lSetPwmFreqTimerConcat
 *fill*         0x08000e8e        0x2 00
 .text.PWMSP001_SetPwmFreq
                0x08000e90       0x98 Dave/Generated/src/PWMSP001/PWMSP001.o
                0x08000e90                PWMSP001_SetPwmFreq
 .text.PWMSP001_SetPwmFreqAndDutyCycle
                0x08000f28       0xa4 Dave/Generated/src/PWMSP001/PWMSP001.o
                0x08000f28                PWMSP001_SetPwmFreqAndDutyCycle
 .text.PWMSP001_SetTimerVal
                0x08000fcc       0x2a Dave/Generated/src/PWMSP001/PWMSP001.o
                0x08000fcc                PWMSP001_SetTimerVal
 .text.PWMSP001_GetTimerStatus
                0x08000ff6       0x2a Dave/Generated/src/PWMSP001/PWMSP001.o
                0x08000ff6                PWMSP001_GetTimerStatus
 .text.PWMSP001_GetTimerRegsVal
                0x08001020       0x52 Dave/Generated/src/PWMSP001/PWMSP001.o
                0x08001020                PWMSP001_GetTimerRegsVal
 .text.PWMSP001_GetPeriodReg
                0x08001072       0x32 Dave/Generated/src/PWMSP001/PWMSP001.o
                0x08001072                PWMSP001_GetPeriodReg
 .text.PWMSP001_SWRequestShadowTransfer
                0x080010a4       0x46 Dave/Generated/src/PWMSP001/PWMSP001.o
                0x080010a4                PWMSP001_SWRequestShadowTransfer
 .text.PWMSP001_ResetTrapFlag
                0x080010ea       0x50 Dave/Generated/src/PWMSP001/PWMSP001.o
                0x080010ea                PWMSP001_ResetTrapFlag
 .text.PWMSP001_lConfigureSecondSlice
                0x0800113a      0x14a Dave/Generated/src/PWMSP001/PWMSP001.o
                0x0800113a                PWMSP001_lConfigureSecondSlice
 .text.PWMSP001_lInit
                0x08001284      0x1a8 Dave/Generated/src/PWMSP001/PWMSP001.o
                0x08001284                PWMSP001_lInit
 .text.PWMSP001_Init
                0x0800142c       0xa8 Dave/Generated/src/PWMSP001/PWMSP001.o
                0x0800142c                PWMSP001_Init
 .text.PWMSP001_EnableEvent
                0x080014d4       0x3a Dave/Generated/src/PWMSP001/PWMSP001.o
                0x080014d4                PWMSP001_EnableEvent
 .text.PWMSP001_DisableEvent
                0x0800150e       0x3e Dave/Generated/src/PWMSP001/PWMSP001.o
                0x0800150e                PWMSP001_DisableEvent
 .text.PWMSP001_ClearPendingEvent
                0x0800154c       0x3a Dave/Generated/src/PWMSP001/PWMSP001.o
                0x0800154c                PWMSP001_ClearPendingEvent
 .text.PWMSP001_SetPendingEvent
                0x08001586       0x3a Dave/Generated/src/PWMSP001/PWMSP001.o
                0x08001586                PWMSP001_SetPendingEvent
 .text.PWMSP001_GetPendingEvent
                0x080015c0       0x38 Dave/Generated/src/PWMSP001/PWMSP001.o
                0x080015c0                PWMSP001_GetPendingEvent
 .text          0x080015f8        0x0 Dave/Generated/src/PWMSP001/PWMSP001_Conf.o
 .text          0x080015f8        0x0 Dave/Generated/src/LIBS/CCU8PWMLIB.o
 .text          0x080015f8        0x0 Dave/Generated/src/LIBS/MOTORLIB.o
 .text          0x080015f8        0x0 Dave/Generated/src/IO004/IO004.o
 .text.IO004_Init
                0x080015f8       0xa0 Dave/Generated/src/IO004/IO004.o
                0x080015f8                IO004_Init
 .text.IO004_DisableOutputDriver
                0x08001698       0xb2 Dave/Generated/src/IO004/IO004.o
                0x08001698                IO004_DisableOutputDriver
 .text.IO004_EnableOutputDriver
                0x0800174a       0xb2 Dave/Generated/src/IO004/IO004.o
                0x0800174a                IO004_EnableOutputDriver
 .text          0x080017fc        0x0 Dave/Generated/src/IO004/IO004_Conf.o
 .text          0x080017fc        0x0 Dave/Generated/src/DAVESupport/DAVE3.o
 .text.DAVE_Init
                0x080017fc       0x38 Dave/Generated/src/DAVESupport/DAVE3.o
                0x080017fc                DAVE_Init
 .text.SystemInit_DAVE3
                0x08001834        0x4 Dave/Generated/src/DAVESupport/DAVE3.o
                0x08001834                SystemInit_DAVE3
 .text          0x08001838        0x0 Dave/Generated/src/DAVESupport/MULTIPLEXER.o
 .text.DAVE_MUX_Init
                0x08001838       0x5c Dave/Generated/src/DAVESupport/MULTIPLEXER.o
                0x08001838                DAVE_MUX_Init
 .text.DAVE_MUX_PreInit
                0x08001894        0x2 Dave/Generated/src/DAVESupport/MULTIPLEXER.o
                0x08001894                DAVE_MUX_PreInit
 .text          0x08001896        0x0 Dave/Generated/src/CLK001/CLK001.o
 .text.CLK001_Delay
                0x08001896       0x1e Dave/Generated/src/CLK001/CLK001.o
 .text.CLK001_Init
                0x080018b4      0x1c8 Dave/Generated/src/CLK001/CLK001.o
                0x080018b4                CLK001_Init
 .text.AllowPLLInitByStartup
                0x08001a7c        0x4 Dave/Generated/src/CLK001/CLK001.o
                0x08001a7c                AllowPLLInitByStartup
 .text          0x08001a80        0x0 Dave/Generated/src/CCU4GLOBAL/CCU4GLOBAL.o
 .text.CCU4GLOBAL_Init
                0x08001a80       0x2c Dave/Generated/src/CCU4GLOBAL/CCU4GLOBAL.o
                0x08001a80                CCU4GLOBAL_Init
 .text          0x08001aac        0x0 Dave/Generated/src/CCU4GLOBAL/CCU4GLOBAL_Conf.o
 .text          0x08001aac        0x0 c:/dave-3.1.10/arm-gcc/bin/../lib/gcc/arm-none-eabi/4.7.4/../../../../arm-none-eabi/lib/armv7e-m\libc.a(lib_a-init.o)
 .text.__libc_init_array
                0x08001aac       0x94 c:/dave-3.1.10/arm-gcc/bin/../lib/gcc/arm-none-eabi/4.7.4/../../../../arm-none-eabi/lib/armv7e-m\libc.a(lib_a-init.o)
                0x08001aac                __libc_init_array
 *(.glue*)
 .glue_7        0x00000000        0x0 linker stubs
 .glue_7t       0x00000000        0x0 linker stubs
 *(.v4*)
 .v4_bx         0x00000000        0x0 linker stubs
 *(.vfp11_veneer)
 .vfp11_veneer  0x00000000        0x0 linker stubs
 *(.init)
                0x08001b40                __preinit_array_start = .
 *(.preinit_array)
                0x08001b40                __preinit_array_end = .
                0x08001b40                __init_array_start = .
 *(SORT(.init_array.*))
 *(.init_array)
                0x08001b40                __init_array_end = .
 *crtbegin.o(.ctors)
 *(EXCLUDE_FILE(*crtend.o) .ctors)
 *(SORT(.ctors.*))
 *crtend.o(.ctors)
 *(.fini)
                0x08001b40                __fini_array_start = .
 *(.fini_array)
 *(SORT(.fini_array.*))
                0x08001b40                __fini_array_end = .
 *crtbegin.o(.dtors)
 *(EXCLUDE_FILE(*crtend.o) .dtors)
 *(SORT(.dtors.*))
 *crtend.o(.dtors)
                0x08001b40                __extab_start = .
 *(.ARM.extab* .gnu.linkonce.armextab.*)
 .ARM.extab.Xmc4500.reset
                0x08001b40        0x0 Startup/startup_XMC4500.o
 .ARM.extab.Xmc4500.postreset
                0x08001b40        0x0 Startup/startup_XMC4500.o
                0x08001b40                . = ALIGN (0x4)
                0x08001b40                __extab_end = ABSOLUTE (.)

.iplt           0x08001b40        0x0 load address 0x0c001b40
 .iplt          0x00000000        0x0 Startup/startup_XMC4500.o

.ARM.exidx      0x08001b40       0x10 load address 0x0c001b40
                0x08001b40                __exidx_start = .
 *(.ARM.exidx* .gnu.linkonce.armexidx.*)
 .ARM.exidx.Xmc4500.reset
                0x08001b40        0x8 Startup/startup_XMC4500.o
 .ARM.exidx.Xmc4500.postreset
                0x08001b48        0x8 Startup/startup_XMC4500.o
                0x08001b50                . = ALIGN (0x4)
                0x08001b50                __exidx_end = ABSOLUTE (.)

.rodata         0x08001b50      0x10c load address 0x0c001b50
 *(.rodata .rodata.*)
 .rodata        0x08001b50       0xd8 Dave/Generated/src/PWMSP001/PWMSP001_Conf.o
                0x08001b50                PWMSP001_Handle2
                0x08001b98                PWMSP001_Handle1
                0x08001be0                PWMSP001_Handle0
 .rodata        0x08001c28       0x28 Dave/Generated/src/IO004/IO004_Conf.o
                0x08001c28                IO004_Handle6
                0x08001c30                IO004_Handle5
                0x08001c38                IO004_Handle4
                0x08001c40                IO004_Handle2
                0x08001c48                IO004_Handle1
 .rodata        0x08001c50        0xc Dave/Generated/src/CCU4GLOBAL/CCU4GLOBAL_Conf.o
                0x08001c50                CCU4Global_Handle0
 *(.gnu.linkonce.r*)

.rel.dyn        0x08001c5c        0x0 load address 0x0c001c5c
 .rel.iplt      0x00000000        0x0 Startup/startup_XMC4500.o
                0x08001c60                . = ALIGN (0x10)
                0x0c001c60                eROData = (. | 0x4000000)

Stack           0x10000000      0x800
                0x10000800                . = (. + stack_size)
 *fill*         0x10000000      0x800 00
                0x10000800                __Xmc4500_stack = .

.data3          0x10000800        0x0
                0x10000800                __data3_start = .
 *(.data3)
                0x10000800                __data3_end = .
                0x00000000                __data3_size = (__data3_end - __data3_start)

.data           0x20000000        0x8 load address 0x0c001c60
                0x20000000                __Xmc4500_sData = .
 *(.data)
 .data          0x20000000        0x0 Startup/startup_XMC4500.o
 .data          0x20000000        0x4 Startup/system_XMC4500.o
                0x20000000                SystemCoreClock
 .data          0x20000004        0x0 Main.o
 .data          0x20000004        0x0 Lib/System_LibcStubs.o
 .data          0x20000004        0x0 Dave/Generated/src/RESET001/RESET001.o
 .data          0x20000004        0x0 Dave/Generated/src/PWMSP001/PWMSP001.o
 .data          0x20000004        0x0 Dave/Generated/src/PWMSP001/PWMSP001_Conf.o
 .data          0x20000004        0x0 Dave/Generated/src/LIBS/CCU8PWMLIB.o
 .data          0x20000004        0x0 Dave/Generated/src/LIBS/MOTORLIB.o
 .data          0x20000004        0x0 Dave/Generated/src/IO004/IO004.o
 .data          0x20000004        0x0 Dave/Generated/src/IO004/IO004_Conf.o
 .data          0x20000004        0x0 Dave/Generated/src/DAVESupport/DAVE3.o
 .data          0x20000004        0x0 Dave/Generated/src/DAVESupport/MULTIPLEXER.o
 .data          0x20000004        0x0 Dave/Generated/src/CLK001/CLK001.o
 .data          0x20000004        0x0 Dave/Generated/src/CCU4GLOBAL/CCU4GLOBAL.o
 .data          0x20000004        0x4 Dave/Generated/src/CCU4GLOBAL/CCU4GLOBAL_Conf.o
                0x20000004                CCU4Global_HandleArray
 .data          0x20000008        0x0 c:/dave-3.1.10/arm-gcc/bin/../lib/gcc/arm-none-eabi/4.7.4/../../../../arm-none-eabi/lib/armv7e-m\libc.a(lib_a-init.o)
 *(.data*)
 *(*.data)
 *(.gnu.linkonce.d*)
                0x20000008                __Xmc4500_eData = ALIGN (0x4)
                0x00000008                __Xmc4500_Data_Size = (__Xmc4500_eData - __Xmc4500_sData)

.igot.plt       0x20000008        0x0 load address 0x0c001c68
 .igot.plt      0x00000000        0x0 Startup/startup_XMC4500.o

.ram_code       0x10000800        0x0 load address 0x0c001c68
                0x10000800                __ram_code_start = .
 *(.ram_code)
                0x10000800                __ram_code_end = .
                0x0c001c68                __ram_code_load = LOADADDR (.ram_code)
                0x00000000                __ram_code_size = (__ram_code_end - __ram_code_start)

.bss            0x20000008       0x30 load address 0x0c001c68
                0x20000008                __Xmc4500_sBSS = .
 *(.bss)
 .bss           0x20000008        0x0 Startup/startup_XMC4500.o
 .bss           0x20000008        0x0 Startup/system_XMC4500.o
 .bss           0x20000008        0x0 Main.o
 .bss           0x20000008        0xc Lib/System_LibcStubs.o
                0x20000010                __dso_handle
 .bss           0x20000014        0x0 Dave/Generated/src/RESET001/RESET001.o
 .bss           0x20000014        0x0 Dave/Generated/src/PWMSP001/PWMSP001.o
 .bss           0x20000014        0x3 Dave/Generated/src/PWMSP001/PWMSP001_Conf.o
                0x20000014                PWMSP001_DynamicData2
                0x20000015                PWMSP001_DynamicData1
                0x20000016                PWMSP001_DynamicData0
 .bss           0x20000017        0x0 Dave/Generated/src/LIBS/CCU8PWMLIB.o
 .bss           0x20000017        0x0 Dave/Generated/src/LIBS/MOTORLIB.o
 .bss           0x20000017        0x0 Dave/Generated/src/IO004/IO004.o
 .bss           0x20000017        0x0 Dave/Generated/src/IO004/IO004_Conf.o
 .bss           0x20000017        0x0 Dave/Generated/src/DAVESupport/DAVE3.o
 .bss           0x20000017        0x0 Dave/Generated/src/DAVESupport/MULTIPLEXER.o
 *fill*         0x20000017        0x1 00
 .bss           0x20000018        0x8 Dave/Generated/src/CLK001/CLK001.o
 .bss           0x20000020        0x4 Dave/Generated/src/CCU4GLOBAL/CCU4GLOBAL.o
 .bss           0x20000024        0x0 Dave/Generated/src/CCU4GLOBAL/CCU4GLOBAL_Conf.o
 .bss           0x20000024        0x0 c:/dave-3.1.10/arm-gcc/bin/../lib/gcc/arm-none-eabi/4.7.4/../../../../arm-none-eabi/lib/armv7e-m\libc.a(lib_a-init.o)
 *(.bss*)
 *(COMMON)
 COMMON         0x20000024       0x14 Main.o
                0x20000024                configuration
                0x20000033                data_R
 *(.gnu.linkonce.b*)
                0x20000038                __Xmc4500_eBSS = ALIGN (0x4)
                0x20000038                . = ALIGN (0x4)
                0x20000038                Heap_Bank1_Start = .
                0x00000030                __Xmc4500_BSS_Size = (__Xmc4500_eBSS - __Xmc4500_sBSS)

.data2          0x30000000        0x0
                0x30000000                __data2_start = .
 *(ETH_RAM)
                0x30000000                __data2_end = .
                0x00000000                __data2_size = (__data2_end - __data2_start)
                0x0000ffc8                Heap_Bank1_Size = (0x10000 - (Heap_Bank1_Start - ORIGIN (DSRAM_1_system)))

DSRAM2_Heap     0x30000000        0x0
                0x30000000                Heap_Bank2_Start = .
                0x00008000                Heap_Bank2_Size = (0x8000 - (Heap_Bank2_Start - ORIGIN (DSRAM_2_comm)))

PSRAM_Heap      0x10000800        0x0
                0x10000800                Heap_Bank3_Start = .
                0x0000f800                Heap_Bank3_Size = (0x10000 - (Heap_Bank3_Start - ORIGIN (PSRAM_1)))

/DISCARD/
 *(.comment)

.stab
 *(.stab)

.stabstr
 *(.stabstr)

.debug
 *(.debug)

.line
 *(.line)

.debug_srcinfo
 *(.debug_srcinfo)

.debug_sfnames
 *(.debug_sfnames)

.debug_aranges
 *(.debug_aranges)

.debug_pubnames
 *(.debug_pubnames)

.debug_pubtypes
 *(.debug_pubtypes)

.debug_info
 *(.debug_info .gnu.linkonce.wi.*)

.debug_abbrev
 *(.debug_abbrev)

.debug_line
 *(.debug_line)

.debug_frame    0x00000000       0x30
 *(.debug_frame)
 .debug_frame   0x00000000       0x30 c:/dave-3.1.10/arm-gcc/bin/../lib/gcc/arm-none-eabi/4.7.4/../../../../arm-none-eabi/lib/armv7e-m\libc.a(lib_a-init.o)

.debug_str
 *(.debug_str)

.debug_loc
 *(.debug_loc)

.debug_macinfo
 *(.debug_macinfo)

.debug_ranges
 *(.debug_ranges)

.debug_weaknames
 *(.debug_weaknames)

.debug_funcnames
 *(.debug_funcnames)

.debug_typenames
 *(.debug_typenames)

.debug_varnames
 *(.debug_varnames)

.build_attributes
                0x00000000      0x3ac
 *(.ARM.attributes)
 .ARM.attributes
                0x00000000       0x27 Startup/startup_XMC4500.o
 .ARM.attributes
                0x00000027       0x39 Startup/system_XMC4500.o
 .ARM.attributes
                0x00000060       0x39 Main.o
 .ARM.attributes
                0x00000099       0x39 Lib/System_LibcStubs.o
 .ARM.attributes
                0x000000d2       0x39 Dave/Generated/src/RESET001/RESET001.o
 .ARM.attributes
                0x0000010b       0x39 Dave/Generated/src/PWMSP001/PWMSP001.o
 .ARM.attributes
                0x00000144       0x39 Dave/Generated/src/PWMSP001/PWMSP001_Conf.o
 .ARM.attributes
                0x0000017d       0x39 Dave/Generated/src/LIBS/CCU8PWMLIB.o
 .ARM.attributes
                0x000001b6       0x39 Dave/Generated/src/LIBS/MOTORLIB.o
 .ARM.attributes
                0x000001ef       0x39 Dave/Generated/src/IO004/IO004.o
 .ARM.attributes
                0x00000228       0x39 Dave/Generated/src/IO004/IO004_Conf.o
 .ARM.attributes
                0x00000261       0x39 Dave/Generated/src/DAVESupport/DAVE3.o
 .ARM.attributes
                0x0000029a       0x39 Dave/Generated/src/DAVESupport/MULTIPLEXER.o
 .ARM.attributes
                0x000002d3       0x39 Dave/Generated/src/CLK001/CLK001.o
 .ARM.attributes
                0x0000030c       0x39 Dave/Generated/src/CCU4GLOBAL/CCU4GLOBAL.o
 .ARM.attributes
                0x00000345       0x39 Dave/Generated/src/CCU4GLOBAL/CCU4GLOBAL_Conf.o
 .ARM.attributes
                0x0000037e       0x2e c:/dave-3.1.10/arm-gcc/bin/../lib/gcc/arm-none-eabi/4.7.4/../../../../arm-none-eabi/lib/armv7e-m\libc.a(lib_a-init.o)
OUTPUT(ControleInterno.elf elf32-littlearm)
