Archive member included because of file (symbol)

c:/dave-3.1.10/arm-gcc/bin/../lib/gcc/arm-none-eabi/4.7.4/../../../../arm-none-eabi/lib/armv7e-m\libg.a(lib_a-init.o)
                              Startup/startup_XMC4500.o (__libc_init_array)

Allocating common symbols
Common symbol       size              file

configuration       0xf               Main.o
psx_status          0x1               Main.o
data_E              0x4               Main.o
psxDado             0x18              Main.o

Discarded input sections

 .group         0x00000000        0x8 Startup/system_XMC4500.o
 .group         0x00000000        0x8 Startup/system_XMC4500.o
 .group         0x00000000        0x8 Startup/system_XMC4500.o
 .group         0x00000000        0x8 Startup/system_XMC4500.o
 .group         0x00000000        0x8 Startup/system_XMC4500.o
 .group         0x00000000        0x8 Startup/system_XMC4500.o
 .group         0x00000000        0x8 Startup/system_XMC4500.o
 .group         0x00000000        0x8 Startup/system_XMC4500.o
 .group         0x00000000        0x8 Startup/system_XMC4500.o
 .group         0x00000000        0x8 Startup/system_XMC4500.o
 .group         0x00000000        0x8 Startup/system_XMC4500.o
 .group         0x00000000        0x8 Startup/system_XMC4500.o
 .group         0x00000000        0x8 Startup/system_XMC4500.o
 .comment       0x00000000       0x71 Startup/system_XMC4500.o
 .group         0x00000000        0x8 Main.o
 .group         0x00000000        0x8 Main.o
 .group         0x00000000        0x8 Main.o
 .group         0x00000000        0x8 Main.o
 .group         0x00000000        0x8 Main.o
 .group         0x00000000        0x8 Main.o
 .group         0x00000000        0x8 Main.o
 .group         0x00000000        0x8 Main.o
 .group         0x00000000        0x8 Main.o
 .group         0x00000000        0x8 Main.o
 .group         0x00000000        0x8 Main.o
 .group         0x00000000        0x8 Main.o
 .group         0x00000000        0x8 Main.o
 .group         0x00000000        0x8 Main.o
 .group         0x00000000        0x8 Main.o
 .group         0x00000000        0x8 Main.o
 .group         0x00000000        0x8 Main.o
 .group         0x00000000        0x8 Main.o
 .group         0x00000000        0x8 Main.o
 .group         0x00000000        0x8 Main.o
 .group         0x00000000        0x8 Main.o
 .group         0x00000000        0x8 Main.o
 .group         0x00000000        0x8 Main.o
 .group         0x00000000        0x8 Main.o
 .group         0x00000000        0x8 Main.o
 .group         0x00000000        0x8 Main.o
 .debug_macro   0x00000000      0x814 Main.o
 .debug_macro   0x00000000       0x2d Main.o
 .debug_macro   0x00000000       0x3b Main.o
 .debug_macro   0x00000000       0x3a Main.o
 .debug_macro   0x00000000       0x10 Main.o
 .debug_macro   0x00000000       0x2e Main.o
 .debug_macro   0x00000000       0xa3 Main.o
 .debug_macro   0x00000000      0x20e Main.o
 .debug_macro   0x00000000       0x2d Main.o
 .debug_macro   0x00000000       0x42 Main.o
 .debug_macro   0x00000000      0xd39 Main.o
 .debug_macro   0x00000000    0x150f5 Main.o
 .comment       0x00000000       0x71 Main.o
 .group         0x00000000        0x8 Lib/System_LibcStubs.o
 .group         0x00000000        0x8 Lib/System_LibcStubs.o
 .group         0x00000000        0x8 Lib/System_LibcStubs.o
 .group         0x00000000        0x8 Lib/System_LibcStubs.o
 .group         0x00000000        0x8 Lib/System_LibcStubs.o
 .group         0x00000000        0x8 Lib/System_LibcStubs.o
 .group         0x00000000        0x8 Lib/System_LibcStubs.o
 .group         0x00000000        0x8 Lib/System_LibcStubs.o
 .group         0x00000000        0x8 Lib/System_LibcStubs.o
 .group         0x00000000        0x8 Lib/System_LibcStubs.o
 .group         0x00000000        0x8 Lib/System_LibcStubs.o
 .group         0x00000000        0x8 Lib/System_LibcStubs.o
 .group         0x00000000        0x8 Lib/System_LibcStubs.o
 .group         0x00000000        0x8 Lib/System_LibcStubs.o
 .group         0x00000000        0x8 Lib/System_LibcStubs.o
 .group         0x00000000        0x8 Lib/System_LibcStubs.o
 .group         0x00000000        0x8 Lib/System_LibcStubs.o
 .group         0x00000000        0x8 Lib/System_LibcStubs.o
 .group         0x00000000        0x8 Lib/System_LibcStubs.o
 .group         0x00000000        0x8 Lib/System_LibcStubs.o
 .group         0x00000000        0x8 Lib/System_LibcStubs.o
 .debug_macro   0x00000000      0x814 Lib/System_LibcStubs.o
 .debug_macro   0x00000000       0x3a Lib/System_LibcStubs.o
 .debug_macro   0x00000000       0x10 Lib/System_LibcStubs.o
 .debug_macro   0x00000000       0x2e Lib/System_LibcStubs.o
 .debug_macro   0x00000000       0xa3 Lib/System_LibcStubs.o
 .comment       0x00000000       0x71 Lib/System_LibcStubs.o
 .group         0x00000000        0x8 Dave/Generated/src/UART001/UART001.o
 .group         0x00000000        0x8 Dave/Generated/src/UART001/UART001.o
 .group         0x00000000        0x8 Dave/Generated/src/UART001/UART001.o
 .group         0x00000000        0x8 Dave/Generated/src/UART001/UART001.o
 .group         0x00000000        0x8 Dave/Generated/src/UART001/UART001.o
 .group         0x00000000        0x8 Dave/Generated/src/UART001/UART001.o
 .group         0x00000000        0x8 Dave/Generated/src/UART001/UART001.o
 .group         0x00000000        0x8 Dave/Generated/src/UART001/UART001.o
 .group         0x00000000        0x8 Dave/Generated/src/UART001/UART001.o
 .group         0x00000000        0x8 Dave/Generated/src/UART001/UART001.o
 .group         0x00000000        0x8 Dave/Generated/src/UART001/UART001.o
 .group         0x00000000        0x8 Dave/Generated/src/UART001/UART001.o
 .group         0x00000000        0x8 Dave/Generated/src/UART001/UART001.o
 .group         0x00000000        0x8 Dave/Generated/src/UART001/UART001.o
 .group         0x00000000        0x8 Dave/Generated/src/UART001/UART001.o
 .group         0x00000000        0x8 Dave/Generated/src/UART001/UART001.o
 .group         0x00000000        0x8 Dave/Generated/src/UART001/UART001.o
 .group         0x00000000        0x8 Dave/Generated/src/UART001/UART001.o
 .group         0x00000000        0x8 Dave/Generated/src/UART001/UART001.o
 .debug_macro   0x00000000      0x814 Dave/Generated/src/UART001/UART001.o
 .debug_macro   0x00000000      0x130 Dave/Generated/src/UART001/UART001.o
 .debug_macro   0x00000000       0x2d Dave/Generated/src/UART001/UART001.o
 .debug_macro   0x00000000       0x3b Dave/Generated/src/UART001/UART001.o
 .debug_macro   0x00000000       0x3a Dave/Generated/src/UART001/UART001.o
 .debug_macro   0x00000000       0x10 Dave/Generated/src/UART001/UART001.o
 .debug_macro   0x00000000       0x2e Dave/Generated/src/UART001/UART001.o
 .debug_macro   0x00000000       0xa3 Dave/Generated/src/UART001/UART001.o
 .debug_macro   0x00000000      0x20e Dave/Generated/src/UART001/UART001.o
 .debug_macro   0x00000000       0x2d Dave/Generated/src/UART001/UART001.o
 .debug_macro   0x00000000       0x42 Dave/Generated/src/UART001/UART001.o
 .debug_macro   0x00000000      0xd39 Dave/Generated/src/UART001/UART001.o
 .debug_macro   0x00000000       0x70 Dave/Generated/src/UART001/UART001.o
 .debug_macro   0x00000000    0x150f5 Dave/Generated/src/UART001/UART001.o
 .debug_macro   0x00000000      0x16c Dave/Generated/src/UART001/UART001.o
 .debug_macro   0x00000000       0x22 Dave/Generated/src/UART001/UART001.o
 .debug_macro   0x00000000       0x34 Dave/Generated/src/UART001/UART001.o
 .debug_macro   0x00000000       0x11 Dave/Generated/src/UART001/UART001.o
 .comment       0x00000000       0x71 Dave/Generated/src/UART001/UART001.o
 .group         0x00000000        0x8 Dave/Generated/src/UART001/UART001_Conf.o
 .group         0x00000000        0x8 Dave/Generated/src/UART001/UART001_Conf.o
 .group         0x00000000        0x8 Dave/Generated/src/UART001/UART001_Conf.o
 .group         0x00000000        0x8 Dave/Generated/src/UART001/UART001_Conf.o
 .group         0x00000000        0x8 Dave/Generated/src/UART001/UART001_Conf.o
 .group         0x00000000        0x8 Dave/Generated/src/UART001/UART001_Conf.o
 .group         0x00000000        0x8 Dave/Generated/src/UART001/UART001_Conf.o
 .group         0x00000000        0x8 Dave/Generated/src/UART001/UART001_Conf.o
 .group         0x00000000        0x8 Dave/Generated/src/UART001/UART001_Conf.o
 .group         0x00000000        0x8 Dave/Generated/src/UART001/UART001_Conf.o
 .group         0x00000000        0x8 Dave/Generated/src/UART001/UART001_Conf.o
 .group         0x00000000        0x8 Dave/Generated/src/UART001/UART001_Conf.o
 .group         0x00000000        0x8 Dave/Generated/src/UART001/UART001_Conf.o
 .group         0x00000000        0x8 Dave/Generated/src/UART001/UART001_Conf.o
 .group         0x00000000        0x8 Dave/Generated/src/UART001/UART001_Conf.o
 .group         0x00000000        0x8 Dave/Generated/src/UART001/UART001_Conf.o
 .group         0x00000000        0x8 Dave/Generated/src/UART001/UART001_Conf.o
 .group         0x00000000        0x8 Dave/Generated/src/UART001/UART001_Conf.o
 .group         0x00000000        0x8 Dave/Generated/src/UART001/UART001_Conf.o
 .debug_macro   0x00000000      0x814 Dave/Generated/src/UART001/UART001_Conf.o
 .debug_macro   0x00000000      0x130 Dave/Generated/src/UART001/UART001_Conf.o
 .debug_macro   0x00000000       0x2d Dave/Generated/src/UART001/UART001_Conf.o
 .debug_macro   0x00000000       0x3b Dave/Generated/src/UART001/UART001_Conf.o
 .debug_macro   0x00000000       0x3a Dave/Generated/src/UART001/UART001_Conf.o
 .debug_macro   0x00000000       0x10 Dave/Generated/src/UART001/UART001_Conf.o
 .debug_macro   0x00000000       0x2e Dave/Generated/src/UART001/UART001_Conf.o
 .debug_macro   0x00000000       0xa3 Dave/Generated/src/UART001/UART001_Conf.o
 .debug_macro   0x00000000      0x20e Dave/Generated/src/UART001/UART001_Conf.o
 .debug_macro   0x00000000       0x2d Dave/Generated/src/UART001/UART001_Conf.o
 .debug_macro   0x00000000       0x42 Dave/Generated/src/UART001/UART001_Conf.o
 .debug_macro   0x00000000      0xd39 Dave/Generated/src/UART001/UART001_Conf.o
 .debug_macro   0x00000000       0x70 Dave/Generated/src/UART001/UART001_Conf.o
 .debug_macro   0x00000000    0x150f5 Dave/Generated/src/UART001/UART001_Conf.o
 .debug_macro   0x00000000       0xb0 Dave/Generated/src/UART001/UART001_Conf.o
 .debug_macro   0x00000000      0x16c Dave/Generated/src/UART001/UART001_Conf.o
 .debug_macro   0x00000000       0x22 Dave/Generated/src/UART001/UART001_Conf.o
 .debug_macro   0x00000000       0x34 Dave/Generated/src/UART001/UART001_Conf.o
 .debug_macro   0x00000000       0x11 Dave/Generated/src/UART001/UART001_Conf.o
 .comment       0x00000000       0x71 Dave/Generated/src/UART001/UART001_Conf.o
 .group         0x00000000        0x8 Dave/Generated/src/RESET001/RESET001.o
 .group         0x00000000        0x8 Dave/Generated/src/RESET001/RESET001.o
 .group         0x00000000        0x8 Dave/Generated/src/RESET001/RESET001.o
 .group         0x00000000        0x8 Dave/Generated/src/RESET001/RESET001.o
 .group         0x00000000        0x8 Dave/Generated/src/RESET001/RESET001.o
 .group         0x00000000        0x8 Dave/Generated/src/RESET001/RESET001.o
 .group         0x00000000        0x8 Dave/Generated/src/RESET001/RESET001.o
 .group         0x00000000        0x8 Dave/Generated/src/RESET001/RESET001.o
 .group         0x00000000        0x8 Dave/Generated/src/RESET001/RESET001.o
 .group         0x00000000        0x8 Dave/Generated/src/RESET001/RESET001.o
 .group         0x00000000        0x8 Dave/Generated/src/RESET001/RESET001.o
 .group         0x00000000        0x8 Dave/Generated/src/RESET001/RESET001.o
 .group         0x00000000        0x8 Dave/Generated/src/RESET001/RESET001.o
 .group         0x00000000        0x8 Dave/Generated/src/RESET001/RESET001.o
 .group         0x00000000        0x8 Dave/Generated/src/RESET001/RESET001.o
 .group         0x00000000        0x8 Dave/Generated/src/RESET001/RESET001.o
 .debug_macro   0x00000000      0x814 Dave/Generated/src/RESET001/RESET001.o
 .debug_macro   0x00000000      0x130 Dave/Generated/src/RESET001/RESET001.o
 .debug_macro   0x00000000       0x3a Dave/Generated/src/RESET001/RESET001.o
 .debug_macro   0x00000000       0x10 Dave/Generated/src/RESET001/RESET001.o
 .debug_macro   0x00000000       0x2e Dave/Generated/src/RESET001/RESET001.o
 .debug_macro   0x00000000       0xa3 Dave/Generated/src/RESET001/RESET001.o
 .debug_macro   0x00000000      0x20e Dave/Generated/src/RESET001/RESET001.o
 .debug_macro   0x00000000      0x16c Dave/Generated/src/RESET001/RESET001.o
 .debug_macro   0x00000000       0x22 Dave/Generated/src/RESET001/RESET001.o
 .debug_macro   0x00000000       0x2d Dave/Generated/src/RESET001/RESET001.o
 .debug_macro   0x00000000       0x3b Dave/Generated/src/RESET001/RESET001.o
 .debug_macro   0x00000000       0x2d Dave/Generated/src/RESET001/RESET001.o
 .debug_macro   0x00000000       0x42 Dave/Generated/src/RESET001/RESET001.o
 .debug_macro   0x00000000      0xd39 Dave/Generated/src/RESET001/RESET001.o
 .debug_macro   0x00000000       0x70 Dave/Generated/src/RESET001/RESET001.o
 .debug_macro   0x00000000    0x150f5 Dave/Generated/src/RESET001/RESET001.o
 .comment       0x00000000       0x71 Dave/Generated/src/RESET001/RESET001.o
 .group         0x00000000        0x8 Dave/Generated/src/LIBS/CCU8PWMLIB.o
 .group         0x00000000        0x8 Dave/Generated/src/LIBS/CCU8PWMLIB.o
 .group         0x00000000        0x8 Dave/Generated/src/LIBS/CCU8PWMLIB.o
 .group         0x00000000        0x8 Dave/Generated/src/LIBS/CCU8PWMLIB.o
 .group         0x00000000        0x8 Dave/Generated/src/LIBS/CCU8PWMLIB.o
 .group         0x00000000        0x8 Dave/Generated/src/LIBS/CCU8PWMLIB.o
 .group         0x00000000        0x8 Dave/Generated/src/LIBS/CCU8PWMLIB.o
 .group         0x00000000        0x8 Dave/Generated/src/LIBS/CCU8PWMLIB.o
 .group         0x00000000        0x8 Dave/Generated/src/LIBS/CCU8PWMLIB.o
 .group         0x00000000        0x8 Dave/Generated/src/LIBS/CCU8PWMLIB.o
 .group         0x00000000        0x8 Dave/Generated/src/LIBS/CCU8PWMLIB.o
 .group         0x00000000        0x8 Dave/Generated/src/LIBS/CCU8PWMLIB.o
 .group         0x00000000        0x8 Dave/Generated/src/LIBS/CCU8PWMLIB.o
 .group         0x00000000        0x8 Dave/Generated/src/LIBS/CCU8PWMLIB.o
 .group         0x00000000        0x8 Dave/Generated/src/LIBS/CCU8PWMLIB.o
 .group         0x00000000        0x8 Dave/Generated/src/LIBS/CCU8PWMLIB.o
 .group         0x00000000        0x8 Dave/Generated/src/LIBS/CCU8PWMLIB.o
 .group         0x00000000        0x8 Dave/Generated/src/LIBS/CCU8PWMLIB.o
 .group         0x00000000        0x8 Dave/Generated/src/LIBS/CCU8PWMLIB.o
 .group         0x00000000        0x8 Dave/Generated/src/LIBS/CCU8PWMLIB.o
 .group         0x00000000        0x8 Dave/Generated/src/LIBS/CCU8PWMLIB.o
 .group         0x00000000        0x8 Dave/Generated/src/LIBS/CCU8PWMLIB.o
 .group         0x00000000        0x8 Dave/Generated/src/LIBS/CCU8PWMLIB.o
 .group         0x00000000        0x8 Dave/Generated/src/LIBS/CCU8PWMLIB.o
 .group         0x00000000        0x8 Dave/Generated/src/LIBS/CCU8PWMLIB.o
 .group         0x00000000        0x8 Dave/Generated/src/LIBS/CCU8PWMLIB.o
 .debug_macro   0x00000000      0x814 Dave/Generated/src/LIBS/CCU8PWMLIB.o
 .debug_macro   0x00000000       0x2d Dave/Generated/src/LIBS/CCU8PWMLIB.o
 .debug_macro   0x00000000       0x3b Dave/Generated/src/LIBS/CCU8PWMLIB.o
 .debug_macro   0x00000000       0x3a Dave/Generated/src/LIBS/CCU8PWMLIB.o
 .debug_macro   0x00000000       0x10 Dave/Generated/src/LIBS/CCU8PWMLIB.o
 .debug_macro   0x00000000       0x2e Dave/Generated/src/LIBS/CCU8PWMLIB.o
 .debug_macro   0x00000000       0xa3 Dave/Generated/src/LIBS/CCU8PWMLIB.o
 .debug_macro   0x00000000      0x20e Dave/Generated/src/LIBS/CCU8PWMLIB.o
 .debug_macro   0x00000000       0x2d Dave/Generated/src/LIBS/CCU8PWMLIB.o
 .debug_macro   0x00000000       0x42 Dave/Generated/src/LIBS/CCU8PWMLIB.o
 .debug_macro   0x00000000      0xd39 Dave/Generated/src/LIBS/CCU8PWMLIB.o
 .debug_macro   0x00000000       0x70 Dave/Generated/src/LIBS/CCU8PWMLIB.o
 .debug_macro   0x00000000    0x150f5 Dave/Generated/src/LIBS/CCU8PWMLIB.o
 .debug_macro   0x00000000      0x16c Dave/Generated/src/LIBS/CCU8PWMLIB.o
 .debug_macro   0x00000000       0x22 Dave/Generated/src/LIBS/CCU8PWMLIB.o
 .debug_macro   0x00000000      0x54a Dave/Generated/src/LIBS/CCU8PWMLIB.o
 .debug_macro   0x00000000       0x64 Dave/Generated/src/LIBS/CCU8PWMLIB.o
 .debug_macro   0x00000000       0x46 Dave/Generated/src/LIBS/CCU8PWMLIB.o
 .debug_macro   0x00000000      0x160 Dave/Generated/src/LIBS/CCU8PWMLIB.o
 .debug_macro   0x00000000       0x2d Dave/Generated/src/LIBS/CCU8PWMLIB.o
 .debug_macro   0x00000000      0x130 Dave/Generated/src/LIBS/CCU8PWMLIB.o
 .debug_macro   0x00000000       0x7f Dave/Generated/src/LIBS/CCU8PWMLIB.o
 .debug_macro   0x00000000       0xb4 Dave/Generated/src/LIBS/CCU8PWMLIB.o
 .debug_macro   0x00000000       0xb6 Dave/Generated/src/LIBS/CCU8PWMLIB.o
 .debug_macro   0x00000000       0x34 Dave/Generated/src/LIBS/CCU8PWMLIB.o
 .debug_macro   0x00000000       0x11 Dave/Generated/src/LIBS/CCU8PWMLIB.o
 .comment       0x00000000       0x71 Dave/Generated/src/LIBS/CCU8PWMLIB.o
 .group         0x00000000        0x8 Dave/Generated/src/LIBS/MOTORLIB.o
 .group         0x00000000        0x8 Dave/Generated/src/LIBS/MOTORLIB.o
 .group         0x00000000        0x8 Dave/Generated/src/LIBS/MOTORLIB.o
 .group         0x00000000        0x8 Dave/Generated/src/LIBS/MOTORLIB.o
 .group         0x00000000        0x8 Dave/Generated/src/LIBS/MOTORLIB.o
 .group         0x00000000        0x8 Dave/Generated/src/LIBS/MOTORLIB.o
 .group         0x00000000        0x8 Dave/Generated/src/LIBS/MOTORLIB.o
 .group         0x00000000        0x8 Dave/Generated/src/LIBS/MOTORLIB.o
 .group         0x00000000        0x8 Dave/Generated/src/LIBS/MOTORLIB.o
 .group         0x00000000        0x8 Dave/Generated/src/LIBS/MOTORLIB.o
 .group         0x00000000        0x8 Dave/Generated/src/LIBS/MOTORLIB.o
 .group         0x00000000        0x8 Dave/Generated/src/LIBS/MOTORLIB.o
 .group         0x00000000        0x8 Dave/Generated/src/LIBS/MOTORLIB.o
 .group         0x00000000        0x8 Dave/Generated/src/LIBS/MOTORLIB.o
 .group         0x00000000        0x8 Dave/Generated/src/LIBS/MOTORLIB.o
 .group         0x00000000        0x8 Dave/Generated/src/LIBS/MOTORLIB.o
 .group         0x00000000        0x8 Dave/Generated/src/LIBS/MOTORLIB.o
 .group         0x00000000        0x8 Dave/Generated/src/LIBS/MOTORLIB.o
 .group         0x00000000        0x8 Dave/Generated/src/LIBS/MOTORLIB.o
 .group         0x00000000        0x8 Dave/Generated/src/LIBS/MOTORLIB.o
 .group         0x00000000        0x8 Dave/Generated/src/LIBS/MOTORLIB.o
 .group         0x00000000        0x8 Dave/Generated/src/LIBS/MOTORLIB.o
 .group         0x00000000        0x8 Dave/Generated/src/LIBS/MOTORLIB.o
 .group         0x00000000        0x8 Dave/Generated/src/LIBS/MOTORLIB.o
 .group         0x00000000        0x8 Dave/Generated/src/LIBS/MOTORLIB.o
 .group         0x00000000        0x8 Dave/Generated/src/LIBS/MOTORLIB.o
 .debug_macro   0x00000000      0x814 Dave/Generated/src/LIBS/MOTORLIB.o
 .debug_macro   0x00000000       0x2d Dave/Generated/src/LIBS/MOTORLIB.o
 .debug_macro   0x00000000       0x3b Dave/Generated/src/LIBS/MOTORLIB.o
 .debug_macro   0x00000000       0x3a Dave/Generated/src/LIBS/MOTORLIB.o
 .debug_macro   0x00000000       0x10 Dave/Generated/src/LIBS/MOTORLIB.o
 .debug_macro   0x00000000       0x2e Dave/Generated/src/LIBS/MOTORLIB.o
 .debug_macro   0x00000000       0xa3 Dave/Generated/src/LIBS/MOTORLIB.o
 .debug_macro   0x00000000      0x20e Dave/Generated/src/LIBS/MOTORLIB.o
 .debug_macro   0x00000000       0x2d Dave/Generated/src/LIBS/MOTORLIB.o
 .debug_macro   0x00000000       0x42 Dave/Generated/src/LIBS/MOTORLIB.o
 .debug_macro   0x00000000      0xd39 Dave/Generated/src/LIBS/MOTORLIB.o
 .debug_macro   0x00000000       0x70 Dave/Generated/src/LIBS/MOTORLIB.o
 .debug_macro   0x00000000    0x150f5 Dave/Generated/src/LIBS/MOTORLIB.o
 .debug_macro   0x00000000      0x16c Dave/Generated/src/LIBS/MOTORLIB.o
 .debug_macro   0x00000000       0x22 Dave/Generated/src/LIBS/MOTORLIB.o
 .debug_macro   0x00000000      0x54a Dave/Generated/src/LIBS/MOTORLIB.o
 .debug_macro   0x00000000       0x64 Dave/Generated/src/LIBS/MOTORLIB.o
 .debug_macro   0x00000000       0x46 Dave/Generated/src/LIBS/MOTORLIB.o
 .debug_macro   0x00000000      0x160 Dave/Generated/src/LIBS/MOTORLIB.o
 .debug_macro   0x00000000       0x2d Dave/Generated/src/LIBS/MOTORLIB.o
 .debug_macro   0x00000000      0x130 Dave/Generated/src/LIBS/MOTORLIB.o
 .debug_macro   0x00000000       0x7f Dave/Generated/src/LIBS/MOTORLIB.o
 .debug_macro   0x00000000       0xb4 Dave/Generated/src/LIBS/MOTORLIB.o
 .debug_macro   0x00000000       0xb6 Dave/Generated/src/LIBS/MOTORLIB.o
 .debug_macro   0x00000000       0x34 Dave/Generated/src/LIBS/MOTORLIB.o
 .debug_macro   0x00000000       0x11 Dave/Generated/src/LIBS/MOTORLIB.o
 .comment       0x00000000       0x71 Dave/Generated/src/LIBS/MOTORLIB.o
 .group         0x00000000        0x8 Dave/Generated/src/IO004/IO004.o
 .group         0x00000000        0x8 Dave/Generated/src/IO004/IO004.o
 .group         0x00000000        0x8 Dave/Generated/src/IO004/IO004.o
 .group         0x00000000        0x8 Dave/Generated/src/IO004/IO004.o
 .group         0x00000000        0x8 Dave/Generated/src/IO004/IO004.o
 .group         0x00000000        0x8 Dave/Generated/src/IO004/IO004.o
 .group         0x00000000        0x8 Dave/Generated/src/IO004/IO004.o
 .group         0x00000000        0x8 Dave/Generated/src/IO004/IO004.o
 .group         0x00000000        0x8 Dave/Generated/src/IO004/IO004.o
 .group         0x00000000        0x8 Dave/Generated/src/IO004/IO004.o
 .group         0x00000000        0x8 Dave/Generated/src/IO004/IO004.o
 .group         0x00000000        0x8 Dave/Generated/src/IO004/IO004.o
 .group         0x00000000        0x8 Dave/Generated/src/IO004/IO004.o
 .group         0x00000000        0x8 Dave/Generated/src/IO004/IO004.o
 .group         0x00000000        0x8 Dave/Generated/src/IO004/IO004.o
 .group         0x00000000        0x8 Dave/Generated/src/IO004/IO004.o
 .group         0x00000000        0x8 Dave/Generated/src/IO004/IO004.o
 .group         0x00000000        0x8 Dave/Generated/src/IO004/IO004.o
 .group         0x00000000        0x8 Dave/Generated/src/IO004/IO004.o
 .group         0x00000000        0x8 Dave/Generated/src/IO004/IO004.o
 .group         0x00000000        0x8 Dave/Generated/src/IO004/IO004.o
 .group         0x00000000        0x8 Dave/Generated/src/IO004/IO004.o
 .group         0x00000000        0x8 Dave/Generated/src/IO004/IO004.o
 .group         0x00000000        0x8 Dave/Generated/src/IO004/IO004.o
 .group         0x00000000        0x8 Dave/Generated/src/IO004/IO004.o
 .group         0x00000000        0x8 Dave/Generated/src/IO004/IO004.o
 .debug_macro   0x00000000      0x814 Dave/Generated/src/IO004/IO004.o
 .debug_macro   0x00000000       0x2d Dave/Generated/src/IO004/IO004.o
 .debug_macro   0x00000000       0x3b Dave/Generated/src/IO004/IO004.o
 .debug_macro   0x00000000       0x3a Dave/Generated/src/IO004/IO004.o
 .debug_macro   0x00000000       0x10 Dave/Generated/src/IO004/IO004.o
 .debug_macro   0x00000000       0x2e Dave/Generated/src/IO004/IO004.o
 .debug_macro   0x00000000       0xa3 Dave/Generated/src/IO004/IO004.o
 .debug_macro   0x00000000      0x20e Dave/Generated/src/IO004/IO004.o
 .debug_macro   0x00000000       0x2d Dave/Generated/src/IO004/IO004.o
 .debug_macro   0x00000000       0x42 Dave/Generated/src/IO004/IO004.o
 .debug_macro   0x00000000      0xd39 Dave/Generated/src/IO004/IO004.o
 .debug_macro   0x00000000       0x70 Dave/Generated/src/IO004/IO004.o
 .debug_macro   0x00000000    0x150f5 Dave/Generated/src/IO004/IO004.o
 .debug_macro   0x00000000      0x16c Dave/Generated/src/IO004/IO004.o
 .debug_macro   0x00000000       0x22 Dave/Generated/src/IO004/IO004.o
 .debug_macro   0x00000000      0x54a Dave/Generated/src/IO004/IO004.o
 .debug_macro   0x00000000       0x64 Dave/Generated/src/IO004/IO004.o
 .debug_macro   0x00000000       0x46 Dave/Generated/src/IO004/IO004.o
 .debug_macro   0x00000000      0x160 Dave/Generated/src/IO004/IO004.o
 .debug_macro   0x00000000       0x2d Dave/Generated/src/IO004/IO004.o
 .debug_macro   0x00000000      0x130 Dave/Generated/src/IO004/IO004.o
 .debug_macro   0x00000000       0x7f Dave/Generated/src/IO004/IO004.o
 .debug_macro   0x00000000       0xb4 Dave/Generated/src/IO004/IO004.o
 .debug_macro   0x00000000       0xb6 Dave/Generated/src/IO004/IO004.o
 .debug_macro   0x00000000       0x34 Dave/Generated/src/IO004/IO004.o
 .debug_macro   0x00000000       0x11 Dave/Generated/src/IO004/IO004.o
 .comment       0x00000000       0x71 Dave/Generated/src/IO004/IO004.o
 .group         0x00000000        0x8 Dave/Generated/src/IO004/IO004_Conf.o
 .group         0x00000000        0x8 Dave/Generated/src/IO004/IO004_Conf.o
 .group         0x00000000        0x8 Dave/Generated/src/IO004/IO004_Conf.o
 .group         0x00000000        0x8 Dave/Generated/src/IO004/IO004_Conf.o
 .group         0x00000000        0x8 Dave/Generated/src/IO004/IO004_Conf.o
 .group         0x00000000        0x8 Dave/Generated/src/IO004/IO004_Conf.o
 .group         0x00000000        0x8 Dave/Generated/src/IO004/IO004_Conf.o
 .group         0x00000000        0x8 Dave/Generated/src/IO004/IO004_Conf.o
 .group         0x00000000        0x8 Dave/Generated/src/IO004/IO004_Conf.o
 .group         0x00000000        0x8 Dave/Generated/src/IO004/IO004_Conf.o
 .group         0x00000000        0x8 Dave/Generated/src/IO004/IO004_Conf.o
 .group         0x00000000        0x8 Dave/Generated/src/IO004/IO004_Conf.o
 .group         0x00000000        0x8 Dave/Generated/src/IO004/IO004_Conf.o
 .group         0x00000000        0x8 Dave/Generated/src/IO004/IO004_Conf.o
 .group         0x00000000        0x8 Dave/Generated/src/IO004/IO004_Conf.o
 .group         0x00000000        0x8 Dave/Generated/src/IO004/IO004_Conf.o
 .group         0x00000000        0x8 Dave/Generated/src/IO004/IO004_Conf.o
 .group         0x00000000        0x8 Dave/Generated/src/IO004/IO004_Conf.o
 .group         0x00000000        0x8 Dave/Generated/src/IO004/IO004_Conf.o
 .group         0x00000000        0x8 Dave/Generated/src/IO004/IO004_Conf.o
 .group         0x00000000        0x8 Dave/Generated/src/IO004/IO004_Conf.o
 .group         0x00000000        0x8 Dave/Generated/src/IO004/IO004_Conf.o
 .group         0x00000000        0x8 Dave/Generated/src/IO004/IO004_Conf.o
 .group         0x00000000        0x8 Dave/Generated/src/IO004/IO004_Conf.o
 .group         0x00000000        0x8 Dave/Generated/src/IO004/IO004_Conf.o
 .group         0x00000000        0x8 Dave/Generated/src/IO004/IO004_Conf.o
 .debug_macro   0x00000000      0x814 Dave/Generated/src/IO004/IO004_Conf.o
 .debug_macro   0x00000000       0x2d Dave/Generated/src/IO004/IO004_Conf.o
 .debug_macro   0x00000000       0x3b Dave/Generated/src/IO004/IO004_Conf.o
 .debug_macro   0x00000000       0x3a Dave/Generated/src/IO004/IO004_Conf.o
 .debug_macro   0x00000000       0x10 Dave/Generated/src/IO004/IO004_Conf.o
 .debug_macro   0x00000000       0x2e Dave/Generated/src/IO004/IO004_Conf.o
 .debug_macro   0x00000000       0xa3 Dave/Generated/src/IO004/IO004_Conf.o
 .debug_macro   0x00000000      0x20e Dave/Generated/src/IO004/IO004_Conf.o
 .debug_macro   0x00000000       0x2d Dave/Generated/src/IO004/IO004_Conf.o
 .debug_macro   0x00000000       0x42 Dave/Generated/src/IO004/IO004_Conf.o
 .debug_macro   0x00000000      0xd39 Dave/Generated/src/IO004/IO004_Conf.o
 .debug_macro   0x00000000       0x70 Dave/Generated/src/IO004/IO004_Conf.o
 .debug_macro   0x00000000    0x150f5 Dave/Generated/src/IO004/IO004_Conf.o
 .debug_macro   0x00000000      0x16c Dave/Generated/src/IO004/IO004_Conf.o
 .debug_macro   0x00000000       0x22 Dave/Generated/src/IO004/IO004_Conf.o
 .debug_macro   0x00000000      0x54a Dave/Generated/src/IO004/IO004_Conf.o
 .debug_macro   0x00000000       0x64 Dave/Generated/src/IO004/IO004_Conf.o
 .debug_macro   0x00000000       0x46 Dave/Generated/src/IO004/IO004_Conf.o
 .debug_macro   0x00000000      0x160 Dave/Generated/src/IO004/IO004_Conf.o
 .debug_macro   0x00000000       0x2d Dave/Generated/src/IO004/IO004_Conf.o
 .debug_macro   0x00000000      0x130 Dave/Generated/src/IO004/IO004_Conf.o
 .debug_macro   0x00000000       0x7f Dave/Generated/src/IO004/IO004_Conf.o
 .debug_macro   0x00000000       0xb4 Dave/Generated/src/IO004/IO004_Conf.o
 .debug_macro   0x00000000       0xb6 Dave/Generated/src/IO004/IO004_Conf.o
 .debug_macro   0x00000000       0x34 Dave/Generated/src/IO004/IO004_Conf.o
 .debug_macro   0x00000000       0x11 Dave/Generated/src/IO004/IO004_Conf.o
 .comment       0x00000000       0x71 Dave/Generated/src/IO004/IO004_Conf.o
 .group         0x00000000        0x8 Dave/Generated/src/DAVESupport/DAVE3.o
 .group         0x00000000        0x8 Dave/Generated/src/DAVESupport/DAVE3.o
 .group         0x00000000        0x8 Dave/Generated/src/DAVESupport/DAVE3.o
 .group         0x00000000        0x8 Dave/Generated/src/DAVESupport/DAVE3.o
 .group         0x00000000        0x8 Dave/Generated/src/DAVESupport/DAVE3.o
 .group         0x00000000        0x8 Dave/Generated/src/DAVESupport/DAVE3.o
 .group         0x00000000        0x8 Dave/Generated/src/DAVESupport/DAVE3.o
 .group         0x00000000        0x8 Dave/Generated/src/DAVESupport/DAVE3.o
 .group         0x00000000        0x8 Dave/Generated/src/DAVESupport/DAVE3.o
 .group         0x00000000        0x8 Dave/Generated/src/DAVESupport/DAVE3.o
 .group         0x00000000        0x8 Dave/Generated/src/DAVESupport/DAVE3.o
 .group         0x00000000        0x8 Dave/Generated/src/DAVESupport/DAVE3.o
 .group         0x00000000        0x8 Dave/Generated/src/DAVESupport/DAVE3.o
 .group         0x00000000        0x8 Dave/Generated/src/DAVESupport/DAVE3.o
 .group         0x00000000        0x8 Dave/Generated/src/DAVESupport/DAVE3.o
 .group         0x00000000        0x8 Dave/Generated/src/DAVESupport/DAVE3.o
 .group         0x00000000        0x8 Dave/Generated/src/DAVESupport/DAVE3.o
 .group         0x00000000        0x8 Dave/Generated/src/DAVESupport/DAVE3.o
 .group         0x00000000        0x8 Dave/Generated/src/DAVESupport/DAVE3.o
 .group         0x00000000        0x8 Dave/Generated/src/DAVESupport/DAVE3.o
 .group         0x00000000        0x8 Dave/Generated/src/DAVESupport/DAVE3.o
 .group         0x00000000        0x8 Dave/Generated/src/DAVESupport/DAVE3.o
 .group         0x00000000        0x8 Dave/Generated/src/DAVESupport/DAVE3.o
 .group         0x00000000        0x8 Dave/Generated/src/DAVESupport/DAVE3.o
 .group         0x00000000        0x8 Dave/Generated/src/DAVESupport/DAVE3.o
 .group         0x00000000        0x8 Dave/Generated/src/DAVESupport/DAVE3.o
 .debug_macro   0x00000000      0x814 Dave/Generated/src/DAVESupport/DAVE3.o
 .debug_macro   0x00000000       0x2d Dave/Generated/src/DAVESupport/DAVE3.o
 .debug_macro   0x00000000       0x3b Dave/Generated/src/DAVESupport/DAVE3.o
 .debug_macro   0x00000000       0x3a Dave/Generated/src/DAVESupport/DAVE3.o
 .debug_macro   0x00000000       0x10 Dave/Generated/src/DAVESupport/DAVE3.o
 .debug_macro   0x00000000       0x2e Dave/Generated/src/DAVESupport/DAVE3.o
 .debug_macro   0x00000000       0xa3 Dave/Generated/src/DAVESupport/DAVE3.o
 .debug_macro   0x00000000      0x20e Dave/Generated/src/DAVESupport/DAVE3.o
 .debug_macro   0x00000000       0x2d Dave/Generated/src/DAVESupport/DAVE3.o
 .debug_macro   0x00000000       0x42 Dave/Generated/src/DAVESupport/DAVE3.o
 .debug_macro   0x00000000      0xd39 Dave/Generated/src/DAVESupport/DAVE3.o
 .debug_macro   0x00000000       0x70 Dave/Generated/src/DAVESupport/DAVE3.o
 .debug_macro   0x00000000    0x150f5 Dave/Generated/src/DAVESupport/DAVE3.o
 .debug_macro   0x00000000      0x16c Dave/Generated/src/DAVESupport/DAVE3.o
 .debug_macro   0x00000000       0x22 Dave/Generated/src/DAVESupport/DAVE3.o
 .debug_macro   0x00000000      0x54a Dave/Generated/src/DAVESupport/DAVE3.o
 .debug_macro   0x00000000       0x64 Dave/Generated/src/DAVESupport/DAVE3.o
 .debug_macro   0x00000000       0x46 Dave/Generated/src/DAVESupport/DAVE3.o
 .debug_macro   0x00000000      0x160 Dave/Generated/src/DAVESupport/DAVE3.o
 .debug_macro   0x00000000       0x2d Dave/Generated/src/DAVESupport/DAVE3.o
 .debug_macro   0x00000000      0x130 Dave/Generated/src/DAVESupport/DAVE3.o
 .debug_macro   0x00000000       0x7f Dave/Generated/src/DAVESupport/DAVE3.o
 .debug_macro   0x00000000       0xb4 Dave/Generated/src/DAVESupport/DAVE3.o
 .debug_macro   0x00000000       0xb6 Dave/Generated/src/DAVESupport/DAVE3.o
 .debug_macro   0x00000000       0x34 Dave/Generated/src/DAVESupport/DAVE3.o
 .debug_macro   0x00000000       0x11 Dave/Generated/src/DAVESupport/DAVE3.o
 .comment       0x00000000       0x71 Dave/Generated/src/DAVESupport/DAVE3.o
 .group         0x00000000        0x8 Dave/Generated/src/DAVESupport/MULTIPLEXER.o
 .group         0x00000000        0x8 Dave/Generated/src/DAVESupport/MULTIPLEXER.o
 .group         0x00000000        0x8 Dave/Generated/src/DAVESupport/MULTIPLEXER.o
 .group         0x00000000        0x8 Dave/Generated/src/DAVESupport/MULTIPLEXER.o
 .group         0x00000000        0x8 Dave/Generated/src/DAVESupport/MULTIPLEXER.o
 .group         0x00000000        0x8 Dave/Generated/src/DAVESupport/MULTIPLEXER.o
 .group         0x00000000        0x8 Dave/Generated/src/DAVESupport/MULTIPLEXER.o
 .group         0x00000000        0x8 Dave/Generated/src/DAVESupport/MULTIPLEXER.o
 .group         0x00000000        0x8 Dave/Generated/src/DAVESupport/MULTIPLEXER.o
 .group         0x00000000        0x8 Dave/Generated/src/DAVESupport/MULTIPLEXER.o
 .group         0x00000000        0x8 Dave/Generated/src/DAVESupport/MULTIPLEXER.o
 .group         0x00000000        0x8 Dave/Generated/src/DAVESupport/MULTIPLEXER.o
 .group         0x00000000        0x8 Dave/Generated/src/DAVESupport/MULTIPLEXER.o
 .group         0x00000000        0x8 Dave/Generated/src/DAVESupport/MULTIPLEXER.o
 .group         0x00000000        0x8 Dave/Generated/src/DAVESupport/MULTIPLEXER.o
 .group         0x00000000        0x8 Dave/Generated/src/DAVESupport/MULTIPLEXER.o
 .group         0x00000000        0x8 Dave/Generated/src/DAVESupport/MULTIPLEXER.o
 .group         0x00000000        0x8 Dave/Generated/src/DAVESupport/MULTIPLEXER.o
 .group         0x00000000        0x8 Dave/Generated/src/DAVESupport/MULTIPLEXER.o
 .group         0x00000000        0x8 Dave/Generated/src/DAVESupport/MULTIPLEXER.o
 .group         0x00000000        0x8 Dave/Generated/src/DAVESupport/MULTIPLEXER.o
 .group         0x00000000        0x8 Dave/Generated/src/DAVESupport/MULTIPLEXER.o
 .group         0x00000000        0x8 Dave/Generated/src/DAVESupport/MULTIPLEXER.o
 .group         0x00000000        0x8 Dave/Generated/src/DAVESupport/MULTIPLEXER.o
 .group         0x00000000        0x8 Dave/Generated/src/DAVESupport/MULTIPLEXER.o
 .group         0x00000000        0x8 Dave/Generated/src/DAVESupport/MULTIPLEXER.o
 .debug_macro   0x00000000      0x814 Dave/Generated/src/DAVESupport/MULTIPLEXER.o
 .debug_macro   0x00000000       0x2d Dave/Generated/src/DAVESupport/MULTIPLEXER.o
 .debug_macro   0x00000000       0x3b Dave/Generated/src/DAVESupport/MULTIPLEXER.o
 .debug_macro   0x00000000       0x3a Dave/Generated/src/DAVESupport/MULTIPLEXER.o
 .debug_macro   0x00000000       0x10 Dave/Generated/src/DAVESupport/MULTIPLEXER.o
 .debug_macro   0x00000000       0x2e Dave/Generated/src/DAVESupport/MULTIPLEXER.o
 .debug_macro   0x00000000       0xa3 Dave/Generated/src/DAVESupport/MULTIPLEXER.o
 .debug_macro   0x00000000      0x20e Dave/Generated/src/DAVESupport/MULTIPLEXER.o
 .debug_macro   0x00000000       0x2d Dave/Generated/src/DAVESupport/MULTIPLEXER.o
 .debug_macro   0x00000000       0x42 Dave/Generated/src/DAVESupport/MULTIPLEXER.o
 .debug_macro   0x00000000      0xd39 Dave/Generated/src/DAVESupport/MULTIPLEXER.o
 .debug_macro   0x00000000       0x70 Dave/Generated/src/DAVESupport/MULTIPLEXER.o
 .debug_macro   0x00000000    0x150f5 Dave/Generated/src/DAVESupport/MULTIPLEXER.o
 .debug_macro   0x00000000      0x16c Dave/Generated/src/DAVESupport/MULTIPLEXER.o
 .debug_macro   0x00000000       0x22 Dave/Generated/src/DAVESupport/MULTIPLEXER.o
 .debug_macro   0x00000000      0x54a Dave/Generated/src/DAVESupport/MULTIPLEXER.o
 .debug_macro   0x00000000       0x64 Dave/Generated/src/DAVESupport/MULTIPLEXER.o
 .debug_macro   0x00000000       0x46 Dave/Generated/src/DAVESupport/MULTIPLEXER.o
 .debug_macro   0x00000000      0x160 Dave/Generated/src/DAVESupport/MULTIPLEXER.o
 .debug_macro   0x00000000       0x2d Dave/Generated/src/DAVESupport/MULTIPLEXER.o
 .debug_macro   0x00000000      0x130 Dave/Generated/src/DAVESupport/MULTIPLEXER.o
 .debug_macro   0x00000000       0x7f Dave/Generated/src/DAVESupport/MULTIPLEXER.o
 .debug_macro   0x00000000       0xb4 Dave/Generated/src/DAVESupport/MULTIPLEXER.o
 .debug_macro   0x00000000       0xb6 Dave/Generated/src/DAVESupport/MULTIPLEXER.o
 .debug_macro   0x00000000       0x34 Dave/Generated/src/DAVESupport/MULTIPLEXER.o
 .debug_macro   0x00000000       0x11 Dave/Generated/src/DAVESupport/MULTIPLEXER.o
 .comment       0x00000000       0x71 Dave/Generated/src/DAVESupport/MULTIPLEXER.o
 .group         0x00000000        0x8 Dave/Generated/src/CLK001/CLK001.o
 .group         0x00000000        0x8 Dave/Generated/src/CLK001/CLK001.o
 .group         0x00000000        0x8 Dave/Generated/src/CLK001/CLK001.o
 .group         0x00000000        0x8 Dave/Generated/src/CLK001/CLK001.o
 .group         0x00000000        0x8 Dave/Generated/src/CLK001/CLK001.o
 .group         0x00000000        0x8 Dave/Generated/src/CLK001/CLK001.o
 .group         0x00000000        0x8 Dave/Generated/src/CLK001/CLK001.o
 .group         0x00000000        0x8 Dave/Generated/src/CLK001/CLK001.o
 .group         0x00000000        0x8 Dave/Generated/src/CLK001/CLK001.o
 .group         0x00000000        0x8 Dave/Generated/src/CLK001/CLK001.o
 .group         0x00000000        0x8 Dave/Generated/src/CLK001/CLK001.o
 .group         0x00000000        0x8 Dave/Generated/src/CLK001/CLK001.o
 .group         0x00000000        0x8 Dave/Generated/src/CLK001/CLK001.o
 .group         0x00000000        0x8 Dave/Generated/src/CLK001/CLK001.o
 .group         0x00000000        0x8 Dave/Generated/src/CLK001/CLK001.o
 .group         0x00000000        0x8 Dave/Generated/src/CLK001/CLK001.o
 .debug_macro   0x00000000      0x814 Dave/Generated/src/CLK001/CLK001.o
 .debug_macro   0x00000000      0x130 Dave/Generated/src/CLK001/CLK001.o
 .debug_macro   0x00000000       0x2d Dave/Generated/src/CLK001/CLK001.o
 .debug_macro   0x00000000       0x3b Dave/Generated/src/CLK001/CLK001.o
 .debug_macro   0x00000000       0x3a Dave/Generated/src/CLK001/CLK001.o
 .debug_macro   0x00000000       0x10 Dave/Generated/src/CLK001/CLK001.o
 .debug_macro   0x00000000       0x2e Dave/Generated/src/CLK001/CLK001.o
 .debug_macro   0x00000000       0xa3 Dave/Generated/src/CLK001/CLK001.o
 .debug_macro   0x00000000      0x20e Dave/Generated/src/CLK001/CLK001.o
 .debug_macro   0x00000000       0x2d Dave/Generated/src/CLK001/CLK001.o
 .debug_macro   0x00000000       0x42 Dave/Generated/src/CLK001/CLK001.o
 .debug_macro   0x00000000      0xd39 Dave/Generated/src/CLK001/CLK001.o
 .debug_macro   0x00000000       0x70 Dave/Generated/src/CLK001/CLK001.o
 .debug_macro   0x00000000    0x150f5 Dave/Generated/src/CLK001/CLK001.o
 .debug_macro   0x00000000       0x7f Dave/Generated/src/CLK001/CLK001.o
 .debug_macro   0x00000000       0xb4 Dave/Generated/src/CLK001/CLK001.o
 .comment       0x00000000       0x71 Dave/Generated/src/CLK001/CLK001.o

Memory Configuration

Name             Origin             Length             Attributes
FLASH_1_cached   0x08000000         0x00100000         xr
FLASH_1_uncached 0x0c000000         0x00100000         xr
PSRAM_1          0x10000000         0x00010000         !xr
DSRAM_1_system   0x20000000         0x00010000         !xr
DSRAM_2_comm     0x30000000         0x00008000         !xr
*default*        0x00000000         0xffffffff

Linker script and memory map

LOAD Startup/startup_XMC4500.o
LOAD Startup/system_XMC4500.o
LOAD Main.o
LOAD Lib/System_LibcStubs.o
LOAD Dave/Generated/src/UART001/UART001.o
LOAD Dave/Generated/src/UART001/UART001_Conf.o
LOAD Dave/Generated/src/RESET001/RESET001.o
LOAD Dave/Generated/src/LIBS/CCU8PWMLIB.o
LOAD Dave/Generated/src/LIBS/MOTORLIB.o
LOAD Dave/Generated/src/IO004/IO004.o
LOAD Dave/Generated/src/IO004/IO004_Conf.o
LOAD Dave/Generated/src/DAVESupport/DAVE3.o
LOAD Dave/Generated/src/DAVESupport/MULTIPLEXER.o
LOAD Dave/Generated/src/CLK001/CLK001.o
START GROUP
LOAD c:/dave-3.1.10/arm-gcc/bin/../lib/gcc/arm-none-eabi/4.7.4/armv7e-m\libgcc.a
LOAD c:/dave-3.1.10/arm-gcc/bin/../lib/gcc/arm-none-eabi/4.7.4/../../../../arm-none-eabi/lib/armv7e-m\libg.a
LOAD c:/dave-3.1.10/arm-gcc/bin/../lib/gcc/arm-none-eabi/4.7.4/../../../../arm-none-eabi/lib/armv7e-m\libc.a
END GROUP
                0x00000800                stack_size = 0x800

.text           0x08000000     0x4328 load address 0x0c000000
                0x08000000                sText = .
 *(.Xmc4500.reset)
 .Xmc4500.reset
                0x08000000      0x21c Startup/startup_XMC4500.o
                0x08000000                __Xmc4500_interrupt_vector_cortex_m
                0x08000200                __Xmc4500_reset_cortex_m
 *(.Xmc4500.postreset)
 .Xmc4500.postreset
                0x0800021c       0xa8 Startup/startup_XMC4500.o
 *(.XmcStartup)
 .XmcStartup    0x080002c4        0x4 Startup/startup_XMC4500.o
 *(.text .text.* .gnu.linkonce.t.*)
 .text          0x080002c8      0x82c Startup/startup_XMC4500.o
                0x080002c8                NMI_Handler
                0x080002ca                NMI_Handler_Veneer
                0x080002d8                HardFault_Handler
                0x080002da                HardFault_Handler_Veneer
                0x080002e8                MemManage_Handler
                0x080002ea                MemManage_Handler_Veneer
                0x080002f8                BusFault_Handler
                0x080002fa                BusFault_Handler_Veneer
                0x08000308                UsageFault_Handler
                0x0800030a                UsageFault_Handler_Veneer
                0x08000318                SVC_Handler
                0x0800031a                SVC_Handler_Veneer
                0x08000328                DebugMon_Handler
                0x0800032a                DebugMon_Handler_Veneer
                0x08000338                PendSV_Handler
                0x0800033a                PendSV_Handler_Veneer
                0x08000348                SysTick_Handler
                0x0800034a                SysTick_Handler_Veneer
                0x08000358                SCU_0_IRQHandler
                0x0800035a                SCU_0_IRQHandler_Veneer
                0x08000368                ERU0_0_IRQHandler
                0x0800036a                ERU0_0_IRQHandler_Veneer
                0x08000378                ERU0_1_IRQHandler
                0x0800037a                ERU0_1_IRQHandler_Veneer
                0x08000388                ERU0_2_IRQHandler
                0x0800038a                ERU0_2_IRQHandler_Veneer
                0x08000398                ERU0_3_IRQHandler
                0x0800039a                ERU0_3_IRQHandler_Veneer
                0x080003a8                ERU1_0_IRQHandler
                0x080003aa                ERU1_0_IRQHandler_Veneer
                0x080003b8                ERU1_1_IRQHandler
                0x080003ba                ERU1_1_IRQHandler_Veneer
                0x080003c8                ERU1_2_IRQHandler
                0x080003ca                ERU1_2_IRQHandler_Veneer
                0x080003d8                ERU1_3_IRQHandler
                0x080003da                ERU1_3_IRQHandler_Veneer
                0x080003e8                PMU0_0_IRQHandler
                0x080003ea                PMU0_0_IRQHandler_Veneer
                0x080003f8                VADC0_C0_0_IRQHandler
                0x080003fa                VADC0_C0_0_IRQHandler_Veneer
                0x08000408                VADC0_C0_1_IRQHandler
                0x0800040a                VADC0_C0_1_IRQHandler_Veneer
                0x08000418                VADC0_C0_2_IRQHandler
                0x0800041a                VADC0_C0_2_IRQHandler_Veneer
                0x08000428                VADC0_C0_3_IRQHandler
                0x0800042a                VADC0_C0_3_IRQHandler_Veneer
                0x08000438                VADC0_G0_0_IRQHandler
                0x0800043a                VADC0_G0_0_IRQHandler_Veneer
                0x08000448                VADC0_G0_1_IRQHandler
                0x0800044a                VADC0_G0_1_IRQHandler_Veneer
                0x08000458                VADC0_G0_2_IRQHandler
                0x0800045a                VADC0_G0_2_IRQHandler_Veneer
                0x08000468                VADC0_G0_3_IRQHandler
                0x0800046a                VADC0_G0_3_IRQHandler_Veneer
                0x08000478                VADC0_G1_0_IRQHandler
                0x0800047a                VADC0_G1_0_IRQHandler_Veneer
                0x08000488                VADC0_G1_1_IRQHandler
                0x0800048a                VADC0_G1_1_IRQHandler_Veneer
                0x08000498                VADC0_G1_2_IRQHandler
                0x0800049a                VADC0_G1_2_IRQHandler_Veneer
                0x080004a8                VADC0_G1_3_IRQHandler
                0x080004aa                VADC0_G1_3_IRQHandler_Veneer
                0x080004b8                VADC0_G2_0_IRQHandler
                0x080004ba                VADC0_G2_0_IRQHandler_Veneer
                0x080004c8                VADC0_G2_1_IRQHandler
                0x080004ca                VADC0_G2_1_IRQHandler_Veneer
                0x080004d8                VADC0_G2_2_IRQHandler
                0x080004da                VADC0_G2_2_IRQHandler_Veneer
                0x080004e8                VADC0_G2_3_IRQHandler
                0x080004ea                VADC0_G2_3_IRQHandler_Veneer
                0x080004f8                VADC0_G3_0_IRQHandler
                0x080004fa                VADC0_G3_0_IRQHandler_Veneer
                0x08000508                VADC0_G3_1_IRQHandler
                0x0800050a                VADC0_G3_1_IRQHandler_Veneer
                0x08000518                VADC0_G3_2_IRQHandler
                0x0800051a                VADC0_G3_2_IRQHandler_Veneer
                0x08000528                VADC0_G3_3_IRQHandler
                0x0800052a                VADC0_G3_3_IRQHandler_Veneer
                0x08000538                DSD0_0_IRQHandler
                0x0800053a                DSD0_0_IRQHandler_Veneer
                0x08000548                DSD0_1_IRQHandler
                0x0800054a                DSD0_1_IRQHandler_Veneer
                0x08000558                DSD0_2_IRQHandler
                0x0800055a                DSD0_2_IRQHandler_Veneer
                0x08000568                DSD0_3_IRQHandler
                0x0800056a                DSD0_3_IRQHandler_Veneer
                0x08000578                DSD0_4_IRQHandler
                0x0800057a                DSD0_4_IRQHandler_Veneer
                0x08000588                DSD0_5_IRQHandler
                0x0800058a                DSD0_5_IRQHandler_Veneer
                0x08000598                DSD0_6_IRQHandler
                0x0800059a                DSD0_6_IRQHandler_Veneer
                0x080005a8                DSD0_7_IRQHandler
                0x080005aa                DSD0_7_IRQHandler_Veneer
                0x080005b8                DAC0_0_IRQHandler
                0x080005ba                DAC0_0_IRQHandler_Veneer
                0x080005c8                DAC0_1_IRQHandler
                0x080005ca                DAC0_1_IRQHandler_Veneer
                0x080005d8                CCU40_0_IRQHandler
                0x080005da                CCU40_0_IRQHandler_Veneer
                0x080005e8                CCU40_1_IRQHandler
                0x080005ea                CCU40_1_IRQHandler_Veneer
                0x080005f8                CCU40_2_IRQHandler
                0x080005fa                CCU40_2_IRQHandler_Veneer
                0x08000608                CCU40_3_IRQHandler
                0x0800060a                CCU40_3_IRQHandler_Veneer
                0x08000618                CCU41_0_IRQHandler
                0x0800061a                CCU41_0_IRQHandler_Veneer
                0x08000626                CCU41_1_IRQHandler
                0x08000628                CCU41_1_IRQHandler_Veneer
                0x08000634                CCU41_2_IRQHandler
                0x08000636                CCU41_2_IRQHandler_Veneer
                0x08000642                CCU41_3_IRQHandler
                0x08000644                CCU41_3_IRQHandler_Veneer
                0x08000650                CCU42_0_IRQHandler
                0x08000652                CCU42_0_IRQHandler_Veneer
                0x0800065e                CCU42_1_IRQHandler
                0x08000660                CCU42_1_IRQHandler_Veneer
                0x0800066c                CCU42_2_IRQHandler
                0x0800066e                CCU42_2_IRQHandler_Veneer
                0x0800067a                CCU42_3_IRQHandler
                0x0800067c                CCU42_3_IRQHandler_Veneer
                0x08000688                CCU43_0_IRQHandler
                0x0800068a                CCU43_0_IRQHandler_Veneer
                0x08000696                CCU43_1_IRQHandler
                0x08000698                CCU43_1_IRQHandler_Veneer
                0x080006a4                CCU43_2_IRQHandler
                0x080006a6                CCU43_2_IRQHandler_Veneer
                0x080006b2                CCU43_3_IRQHandler
                0x080006b4                CCU43_3_IRQHandler_Veneer
                0x080006c0                CCU80_0_IRQHandler
                0x080006c2                CCU80_0_IRQHandler_Veneer
                0x080006ce                CCU80_1_IRQHandler
                0x080006d0                CCU80_1_IRQHandler_Veneer
                0x080006dc                CCU80_2_IRQHandler
                0x080006de                CCU80_2_IRQHandler_Veneer
                0x080006ea                CCU80_3_IRQHandler
                0x080006ec                CCU80_3_IRQHandler_Veneer
                0x080006f8                CCU81_0_IRQHandler
                0x080006fa                CCU81_0_IRQHandler_Veneer
                0x08000706                CCU81_1_IRQHandler
                0x08000708                CCU81_1_IRQHandler_Veneer
                0x08000714                CCU81_2_IRQHandler
                0x08000716                CCU81_2_IRQHandler_Veneer
                0x08000722                CCU81_3_IRQHandler
                0x08000724                CCU81_3_IRQHandler_Veneer
                0x08000730                POSIF0_0_IRQHandler
                0x08000732                POSIF0_0_IRQHandler_Veneer
                0x0800073e                POSIF0_1_IRQHandler
                0x08000740                POSIF0_1_IRQHandler_Veneer
                0x0800074c                POSIF1_0_IRQHandler
                0x0800074e                POSIF1_0_IRQHandler_Veneer
                0x0800075a                POSIF1_1_IRQHandler
                0x0800075c                POSIF1_1_IRQHandler_Veneer
                0x08000768                CAN0_0_IRQHandler
                0x0800076a                CAN0_0_IRQHandler_Veneer
                0x08000776                CAN0_1_IRQHandler
                0x08000778                CAN0_1_IRQHandler_Veneer
                0x08000784                CAN0_2_IRQHandler
                0x08000786                CAN0_2_IRQHandler_Veneer
                0x08000792                CAN0_3_IRQHandler
                0x08000794                CAN0_3_IRQHandler_Veneer
                0x080007a0                CAN0_4_IRQHandler
                0x080007a2                CAN0_4_IRQHandler_Veneer
                0x080007ae                CAN0_5_IRQHandler
                0x080007b0                CAN0_5_IRQHandler_Veneer
                0x080007bc                CAN0_6_IRQHandler
                0x080007be                CAN0_6_IRQHandler_Veneer
                0x080007ca                CAN0_7_IRQHandler
                0x080007cc                CAN0_7_IRQHandler_Veneer
                0x080007d8                USIC0_0_IRQHandler
                0x080007da                USIC0_0_IRQHandler_Veneer
                0x080007e6                USIC0_1_IRQHandler
                0x080007e8                USIC0_1_IRQHandler_Veneer
                0x080007f4                USIC0_2_IRQHandler
                0x080007f6                USIC0_2_IRQHandler_Veneer
                0x08000802                USIC0_3_IRQHandler
                0x08000804                USIC0_3_IRQHandler_Veneer
                0x08000810                USIC0_4_IRQHandler
                0x08000812                USIC0_4_IRQHandler_Veneer
                0x0800081e                USIC0_5_IRQHandler
                0x08000820                USIC0_5_IRQHandler_Veneer
                0x0800082c                USIC1_0_IRQHandler
                0x0800082e                USIC1_0_IRQHandler_Veneer
                0x0800083a                USIC1_1_IRQHandler
                0x0800083c                USIC1_1_IRQHandler_Veneer
                0x08000848                USIC1_2_IRQHandler
                0x0800084a                USIC1_2_IRQHandler_Veneer
                0x08000856                USIC1_3_IRQHandler
                0x08000858                USIC1_3_IRQHandler_Veneer
                0x08000864                USIC1_4_IRQHandler
                0x08000866                USIC1_4_IRQHandler_Veneer
                0x08000872                USIC1_5_IRQHandler
                0x08000874                USIC1_5_IRQHandler_Veneer
                0x08000880                USIC2_0_IRQHandler
                0x08000882                USIC2_0_IRQHandler_Veneer
                0x0800088e                USIC2_1_IRQHandler
                0x08000890                USIC2_1_IRQHandler_Veneer
                0x0800089c                USIC2_2_IRQHandler
                0x0800089e                USIC2_2_IRQHandler_Veneer
                0x080008aa                USIC2_3_IRQHandler
                0x080008ac                USIC2_3_IRQHandler_Veneer
                0x080008b8                USIC2_4_IRQHandler
                0x080008ba                USIC2_4_IRQHandler_Veneer
                0x080008c6                USIC2_5_IRQHandler
                0x080008c8                USIC2_5_IRQHandler_Veneer
                0x080008d4                LEDTS0_0_IRQHandler
                0x080008d6                LEDTS0_0_IRQHandler_Veneer
                0x080008e2                FCE0_0_IRQHandler
                0x080008e4                FCE0_0_IRQHandler_Veneer
                0x080008f0                GPDMA0_0_IRQHandler
                0x080008f2                GPDMA0_0_IRQHandler_Veneer
                0x080008fe                SDMMC0_0_IRQHandler
                0x08000900                SDMMC0_0_IRQHandler_Veneer
                0x0800090c                USB0_0_IRQHandler
                0x0800090e                USB0_0_IRQHandler_Veneer
                0x0800091a                ETH0_0_IRQHandler
                0x0800091c                ETH0_0_IRQHandler_Veneer
                0x08000928                GPDMA1_0_IRQHandler
                0x0800092a                GPDMA1_0_IRQHandler_Veneer
 .text          0x08000af4        0x0 Startup/system_XMC4500.o
 .text.SystemInit
                0x08000af4       0x9c Startup/system_XMC4500.o
                0x08000af4                SystemInit
 .text.SystemCoreClockUpdate
                0x08000b90      0x148 Startup/system_XMC4500.o
                0x08000b90                SystemCoreClockUpdate
 .text.SystemClockSetup
                0x08000cd8      0x4cc Startup/system_XMC4500.o
 .text          0x080011a4        0x0 Main.o
 .text.main     0x080011a4      0x694 Main.o
                0x080011a4                main
 .text.read_R   0x08001838       0xbc Main.o
                0x08001838                read_R
 .text.pulse_R  0x080018f4       0x54 Main.o
                0x080018f4                pulse_R
 .text.configure_E
                0x08001948      0x1d0 Main.o
                0x08001948                configure_E
 .text.write_E  0x08001b18      0x178 Main.o
                0x08001b18                write_E
 .text.psxConfiguraControle
                0x08001c90       0x14 Main.o
                0x08001c90                psxConfiguraControle
 .text.psxEnterConfigMode
                0x08001ca4       0xd0 Main.o
                0x08001ca4                psxEnterConfigMode
 .text.psxSetAnalogMode
                0x08001d74      0x100 Main.o
                0x08001d74                psxSetAnalogMode
 .text.psxExitConfigMode
                0x08001e74      0x100 Main.o
                0x08001e74                psxExitConfigMode
 .text.psxLeControle
                0x08001f74       0xf4 Main.o
                0x08001f74                psxLeControle
 .text.psxHandShake
                0x08002068       0xe0 Main.o
                0x08002068                psxHandShake
 .text.psxTrocaByte
                0x08002148      0x124 Main.o
                0x08002148                psxTrocaByte
 .text.delay    0x0800226c       0x30 Main.o
                0x0800226c                delay
 .text.printByteToInt
                0x0800229c       0xe4 Main.o
                0x0800229c                printByteToInt
 .text          0x08002380        0x0 Lib/System_LibcStubs.o
 .text._open    0x08002380       0x1c Lib/System_LibcStubs.o
                0x08002380                _open
 .text._lseek   0x0800239c       0x1c Lib/System_LibcStubs.o
                0x0800239c                _lseek
 .text._read    0x080023b8       0x1c Lib/System_LibcStubs.o
                0x080023b8                _read
 .text._write   0x080023d4       0x1c Lib/System_LibcStubs.o
                0x080023d4                _write
 .text._close   0x080023f0       0x10 Lib/System_LibcStubs.o
                0x080023f0                _close
 .text._fstat   0x08002400       0x28 Lib/System_LibcStubs.o
                0x08002400                _fstat
 .text._link    0x08002428       0x28 Lib/System_LibcStubs.o
                0x08002428                _link
 .text._unlink  0x08002450       0x18 Lib/System_LibcStubs.o
                0x08002450                _unlink
 .text._sbrk    0x08002468       0xa0 Lib/System_LibcStubs.o
                0x08002468                _sbrk
 .text._times   0x08002508       0x18 Lib/System_LibcStubs.o
                0x08002508                _times
 .text._wait    0x08002520       0x18 Lib/System_LibcStubs.o
                0x08002520                _wait
 .text._kill    0x08002538       0x1c Lib/System_LibcStubs.o
                0x08002538                _kill
 .text._fork    0x08002554       0x10 Lib/System_LibcStubs.o
                0x08002554                _fork
 .text._getpid  0x08002564       0x10 Lib/System_LibcStubs.o
                0x08002564                _getpid
 .text._exit    0x08002574        0xc Lib/System_LibcStubs.o
                0x08002574                _exit
 .text._init    0x08002580        0xc Lib/System_LibcStubs.o
                0x08002580                _init
 .text._isatty  0x0800258c       0x18 Lib/System_LibcStubs.o
                0x0800258c                _isatty
 .text          0x080025a4        0x0 Dave/Generated/src/UART001/UART001.o
 .text.UART001_lInit
                0x080025a4      0x1a8 Dave/Generated/src/UART001/UART001.o
                0x080025a4                UART001_lInit
 .text.UART001_lConfigTXPin
                0x0800274c       0xfc Dave/Generated/src/UART001/UART001.o
                0x0800274c                UART001_lConfigTXPin
 .text.UART001_labsRealType
                0x08002848       0x38 Dave/Generated/src/UART001/UART001.o
                0x08002848                UART001_labsRealType
 .text.UART001_lConfigureBaudRate
                0x08002880      0x4e8 Dave/Generated/src/UART001/UART001.o
                0x08002880                UART001_lConfigureBaudRate
 .text.UART001_Init
                0x08002d68       0x6c Dave/Generated/src/UART001/UART001.o
                0x08002d68                UART001_Init
 .text.UART001_DeInit
                0x08002dd4       0x14 Dave/Generated/src/UART001/UART001.o
                0x08002dd4                UART001_DeInit
 .text.UART001_Configure
                0x08002de8      0x114 Dave/Generated/src/UART001/UART001.o
                0x08002de8                UART001_Configure
 .text.UART001_ReadDataMultiple
                0x08002efc       0x80 Dave/Generated/src/UART001/UART001.o
                0x08002efc                UART001_ReadDataMultiple
 .text.UART001_ReadDataBytes
                0x08002f7c       0x80 Dave/Generated/src/UART001/UART001.o
                0x08002f7c                UART001_ReadDataBytes
 .text.UART001_WriteDataMultiple
                0x08002ffc       0x90 Dave/Generated/src/UART001/UART001.o
                0x08002ffc                UART001_WriteDataMultiple
 .text.UART001_WriteDataBytes
                0x0800308c       0x90 Dave/Generated/src/UART001/UART001.o
                0x0800308c                UART001_WriteDataBytes
 .text.UART001_GetFlagStatus
                0x0800311c       0x98 Dave/Generated/src/UART001/UART001.o
                0x0800311c                UART001_GetFlagStatus
 .text.UART001_ClearFlag
                0x080031b4       0x78 Dave/Generated/src/UART001/UART001.o
                0x080031b4                UART001_ClearFlag
 .text          0x0800322c        0x0 Dave/Generated/src/UART001/UART001_Conf.o
 .text          0x0800322c        0x0 Dave/Generated/src/RESET001/RESET001.o
 .text.RESET001_AssertReset
                0x0800322c       0x54 Dave/Generated/src/RESET001/RESET001.o
                0x0800322c                RESET001_AssertReset
 .text.RESET001_DeassertReset
                0x08003280       0x54 Dave/Generated/src/RESET001/RESET001.o
                0x08003280                RESET001_DeassertReset
 .text.RESET001_GetResetInfo
                0x080032d4       0x2c Dave/Generated/src/RESET001/RESET001.o
                0x080032d4                RESET001_GetResetInfo
 .text.RESET001_GetStatus
                0x08003300       0x7c Dave/Generated/src/RESET001/RESET001.o
                0x08003300                RESET001_GetStatus
 .text.RESET001_ClearResetInfo
                0x0800337c       0x28 Dave/Generated/src/RESET001/RESET001.o
                0x0800337c                RESET001_ClearResetInfo
 .text          0x080033a4        0x0 Dave/Generated/src/LIBS/CCU8PWMLIB.o
 .text          0x080033a4        0x0 Dave/Generated/src/LIBS/MOTORLIB.o
 .text          0x080033a4        0x0 Dave/Generated/src/IO004/IO004.o
 .text.IO004_Init
                0x080033a4      0x434 Dave/Generated/src/IO004/IO004.o
                0x080033a4                IO004_Init
 .text.IO004_DisableOutputDriver
                0x080037d8      0x17c Dave/Generated/src/IO004/IO004.o
                0x080037d8                IO004_DisableOutputDriver
 .text.IO004_EnableOutputDriver
                0x08003954      0x17c Dave/Generated/src/IO004/IO004.o
                0x08003954                IO004_EnableOutputDriver
 .text          0x08003ad0        0x0 Dave/Generated/src/IO004/IO004_Conf.o
 .text          0x08003ad0        0x0 Dave/Generated/src/DAVESupport/DAVE3.o
 .text.NVIC_SetPriorityGrouping
                0x08003ad0       0x50 Dave/Generated/src/DAVESupport/DAVE3.o
 .text.DAVE_Init
                0x08003b20       0x24 Dave/Generated/src/DAVESupport/DAVE3.o
                0x08003b20                DAVE_Init
 .text.SystemInit_DAVE3
                0x08003b44        0xc Dave/Generated/src/DAVESupport/DAVE3.o
                0x08003b44                SystemInit_DAVE3
 .text          0x08003b50        0x0 Dave/Generated/src/DAVESupport/MULTIPLEXER.o
 .text.DAVE_MUX_Init
                0x08003b50      0x1f8 Dave/Generated/src/DAVESupport/MULTIPLEXER.o
                0x08003b50                DAVE_MUX_Init
 .text.DAVE_MUX_PreInit
                0x08003d48        0xc Dave/Generated/src/DAVESupport/MULTIPLEXER.o
                0x08003d48                DAVE_MUX_PreInit
 .text          0x08003d54        0x0 Dave/Generated/src/CLK001/CLK001.o
 .text.CLK001_Delay
                0x08003d54       0x34 Dave/Generated/src/CLK001/CLK001.o
 .text.CLK001_SysClk_Valid
                0x08003d88       0x38 Dave/Generated/src/CLK001/CLK001.o
 .text.CLK001_BackupClkTrim
                0x08003dc0       0x94 Dave/Generated/src/CLK001/CLK001.o
 .text.CLK001_SetMainPLLClkSrc
                0x08003e54       0xf0 Dave/Generated/src/CLK001/CLK001.o
 .text.CLK001_ConfigMainPLL
                0x08003f44      0x15c Dave/Generated/src/CLK001/CLK001.o
 .text.CLK001_FreqStepupMainPLL
                0x080040a0      0x164 Dave/Generated/src/CLK001/CLK001.o
 .text.CLK001_SysClk_Init
                0x08004204       0x50 Dave/Generated/src/CLK001/CLK001.o
 .text.CLK001_Init
                0x08004254       0x30 Dave/Generated/src/CLK001/CLK001.o
                0x08004254                CLK001_Init
 .text.AllowPLLInitByStartup
                0x08004284       0x10 Dave/Generated/src/CLK001/CLK001.o
                0x08004284                AllowPLLInitByStartup
 .text          0x08004294        0x0 c:/dave-3.1.10/arm-gcc/bin/../lib/gcc/arm-none-eabi/4.7.4/../../../../arm-none-eabi/lib/armv7e-m\libg.a(lib_a-init.o)
 .text.__libc_init_array
                0x08004294       0x94 c:/dave-3.1.10/arm-gcc/bin/../lib/gcc/arm-none-eabi/4.7.4/../../../../arm-none-eabi/lib/armv7e-m\libg.a(lib_a-init.o)
                0x08004294                __libc_init_array
 *(.glue*)
 .glue_7        0x00000000        0x0 linker stubs
 .glue_7t       0x00000000        0x0 linker stubs
 *(.v4*)
 .v4_bx         0x00000000        0x0 linker stubs
 *(.vfp11_veneer)
 .vfp11_veneer  0x00000000        0x0 linker stubs
 *(.init)
                0x08004328                __preinit_array_start = .
 *(.preinit_array)
                0x08004328                __preinit_array_end = .
                0x08004328                __init_array_start = .
 *(SORT(.init_array.*))
 *(.init_array)
                0x08004328                __init_array_end = .
 *crtbegin.o(.ctors)
 *(EXCLUDE_FILE(*crtend.o) .ctors)
 *(SORT(.ctors.*))
 *crtend.o(.ctors)
 *(.fini)
                0x08004328                __fini_array_start = .
 *(.fini_array)
 *(SORT(.fini_array.*))
                0x08004328                __fini_array_end = .
 *crtbegin.o(.dtors)
 *(EXCLUDE_FILE(*crtend.o) .dtors)
 *(SORT(.dtors.*))
 *crtend.o(.dtors)
                0x08004328                __extab_start = .
 *(.ARM.extab* .gnu.linkonce.armextab.*)
 .ARM.extab.Xmc4500.reset
                0x08004328        0x0 Startup/startup_XMC4500.o
 .ARM.extab.Xmc4500.postreset
                0x08004328        0x0 Startup/startup_XMC4500.o
                0x08004328                . = ALIGN (0x4)
                0x08004328                __extab_end = ABSOLUTE (.)

.iplt           0x08004328        0x0 load address 0x0c004328
 .iplt          0x00000000        0x0 Startup/startup_XMC4500.o

.ARM.exidx      0x08004328       0x10 load address 0x0c004328
                0x08004328                __exidx_start = .
 *(.ARM.exidx* .gnu.linkonce.armexidx.*)
 .ARM.exidx.Xmc4500.reset
                0x08004328        0x8 Startup/startup_XMC4500.o
 .ARM.exidx.Xmc4500.postreset
                0x08004330        0x8 Startup/startup_XMC4500.o
                0x08004338                . = ALIGN (0x4)
                0x08004338                __exidx_end = ABSOLUTE (.)

.rodata         0x08004338       0x8c load address 0x0c004338
 *(.rodata .rodata.*)
 .rodata        0x08004338       0x34 Dave/Generated/src/UART001/UART001_Conf.o
                0x08004338                UART001_Handle0
 .rodata        0x0800436c       0x58 Dave/Generated/src/IO004/IO004_Conf.o
                0x0800436c                IO004_Handle1
                0x08004374                IO004_Handle10
                0x0800437c                IO004_Handle11
                0x08004384                IO004_Handle12
                0x0800438c                IO004_Handle2
                0x08004394                IO004_Handle4
                0x0800439c                IO004_Handle5
                0x080043a4                IO004_Handle6
                0x080043ac                IO004_Handle7
                0x080043b4                IO004_Handle8
                0x080043bc                IO004_Handle9
 *(.gnu.linkonce.r*)

.rel.dyn        0x080043c4        0x0 load address 0x0c0043c4
 .rel.iplt      0x00000000        0x0 Startup/startup_XMC4500.o
                0x080043d0                . = ALIGN (0x10)
                0x0c0043d0                eROData = (. | 0x4000000)

Stack           0x10000000      0x800
                0x10000800                . = (. + stack_size)
 *fill*         0x10000000      0x800 00
                0x10000800                __Xmc4500_stack = .

.data3          0x10000800        0x0
                0x10000800                __data3_start = .
 *(.data3)
                0x10000800                __data3_end = .
                0x00000000                __data3_size = (__data3_end - __data3_start)

.data           0x20000000        0xc load address 0x0c0043d0
                0x20000000                __Xmc4500_sData = .
 *(.data)
 .data          0x20000000        0x0 Startup/startup_XMC4500.o
 .data          0x20000000        0x4 Startup/system_XMC4500.o
                0x20000000                SystemCoreClock
 .data          0x20000004        0x1 Main.o
                0x20000004                data_R
 .data          0x20000005        0x0 Lib/System_LibcStubs.o
 .data          0x20000005        0x0 Dave/Generated/src/UART001/UART001.o
 *fill*         0x20000005        0x3 00
 .data          0x20000008        0x4 Dave/Generated/src/UART001/UART001_Conf.o
                0x20000008                UART001_HandleArray
 .data          0x2000000c        0x0 Dave/Generated/src/RESET001/RESET001.o
 .data          0x2000000c        0x0 Dave/Generated/src/LIBS/CCU8PWMLIB.o
 .data          0x2000000c        0x0 Dave/Generated/src/LIBS/MOTORLIB.o
 .data          0x2000000c        0x0 Dave/Generated/src/IO004/IO004.o
 .data          0x2000000c        0x0 Dave/Generated/src/IO004/IO004_Conf.o
 .data          0x2000000c        0x0 Dave/Generated/src/DAVESupport/DAVE3.o
 .data          0x2000000c        0x0 Dave/Generated/src/DAVESupport/MULTIPLEXER.o
 .data          0x2000000c        0x0 Dave/Generated/src/CLK001/CLK001.o
 .data          0x2000000c        0x0 c:/dave-3.1.10/arm-gcc/bin/../lib/gcc/arm-none-eabi/4.7.4/../../../../arm-none-eabi/lib/armv7e-m\libg.a(lib_a-init.o)
 *(.data*)
 *(*.data)
 *(.gnu.linkonce.d*)
                0x2000000c                __Xmc4500_eData = ALIGN (0x4)
                0x0000000c                __Xmc4500_Data_Size = (__Xmc4500_eData - __Xmc4500_sData)

.igot.plt       0x2000000c        0x0 load address 0x0c0043dc
 .igot.plt      0x00000000        0x0 Startup/startup_XMC4500.o

.ram_code       0x10000800        0x0 load address 0x0c0043dc
                0x10000800                __ram_code_start = .
 *(.ram_code)
                0x10000800                __ram_code_end = .
                0x0c0043dc                __ram_code_load = LOADADDR (.ram_code)
                0x00000000                __ram_code_size = (__ram_code_end - __ram_code_start)

.bss            0x2000000c       0x84 load address 0x0c0043dc
                0x2000000c                __Xmc4500_sBSS = .
 *(.bss)
 .bss           0x2000000c        0x0 Startup/startup_XMC4500.o
 .bss           0x2000000c        0x0 Startup/system_XMC4500.o
 .bss           0x2000000c       0x44 Main.o
                0x2000000c                l_um
                0x20000010                l_dois
                0x20000014                l_tres
                0x20000018                r_um
                0x2000001c                r_dois
                0x20000020                r_tres
                0x20000024                cross
                0x20000028                sqr
                0x2000002c                triangle
                0x20000030                circle
                0x20000034                left
                0x20000038                right
                0x2000003c                up
                0x20000040                down
                0x20000044                start
                0x20000048                select
                0x2000004c                flipped
                0x2000004d                isPressed
                0x2000004e                lastIsPressed
 .bss           0x20000050        0xc Lib/System_LibcStubs.o
                0x20000050                __dso_handle
 .bss           0x2000005c        0x0 Dave/Generated/src/UART001/UART001.o
 .bss           0x2000005c        0x0 Dave/Generated/src/UART001/UART001_Conf.o
 .bss           0x2000005c        0x0 Dave/Generated/src/RESET001/RESET001.o
 .bss           0x2000005c        0x0 Dave/Generated/src/LIBS/CCU8PWMLIB.o
 .bss           0x2000005c        0x0 Dave/Generated/src/LIBS/MOTORLIB.o
 .bss           0x2000005c        0x0 Dave/Generated/src/IO004/IO004.o
 .bss           0x2000005c        0x0 Dave/Generated/src/IO004/IO004_Conf.o
 .bss           0x2000005c        0x0 Dave/Generated/src/DAVESupport/DAVE3.o
 .bss           0x2000005c        0x0 Dave/Generated/src/DAVESupport/MULTIPLEXER.o
 .bss           0x2000005c        0x8 Dave/Generated/src/CLK001/CLK001.o
 .bss           0x20000064        0x0 c:/dave-3.1.10/arm-gcc/bin/../lib/gcc/arm-none-eabi/4.7.4/../../../../arm-none-eabi/lib/armv7e-m\libg.a(lib_a-init.o)
 *(.bss*)
 *(COMMON)
 COMMON         0x20000064       0x2c Main.o
                0x20000064                configuration
                0x20000073                psx_status
                0x20000074                data_E
                0x20000078                psxDado
 *(.gnu.linkonce.b*)
                0x20000090                __Xmc4500_eBSS = ALIGN (0x4)
                0x20000090                . = ALIGN (0x4)
                0x20000090                Heap_Bank1_Start = .
                0x00000084                __Xmc4500_BSS_Size = (__Xmc4500_eBSS - __Xmc4500_sBSS)

.data2          0x30000000        0x0
                0x30000000                __data2_start = .
 *(ETH_RAM)
                0x30000000                __data2_end = .
                0x00000000                __data2_size = (__data2_end - __data2_start)
                0x0000ff70                Heap_Bank1_Size = (0x10000 - (Heap_Bank1_Start - ORIGIN (DSRAM_1_system)))

DSRAM2_Heap     0x30000000        0x0
                0x30000000                Heap_Bank2_Start = .
                0x00008000                Heap_Bank2_Size = (0x8000 - (Heap_Bank2_Start - ORIGIN (DSRAM_2_comm)))

PSRAM_Heap      0x10000800        0x0
                0x10000800                Heap_Bank3_Start = .
                0x0000f800                Heap_Bank3_Size = (0x10000 - (Heap_Bank3_Start - ORIGIN (PSRAM_1)))

/DISCARD/
 *(.comment)

.stab
 *(.stab)

.stabstr
 *(.stabstr)

.debug
 *(.debug)

.line
 *(.line)

.debug_srcinfo
 *(.debug_srcinfo)

.debug_sfnames
 *(.debug_sfnames)

.debug_aranges  0x00000000      0x398
 *(.debug_aranges)
 .debug_aranges
                0x00000000       0x38 Startup/startup_XMC4500.o
 .debug_aranges
                0x00000038       0x30 Startup/system_XMC4500.o
 .debug_aranges
                0x00000068       0x88 Main.o
 .debug_aranges
                0x000000f0       0xa0 Lib/System_LibcStubs.o
 .debug_aranges
                0x00000190       0x80 Dave/Generated/src/UART001/UART001.o
 .debug_aranges
                0x00000210       0x18 Dave/Generated/src/UART001/UART001_Conf.o
 .debug_aranges
                0x00000228       0x40 Dave/Generated/src/RESET001/RESET001.o
 .debug_aranges
                0x00000268       0x18 Dave/Generated/src/LIBS/CCU8PWMLIB.o
 .debug_aranges
                0x00000280       0x18 Dave/Generated/src/LIBS/MOTORLIB.o
 .debug_aranges
                0x00000298       0x30 Dave/Generated/src/IO004/IO004.o
 .debug_aranges
                0x000002c8       0x18 Dave/Generated/src/IO004/IO004_Conf.o
 .debug_aranges
                0x000002e0       0x30 Dave/Generated/src/DAVESupport/DAVE3.o
 .debug_aranges
                0x00000310       0x28 Dave/Generated/src/DAVESupport/MULTIPLEXER.o
 .debug_aranges
                0x00000338       0x60 Dave/Generated/src/CLK001/CLK001.o

.debug_pubnames
 *(.debug_pubnames)

.debug_pubtypes
 *(.debug_pubtypes)

.debug_info     0x00000000     0x58a3
 *(.debug_info .gnu.linkonce.wi.*)
 .debug_info    0x00000000       0x8c Startup/startup_XMC4500.o
 .debug_info    0x0000008c      0xaf0 Startup/system_XMC4500.o
 .debug_info    0x00000b7c      0xf35 Main.o
 .debug_info    0x00001ab1      0x65f Lib/System_LibcStubs.o
 .debug_info    0x00002110      0xfc2 Dave/Generated/src/UART001/UART001.o
 .debug_info    0x000030d2      0x805 Dave/Generated/src/UART001/UART001_Conf.o
 .debug_info    0x000038d7      0x47c Dave/Generated/src/RESET001/RESET001.o
 .debug_info    0x00003d53       0x94 Dave/Generated/src/LIBS/CCU8PWMLIB.o
 .debug_info    0x00003de7       0x94 Dave/Generated/src/LIBS/MOTORLIB.o
 .debug_info    0x00003e7b      0x422 Dave/Generated/src/IO004/IO004.o
 .debug_info    0x0000429d      0x33a Dave/Generated/src/IO004/IO004_Conf.o
 .debug_info    0x000045d7      0x2e9 Dave/Generated/src/DAVESupport/DAVE3.o
 .debug_info    0x000048c0      0x95a Dave/Generated/src/DAVESupport/MULTIPLEXER.o
 .debug_info    0x0000521a      0x689 Dave/Generated/src/CLK001/CLK001.o

.debug_abbrev   0x00000000      0xfed
 *(.debug_abbrev)
 .debug_abbrev  0x00000000       0x12 Startup/startup_XMC4500.o
 .debug_abbrev  0x00000012      0x154 Startup/system_XMC4500.o
 .debug_abbrev  0x00000166      0x2c2 Main.o
 .debug_abbrev  0x00000428      0x149 Lib/System_LibcStubs.o
 .debug_abbrev  0x00000571      0x203 Dave/Generated/src/UART001/UART001.o
 .debug_abbrev  0x00000774      0x12c Dave/Generated/src/UART001/UART001_Conf.o
 .debug_abbrev  0x000008a0      0x122 Dave/Generated/src/RESET001/RESET001.o
 .debug_abbrev  0x000009c2       0x4e Dave/Generated/src/LIBS/CCU8PWMLIB.o
 .debug_abbrev  0x00000a10       0x4e Dave/Generated/src/LIBS/MOTORLIB.o
 .debug_abbrev  0x00000a5e      0x138 Dave/Generated/src/IO004/IO004.o
 .debug_abbrev  0x00000b96       0xbb Dave/Generated/src/IO004/IO004_Conf.o
 .debug_abbrev  0x00000c51       0xf3 Dave/Generated/src/DAVESupport/DAVE3.o
 .debug_abbrev  0x00000d44      0x123 Dave/Generated/src/DAVESupport/MULTIPLEXER.o
 .debug_abbrev  0x00000e67      0x186 Dave/Generated/src/CLK001/CLK001.o

.debug_line     0x00000000     0x5c20
 *(.debug_line)
 .debug_line    0x00000000      0x1a1 Startup/startup_XMC4500.o
 .debug_line    0x000001a1      0x3b7 Startup/system_XMC4500.o
 .debug_line    0x00000558      0xc0f Main.o
 .debug_line    0x00001167      0x3c1 Lib/System_LibcStubs.o
 .debug_line    0x00001528      0x6d9 Dave/Generated/src/UART001/UART001.o
 .debug_line    0x00001c01      0x3f1 Dave/Generated/src/UART001/UART001_Conf.o
 .debug_line    0x00001ff2      0x41e Dave/Generated/src/RESET001/RESET001.o
 .debug_line    0x00002410      0x8e1 Dave/Generated/src/LIBS/CCU8PWMLIB.o
 .debug_line    0x00002cf1      0x8dd Dave/Generated/src/LIBS/MOTORLIB.o
 .debug_line    0x000035ce      0x95c Dave/Generated/src/IO004/IO004.o
 .debug_line    0x00003f2a      0x8a8 Dave/Generated/src/IO004/IO004_Conf.o
 .debug_line    0x000047d2      0x7d1 Dave/Generated/src/DAVESupport/DAVE3.o
 .debug_line    0x00004fa3      0x7ce Dave/Generated/src/DAVESupport/MULTIPLEXER.o
 .debug_line    0x00005771      0x4af Dave/Generated/src/CLK001/CLK001.o

.debug_frame    0x00000000      0x8a4
 *(.debug_frame)
 .debug_frame   0x00000000       0x6c Startup/system_XMC4500.o
 .debug_frame   0x0000006c      0x1c0 Main.o
 .debug_frame   0x0000022c      0x1ec Lib/System_LibcStubs.o
 .debug_frame   0x00000418      0x190 Dave/Generated/src/UART001/UART001.o
 .debug_frame   0x000005a8       0x9c Dave/Generated/src/RESET001/RESET001.o
 .debug_frame   0x00000644       0x64 Dave/Generated/src/IO004/IO004.o
 .debug_frame   0x000006a8       0x64 Dave/Generated/src/DAVESupport/DAVE3.o
 .debug_frame   0x0000070c       0x48 Dave/Generated/src/DAVESupport/MULTIPLEXER.o
 .debug_frame   0x00000754      0x120 Dave/Generated/src/CLK001/CLK001.o
 .debug_frame   0x00000874       0x30 c:/dave-3.1.10/arm-gcc/bin/../lib/gcc/arm-none-eabi/4.7.4/../../../../arm-none-eabi/lib/armv7e-m\libg.a(lib_a-init.o)

.debug_str      0x00000000    0x9743b
 *(.debug_str)
 .debug_str     0x00000000    0x90172 Startup/system_XMC4500.o
                              0x90489 (size before relaxing)
 .debug_str     0x00090172     0x3609 Main.o
                              0x936c7 (size before relaxing)
 .debug_str     0x0009377b     0x2e29 Lib/System_LibcStubs.o
                               0x58a9 (size before relaxing)
 .debug_str     0x000965a4      0x7ca Dave/Generated/src/UART001/UART001.o
                              0x915dd (size before relaxing)
 .debug_str     0x00096d6e       0x2d Dave/Generated/src/UART001/UART001_Conf.o
                              0x90e29 (size before relaxing)
 .debug_str     0x00096d9b      0x225 Dave/Generated/src/RESET001/RESET001.o
                              0x907e8 (size before relaxing)
 .debug_str     0x00096fc0       0x28 Dave/Generated/src/LIBS/CCU8PWMLIB.o
                              0x92da4 (size before relaxing)
 .debug_str     0x00096fe8       0x26 Dave/Generated/src/LIBS/MOTORLIB.o
                              0x92da2 (size before relaxing)
 .debug_str     0x0009700e      0x156 Dave/Generated/src/IO004/IO004.o
                              0x9302a (size before relaxing)
 .debug_str     0x00097164       0x29 Dave/Generated/src/IO004/IO004_Conf.o
                              0x92ef1 (size before relaxing)
 .debug_str     0x0009718d       0x87 Dave/Generated/src/DAVESupport/DAVE3.o
                              0x92e72 (size before relaxing)
 .debug_str     0x00097214       0x87 Dave/Generated/src/DAVESupport/MULTIPLEXER.o
                              0x92f82 (size before relaxing)
 .debug_str     0x0009729b      0x1a0 Dave/Generated/src/CLK001/CLK001.o
                              0x90a71 (size before relaxing)

.debug_loc      0x00000000      0xe96
 *(.debug_loc)
 .debug_loc     0x00000000       0xa8 Startup/system_XMC4500.o
 .debug_loc     0x000000a8      0x2f8 Main.o
 .debug_loc     0x000003a0      0x388 Lib/System_LibcStubs.o
 .debug_loc     0x00000728      0x2e6 Dave/Generated/src/UART001/UART001.o
 .debug_loc     0x00000a0e      0x118 Dave/Generated/src/RESET001/RESET001.o
 .debug_loc     0x00000b26       0x9c Dave/Generated/src/IO004/IO004.o
 .debug_loc     0x00000bc2       0x90 Dave/Generated/src/DAVESupport/DAVE3.o
 .debug_loc     0x00000c52       0x64 Dave/Generated/src/DAVESupport/MULTIPLEXER.o
 .debug_loc     0x00000cb6      0x1e0 Dave/Generated/src/CLK001/CLK001.o

.debug_macinfo
 *(.debug_macinfo)

.debug_ranges   0x00000000      0x2b8
 *(.debug_ranges)
 .debug_ranges  0x00000000       0x30 Startup/startup_XMC4500.o
 .debug_ranges  0x00000030       0x20 Startup/system_XMC4500.o
 .debug_ranges  0x00000050       0x90 Main.o
 .debug_ranges  0x000000e0       0x90 Lib/System_LibcStubs.o
 .debug_ranges  0x00000170       0x70 Dave/Generated/src/UART001/UART001.o
 .debug_ranges  0x000001e0       0x30 Dave/Generated/src/RESET001/RESET001.o
 .debug_ranges  0x00000210       0x20 Dave/Generated/src/IO004/IO004.o
 .debug_ranges  0x00000230       0x20 Dave/Generated/src/DAVESupport/DAVE3.o
 .debug_ranges  0x00000250       0x18 Dave/Generated/src/DAVESupport/MULTIPLEXER.o
 .debug_ranges  0x00000268       0x50 Dave/Generated/src/CLK001/CLK001.o

.debug_weaknames
 *(.debug_weaknames)

.debug_funcnames
 *(.debug_funcnames)

.debug_typenames
 *(.debug_typenames)

.debug_varnames
 *(.debug_varnames)

.build_attributes
                0x00000000      0x33a
 *(.ARM.attributes)
 .ARM.attributes
                0x00000000       0x27 Startup/startup_XMC4500.o
 .ARM.attributes
                0x00000027       0x39 Startup/system_XMC4500.o
 .ARM.attributes
                0x00000060       0x39 Main.o
 .ARM.attributes
                0x00000099       0x39 Lib/System_LibcStubs.o
 .ARM.attributes
                0x000000d2       0x39 Dave/Generated/src/UART001/UART001.o
 .ARM.attributes
                0x0000010b       0x39 Dave/Generated/src/UART001/UART001_Conf.o
 .ARM.attributes
                0x00000144       0x39 Dave/Generated/src/RESET001/RESET001.o
 .ARM.attributes
                0x0000017d       0x39 Dave/Generated/src/LIBS/CCU8PWMLIB.o
 .ARM.attributes
                0x000001b6       0x39 Dave/Generated/src/LIBS/MOTORLIB.o
 .ARM.attributes
                0x000001ef       0x39 Dave/Generated/src/IO004/IO004.o
 .ARM.attributes
                0x00000228       0x39 Dave/Generated/src/IO004/IO004_Conf.o
 .ARM.attributes
                0x00000261       0x39 Dave/Generated/src/DAVESupport/DAVE3.o
 .ARM.attributes
                0x0000029a       0x39 Dave/Generated/src/DAVESupport/MULTIPLEXER.o
 .ARM.attributes
                0x000002d3       0x39 Dave/Generated/src/CLK001/CLK001.o
 .ARM.attributes
                0x0000030c       0x2e c:/dave-3.1.10/arm-gcc/bin/../lib/gcc/arm-none-eabi/4.7.4/../../../../arm-none-eabi/lib/armv7e-m\libg.a(lib_a-init.o)
OUTPUT(Joystick.elf elf32-littlearm)

.debug_macro    0x00000000    0x1959c
 .debug_macro   0x00000000      0x17e Startup/system_XMC4500.o
 .debug_macro   0x0000017e      0x814 Startup/system_XMC4500.o
 .debug_macro   0x00000992       0x3a Startup/system_XMC4500.o
 .debug_macro   0x000009cc       0x10 Startup/system_XMC4500.o
 .debug_macro   0x000009dc       0x2e Startup/system_XMC4500.o
 .debug_macro   0x00000a0a       0xa3 Startup/system_XMC4500.o
 .debug_macro   0x00000aad      0x20e Startup/system_XMC4500.o
 .debug_macro   0x00000cbb       0x6a Startup/system_XMC4500.o
 .debug_macro   0x00000d25       0x2d Startup/system_XMC4500.o
 .debug_macro   0x00000d52       0x3b Startup/system_XMC4500.o
 .debug_macro   0x00000d8d       0x2d Startup/system_XMC4500.o
 .debug_macro   0x00000dba       0x42 Startup/system_XMC4500.o
 .debug_macro   0x00000dfc      0xd39 Startup/system_XMC4500.o
 .debug_macro   0x00001b35    0x150f5 Startup/system_XMC4500.o
 .debug_macro   0x00016c2a      0x276 Main.o
 .debug_macro   0x00016ea0       0x70 Main.o
 .debug_macro   0x00016f10      0x16c Main.o
 .debug_macro   0x0001707c       0x22 Main.o
 .debug_macro   0x0001709e      0x54a Main.o
 .debug_macro   0x000175e8       0x64 Main.o
 .debug_macro   0x0001764c       0x46 Main.o
 .debug_macro   0x00017692      0x160 Main.o
 .debug_macro   0x000177f2       0x2d Main.o
 .debug_macro   0x0001781f      0x130 Main.o
 .debug_macro   0x0001794f       0x7f Main.o
 .debug_macro   0x000179ce       0xb4 Main.o
 .debug_macro   0x00017a82       0xb6 Main.o
 .debug_macro   0x00017b38       0x34 Main.o
 .debug_macro   0x00017b6c       0x11 Main.o
 .debug_macro   0x00017b7d      0x119 Lib/System_LibcStubs.o
 .debug_macro   0x00017c96       0x3a Lib/System_LibcStubs.o
 .debug_macro   0x00017cd0       0x52 Lib/System_LibcStubs.o
 .debug_macro   0x00017d22       0x19 Lib/System_LibcStubs.o
 .debug_macro   0x00017d3b      0x16d Lib/System_LibcStubs.o
 .debug_macro   0x00017ea8       0x10 Lib/System_LibcStubs.o
 .debug_macro   0x00017eb8       0x16 Lib/System_LibcStubs.o
 .debug_macro   0x00017ece       0x89 Lib/System_LibcStubs.o
 .debug_macro   0x00017f57       0x10 Lib/System_LibcStubs.o
 .debug_macro   0x00017f67       0xf5 Lib/System_LibcStubs.o
 .debug_macro   0x0001805c       0x22 Lib/System_LibcStubs.o
 .debug_macro   0x0001807e       0x91 Lib/System_LibcStubs.o
 .debug_macro   0x0001810f       0x34 Lib/System_LibcStubs.o
 .debug_macro   0x00018143      0x120 Lib/System_LibcStubs.o
 .debug_macro   0x00018263       0x16 Lib/System_LibcStubs.o
 .debug_macro   0x00018279       0x35 Lib/System_LibcStubs.o
 .debug_macro   0x000182ae      0x495 Lib/System_LibcStubs.o
 .debug_macro   0x00018743      0x16e Dave/Generated/src/UART001/UART001.o
 .debug_macro   0x000188b1       0xb0 Dave/Generated/src/UART001/UART001.o
 .debug_macro   0x00018961       0xfe Dave/Generated/src/UART001/UART001_Conf.o
 .debug_macro   0x00018a5f       0xff Dave/Generated/src/RESET001/RESET001.o
 .debug_macro   0x00018b5e      0x190 Dave/Generated/src/LIBS/CCU8PWMLIB.o
 .debug_macro   0x00018cee      0x190 Dave/Generated/src/LIBS/MOTORLIB.o
 .debug_macro   0x00018e7e      0x18c Dave/Generated/src/IO004/IO004.o
 .debug_macro   0x0001900a      0x18c Dave/Generated/src/IO004/IO004_Conf.o
 .debug_macro   0x00019196      0x18c Dave/Generated/src/DAVESupport/DAVE3.o
 .debug_macro   0x00019322      0x18c Dave/Generated/src/DAVESupport/MULTIPLEXER.o
 .debug_macro   0x000194ae       0xee Dave/Generated/src/CLK001/CLK001.o
