Archive member included because of file (symbol)

c:/dave-3.1.10/arm-gcc/bin/../lib/gcc/arm-none-eabi/4.7.4/../../../../arm-none-eabi/lib/armv7e-m\libg.a(lib_a-init.o)
                              Startup/startup_XMC4500.o (__libc_init_array)

Allocating common symbols
Common symbol       size              file

configuration       0xf               Main.o
pwm_max             0x1               Main.o
psx_status          0x1               Main.o
data_E              0x5               Main.o
psxDado             0x18              Main.o
result              0x4               Main.o

Discarded input sections

 .group         0x00000000        0x8 Startup/system_XMC4500.o
 .group         0x00000000        0x8 Startup/system_XMC4500.o
 .group         0x00000000        0x8 Startup/system_XMC4500.o
 .group         0x00000000        0x8 Startup/system_XMC4500.o
 .group         0x00000000        0x8 Startup/system_XMC4500.o
 .group         0x00000000        0x8 Startup/system_XMC4500.o
 .group         0x00000000        0x8 Startup/system_XMC4500.o
 .group         0x00000000        0x8 Startup/system_XMC4500.o
 .group         0x00000000        0x8 Startup/system_XMC4500.o
 .group         0x00000000        0x8 Startup/system_XMC4500.o
 .group         0x00000000        0x8 Startup/system_XMC4500.o
 .group         0x00000000        0x8 Startup/system_XMC4500.o
 .group         0x00000000        0x8 Startup/system_XMC4500.o
 .comment       0x00000000       0x71 Startup/system_XMC4500.o
 .group         0x00000000        0x8 Main.o
 .group         0x00000000        0x8 Main.o
 .group         0x00000000        0x8 Main.o
 .group         0x00000000        0x8 Main.o
 .group         0x00000000        0x8 Main.o
 .group         0x00000000        0x8 Main.o
 .group         0x00000000        0x8 Main.o
 .group         0x00000000        0x8 Main.o
 .group         0x00000000        0x8 Main.o
 .group         0x00000000        0x8 Main.o
 .group         0x00000000        0x8 Main.o
 .group         0x00000000        0x8 Main.o
 .group         0x00000000        0x8 Main.o
 .group         0x00000000        0x8 Main.o
 .group         0x00000000        0x8 Main.o
 .group         0x00000000        0x8 Main.o
 .group         0x00000000        0x8 Main.o
 .group         0x00000000        0x8 Main.o
 .group         0x00000000        0x8 Main.o
 .group         0x00000000        0x8 Main.o
 .group         0x00000000        0x8 Main.o
 .group         0x00000000        0x8 Main.o
 .group         0x00000000        0x8 Main.o
 .group         0x00000000        0x8 Main.o
 .group         0x00000000        0x8 Main.o
 .group         0x00000000        0x8 Main.o
 .group         0x00000000        0x8 Main.o
 .group         0x00000000        0x8 Main.o
 .group         0x00000000        0x8 Main.o
 .group         0x00000000        0x8 Main.o
 .debug_macro   0x00000000      0x814 Main.o
 .debug_macro   0x00000000       0x2d Main.o
 .debug_macro   0x00000000       0x3b Main.o
 .debug_macro   0x00000000       0x3a Main.o
 .debug_macro   0x00000000       0x10 Main.o
 .debug_macro   0x00000000       0x2e Main.o
 .debug_macro   0x00000000       0xa3 Main.o
 .debug_macro   0x00000000      0x20e Main.o
 .debug_macro   0x00000000       0x2d Main.o
 .debug_macro   0x00000000       0x42 Main.o
 .debug_macro   0x00000000      0xd39 Main.o
 .debug_macro   0x00000000    0x150f5 Main.o
 .comment       0x00000000       0x71 Main.o
 .group         0x00000000        0x8 Lib/System_LibcStubs.o
 .group         0x00000000        0x8 Lib/System_LibcStubs.o
 .group         0x00000000        0x8 Lib/System_LibcStubs.o
 .group         0x00000000        0x8 Lib/System_LibcStubs.o
 .group         0x00000000        0x8 Lib/System_LibcStubs.o
 .group         0x00000000        0x8 Lib/System_LibcStubs.o
 .group         0x00000000        0x8 Lib/System_LibcStubs.o
 .group         0x00000000        0x8 Lib/System_LibcStubs.o
 .group         0x00000000        0x8 Lib/System_LibcStubs.o
 .group         0x00000000        0x8 Lib/System_LibcStubs.o
 .group         0x00000000        0x8 Lib/System_LibcStubs.o
 .group         0x00000000        0x8 Lib/System_LibcStubs.o
 .group         0x00000000        0x8 Lib/System_LibcStubs.o
 .group         0x00000000        0x8 Lib/System_LibcStubs.o
 .group         0x00000000        0x8 Lib/System_LibcStubs.o
 .group         0x00000000        0x8 Lib/System_LibcStubs.o
 .group         0x00000000        0x8 Lib/System_LibcStubs.o
 .group         0x00000000        0x8 Lib/System_LibcStubs.o
 .group         0x00000000        0x8 Lib/System_LibcStubs.o
 .group         0x00000000        0x8 Lib/System_LibcStubs.o
 .group         0x00000000        0x8 Lib/System_LibcStubs.o
 .debug_macro   0x00000000      0x814 Lib/System_LibcStubs.o
 .debug_macro   0x00000000       0x3a Lib/System_LibcStubs.o
 .debug_macro   0x00000000       0x10 Lib/System_LibcStubs.o
 .debug_macro   0x00000000       0x2e Lib/System_LibcStubs.o
[...]
Memory Configuration

Name             Origin             Length             Attributes
FLASH_1_cached   0x08000000         0x00100000         xr
FLASH_1_uncached 0x0c000000         0x00100000         xr
PSRAM_1          0x10000000         0x00010000         !xr
DSRAM_1_system   0x20000000         0x00010000         !xr
DSRAM_2_comm     0x30000000         0x00008000         !xr
*default*        0x00000000         0xffffffff

Linker script and memory map

LOAD Startup/startup_XMC4500.o
LOAD Startup/system_XMC4500.o
LOAD Main.o
LOAD Lib/System_LibcStubs.o
LOAD Dave/Generated/src/UART001/UART001.o
LOAD Dave/Generated/src/UART001/UART001_Conf.o
LOAD Dave/Generated/src/RESET001/RESET001.o
LOAD Dave/Generated/src/NVIC002/NVIC002.o
LOAD Dave/Generated/src/NVIC002/NVIC002_Conf.o
LOAD Dave/Generated/src/LIBS/CCU8PWMLIB.o
LOAD Dave/Generated/src/LIBS/MOTORLIB.o
LOAD Dave/Generated/src/IO004/IO004.o
LOAD Dave/Generated/src/IO004/IO004_Conf.o
LOAD Dave/Generated/src/IO001/IO001.o
LOAD Dave/Generated/src/IO001/IO001_Conf.o
LOAD Dave/Generated/src/DAVESupport/DAVE3.o
LOAD Dave/Generated/src/DAVESupport/MULTIPLEXER.o
LOAD Dave/Generated/src/CLK001/CLK001.o
LOAD Dave/Generated/src/ADCGROUP001/ADCGroup001.o
LOAD Dave/Generated/src/ADCGROUP001/ADCGroup001_Conf.o
LOAD Dave/Generated/src/ADCGLOB001/ADCGlob001.o
LOAD Dave/Generated/src/ADCGLOB001/ADCGlob001_Conf.o
LOAD Dave/Generated/src/ADC001/ADC001.o
LOAD Dave/Generated/src/ADC001/ADC001_Conf.o
START GROUP
LOAD c:/dave-3.1.10/arm-gcc/bin/../lib/gcc/arm-none-eabi/4.7.4/armv7e-m\libgcc.a
LOAD c:/dave-3.1.10/arm-gcc/bin/../lib/gcc/arm-none-eabi/4.7.4/../../../../arm-none-eabi/lib/armv7e-m\libg.a
LOAD c:/dave-3.1.10/arm-gcc/bin/../lib/gcc/arm-none-eabi/4.7.4/../../../../arm-none-eabi/lib/armv7e-m\libc.a
END GROUP
                0x00000800                stack_size = 0x800

.text           0x08000000     0x69e0 load address 0x0c000000
                0x08000000                sText = .
 *(.Xmc4500.reset)
 .Xmc4500.reset
                0x08000000      0x21c Startup/startup_XMC4500.o
                0x08000000                __Xmc4500_interrupt_vector_cortex_m
                0x08000200                __Xmc4500_reset_cortex_m
 *(.Xmc4500.postreset)
 .Xmc4500.postreset
                0x0800021c       0xa8 Startup/startup_XMC4500.o
 *(.XmcStartup)
 .XmcStartup    0x080002c4        0x4 Startup/startup_XMC4500.o
 *(.text .text.* .gnu.linkonce.t.*)
 .text          0x080002c8       0xe2 Startup/startup_XMC4500.o
                0x080002c8                NMI_Handler
                0x080002ca                HardFault_Handler
                0x080002cc                MemManage_Handler
                0x080002ce                BusFault_Handler
                0x080002d0                UsageFault_Handler
                0x080002d2                SVC_Handler
                0x080002d4                DebugMon_Handler
                0x080002d6                PendSV_Handler
                0x080002d8                SysTick_Handler
                0x080002da                SCU_0_IRQHandler
                0x080002dc                ERU0_0_IRQHandler
                0x080002de                ERU0_1_IRQHandler
                0x080002e0                ERU0_2_IRQHandler
                0x080002e2                ERU0_3_IRQHandler
                0x080002e4                ERU1_0_IRQHandler
                0x080002e6                ERU1_1_IRQHandler
                0x080002e8                ERU1_2_IRQHandler
                0x080002ea                ERU1_3_IRQHandler
                0x080002ec                PMU0_0_IRQHandler
                0x080002ee                VADC0_C0_0_IRQHandler
                0x080002f0                VADC0_C0_1_IRQHandler
                0x080002f4                VADC0_C0_3_IRQHandler
                0x080002f6                VADC0_G0_0_IRQHandler
                0x080002f8                VADC0_G0_1_IRQHandler
                0x080002fa                VADC0_G0_2_IRQHandler
                0x080002fc                VADC0_G0_3_IRQHandler
                0x080002fe                VADC0_G1_0_IRQHandler
                0x08000300                VADC0_G1_1_IRQHandler
                0x08000302                VADC0_G1_2_IRQHandler
                0x08000304                VADC0_G1_3_IRQHandler
                0x08000306                VADC0_G2_0_IRQHandler
                0x08000308                VADC0_G2_1_IRQHandler
                0x0800030a                VADC0_G2_2_IRQHandler
                0x0800030c                VADC0_G2_3_IRQHandler
                0x0800030e                VADC0_G3_0_IRQHandler
                0x08000310                VADC0_G3_1_IRQHandler
                0x08000312                VADC0_G3_2_IRQHandler
                0x08000314                VADC0_G3_3_IRQHandler
                0x08000316                DSD0_0_IRQHandler
                0x08000318                DSD0_1_IRQHandler
                0x0800031a                DSD0_2_IRQHandler
                0x0800031c                DSD0_3_IRQHandler
                0x0800031e                DSD0_4_IRQHandler
                0x08000320                DSD0_5_IRQHandler
                0x08000322                DSD0_6_IRQHandler
                0x08000324                DSD0_7_IRQHandler
                0x08000326                DAC0_0_IRQHandler
                0x08000328                DAC0_1_IRQHandler
                0x0800032a                CCU40_0_IRQHandler
                0x0800032c                CCU40_1_IRQHandler
                0x0800032e                CCU40_2_IRQHandler
                0x08000330                CCU40_3_IRQHandler
                0x08000332                CCU41_0_IRQHandler
                0x08000334                CCU41_1_IRQHandler
                0x08000336                CCU41_2_IRQHandler
                0x08000338                CCU41_3_IRQHandler
                0x0800033a                CCU42_0_IRQHandler
                0x0800033c                CCU42_1_IRQHandler
                0x0800033e                CCU42_2_IRQHandler
                0x08000340                CCU42_3_IRQHandler
                0x08000342                CCU43_0_IRQHandler
                0x08000344                CCU43_1_IRQHandler
                0x08000346                CCU43_2_IRQHandler
                0x08000348                CCU43_3_IRQHandler
                0x0800034a                CCU80_0_IRQHandler
                0x0800034c                CCU80_1_IRQHandler
                0x0800034e                CCU80_2_IRQHandler
                0x08000350                CCU80_3_IRQHandler
                0x08000352                CCU81_0_IRQHandler
                0x08000354                CCU81_1_IRQHandler
                0x08000356                CCU81_2_IRQHandler
                0x08000358                CCU81_3_IRQHandler
                0x0800035a                POSIF0_0_IRQHandler
                0x0800035c                POSIF0_1_IRQHandler
                0x0800035e                POSIF1_0_IRQHandler
                0x08000360                POSIF1_1_IRQHandler
                0x08000362                CAN0_0_IRQHandler
                0x08000364                CAN0_1_IRQHandler
                0x08000366                CAN0_2_IRQHandler
                0x08000368                CAN0_3_IRQHandler
                0x0800036a                CAN0_4_IRQHandler
                0x0800036c                CAN0_5_IRQHandler
                0x0800036e                CAN0_6_IRQHandler
                0x08000370                CAN0_7_IRQHandler
                0x08000372                USIC0_0_IRQHandler
                0x08000374                USIC0_1_IRQHandler
                0x08000376                USIC0_2_IRQHandler
                0x08000378                USIC0_3_IRQHandler
                0x0800037a                USIC0_4_IRQHandler
                0x0800037c                USIC0_5_IRQHandler
                0x0800037e                USIC1_0_IRQHandler
                0x08000380                USIC1_1_IRQHandler
                0x08000382                USIC1_2_IRQHandler
                0x08000384                USIC1_3_IRQHandler
                0x08000386                USIC1_4_IRQHandler
                0x08000388                USIC1_5_IRQHandler
                0x0800038a                USIC2_0_IRQHandler
                0x0800038c                USIC2_1_IRQHandler
                0x0800038e                USIC2_2_IRQHandler
                0x08000390                USIC2_3_IRQHandler
                0x08000392                USIC2_4_IRQHandler
                0x08000394                USIC2_5_IRQHandler
                0x08000396                LEDTS0_0_IRQHandler
                0x08000398                FCE0_0_IRQHandler
                0x0800039a                GPDMA0_0_IRQHandler
                0x0800039c                SDMMC0_0_IRQHandler
                0x0800039e                USB0_0_IRQHandler
                0x080003a0                ETH0_0_IRQHandler
                0x080003a2                GPDMA1_0_IRQHandler
 .text          0x080003aa        0x0 Startup/system_XMC4500.o
 *fill*         0x080003aa        0x2 00
 .text.SystemInit
                0x080003ac       0x9c Startup/system_XMC4500.o
                0x080003ac                SystemInit
 .text.SystemCoreClockUpdate
                0x08000448      0x148 Startup/system_XMC4500.o
                0x08000448                SystemCoreClockUpdate
 .text.SystemClockSetup
                0x08000590      0x4cc Startup/system_XMC4500.o
 .text          0x08000a5c        0x0 Main.o
 .text.main     0x08000a5c      0x7d4 Main.o
                0x08000a5c                main
 .text.read_R   0x08001230       0xbc Main.o
                0x08001230                read_R
 .text.pulse_R  0x080012ec       0x54 Main.o
                0x080012ec                pulse_R
 .text.configure_E
                0x08001340      0x1d0 Main.o
                0x08001340                configure_E
 .text.write_E  0x08001510      0x178 Main.o
                0x08001510                write_E
 .text.psxConfiguraControle
                0x08001688       0x14 Main.o
                0x08001688                psxConfiguraControle
 .text.psxEnterConfigMode
                0x0800169c       0xd0 Main.o
                0x0800169c                psxEnterConfigMode
 .text.psxSetAnalogMode
                0x0800176c      0x100 Main.o
                0x0800176c                psxSetAnalogMode
 .text.psxExitConfigMode
                0x0800186c      0x100 Main.o
                0x0800186c                psxExitConfigMode
 .text.psxLeControle
                0x0800196c       0xf4 Main.o
                0x0800196c                psxLeControle
 .text.psxHandShake
                0x08001a60       0xe0 Main.o
                0x08001a60                psxHandShake
 .text.psxTrocaByte
                0x08001b40      0x124 Main.o
                0x08001b40                psxTrocaByte
 .text.delay    0x08001c64       0x30 Main.o
                0x08001c64                delay
 .text.printByteToInt
                0x08001c94       0xe4 Main.o
                0x08001c94                printByteToInt
 .text.VADC0_C0_2_IRQHandler
                0x08001d78       0x1c Main.o
                0x08001d78                VADC0_C0_2_IRQHandler
 .text.updateButtonStates
                0x08001d94      0x22c Main.o
                0x08001d94                updateButtonStates
 .text.turbo    0x08001fc0       0x18 Main.o
                0x08001fc0                turbo
 .text.shunt    0x08001fd8       0x18 Main.o
                0x08001fd8                shunt
 .text.flip     0x08001ff0       0x2c Main.o
                0x08001ff0                flip
 .text.changeMode
                0x0800201c       0x20 Main.o
                0x0800201c                changeMode
 .text          0x0800203c        0x0 Lib/System_LibcStubs.o
 .text._open    0x0800203c       0x1c Lib/System_LibcStubs.o
                0x0800203c                _open
 .text._lseek   0x08002058       0x1c Lib/System_LibcStubs.o
                0x08002058                _lseek
 .text._read    0x08002074       0x1c Lib/System_LibcStubs.o
                0x08002074                _read
 .text._write   0x08002090       0x1c Lib/System_LibcStubs.o
                0x08002090                _write
 .text._close   0x080020ac       0x10 Lib/System_LibcStubs.o
                0x080020ac                _close
 .text._fstat   0x080020bc       0x28 Lib/System_LibcStubs.o
                0x080020bc                _fstat
 .text._link    0x080020e4       0x28 Lib/System_LibcStubs.o
                0x080020e4                _link
 .text._unlink  0x0800210c       0x18 Lib/System_LibcStubs.o
                0x0800210c                _unlink
 .text._sbrk    0x08002124       0xa0 Lib/System_LibcStubs.o
                0x08002124                _sbrk
 .text._times   0x080021c4       0x18 Lib/System_LibcStubs.o
                0x080021c4                _times
 .text._wait    0x080021dc       0x18 Lib/System_LibcStubs.o
                0x080021dc                _wait
 .text._kill    0x080021f4       0x1c Lib/System_LibcStubs.o
                0x080021f4                _kill
 .text._fork    0x08002210       0x10 Lib/System_LibcStubs.o
                0x08002210                _fork
 .text._getpid  0x08002220       0x10 Lib/System_LibcStubs.o
                0x08002220                _getpid
 .text._exit    0x08002230        0xc Lib/System_LibcStubs.o
                0x08002230                _exit
 .text._init    0x0800223c        0xc Lib/System_LibcStubs.o
                0x0800223c                _init
 .text._isatty  0x08002248       0x18 Lib/System_LibcStubs.o
                0x08002248                _isatty
 .text          0x08002260        0x0 Dave/Generated/src/UART001/UART001.o
 .text.UART001_lInit
                0x08002260      0x1a8 Dave/Generated/src/UART001/UART001.o
                0x08002260                UART001_lInit
 .text.UART001_lConfigTXPin
                0x08002408       0xfc Dave/Generated/src/UART001/UART001.o
                0x08002408                UART001_lConfigTXPin
 .text.UART001_labsRealType
                0x08002504       0x38 Dave/Generated/src/UART001/UART001.o
                0x08002504                UART001_labsRealType
 .text.UART001_lConfigureBaudRate
                0x0800253c      0x4e8 Dave/Generated/src/UART001/UART001.o
                0x0800253c                UART001_lConfigureBaudRate
 .text.UART001_Init
                0x08002a24       0x6c Dave/Generated/src/UART001/UART001.o
                0x08002a24                UART001_Init
 .text.UART001_DeInit
                0x08002a90       0x14 Dave/Generated/src/UART001/UART001.o
                0x08002a90                UART001_DeInit
 .text.UART001_Configure
                0x08002aa4      0x114 Dave/Generated/src/UART001/UART001.o
                0x08002aa4                UART001_Configure
 .text.UART001_ReadDataMultiple
                0x08002bb8       0x80 Dave/Generated/src/UART001/UART001.o
                0x08002bb8                UART001_ReadDataMultiple
 .text.UART001_ReadDataBytes
                0x08002c38       0x80 Dave/Generated/src/UART001/UART001.o
                0x08002c38                UART001_ReadDataBytes
 .text.UART001_WriteDataMultiple
                0x08002cb8       0x90 Dave/Generated/src/UART001/UART001.o
                0x08002cb8                UART001_WriteDataMultiple
 .text.UART001_WriteDataBytes
                0x08002d48       0x90 Dave/Generated/src/UART001/UART001.o
                0x08002d48                UART001_WriteDataBytes
 .text.UART001_GetFlagStatus
                0x08002dd8       0x98 Dave/Generated/src/UART001/UART001.o
                0x08002dd8                UART001_GetFlagStatus
 .text.UART001_ClearFlag
                0x08002e70       0x78 Dave/Generated/src/UART001/UART001.o
                0x08002e70                UART001_ClearFlag
 .text          0x08002ee8        0x0 Dave/Generated/src/UART001/UART001_Conf.o
 .text          0x08002ee8        0x0 Dave/Generated/src/RESET001/RESET001.o
 .text.RESET001_AssertReset
                0x08002ee8       0x54 Dave/Generated/src/RESET001/RESET001.o
                0x08002ee8                RESET001_AssertReset
 .text.RESET001_DeassertReset
                0x08002f3c       0x54 Dave/Generated/src/RESET001/RESET001.o
                0x08002f3c                RESET001_DeassertReset
 .text.RESET001_GetResetInfo
                0x08002f90       0x2c Dave/Generated/src/RESET001/RESET001.o
                0x08002f90                RESET001_GetResetInfo
 .text.RESET001_GetStatus
                0x08002fbc       0x7c Dave/Generated/src/RESET001/RESET001.o
                0x08002fbc                RESET001_GetStatus
 .text.RESET001_ClearResetInfo
                0x08003038       0x28 Dave/Generated/src/RESET001/RESET001.o
                0x08003038                RESET001_ClearResetInfo
 .text          0x08003060        0x0 Dave/Generated/src/NVIC002/NVIC002.o
 .text.NVIC_GetPriorityGrouping
                0x08003060       0x20 Dave/Generated/src/NVIC002/NVIC002.o
 .text.NVIC_EnableIRQ
                0x08003080       0x38 Dave/Generated/src/NVIC002/NVIC002.o
 .text.NVIC_SetPriority
                0x080030b8       0x5c Dave/Generated/src/NVIC002/NVIC002.o
 .text.NVIC_EncodePriority
                0x08003114       0x78 Dave/Generated/src/NVIC002/NVIC002.o
 .text.NVIC002_EnableIRQ
                0x0800318c       0x20 Dave/Generated/src/NVIC002/NVIC002.o
 .text.NVIC002_Init
                0x080031ac       0x38 Dave/Generated/src/NVIC002/NVIC002.o
                0x080031ac                NVIC002_Init
 .text.NVIC002_lInit
                0x080031e4       0x4c Dave/Generated/src/NVIC002/NVIC002.o
 .text          0x08003230        0x0 Dave/Generated/src/NVIC002/NVIC002_Conf.o
 .text          0x08003230        0x0 Dave/Generated/src/LIBS/CCU8PWMLIB.o
 .text          0x08003230        0x0 Dave/Generated/src/LIBS/MOTORLIB.o
 .text          0x08003230        0x0 Dave/Generated/src/IO004/IO004.o
 .text.IO004_Init
                0x08003230      0x3d4 Dave/Generated/src/IO004/IO004.o
                0x08003230                IO004_Init
 .text.IO004_DisableOutputDriver
                0x08003604      0x17c Dave/Generated/src/IO004/IO004.o
                0x08003604                IO004_DisableOutputDriver
 .text.IO004_EnableOutputDriver
                0x08003780      0x17c Dave/Generated/src/IO004/IO004.o
                0x08003780                IO004_EnableOutputDriver
 .text          0x080038fc        0x0 Dave/Generated/src/IO004/IO004_Conf.o
 .text          0x080038fc        0x0 Dave/Generated/src/IO001/IO001.o
 .text.IO001_Init
                0x080038fc       0x40 Dave/Generated/src/IO001/IO001.o
                0x080038fc                IO001_Init
 .text.IO001_EnableDigitalInput
                0x0800393c      0x198 Dave/Generated/src/IO001/IO001.o
                0x0800393c                IO001_EnableDigitalInput
 .text.IO001_DisableDigitalInput
                0x08003ad4       0x2c Dave/Generated/src/IO001/IO001.o
                0x08003ad4                IO001_DisableDigitalInput
 .text          0x08003b00        0x0 Dave/Generated/src/IO001/IO001_Conf.o
 .text          0x08003b00        0x0 Dave/Generated/src/DAVESupport/DAVE3.o
 .text.NVIC_SetPriorityGrouping
                0x08003b00       0x50 Dave/Generated/src/DAVESupport/DAVE3.o
 .text.DAVE_Init
                0x08003b50       0x38 Dave/Generated/src/DAVESupport/DAVE3.o
                0x08003b50                DAVE_Init
 .text.SystemInit_DAVE3
                0x08003b88        0xc Dave/Generated/src/DAVESupport/DAVE3.o
                0x08003b88                SystemInit_DAVE3
 .text          0x08003b94        0x0 Dave/Generated/src/DAVESupport/MULTIPLEXER.o
 .text.DAVE_MUX_Init
                0x08003b94      0x210 Dave/Generated/src/DAVESupport/MULTIPLEXER.o
                0x08003b94                DAVE_MUX_Init
 .text.DAVE_MUX_PreInit
                0x08003da4        0xc Dave/Generated/src/DAVESupport/MULTIPLEXER.o
                0x08003da4                DAVE_MUX_PreInit
 .text          0x08003db0        0x0 Dave/Generated/src/CLK001/CLK001.o
 .text.CLK001_Delay
                0x08003db0       0x34 Dave/Generated/src/CLK001/CLK001.o
 .text.CLK001_SysClk_Valid
                0x08003de4       0x38 Dave/Generated/src/CLK001/CLK001.o
 .text.CLK001_BackupClkTrim
                0x08003e1c       0x94 Dave/Generated/src/CLK001/CLK001.o
 .text.CLK001_SetMainPLLClkSrc
                0x08003eb0       0xf0 Dave/Generated/src/CLK001/CLK001.o
 .text.CLK001_ConfigMainPLL
                0x08003fa0      0x15c Dave/Generated/src/CLK001/CLK001.o
 .text.CLK001_FreqStepupMainPLL
                0x080040fc      0x164 Dave/Generated/src/CLK001/CLK001.o
 .text.CLK001_SysClk_Init
                0x08004260       0x50 Dave/Generated/src/CLK001/CLK001.o
 .text.CLK001_Init
                0x080042b0       0x30 Dave/Generated/src/CLK001/CLK001.o
                0x080042b0                CLK001_Init
 .text.AllowPLLInitByStartup
                0x080042e0       0x10 Dave/Generated/src/CLK001/CLK001.o
                0x080042e0                AllowPLLInitByStartup
 .text          0x080042f0        0x0 Dave/Generated/src/ADCGROUP001/ADCGroup001.o
 .text.ADCGROUP001_Init
                0x080042f0       0x2c Dave/Generated/src/ADCGROUP001/ADCGroup001.o
                0x080042f0                ADCGROUP001_Init
 .text.ADCGROUP001_lInit
                0x0800431c      0x1a0 Dave/Generated/src/ADCGROUP001/ADCGroup001.o
                0x0800431c                ADCGROUP001_lInit
 .text.ADCGROUP001_Deinit
                0x080044bc       0x84 Dave/Generated/src/ADCGROUP001/ADCGroup001.o
                0x080044bc                ADCGROUP001_Deinit
 .text.ADCGROUP001_GetStartupCalStatus
                0x08004540       0x34 Dave/Generated/src/ADCGROUP001/ADCGroup001.o
                0x08004540                ADCGROUP001_GetStartupCalStatus
 .text.ADCGROUP001_SetGroupBound0
                0x08004574       0x68 Dave/Generated/src/ADCGROUP001/ADCGroup001.o
                0x08004574                ADCGROUP001_SetGroupBound0
 .text.ADCGROUP001_SetGroupBound1
                0x080045dc       0x6c Dave/Generated/src/ADCGROUP001/ADCGroup001.o
                0x080045dc                ADCGROUP001_SetGroupBound1
 .text.ADCGROUP001_ActiveGroupServiceRequestNode
                0x08004648       0x78 Dave/Generated/src/ADCGROUP001/ADCGroup001.o
                0x08004648                ADCGROUP001_ActiveGroupServiceRequestNode
 .text.ADCGROUP001_DeActiveGroupServiceRequestNode
                0x080046c0       0x60 Dave/Generated/src/ADCGROUP001/ADCGroup001.o
                0x080046c0                ADCGROUP001_DeActiveGroupServiceRequestNode
 .text.ADCGROUP001_ActiveSharedServiceRequestNode
                0x08004720       0x80 Dave/Generated/src/ADCGROUP001/ADCGroup001.o
                0x08004720                ADCGROUP001_ActiveSharedServiceRequestNode
 .text.ADCGROUP001_DeActiveSharedServiceRequestNode
                0x080047a0       0x64 Dave/Generated/src/ADCGROUP001/ADCGroup001.o
                0x080047a0                ADCGROUP001_DeActiveSharedServiceRequestNode
 .text.ADCGROUP001_EMUXStartSelection
                0x08004804       0x5c Dave/Generated/src/ADCGROUP001/ADCGroup001.o
                0x08004804                ADCGROUP001_EMUXStartSelection
 .text.ADCGROUP001_GetEMUXStartSelection
                0x08004860       0x54 Dave/Generated/src/ADCGROUP001/ADCGroup001.o
                0x08004860                ADCGROUP001_GetEMUXStartSelection
 .text.ADCGROUP001_SetEMUXChannelSelect
                0x080048b4       0x60 Dave/Generated/src/ADCGROUP001/ADCGroup001.o
                0x080048b4                ADCGROUP001_SetEMUXChannelSelect
 .text.ADCGROUP001_SetEMUXMode
                0x08004914       0x70 Dave/Generated/src/ADCGROUP001/ADCGroup001.o
                0x08004914                ADCGROUP001_SetEMUXMode
 .text.ADCGROUP001_SetEMUXCodeScheme
                0x08004984       0x78 Dave/Generated/src/ADCGROUP001/ADCGroup001.o
                0x08004984                ADCGROUP001_SetEMUXCodeScheme
 .text.ADCGROUP001_SetGroupClass0SampleTime
                0x080049fc       0x5c Dave/Generated/src/ADCGROUP001/ADCGroup001.o
                0x080049fc                ADCGROUP001_SetGroupClass0SampleTime
 .text.ADCGROUP001_SetGroupClass1SampleTime
                0x08004a58       0x5c Dave/Generated/src/ADCGROUP001/ADCGroup001.o
                0x08004a58                ADCGROUP001_SetGroupClass1SampleTime
 .text.ADCGROUP001_SetGroupClass0EmuxSampleTime
                0x08004ab4       0x60 Dave/Generated/src/ADCGROUP001/ADCGroup001.o
                0x08004ab4                ADCGROUP001_SetGroupClass0EmuxSampleTime
 .text.ADCGROUP001_SetGroupClass1EmuxSampleTime
                0x08004b14       0x60 Dave/Generated/src/ADCGROUP001/ADCGroup001.o
                0x08004b14                ADCGROUP001_SetGroupClass1EmuxSampleTime
 .text.ADCGROUP001_SetGroupClass0ConvMode
                0x08004b74       0x68 Dave/Generated/src/ADCGROUP001/ADCGroup001.o
                0x08004b74                ADCGROUP001_SetGroupClass0ConvMode
 .text.ADCGROUP001_SetGroupClass1ConvMode
                0x08004bdc       0x68 Dave/Generated/src/ADCGROUP001/ADCGroup001.o
                0x08004bdc                ADCGROUP001_SetGroupClass1ConvMode
 .text.ADCGROUP001_SetGroupClass0EmuxConvMode
                0x08004c44       0x68 Dave/Generated/src/ADCGROUP001/ADCGroup001.o
                0x08004c44                ADCGROUP001_SetGroupClass0EmuxConvMode
 .text.ADCGROUP001_SetGroupClass1EmuxConvMode
                0x08004cac       0x68 Dave/Generated/src/ADCGROUP001/ADCGroup001.o
                0x08004cac                ADCGROUP001_SetGroupClass1EmuxConvMode
 .text.ADCGROUP001_SetEMUXSampleTimeControl
                0x08004d14       0x70 Dave/Generated/src/ADCGROUP001/ADCGroup001.o
                0x08004d14                ADCGROUP001_SetEMUXSampleTimeControl
 .text          0x08004d84        0x0 Dave/Generated/src/ADCGROUP001/ADCGroup001_Conf.o
 .text          0x08004d84        0x0 Dave/Generated/src/ADCGLOB001/ADCGlob001.o
 .text.ADCGLOB001_Init
                0x08004d84      0x1a0 Dave/Generated/src/ADCGLOB001/ADCGlob001.o
                0x08004d84                ADCGLOB001_Init
 .text.ADCGLOB001_DeInit
                0x08004f24       0x98 Dave/Generated/src/ADCGLOB001/ADCGlob001.o
                0x08004f24                ADCGLOB001_DeInit
 .text.ADCGLOB001_CLKRequestDisable
                0x08004fbc       0x3c Dave/Generated/src/ADCGLOB001/ADCGlob001.o
                0x08004fbc                ADCGLOB001_CLKRequestDisable
 .text.ADCGLOB001_CLKRequestEnable
                0x08004ff8       0x3c Dave/Generated/src/ADCGLOB001/ADCGlob001.o
                0x08004ff8                ADCGLOB001_CLKRequestEnable
 .text.ADCGLOB001_SetStartUpCalibration
                0x08005034       0x40 Dave/Generated/src/ADCGLOB001/ADCGlob001.o
                0x08005034                ADCGLOB001_SetStartUpCalibration
 .text.ADCGLOB001_StartUpCalibrationInit
                0x08005074       0x60 Dave/Generated/src/ADCGLOB001/ADCGlob001.o
                0x08005074                ADCGLOB001_StartUpCalibrationInit
 .text.ADCGLOB001_EnableSleepModeControl
                0x080050d4       0x3c Dave/Generated/src/ADCGLOB001/ADCGlob001.o
                0x080050d4                ADCGLOB001_EnableSleepModeControl
 .text.ADCGLOB001_DisregardSleepModeControl
                0x08005110       0x3c Dave/Generated/src/ADCGLOB001/ADCGlob001.o
                0x08005110                ADCGLOB001_DisregardSleepModeControl
 .text.ADCGLOB001_SetGlobClass0ConvMode
                0x0800514c       0x64 Dave/Generated/src/ADCGLOB001/ADCGlob001.o
                0x0800514c                ADCGLOB001_SetGlobClass0ConvMode
 .text.ADCGLOB001_SetGlobClass0SampleTime
                0x080051b0       0x5c Dave/Generated/src/ADCGLOB001/ADCGlob001.o
                0x080051b0                ADCGLOB001_SetGlobClass0SampleTime
 .text.ADCGLOB001_SetGlobClass0EmuxConvMode
                0x0800520c       0x64 Dave/Generated/src/ADCGLOB001/ADCGlob001.o
                0x0800520c                ADCGLOB001_SetGlobClass0EmuxConvMode
 .text.ADCGLOB001_SetGlobClass0EmuxSampleTime
                0x08005270       0x60 Dave/Generated/src/ADCGLOB001/ADCGlob001.o
                0x08005270                ADCGLOB001_SetGlobClass0EmuxSampleTime
 .text.ADCGLOB001_SetGlobClass1ConvMode
                0x080052d0       0x64 Dave/Generated/src/ADCGLOB001/ADCGlob001.o
                0x080052d0                ADCGLOB001_SetGlobClass1ConvMode
 .text.ADCGLOB001_SetGlobClass1SampleTime
                0x08005334       0x5c Dave/Generated/src/ADCGLOB001/ADCGlob001.o
                0x08005334                ADCGLOB001_SetGlobClass1SampleTime
 .text.ADCGLOB001_SetGlobClass1EmuxConvMode
                0x08005390       0x64 Dave/Generated/src/ADCGLOB001/ADCGlob001.o
                0x08005390                ADCGLOB001_SetGlobClass1EmuxConvMode
 .text.ADCGLOB001_SetGlobClass1EmuxSampleTime
                0x080053f4       0x60 Dave/Generated/src/ADCGLOB001/ADCGlob001.o
                0x080053f4                ADCGLOB001_SetGlobClass1EmuxSampleTime
 .text.ADCGLOB001_GetDisableBitStatus
                0x08005454       0x44 Dave/Generated/src/ADCGLOB001/ADCGlob001.o
                0x08005454                ADCGLOB001_GetDisableBitStatus
 .text.ADCGLOB001_GetIdValue
                0x08005498       0x38 Dave/Generated/src/ADCGLOB001/ADCGlob001.o
                0x08005498                ADCGLOB001_GetIdValue
 .text.ADCGLOB001_GTFRConvtrDiagnoGrp
                0x080054d0       0x8c Dave/Generated/src/ADCGLOB001/ADCGlob001.o
                0x080054d0                ADCGLOB001_GTFRConvtrDiagnoGrp
 .text.ADCGLOB001_GTFRConvtrDiagnoEnable
                0x0800555c       0x54 Dave/Generated/src/ADCGLOB001/ADCGlob001.o
                0x0800555c                ADCGLOB001_GTFRConvtrDiagnoEnable
 .text.ADCGLOB001_GTFRConvtrDiagnoPullDevicesSelect
                0x080055b0       0x8c Dave/Generated/src/ADCGLOB001/ADCGlob001.o
                0x080055b0                ADCGLOB001_GTFRConvtrDiagnoPullDevicesSelect
 .text.ADCGLOB001_GTFRPullDwnDiagnoEnable
                0x0800563c       0x54 Dave/Generated/src/ADCGLOB001/ADCGlob001.o
                0x0800563c                ADCGLOB001_GTFRPullDwnDiagnoEnable
 .text          0x08005690        0x0 Dave/Generated/src/ADCGLOB001/ADCGlob001_Conf.o
 .text          0x08005690        0x0 Dave/Generated/src/ADC001/ADC001.o
 .text.ADC001_Init
                0x08005690       0x18 Dave/Generated/src/ADC001/ADC001.o
                0x08005690                ADC001_Init
 .text.ADC001_lInit
                0x080056a8      0x2a0 Dave/Generated/src/ADC001/ADC001.o
                0x080056a8                ADC001_lInit
 .text.ADC001_Deinit
                0x08005948      0x150 Dave/Generated/src/ADC001/ADC001.o
                0x08005948                ADC001_Deinit
 .text.ADC001_SelectInputClass
                0x08005a98       0xdc Dave/Generated/src/ADC001/ADC001.o
                0x08005a98                ADC001_SelectInputClass
 .text.ADC001_EnableResultEvt
                0x08005b74       0x44 Dave/Generated/src/ADC001/ADC001.o
                0x08005b74                ADC001_EnableResultEvt
 .text.ADC001_DisableResultEvt
                0x08005bb8       0x44 Dave/Generated/src/ADC001/ADC001.o
                0x08005bb8                ADC001_DisableResultEvt
 .text.ADC001_GetResult
                0x08005bfc       0x84 Dave/Generated/src/ADC001/ADC001.o
                0x08005bfc                ADC001_GetResult
 .text.ADC001_GetFastResult
                0x08005c80       0x24 Dave/Generated/src/ADC001/ADC001.o
                0x08005c80                ADC001_GetFastResult
 .text.ADC001_GetResultEvtFlag
                0x08005ca4       0x58 Dave/Generated/src/ADC001/ADC001.o
                0x08005ca4                ADC001_GetResultEvtFlag
 .text.ADC001_SetResultEvtFlag
                0x08005cfc       0x44 Dave/Generated/src/ADC001/ADC001.o
                0x08005cfc                ADC001_SetResultEvtFlag
 .text.ADC001_ClearResultEvtFlag
                0x08005d40       0x44 Dave/Generated/src/ADC001/ADC001.o
                0x08005d40                ADC001_ClearResultEvtFlag
 .text.ADC001_GetChannelEvtFlag
                0x08005d84       0xe4 Dave/Generated/src/ADC001/ADC001.o
                0x08005d84                ADC001_GetChannelEvtFlag
 .text.ADC001_SetChannelEvtFlag
                0x08005e68       0xd0 Dave/Generated/src/ADC001/ADC001.o
                0x08005e68                ADC001_SetChannelEvtFlag
 .text.ADC001_ClearChannelEvtFlag
                0x08005f38       0xd0 Dave/Generated/src/ADC001/ADC001.o
                0x08005f38                ADC001_ClearChannelEvtFlag
 .text.ADC001_EnableBackGroundEvent
                0x08006008       0x44 Dave/Generated/src/ADC001/ADC001.o
                0x08006008                ADC001_EnableBackGroundEvent
 .text.ADC001_DisableBackGroundEvent
                0x0800604c       0x44 Dave/Generated/src/ADC001/ADC001.o
                0x0800604c                ADC001_DisableBackGroundEvent
 .text.ADC001_GetBackGroundEvtFlag
                0x08006090       0x54 Dave/Generated/src/ADC001/ADC001.o
                0x08006090                ADC001_GetBackGroundEvtFlag
 .text.ADC001_SetBackGroundEvtFlag
                0x080060e4       0x44 Dave/Generated/src/ADC001/ADC001.o
                0x080060e4                ADC001_SetBackGroundEvtFlag
 .text.ADC001_ClearBackGroundEvtFlag
                0x08006128       0x44 Dave/Generated/src/ADC001/ADC001.o
                0x08006128                ADC001_ClearBackGroundEvtFlag
 .text.ADC001_ClearPendingBits
                0x0800616c       0x44 Dave/Generated/src/ADC001/ADC001.o
                0x0800616c                ADC001_ClearPendingBits
 .text.ADC001_GenerateLoadEvent
                0x080061b0       0x44 Dave/Generated/src/ADC001/ADC001.o
                0x080061b0                ADC001_GenerateLoadEvent
 .text.ADC001_EnableGate
                0x080061f4       0x5c Dave/Generated/src/ADC001/ADC001.o
                0x080061f4                ADC001_EnableGate
 .text.ADC001_GetGateLevel
                0x08006250       0x58 Dave/Generated/src/ADC001/ADC001.o
                0x08006250                ADC001_GetGateLevel
 .text.ADC001_SetExternalTriggerMode
                0x080062a8       0x94 Dave/Generated/src/ADC001/ADC001.o
                0x080062a8                ADC001_SetExternalTriggerMode
 .text.ADC001_EnableExternalTrigger
                0x0800633c       0x44 Dave/Generated/src/ADC001/ADC001.o
                0x0800633c                ADC001_EnableExternalTrigger
 .text.ADC001_DisableExternalTrigger
                0x08006380       0x44 Dave/Generated/src/ADC001/ADC001.o
                0x08006380                ADC001_DisableExternalTrigger
 .text.ADC001_EnableArbitrationSlot
                0x080063c4       0x94 Dave/Generated/src/ADC001/ADC001.o
                0x080063c4                ADC001_EnableArbitrationSlot
 .text.ADC001_DisableArbitrationSlot
                0x08006458       0x94 Dave/Generated/src/ADC001/ADC001.o
                0x08006458                ADC001_DisableArbitrationSlot
 .text.ADC001_SetLoadEventMode
                0x080064ec       0x74 Dave/Generated/src/ADC001/ADC001.o
                0x080064ec                ADC001_SetLoadEventMode
 .text.ADC001_SetPendingChannel
                0x08006560       0xb4 Dave/Generated/src/ADC001/ADC001.o
                0x08006560                ADC001_SetPendingChannel
 .text.ADC001_ClearPendingChannel
                0x08006614       0xb8 Dave/Generated/src/ADC001/ADC001.o
                0x08006614                ADC001_ClearPendingChannel
 .text.ADC001_SetChannelSelect
                0x080066cc       0xb4 Dave/Generated/src/ADC001/ADC001.o
                0x080066cc                ADC001_SetChannelSelect
 .text.ADC001_ClearChannelSelect
                0x08006780       0xb8 Dave/Generated/src/ADC001/ADC001.o
                0x08006780                ADC001_ClearChannelSelect
 .text.ADC001_SetChannelEventMode
                0x08006838      0x114 Dave/Generated/src/ADC001/ADC001.o
                0x08006838                ADC001_SetChannelEventMode
 .text          0x0800694c        0x0 Dave/Generated/src/ADC001/ADC001_Conf.o
 .text          0x0800694c        0x0 c:/dave-3.1.10/arm-gcc/bin/../lib/gcc/arm-none-eabi/4.7.4/../../../../arm-none-eabi/lib/armv7e-m\libg.a(lib_a-init.o)
 .text.__libc_init_array
                0x0800694c       0x94 c:/dave-3.1.10/arm-gcc/bin/../lib/gcc/arm-none-eabi/4.7.4/../../../../arm-none-eabi/lib/armv7e-m\libg.a(lib_a-init.o)
                0x0800694c                __libc_init_array
 *(.glue*)
 .glue_7        0x00000000        0x0 linker stubs
 .glue_7t       0x00000000        0x0 linker stubs
 *(.v4*)
 .v4_bx         0x00000000        0x0 linker stubs
 *(.vfp11_veneer)
 .vfp11_veneer  0x00000000        0x0 linker stubs
 *(.init)
                0x080069e0                __preinit_array_start = .
 *(.preinit_array)
                0x080069e0                __preinit_array_end = .
                0x080069e0                __init_array_start = .
 *(SORT(.init_array.*))
 *(.init_array)
                0x080069e0                __init_array_end = .
 *crtbegin.o(.ctors)
 *(EXCLUDE_FILE(*crtend.o) .ctors)
 *(SORT(.ctors.*))
 *crtend.o(.ctors)
 *(.fini)
                0x080069e0                __fini_array_start = .
 *(.fini_array)
 *(SORT(.fini_array.*))
                0x080069e0                __fini_array_end = .
 *crtbegin.o(.dtors)
 *(EXCLUDE_FILE(*crtend.o) .dtors)
 *(SORT(.dtors.*))
 *crtend.o(.dtors)
                0x080069e0                __extab_start = .
 *(.ARM.extab* .gnu.linkonce.armextab.*)
 .ARM.extab.Xmc4500.reset
                0x080069e0        0x0 Startup/startup_XMC4500.o
 .ARM.extab.Xmc4500.postreset
                0x080069e0        0x0 Startup/startup_XMC4500.o
                0x080069e0                . = ALIGN (0x4)
                0x080069e0                __extab_end = ABSOLUTE (.)

.iplt           0x080069e0        0x0 load address 0x0c0069e0
 .iplt          0x00000000        0x0 Startup/startup_XMC4500.o

.ARM.exidx      0x080069e0       0x10 load address 0x0c0069e0
                0x080069e0                __exidx_start = .
 *(.ARM.exidx* .gnu.linkonce.armexidx.*)
 .ARM.exidx.Xmc4500.reset
                0x080069e0        0x8 Startup/startup_XMC4500.o
 .ARM.exidx.Xmc4500.postreset
                0x080069e8        0x8 Startup/startup_XMC4500.o
                0x080069f0                . = ALIGN (0x4)
                0x080069f0                __exidx_end = ABSOLUTE (.)

.rodata         0x080069f0      0x120 load address 0x0c0069f0
 *(.rodata .rodata.*)
 .rodata        0x080069f0       0x34 Dave/Generated/src/UART001/UART001_Conf.o
                0x080069f0                UART001_Handle0
 .rodata        0x08006a24        0x4 Dave/Generated/src/NVIC002/NVIC002_Conf.o
                0x08006a24                NVIC002_Handle0
 .rodata        0x08006a28       0x50 Dave/Generated/src/IO004/IO004_Conf.o
                0x08006a28                IO004_Handle1
                0x08006a30                IO004_Handle10
                0x08006a38                IO004_Handle11
                0x08006a40                IO004_Handle12
                0x08006a48                IO004_Handle2
                0x08006a50                IO004_Handle4
                0x08006a58                IO004_Handle5
                0x08006a60                IO004_Handle6
                0x08006a68                IO004_Handle8
                0x08006a70                IO004_Handle9
 .rodata        0x08006a78        0x8 Dave/Generated/src/IO001/IO001_Conf.o
                0x08006a78                IO001_Handle0
 .rodata        0x08006a80       0x20 Dave/Generated/src/ADCGROUP001/ADCGroup001_Conf.o
                0x08006a80                ADCGROUP001_Handle0
 .rodata        0x08006aa0       0x18 Dave/Generated/src/ADCGLOB001/ADCGlob001_Conf.o
                0x08006aa0                ADCGLOB001_Handle0
 .rodata        0x08006ab8       0x58 Dave/Generated/src/ADC001/ADC001_Conf.o
                0x08006ab8                ADC001_ChannelAAHandle
                0x08006abc                ADC001_Handle0
 *(.gnu.linkonce.r*)

.rel.dyn        0x08006b10        0x0 load address 0x0c006b10
 .rel.iplt      0x00000000        0x0 Startup/startup_XMC4500.o
                0x08006b10                . = ALIGN (0x10)
                0x0c006b10                eROData = (. | 0x4000000)

Stack           0x10000000      0x800
                0x10000800                . = (. + stack_size)
 *fill*         0x10000000      0x800 00
                0x10000800                __Xmc4500_stack = .

.data3          0x10000800        0x0
                0x10000800                __data3_start = .
 *(.data3)
                0x10000800                __data3_end = .
                0x00000000                __data3_size = (__data3_end - __data3_start)

.data           0x20000000       0x2c load address 0x0c006b10
                0x20000000                __Xmc4500_sData = .
 *(.data)
 .data          0x20000000        0x0 Startup/startup_XMC4500.o
 .data          0x20000000        0x4 Startup/system_XMC4500.o
                0x20000000                SystemCoreClock
 .data          0x20000004       0x1c Main.o
                0x20000004                l_um
                0x20000008                r_um
                0x2000000c                cross
                0x20000010                sqr
                0x20000014                triangle
                0x20000018                circle
                0x2000001c                data_R
                0x2000001d                mode
 .data          0x20000020        0x0 Lib/System_LibcStubs.o
 .data          0x20000020        0x0 Dave/Generated/src/UART001/UART001.o
 .data          0x20000020        0x4 Dave/Generated/src/UART001/UART001_Conf.o
                0x20000020                UART001_HandleArray
 .data          0x20000024        0x0 Dave/Generated/src/RESET001/RESET001.o
 .data          0x20000024        0x0 Dave/Generated/src/NVIC002/NVIC002.o
 .data          0x20000024        0x4 Dave/Generated/src/NVIC002/NVIC002_Conf.o
                0x20000024                NVIC002_HandleArray
 .data          0x20000028        0x0 Dave/Generated/src/LIBS/CCU8PWMLIB.o
 .data          0x20000028        0x0 Dave/Generated/src/LIBS/MOTORLIB.o
 .data          0x20000028        0x0 Dave/Generated/src/IO004/IO004.o
 .data          0x20000028        0x0 Dave/Generated/src/IO004/IO004_Conf.o
 .data          0x20000028        0x0 Dave/Generated/src/IO001/IO001.o
 .data          0x20000028        0x0 Dave/Generated/src/IO001/IO001_Conf.o
 .data          0x20000028        0x0 Dave/Generated/src/DAVESupport/DAVE3.o
 .data          0x20000028        0x0 Dave/Generated/src/DAVESupport/MULTIPLEXER.o
 .data          0x20000028        0x0 Dave/Generated/src/CLK001/CLK001.o
 .data          0x20000028        0x0 Dave/Generated/src/ADCGROUP001/ADCGroup001.o
 .data          0x20000028        0x0 Dave/Generated/src/ADCGROUP001/ADCGroup001_Conf.o
 .data          0x20000028        0x0 Dave/Generated/src/ADCGLOB001/ADCGlob001.o
 .data          0x20000028        0x0 Dave/Generated/src/ADCGLOB001/ADCGlob001_Conf.o
 .data          0x20000028        0x0 Dave/Generated/src/ADC001/ADC001.o
 .data          0x20000028        0x4 Dave/Generated/src/ADC001/ADC001_Conf.o
                0x20000028                ADC001_ChannelHandlePtr
 .data          0x2000002c        0x0 c:/dave-3.1.10/arm-gcc/bin/../lib/gcc/arm-none-eabi/4.7.4/../../../../arm-none-eabi/lib/armv7e-m\libg.a(lib_a-init.o)
 *(.data*)
 *(*.data)
 *(.gnu.linkonce.d*)
                0x2000002c                __Xmc4500_eData = ALIGN (0x4)
                0x0000002c                __Xmc4500_Data_Size = (__Xmc4500_eData - __Xmc4500_sData)

.igot.plt       0x2000002c        0x0 load address 0x0c006b3c
 .igot.plt      0x00000000        0x0 Startup/startup_XMC4500.o

.ram_code       0x10000800        0x0 load address 0x0c006b3c
                0x10000800                __ram_code_start = .
 *(.ram_code)
                0x10000800                __ram_code_end = .
                0x0c006b3c                __ram_code_load = LOADADDR (.ram_code)
                0x00000000                __ram_code_size = (__ram_code_end - __ram_code_start)

.bss            0x2000002c       0xa8 load address 0x0c006b3c
                0x2000002c                __Xmc4500_sBSS = .
 *(.bss)
 .bss           0x2000002c        0x0 Startup/startup_XMC4500.o
 .bss           0x2000002c        0x0 Startup/system_XMC4500.o
 .bss           0x2000002c       0x4c Main.o
                0x2000002c                l_dois
                0x20000030                l_tres
                0x20000034                r_dois
                0x20000038                r_tres
                0x2000003c                left
                0x20000040                right
                0x20000044                up
                0x20000048                down
                0x2000004c                start
                0x20000050                select
                0x20000054                l_um_state
                0x20000055                l_dois_state
                0x20000056                l_tres_state
                0x20000057                r_um_state
                0x20000058                r_dois_state
                0x20000059                r_tres_state
                0x2000005a                cross_state
                0x2000005b                sqr_state
                0x2000005c                triangle_state
                0x2000005d                circle_state
                0x2000005e                left_state
                0x2000005f                right_state
                0x20000060                up_state
                0x20000061                down_state
                0x20000062                start_state
                0x20000063                select_state
                0x20000064                l_um_state_before
                0x20000065                l_dois_state_before
                0x20000066                l_tres_state_before
                0x20000067                r_um_state_before
                0x20000068                r_dois_state_before
                0x20000069                r_tres_state_before
                0x2000006a                cross_state_before
                0x2000006b                sqr_state_before
                0x2000006c                triangle_state_before
                0x2000006d                circle_state_before
                0x2000006e                left_state_before
                0x2000006f                right_state_before
                0x20000070                up_state_before
                0x20000071                down_state_before
                0x20000072                start_state_before
                0x20000073                select_state_before
                0x20000074                flipped
 .bss           0x20000078        0xc Lib/System_LibcStubs.o
                0x20000078                __dso_handle
 .bss           0x20000084        0x0 Dave/Generated/src/UART001/UART001.o
 .bss           0x20000084        0x0 Dave/Generated/src/UART001/UART001_Conf.o
 .bss           0x20000084        0x0 Dave/Generated/src/RESET001/RESET001.o
 .bss           0x20000084        0x0 Dave/Generated/src/NVIC002/NVIC002.o
 .bss           0x20000084        0x0 Dave/Generated/src/NVIC002/NVIC002_Conf.o
 .bss           0x20000084        0x0 Dave/Generated/src/LIBS/CCU8PWMLIB.o
 .bss           0x20000084        0x0 Dave/Generated/src/LIBS/MOTORLIB.o
 .bss           0x20000084        0x0 Dave/Generated/src/IO004/IO004.o
 .bss           0x20000084        0x0 Dave/Generated/src/IO004/IO004_Conf.o
 .bss           0x20000084        0x0 Dave/Generated/src/IO001/IO001.o
 .bss           0x20000084        0x0 Dave/Generated/src/IO001/IO001_Conf.o
 .bss           0x20000084        0x0 Dave/Generated/src/DAVESupport/DAVE3.o
 .bss           0x20000084        0x0 Dave/Generated/src/DAVESupport/MULTIPLEXER.o
 .bss           0x20000084        0x8 Dave/Generated/src/CLK001/CLK001.o
 .bss           0x2000008c        0x0 Dave/Generated/src/ADCGROUP001/ADCGroup001.o
 .bss           0x2000008c        0x4 Dave/Generated/src/ADCGROUP001/ADCGroup001_Conf.o
                0x2000008c                ADCGROUP001_DynamicHandle0
 .bss           0x20000090        0x0 Dave/Generated/src/ADCGLOB001/ADCGlob001.o
 .bss           0x20000090        0x4 Dave/Generated/src/ADCGLOB001/ADCGlob001_Conf.o
                0x20000090                ADCGLOB001_DynamicData0
 .bss           0x20000094        0x0 Dave/Generated/src/ADC001/ADC001.o
 .bss           0x20000094        0x8 Dave/Generated/src/ADC001/ADC001_Conf.o
                0x20000094                ADC001_DynamicHandle
 .bss           0x2000009c        0x0 c:/dave-3.1.10/arm-gcc/bin/../lib/gcc/arm-none-eabi/4.7.4/../../../../arm-none-eabi/lib/armv7e-m\libg.a(lib_a-init.o)
 *(.bss*)
 *(COMMON)
 COMMON         0x2000009c       0x38 Main.o
                0x2000009c                configuration
                0x200000ab                pwm_max
                0x200000ac                psx_status
                0x200000b0                data_E
                0x200000b8                psxDado
                0x200000d0                result
 *(.gnu.linkonce.b*)
                0x200000d4                __Xmc4500_eBSS = ALIGN (0x4)
                0x200000d4                . = ALIGN (0x4)
                0x200000d4                Heap_Bank1_Start = .
                0x000000a8                __Xmc4500_BSS_Size = (__Xmc4500_eBSS - __Xmc4500_sBSS)

.data2          0x30000000        0x0
                0x30000000                __data2_start = .
 *(ETH_RAM)
                0x30000000                __data2_end = .
                0x00000000                __data2_size = (__data2_end - __data2_start)
                0x0000ff2c                Heap_Bank1_Size = (0x10000 - (Heap_Bank1_Start - ORIGIN (DSRAM_1_system)))

DSRAM2_Heap     0x30000000        0x0
                0x30000000                Heap_Bank2_Start = .
                0x00008000                Heap_Bank2_Size = (0x8000 - (Heap_Bank2_Start - ORIGIN (DSRAM_2_comm)))

PSRAM_Heap      0x10000800        0x0
                0x10000800                Heap_Bank3_Start = .
                0x0000f800                Heap_Bank3_Size = (0x10000 - (Heap_Bank3_Start - ORIGIN (PSRAM_1)))

/DISCARD/
 *(.comment)

.stab
 *(.stab)

.stabstr
 *(.stabstr)

.debug
 *(.debug)

.line
 *(.line)

.debug_srcinfo
 *(.debug_srcinfo)

.debug_sfnames
 *(.debug_sfnames)

.debug_aranges  0x00000000      0x788
 *(.debug_aranges)
 .debug_aranges
                0x00000000       0x38 Startup/startup_XMC4500.o
 .debug_aranges
                0x00000038       0x30 Startup/system_XMC4500.o
 .debug_aranges
                0x00000068       0xb8 Main.o
 .debug_aranges
                0x00000120       0xa0 Lib/System_LibcStubs.o
 .debug_aranges
                0x000001c0       0x80 Dave/Generated/src/UART001/UART001.o
 .debug_aranges
                0x00000240       0x18 Dave/Generated/src/UART001/UART001_Conf.o
 .debug_aranges
                0x00000258       0x40 Dave/Generated/src/RESET001/RESET001.o
 .debug_aranges
                0x00000298       0x50 Dave/Generated/src/NVIC002/NVIC002.o
 .debug_aranges
                0x000002e8       0x18 Dave/Generated/src/NVIC002/NVIC002_Conf.o
 .debug_aranges
                0x00000300       0x18 Dave/Generated/src/LIBS/CCU8PWMLIB.o
 .debug_aranges
                0x00000318       0x18 Dave/Generated/src/LIBS/MOTORLIB.o
 .debug_aranges
                0x00000330       0x30 Dave/Generated/src/IO004/IO004.o
 .debug_aranges
                0x00000360       0x18 Dave/Generated/src/IO004/IO004_Conf.o
 .debug_aranges
                0x00000378       0x30 Dave/Generated/src/IO001/IO001.o
 .debug_aranges
                0x000003a8       0x18 Dave/Generated/src/IO001/IO001_Conf.o
 .debug_aranges
                0x000003c0       0x30 Dave/Generated/src/DAVESupport/DAVE3.o
 .debug_aranges
                0x000003f0       0x28 Dave/Generated/src/DAVESupport/MULTIPLEXER.o
 .debug_aranges
                0x00000418       0x60 Dave/Generated/src/CLK001/CLK001.o
 .debug_aranges
                0x00000478       0xd8 Dave/Generated/src/ADCGROUP001/ADCGroup001.o
 .debug_aranges
                0x00000550       0x18 Dave/Generated/src/ADCGROUP001/ADCGroup001_Conf.o
 .debug_aranges
                0x00000568       0xc8 Dave/Generated/src/ADCGLOB001/ADCGlob001.o
 .debug_aranges
                0x00000630       0x18 Dave/Generated/src/ADCGLOB001/ADCGlob001_Conf.o
 .debug_aranges
                0x00000648      0x128 Dave/Generated/src/ADC001/ADC001.o
 .debug_aranges
                0x00000770       0x18 Dave/Generated/src/ADC001/ADC001_Conf.o

.debug_pubnames
 *(.debug_pubnames)

.debug_pubtypes
 *(.debug_pubtypes)

.debug_info     0x00000000     0xd1ed
 *(.debug_info .gnu.linkonce.wi.*)
 .debug_info    0x00000000       0x98 Startup/startup_XMC4500.o
 .debug_info    0x00000098      0xaf0 Startup/system_XMC4500.o
 .debug_info    0x00000b88     0x1e18 Main.o
 .debug_info    0x000029a0      0x65f Lib/System_LibcStubs.o
 .debug_info    0x00002fff      0xfc2 Dave/Generated/src/UART001/UART001.o
 .debug_info    0x00003fc1      0x805 Dave/Generated/src/UART001/UART001_Conf.o
 .debug_info    0x000047c6      0x47c Dave/Generated/src/RESET001/RESET001.o
 .debug_info    0x00004c42      0x884 Dave/Generated/src/NVIC002/NVIC002.o
 .debug_info    0x000054c6      0x127 Dave/Generated/src/NVIC002/NVIC002_Conf.o
 .debug_info    0x000055ed       0x94 Dave/Generated/src/LIBS/CCU8PWMLIB.o
 .debug_info    0x00005681       0x94 Dave/Generated/src/LIBS/MOTORLIB.o
 .debug_info    0x00005715      0x414 Dave/Generated/src/IO004/IO004.o
 .debug_info    0x00005b29      0x328 Dave/Generated/src/IO004/IO004_Conf.o
 .debug_info    0x00005e51      0x35f Dave/Generated/src/IO001/IO001.o
 .debug_info    0x000061b0      0x286 Dave/Generated/src/IO001/IO001_Conf.o
 .debug_info    0x00006436      0x2e9 Dave/Generated/src/DAVESupport/DAVE3.o
 .debug_info    0x0000671f      0xb49 Dave/Generated/src/DAVESupport/MULTIPLEXER.o
 .debug_info    0x00007268      0x689 Dave/Generated/src/CLK001/CLK001.o
 .debug_info    0x000078f1     0x139c Dave/Generated/src/ADCGROUP001/ADCGroup001.o
 .debug_info    0x00008c8d      0xb38 Dave/Generated/src/ADCGROUP001/ADCGroup001_Conf.o
 .debug_info    0x000097c5      0xcc0 Dave/Generated/src/ADCGLOB001/ADCGlob001.o
 .debug_info    0x0000a485      0x5b1 Dave/Generated/src/ADCGLOB001/ADCGlob001_Conf.o
 .debug_info    0x0000aa36     0x1aa5 Dave/Generated/src/ADC001/ADC001.o
 .debug_info    0x0000c4db      0xd12 Dave/Generated/src/ADC001/ADC001_Conf.o

.debug_abbrev   0x00000000     0x1c14
 *(.debug_abbrev)
 .debug_abbrev  0x00000000       0x12 Startup/startup_XMC4500.o
 .debug_abbrev  0x00000012      0x154 Startup/system_XMC4500.o
 .debug_abbrev  0x00000166      0x2db Main.o
 .debug_abbrev  0x00000441      0x149 Lib/System_LibcStubs.o
 .debug_abbrev  0x0000058a      0x203 Dave/Generated/src/UART001/UART001.o
 .debug_abbrev  0x0000078d      0x12c Dave/Generated/src/UART001/UART001_Conf.o
 .debug_abbrev  0x000008b9      0x122 Dave/Generated/src/RESET001/RESET001.o
 .debug_abbrev  0x000009db      0x1c1 Dave/Generated/src/NVIC002/NVIC002.o
 .debug_abbrev  0x00000b9c       0x9f Dave/Generated/src/NVIC002/NVIC002_Conf.o
 .debug_abbrev  0x00000c3b       0x4e Dave/Generated/src/LIBS/CCU8PWMLIB.o
 .debug_abbrev  0x00000c89       0x4e Dave/Generated/src/LIBS/MOTORLIB.o
 .debug_abbrev  0x00000cd7      0x129 Dave/Generated/src/IO004/IO004.o
 .debug_abbrev  0x00000e00       0xbb Dave/Generated/src/IO004/IO004_Conf.o
 .debug_abbrev  0x00000ebb      0x129 Dave/Generated/src/IO001/IO001.o
 .debug_abbrev  0x00000fe4       0xbb Dave/Generated/src/IO001/IO001_Conf.o
 .debug_abbrev  0x0000109f       0xf3 Dave/Generated/src/DAVESupport/DAVE3.o
 .debug_abbrev  0x00001192      0x123 Dave/Generated/src/DAVESupport/MULTIPLEXER.o
 .debug_abbrev  0x000012b5      0x186 Dave/Generated/src/CLK001/CLK001.o
 .debug_abbrev  0x0000143b      0x19c Dave/Generated/src/ADCGROUP001/ADCGroup001.o
 .debug_abbrev  0x000015d7      0x112 Dave/Generated/src/ADCGROUP001/ADCGroup001_Conf.o
 .debug_abbrev  0x000016e9      0x183 Dave/Generated/src/ADCGLOB001/ADCGlob001.o
 .debug_abbrev  0x0000186c       0xef Dave/Generated/src/ADCGLOB001/ADCGlob001_Conf.o
 .debug_abbrev  0x0000195b      0x1a7 Dave/Generated/src/ADC001/ADC001.o
 .debug_abbrev  0x00001b02      0x112 Dave/Generated/src/ADC001/ADC001_Conf.o

.debug_line     0x00000000     0xe8cd
 *(.debug_line)
 .debug_line    0x00000000      0x130 Startup/startup_XMC4500.o
 .debug_line    0x00000130      0x3b7 Startup/system_XMC4500.o
 .debug_line    0x000004e7     0x102e Main.o
 .debug_line    0x00001515      0x3c1 Lib/System_LibcStubs.o
 .debug_line    0x000018d6      0x6e5 Dave/Generated/src/UART001/UART001.o
 .debug_line    0x00001fbb      0x3fd Dave/Generated/src/UART001/UART001_Conf.o
 .debug_line    0x000023b8      0x41e Dave/Generated/src/RESET001/RESET001.o
 .debug_line    0x000027d6      0x433 Dave/Generated/src/NVIC002/NVIC002.o
 .debug_line    0x00002c09      0x373 Dave/Generated/src/NVIC002/NVIC002_Conf.o
 .debug_line    0x00002f7c      0xc9e Dave/Generated/src/LIBS/CCU8PWMLIB.o
 .debug_line    0x00003c1a      0xc9a Dave/Generated/src/LIBS/MOTORLIB.o
 .debug_line    0x000048b4      0xd15 Dave/Generated/src/IO004/IO004.o
 .debug_line    0x000055c9      0xc65 Dave/Generated/src/IO004/IO004_Conf.o
 .debug_line    0x0000622e      0xcc4 Dave/Generated/src/IO001/IO001.o
 .debug_line    0x00006ef2      0xc65 Dave/Generated/src/IO001/IO001_Conf.o
 .debug_line    0x00007b57      0xa1b Dave/Generated/src/DAVESupport/DAVE3.o
 .debug_line    0x00008572      0xa18 Dave/Generated/src/DAVESupport/MULTIPLEXER.o
 .debug_line    0x00008f8a      0x4af Dave/Generated/src/CLK001/CLK001.o
 .debug_line    0x00009439      0xf50 Dave/Generated/src/ADCGROUP001/ADCGroup001.o
 .debug_line    0x0000a389      0xc71 Dave/Generated/src/ADCGROUP001/ADCGroup001_Conf.o
 .debug_line    0x0000affa      0xecd Dave/Generated/src/ADCGLOB001/ADCGlob001.o
 .debug_line    0x0000bec7      0xc6f Dave/Generated/src/ADCGLOB001/ADCGlob001_Conf.o
 .debug_line    0x0000cb36     0x1130 Dave/Generated/src/ADC001/ADC001.o
 .debug_line    0x0000dc66      0xc67 Dave/Generated/src/ADC001/ADC001_Conf.o

.debug_frame    0x00000000     0x1394
 *(.debug_frame)
 .debug_frame   0x00000000       0x6c Startup/system_XMC4500.o
 .debug_frame   0x0000006c      0x268 Main.o
 .debug_frame   0x000002d4      0x1ec Lib/System_LibcStubs.o
 .debug_frame   0x000004c0      0x190 Dave/Generated/src/UART001/UART001.o
 .debug_frame   0x00000650       0x9c Dave/Generated/src/RESET001/RESET001.o
 .debug_frame   0x000006ec       0xe4 Dave/Generated/src/NVIC002/NVIC002.o
 .debug_frame   0x000007d0       0x64 Dave/Generated/src/IO004/IO004.o
 .debug_frame   0x00000834       0x64 Dave/Generated/src/IO001/IO001.o
 .debug_frame   0x00000898       0x64 Dave/Generated/src/DAVESupport/DAVE3.o
 .debug_frame   0x000008fc       0x48 Dave/Generated/src/DAVESupport/MULTIPLEXER.o
 .debug_frame   0x00000944      0x120 Dave/Generated/src/CLK001/CLK001.o
 .debug_frame   0x00000a64      0x2b0 Dave/Generated/src/ADCGROUP001/ADCGroup001.o
 .debug_frame   0x00000d14      0x27c Dave/Generated/src/ADCGLOB001/ADCGlob001.o
 .debug_frame   0x00000f90      0x3d4 Dave/Generated/src/ADC001/ADC001.o
 .debug_frame   0x00001364       0x30 c:/dave-3.1.10/arm-gcc/bin/../lib/gcc/arm-none-eabi/4.7.4/../../../../arm-none-eabi/lib/armv7e-m\libg.a(lib_a-init.o)

.debug_str      0x00000000    0x9a0b1
 *(.debug_str)
 .debug_str     0x00000000    0x9017e Startup/system_XMC4500.o
                              0x90495 (size before relaxing)
 .debug_str     0x0009017e     0x3f28 Main.o
                              0x94026 (size before relaxing)
 .debug_str     0x000940a6     0x2e29 Lib/System_LibcStubs.o
                               0x58b5 (size before relaxing)
 .debug_str     0x00096ecf      0x7c2 Dave/Generated/src/UART001/UART001.o
                              0x915e9 (size before relaxing)
 .debug_str     0x00097691       0x2d Dave/Generated/src/UART001/UART001_Conf.o
                              0x90e35 (size before relaxing)
 .debug_str     0x000976be      0x225 Dave/Generated/src/RESET001/RESET001.o
                              0x907f4 (size before relaxing)
 .debug_str     0x000978e3      0x771 Dave/Generated/src/NVIC002/NVIC002.o
                              0x9091c (size before relaxing)
 .debug_str     0x00098054       0x3d Dave/Generated/src/NVIC002/NVIC002_Conf.o
                              0x90191 (size before relaxing)
 .debug_str     0x00098091       0x28 Dave/Generated/src/LIBS/CCU8PWMLIB.o
                              0x93077 (size before relaxing)
 .debug_str     0x000980b9       0x26 Dave/Generated/src/LIBS/MOTORLIB.o
                              0x93075 (size before relaxing)
 .debug_str     0x000980df      0x156 Dave/Generated/src/IO004/IO004.o
                              0x932ef (size before relaxing)
 .debug_str     0x00098235       0x29 Dave/Generated/src/IO004/IO004_Conf.o
                              0x931b6 (size before relaxing)
 .debug_str     0x0009825e      0x155 Dave/Generated/src/IO001/IO001.o
                              0x9323a (size before relaxing)
 .debug_str     0x000983b3       0x29 Dave/Generated/src/IO001/IO001_Conf.o
                              0x93135 (size before relaxing)
 .debug_str     0x000983dc       0x68 Dave/Generated/src/DAVESupport/DAVE3.o
                              0x93145 (size before relaxing)
 .debug_str     0x00098444       0x71 Dave/Generated/src/DAVESupport/MULTIPLEXER.o
                              0x9333b (size before relaxing)
 .debug_str     0x000984b5      0x1a0 Dave/Generated/src/CLK001/CLK001.o
                              0x90a7d (size before relaxing)
 .debug_str     0x00098655      0xa80 Dave/Generated/src/ADCGROUP001/ADCGroup001.o
                              0x93dcd (size before relaxing)
 .debug_str     0x000990d5      0x16d Dave/Generated/src/ADCGROUP001/ADCGroup001_Conf.o
                              0x9374d (size before relaxing)
 .debug_str     0x00099242      0x50e Dave/Generated/src/ADCGLOB001/ADCGlob001.o
                              0x93bbd (size before relaxing)
 .debug_str     0x00099750       0x4b Dave/Generated/src/ADCGLOB001/ADCGlob001_Conf.o
                              0x93402 (size before relaxing)
 .debug_str     0x0009979b      0x6ee Dave/Generated/src/ADC001/ADC001.o
                              0x93efb (size before relaxing)
 .debug_str     0x00099e89      0x228 Dave/Generated/src/ADC001/ADC001_Conf.o
                              0x93880 (size before relaxing)

.debug_loc      0x00000000     0x232a
 *(.debug_loc)
 .debug_loc     0x00000000       0xa8 Startup/system_XMC4500.o
 .debug_loc     0x000000a8      0x40c Main.o
 .debug_loc     0x000004b4      0x388 Lib/System_LibcStubs.o
 .debug_loc     0x0000083c      0x2e6 Dave/Generated/src/UART001/UART001.o
 .debug_loc     0x00000b22      0x118 Dave/Generated/src/RESET001/RESET001.o
 .debug_loc     0x00000c3a      0x17c Dave/Generated/src/NVIC002/NVIC002.o
 .debug_loc     0x00000db6       0x9c Dave/Generated/src/IO004/IO004.o
 .debug_loc     0x00000e52       0x9c Dave/Generated/src/IO001/IO001.o
 .debug_loc     0x00000eee       0x90 Dave/Generated/src/DAVESupport/DAVE3.o
 .debug_loc     0x00000f7e       0x64 Dave/Generated/src/DAVESupport/MULTIPLEXER.o
 .debug_loc     0x00000fe2      0x1e0 Dave/Generated/src/CLK001/CLK001.o
 .debug_loc     0x000011c2      0x534 Dave/Generated/src/ADCGROUP001/ADCGroup001.o
 .debug_loc     0x000016f6      0x4d0 Dave/Generated/src/ADCGLOB001/ADCGlob001.o
 .debug_loc     0x00001bc6      0x764 Dave/Generated/src/ADC001/ADC001.o

.debug_macinfo
 *(.debug_macinfo)

.debug_ranges   0x00000000      0x5e0
 *(.debug_ranges)
 .debug_ranges  0x00000000       0x30 Startup/startup_XMC4500.o
 .debug_ranges  0x00000030       0x20 Startup/system_XMC4500.o
 .debug_ranges  0x00000050       0xc0 Main.o
 .debug_ranges  0x00000110       0x90 Lib/System_LibcStubs.o
 .debug_ranges  0x000001a0       0x70 Dave/Generated/src/UART001/UART001.o
 .debug_ranges  0x00000210       0x30 Dave/Generated/src/RESET001/RESET001.o
 .debug_ranges  0x00000240       0x40 Dave/Generated/src/NVIC002/NVIC002.o
 .debug_ranges  0x00000280       0x20 Dave/Generated/src/IO004/IO004.o
 .debug_ranges  0x000002a0       0x20 Dave/Generated/src/IO001/IO001.o
 .debug_ranges  0x000002c0       0x20 Dave/Generated/src/DAVESupport/DAVE3.o
 .debug_ranges  0x000002e0       0x18 Dave/Generated/src/DAVESupport/MULTIPLEXER.o
 .debug_ranges  0x000002f8       0x50 Dave/Generated/src/CLK001/CLK001.o
 .debug_ranges  0x00000348       0xc8 Dave/Generated/src/ADCGROUP001/ADCGroup001.o
 .debug_ranges  0x00000410       0xb8 Dave/Generated/src/ADCGLOB001/ADCGlob001.o
 .debug_ranges  0x000004c8      0x118 Dave/Generated/src/ADC001/ADC001.o

.debug_weaknames
 *(.debug_weaknames)

.debug_funcnames
 *(.debug_funcnames)

.debug_typenames
 *(.debug_typenames)

.debug_varnames
 *(.debug_varnames)

.build_attributes
                0x00000000      0x574
 *(.ARM.attributes)
 .ARM.attributes
                0x00000000       0x27 Startup/startup_XMC4500.o
 .ARM.attributes
                0x00000027       0x39 Startup/system_XMC4500.o
 .ARM.attributes
                0x00000060       0x39 Main.o
 .ARM.attributes
                0x00000099       0x39 Lib/System_LibcStubs.o
 .ARM.attributes
                0x000000d2       0x39 Dave/Generated/src/UART001/UART001.o
 .ARM.attributes
                0x0000010b       0x39 Dave/Generated/src/UART001/UART001_Conf.o
 .ARM.attributes
                0x00000144       0x39 Dave/Generated/src/RESET001/RESET001.o
 .ARM.attributes
                0x0000017d       0x39 Dave/Generated/src/NVIC002/NVIC002.o
 .ARM.attributes
                0x000001b6       0x39 Dave/Generated/src/NVIC002/NVIC002_Conf.o
 .ARM.attributes
                0x000001ef       0x39 Dave/Generated/src/LIBS/CCU8PWMLIB.o
 .ARM.attributes
                0x00000228       0x39 Dave/Generated/src/LIBS/MOTORLIB.o
 .ARM.attributes
                0x00000261       0x39 Dave/Generated/src/IO004/IO004.o
 .ARM.attributes
                0x0000029a       0x39 Dave/Generated/src/IO004/IO004_Conf.o
 .ARM.attributes
                0x000002d3       0x39 Dave/Generated/src/IO001/IO001.o
 .ARM.attributes
                0x0000030c       0x39 Dave/Generated/src/IO001/IO001_Conf.o
 .ARM.attributes
                0x00000345       0x39 Dave/Generated/src/DAVESupport/DAVE3.o
 .ARM.attributes
                0x0000037e       0x39 Dave/Generated/src/DAVESupport/MULTIPLEXER.o
 .ARM.attributes
                0x000003b7       0x39 Dave/Generated/src/CLK001/CLK001.o
 .ARM.attributes
                0x000003f0       0x39 Dave/Generated/src/ADCGROUP001/ADCGroup001.o
 .ARM.attributes
                0x00000429       0x39 Dave/Generated/src/ADCGROUP001/ADCGroup001_Conf.o
 .ARM.attributes
                0x00000462       0x39 Dave/Generated/src/ADCGLOB001/ADCGlob001.o
 .ARM.attributes
                0x0000049b       0x39 Dave/Generated/src/ADCGLOB001/ADCGlob001_Conf.o
 .ARM.attributes
                0x000004d4       0x39 Dave/Generated/src/ADC001/ADC001.o
 .ARM.attributes
                0x0000050d       0x39 Dave/Generated/src/ADC001/ADC001_Conf.o
 .ARM.attributes
                0x00000546       0x2e c:/dave-3.1.10/arm-gcc/bin/../lib/gcc/arm-none-eabi/4.7.4/../../../../arm-none-eabi/lib/armv7e-m\libg.a(lib_a-init.o)
OUTPUT(Joystick.elf elf32-littlearm)

.debug_macro    0x00000000    0x1acfb
 .debug_macro   0x00000000      0x17e Startup/system_XMC4500.o
 .debug_macro   0x0000017e      0x814 Startup/system_XMC4500.o
 .debug_macro   0x00000992       0x3a Startup/system_XMC4500.o
 .debug_macro   0x000009cc       0x10 Startup/system_XMC4500.o
 .debug_macro   0x000009dc       0x2e Startup/system_XMC4500.o
 .debug_macro   0x00000a0a       0xa3 Startup/system_XMC4500.o
 .debug_macro   0x00000aad      0x20e Startup/system_XMC4500.o
 .debug_macro   0x00000cbb       0x6a Startup/system_XMC4500.o
 .debug_macro   0x00000d25       0x2d Startup/system_XMC4500.o
 .debug_macro   0x00000d52       0x3b Startup/system_XMC4500.o
 .debug_macro   0x00000d8d       0x2d Startup/system_XMC4500.o
 .debug_macro   0x00000dba       0x42 Startup/system_XMC4500.o
 .debug_macro   0x00000dfc      0xd39 Startup/system_XMC4500.o
 .debug_macro   0x00001b35    0x150f5 Startup/system_XMC4500.o
 .debug_macro   0x00016c2a      0x2f7 Main.o
 .debug_macro   0x00016f21       0x70 Main.o
 .debug_macro   0x00016f91      0x16c Main.o
 .debug_macro   0x000170fd       0x22 Main.o
 .debug_macro   0x0001711f      0x54a Main.o
 .debug_macro   0x00017669       0x64 Main.o
 .debug_macro   0x000176cd       0x46 Main.o
 .debug_macro   0x00017713      0x160 Main.o
 .debug_macro   0x00017873       0x2d Main.o
 .debug_macro   0x000178a0      0x130 Main.o
 .debug_macro   0x000179d0       0x7f Main.o
 .debug_macro   0x00017a4f       0xb4 Main.o
 .debug_macro   0x00017b03       0xb6 Main.o
 .debug_macro   0x00017bb9       0x34 Main.o
 .debug_macro   0x00017bed       0x11 Main.o
 .debug_macro   0x00017bfe       0x28 Main.o
 .debug_macro   0x00017c26       0x18 Main.o
 .debug_macro   0x00017c3e       0x2e Main.o
 .debug_macro   0x00017c6c       0x1c Main.o
 .debug_macro   0x00017c88      0x119 Lib/System_LibcStubs.o
 .debug_macro   0x00017da1       0x3a Lib/System_LibcStubs.o
 .debug_macro   0x00017ddb       0x52 Lib/System_LibcStubs.o
 .debug_macro   0x00017e2d       0x19 Lib/System_LibcStubs.o
 .debug_macro   0x00017e46      0x16d Lib/System_LibcStubs.o
 .debug_macro   0x00017fb3       0x10 Lib/System_LibcStubs.o
 .debug_macro   0x00017fc3       0x16 Lib/System_LibcStubs.o
 .debug_macro   0x00017fd9       0x89 Lib/System_LibcStubs.o
 .debug_macro   0x00018062       0x10 Lib/System_LibcStubs.o
 .debug_macro   0x00018072       0xf5 Lib/System_LibcStubs.o
 .debug_macro   0x00018167       0x22 Lib/System_LibcStubs.o
 .debug_macro   0x00018189       0x91 Lib/System_LibcStubs.o
 .debug_macro   0x0001821a       0x34 Lib/System_LibcStubs.o
 .debug_macro   0x0001824e      0x120 Lib/System_LibcStubs.o
 .debug_macro   0x0001836e       0x16 Lib/System_LibcStubs.o
 .debug_macro   0x00018384       0x35 Lib/System_LibcStubs.o
 .debug_macro   0x000183b9      0x495 Lib/System_LibcStubs.o
 .debug_macro   0x0001884e      0x16e Dave/Generated/src/UART001/UART001.o
 .debug_macro   0x000189bc       0xb0 Dave/Generated/src/UART001/UART001.o
 .debug_macro   0x00018a6c       0xfe Dave/Generated/src/UART001/UART001_Conf.o
 .debug_macro   0x00018b6a       0xff Dave/Generated/src/RESET001/RESET001.o
 .debug_macro   0x00018c69       0xd2 Dave/Generated/src/NVIC002/NVIC002.o
 .debug_macro   0x00018d3b       0xd2 Dave/Generated/src/NVIC002/NVIC002_Conf.o
 .debug_macro   0x00018e0d      0x1ff Dave/Generated/src/LIBS/CCU8PWMLIB.o
 .debug_macro   0x0001900c      0x1ff Dave/Generated/src/LIBS/MOTORLIB.o
 .debug_macro   0x0001920b      0x1fb Dave/Generated/src/IO004/IO004.o
 .debug_macro   0x00019406      0x1fb Dave/Generated/src/IO004/IO004_Conf.o
 .debug_macro   0x00019601      0x1fb Dave/Generated/src/IO001/IO001.o
 .debug_macro   0x000197fc      0x1fb Dave/Generated/src/IO001/IO001_Conf.o
 .debug_macro   0x000199f7      0x1fb Dave/Generated/src/DAVESupport/DAVE3.o
 .debug_macro   0x00019bf2      0x1fb Dave/Generated/src/DAVESupport/MULTIPLEXER.o
 .debug_macro   0x00019ded       0xee Dave/Generated/src/CLK001/CLK001.o
 .debug_macro   0x00019edb      0x2b9 Dave/Generated/src/ADCGROUP001/ADCGroup001.o
 .debug_macro   0x0001a194      0x1fb Dave/Generated/src/ADCGROUP001/ADCGroup001_Conf.o
 .debug_macro   0x0001a38f      0x2bd Dave/Generated/src/ADCGLOB001/ADCGlob001.o
 .debug_macro   0x0001a64c      0x1fb Dave/Generated/src/ADCGLOB001/ADCGlob001_Conf.o
 .debug_macro   0x0001a847      0x2b9 Dave/Generated/src/ADC001/ADC001.o
 .debug_macro   0x0001ab00      0x1fb Dave/Generated/src/ADC001/ADC001_Conf.o
