Archive member included because of file (symbol)

c:/dave-3.1.10/arm-gcc/bin/../lib/gcc/arm-none-eabi/4.7.4/../../../../arm-none-eabi/lib/armv7e-m\libg.a(lib_a-init.o)
                              Startup/startup_XMC4500.o (__libc_init_array)

Allocating common symbols
Common symbol       size              file

configuration       0xf               Main.o
pwm_max             0x1               Main.o
psx_status          0x1               Main.o
data_E              0x5               Main.o
psxDado             0x18              Main.o
result              0x4               Main.o

Discarded input sections

 .group         0x00000000        0x8 Startup/system_XMC4500.o
 .group         0x00000000        0x8 Startup/system_XMC4500.o
 .group         0x00000000        0x8 Startup/system_XMC4500.o
 .group         0x00000000        0x8 Startup/system_XMC4500.o
 .group         0x00000000        0x8 Startup/system_XMC4500.o
 .group         0x00000000        0x8 Startup/system_XMC4500.o
 .group         0x00000000        0x8 Startup/system_XMC4500.o
 .group         0x00000000        0x8 Startup/system_XMC4500.o
 .group         0x00000000        0x8 Startup/system_XMC4500.o
 .group         0x00000000        0x8 Startup/system_XMC4500.o
 .group         0x00000000        0x8 Startup/system_XMC4500.o
 .group         0x00000000        0x8 Startup/system_XMC4500.o
 .group         0x00000000        0x8 Startup/system_XMC4500.o
 .comment       0x00000000       0x71 Startup/system_XMC4500.o
 .group         0x00000000        0x8 Main.o
 .group         0x00000000        0x8 Main.o
 .group         0x00000000        0x8 Main.o
 .group         0x00000000        0x8 Main.o
 .group         0x00000000        0x8 Main.o
 .group         0x00000000        0x8 Main.o
 .group         0x00000000        0x8 Main.o
 .group         0x00000000        0x8 Main.o
 .group         0x00000000        0x8 Main.o
 .group         0x00000000        0x8 Main.o
 .group         0x00000000        0x8 Main.o
 .group         0x00000000        0x8 Main.o
 .group         0x00000000        0x8 Main.o
 .group         0x00000000        0x8 Main.o
 .group         0x00000000        0x8 Main.o
 .group         0x00000000        0x8 Main.o
 .group         0x00000000        0x8 Main.o
 .group         0x00000000        0x8 Main.o
 .group         0x00000000        0x8 Main.o
 .group         0x00000000        0x8 Main.o
 .group         0x00000000        0x8 Main.o
 .group         0x00000000        0x8 Main.o
 .group         0x00000000        0x8 Main.o
 .group         0x00000000        0x8 Main.o
 .group         0x00000000        0x8 Main.o
 .group         0x00000000        0x8 Main.o
 .group         0x00000000        0x8 Main.o
 .group         0x00000000        0x8 Main.o
 .group         0x00000000        0x8 Main.o
 .group         0x00000000        0x8 Main.o
 .debug_macro   0x00000000      0x814 Main.o
 .debug_macro   0x00000000       0x2d Main.o
 .debug_macro   0x00000000       0x3b Main.o
 .debug_macro   0x00000000       0x3a Main.o
 .debug_macro   0x00000000       0x10 Main.o
 .debug_macro   0x00000000       0x2e Main.o
 .debug_macro   0x00000000       0xa3 Main.o
 .debug_macro   0x00000000      0x20e Main.o
 .debug_macro   0x00000000       0x2d Main.o
 .debug_macro   0x00000000       0x42 Main.o
 .debug_macro   0x00000000      0xd39 Main.o
 .debug_macro   0x00000000    0x150f5 Main.o
 .comment       0x00000000       0x71 Main.o
 .group         0x00000000        0x8 Lib/System_LibcStubs.o
 .group         0x00000000        0x8 Lib/System_LibcStubs.o
 .group         0x00000000        0x8 Lib/System_LibcStubs.o
 .group         0x00000000        0x8 Lib/System_LibcStubs.o
 .group         0x00000000        0x8 Lib/System_LibcStubs.o
 .group         0x00000000        0x8 Lib/System_LibcStubs.o
 .group         0x00000000        0x8 Lib/System_LibcStubs.o
 .group         0x00000000        0x8 Lib/System_LibcStubs.o
 .group         0x00000000        0x8 Lib/System_LibcStubs.o
 .group         0x00000000        0x8 Lib/System_LibcStubs.o
 .group         0x00000000        0x8 Lib/System_LibcStubs.o
 .group         0x00000000        0x8 Lib/System_LibcStubs.o
 .group         0x00000000        0x8 Lib/System_LibcStubs.o
 .group         0x00000000        0x8 Lib/System_LibcStubs.o
 .group         0x00000000        0x8 Lib/System_LibcStubs.o
 .group         0x00000000        0x8 Lib/System_LibcStubs.o
 .group         0x00000000        0x8 Lib/System_LibcStubs.o
 .group         0x00000000        0x8 Lib/System_LibcStubs.o
 .group         0x00000000        0x8 Lib/System_LibcStubs.o
 .group         0x00000000        0x8 Lib/System_LibcStubs.o
 .group         0x00000000        0x8 Lib/System_LibcStubs.o
 .debug_macro   0x00000000      0x814 Lib/System_LibcStubs.o
 .debug_macro   0x00000000       0x3a Lib/System_LibcStubs.o
 .debug_macro   0x00000000       0x10 Lib/System_LibcStubs.o
 .debug_macro   0x00000000       0x2e Lib/System_LibcStubs.o
[...]
Memory Configuration

Name             Origin             Length             Attributes
FLASH_1_cached   0x08000000         0x00100000         xr
FLASH_1_uncached 0x0c000000         0x00100000         xr
PSRAM_1          0x10000000         0x00010000         !xr
DSRAM_1_system   0x20000000         0x00010000         !xr
DSRAM_2_comm     0x30000000         0x00008000         !xr
*default*        0x00000000         0xffffffff

Linker script and memory map

LOAD Startup/startup_XMC4500.o
LOAD Startup/system_XMC4500.o
LOAD Main.o
LOAD Lib/System_LibcStubs.o
LOAD Dave/Generated/src/UART001/UART001.o
LOAD Dave/Generated/src/UART001/UART001_Conf.o
LOAD Dave/Generated/src/RESET001/RESET001.o
LOAD Dave/Generated/src/NVIC002/NVIC002.o
LOAD Dave/Generated/src/NVIC002/NVIC002_Conf.o
LOAD Dave/Generated/src/LIBS/CCU8PWMLIB.o
LOAD Dave/Generated/src/LIBS/MOTORLIB.o
LOAD Dave/Generated/src/IO004/IO004.o
LOAD Dave/Generated/src/IO004/IO004_Conf.o
LOAD Dave/Generated/src/IO001/IO001.o
LOAD Dave/Generated/src/IO001/IO001_Conf.o
LOAD Dave/Generated/src/DAVESupport/DAVE3.o
LOAD Dave/Generated/src/DAVESupport/MULTIPLEXER.o
LOAD Dave/Generated/src/CLK001/CLK001.o
LOAD Dave/Generated/src/ADCGROUP001/ADCGroup001.o
LOAD Dave/Generated/src/ADCGROUP001/ADCGroup001_Conf.o
LOAD Dave/Generated/src/ADCGLOB001/ADCGlob001.o
LOAD Dave/Generated/src/ADCGLOB001/ADCGlob001_Conf.o
LOAD Dave/Generated/src/ADC001/ADC001.o
LOAD Dave/Generated/src/ADC001/ADC001_Conf.o
START GROUP
LOAD c:/dave-3.1.10/arm-gcc/bin/../lib/gcc/arm-none-eabi/4.7.4/armv7e-m\libgcc.a
LOAD c:/dave-3.1.10/arm-gcc/bin/../lib/gcc/arm-none-eabi/4.7.4/../../../../arm-none-eabi/lib/armv7e-m\libg.a
LOAD c:/dave-3.1.10/arm-gcc/bin/../lib/gcc/arm-none-eabi/4.7.4/../../../../arm-none-eabi/lib/armv7e-m\libc.a
END GROUP
                0x00000800                stack_size = 0x800

.text           0x08000000     0x6918 load address 0x0c000000
                0x08000000                sText = .
 *(.Xmc4500.reset)
 .Xmc4500.reset
                0x08000000      0x21c Startup/startup_XMC4500.o
                0x08000000                __Xmc4500_interrupt_vector_cortex_m
                0x08000200                __Xmc4500_reset_cortex_m
 *(.Xmc4500.postreset)
 .Xmc4500.postreset
                0x0800021c       0xa8 Startup/startup_XMC4500.o
 *(.XmcStartup)
 .XmcStartup    0x080002c4        0x4 Startup/startup_XMC4500.o
 *(.text .text.* .gnu.linkonce.t.*)
 .text          0x080002c8       0xe2 Startup/startup_XMC4500.o
                0x080002c8                NMI_Handler
                0x080002ca                HardFault_Handler
                0x080002cc                MemManage_Handler
                0x080002ce                BusFault_Handler
                0x080002d0                UsageFault_Handler
                0x080002d2                SVC_Handler
                0x080002d4                DebugMon_Handler
                0x080002d6                PendSV_Handler
                0x080002d8                SysTick_Handler
                0x080002da                SCU_0_IRQHandler
                0x080002dc                ERU0_0_IRQHandler
                0x080002de                ERU0_1_IRQHandler
                0x080002e0                ERU0_2_IRQHandler
                0x080002e2                ERU0_3_IRQHandler
                0x080002e4                ERU1_0_IRQHandler
                0x080002e6                ERU1_1_IRQHandler
                0x080002e8                ERU1_2_IRQHandler
                0x080002ea                ERU1_3_IRQHandler
                0x080002ec                PMU0_0_IRQHandler
                0x080002ee                VADC0_C0_0_IRQHandler
                0x080002f0                VADC0_C0_1_IRQHandler
                0x080002f4                VADC0_C0_3_IRQHandler
                0x080002f6                VADC0_G0_0_IRQHandler
                0x080002f8                VADC0_G0_1_IRQHandler
                0x080002fa                VADC0_G0_2_IRQHandler
                0x080002fc                VADC0_G0_3_IRQHandler
                0x080002fe                VADC0_G1_0_IRQHandler
                0x08000300                VADC0_G1_1_IRQHandler
                0x08000302                VADC0_G1_2_IRQHandler
                0x08000304                VADC0_G1_3_IRQHandler
                0x08000306                VADC0_G2_0_IRQHandler
                0x08000308                VADC0_G2_1_IRQHandler
                0x0800030a                VADC0_G2_2_IRQHandler
                0x0800030c                VADC0_G2_3_IRQHandler
                0x0800030e                VADC0_G3_0_IRQHandler
                0x08000310                VADC0_G3_1_IRQHandler
                0x08000312                VADC0_G3_2_IRQHandler
                0x08000314                VADC0_G3_3_IRQHandler
                0x08000316                DSD0_0_IRQHandler
                0x08000318                DSD0_1_IRQHandler
                0x0800031a                DSD0_2_IRQHandler
                0x0800031c                DSD0_3_IRQHandler
                0x0800031e                DSD0_4_IRQHandler
                0x08000320                DSD0_5_IRQHandler
                0x08000322                DSD0_6_IRQHandler
                0x08000324                DSD0_7_IRQHandler
                0x08000326                DAC0_0_IRQHandler
                0x08000328                DAC0_1_IRQHandler
                0x0800032a                CCU40_0_IRQHandler
                0x0800032c                CCU40_1_IRQHandler
                0x0800032e                CCU40_2_IRQHandler
                0x08000330                CCU40_3_IRQHandler
                0x08000332                CCU41_0_IRQHandler
                0x08000334                CCU41_1_IRQHandler
                0x08000336                CCU41_2_IRQHandler
                0x08000338                CCU41_3_IRQHandler
                0x0800033a                CCU42_0_IRQHandler
                0x0800033c                CCU42_1_IRQHandler
                0x0800033e                CCU42_2_IRQHandler
                0x08000340                CCU42_3_IRQHandler
                0x08000342                CCU43_0_IRQHandler
                0x08000344                CCU43_1_IRQHandler
                0x08000346                CCU43_2_IRQHandler
                0x08000348                CCU43_3_IRQHandler
                0x0800034a                CCU80_0_IRQHandler
                0x0800034c                CCU80_1_IRQHandler
                0x0800034e                CCU80_2_IRQHandler
                0x08000350                CCU80_3_IRQHandler
                0x08000352                CCU81_0_IRQHandler
                0x08000354                CCU81_1_IRQHandler
                0x08000356                CCU81_2_IRQHandler
                0x08000358                CCU81_3_IRQHandler
                0x0800035a                POSIF0_0_IRQHandler
                0x0800035c                POSIF0_1_IRQHandler
                0x0800035e                POSIF1_0_IRQHandler
                0x08000360                POSIF1_1_IRQHandler
                0x08000362                CAN0_0_IRQHandler
                0x08000364                CAN0_1_IRQHandler
                0x08000366                CAN0_2_IRQHandler
                0x08000368                CAN0_3_IRQHandler
                0x0800036a                CAN0_4_IRQHandler
                0x0800036c                CAN0_5_IRQHandler
                0x0800036e                CAN0_6_IRQHandler
                0x08000370                CAN0_7_IRQHandler
                0x08000372                USIC0_0_IRQHandler
                0x08000374                USIC0_1_IRQHandler
                0x08000376                USIC0_2_IRQHandler
                0x08000378                USIC0_3_IRQHandler
                0x0800037a                USIC0_4_IRQHandler
                0x0800037c                USIC0_5_IRQHandler
                0x0800037e                USIC1_0_IRQHandler
                0x08000380                USIC1_1_IRQHandler
                0x08000382                USIC1_2_IRQHandler
                0x08000384                USIC1_3_IRQHandler
                0x08000386                USIC1_4_IRQHandler
                0x08000388                USIC1_5_IRQHandler
                0x0800038a                USIC2_0_IRQHandler
                0x0800038c                USIC2_1_IRQHandler
                0x0800038e                USIC2_2_IRQHandler
                0x08000390                USIC2_3_IRQHandler
                0x08000392                USIC2_4_IRQHandler
                0x08000394                USIC2_5_IRQHandler
                0x08000396                LEDTS0_0_IRQHandler
                0x08000398                FCE0_0_IRQHandler
                0x0800039a                GPDMA0_0_IRQHandler
                0x0800039c                SDMMC0_0_IRQHandler
                0x0800039e                USB0_0_IRQHandler
                0x080003a0                ETH0_0_IRQHandler
                0x080003a2                GPDMA1_0_IRQHandler
 .text          0x080003aa        0x0 Startup/system_XMC4500.o
 *fill*         0x080003aa        0x2 00
 .text.SystemInit
                0x080003ac       0x9c Startup/system_XMC4500.o
                0x080003ac                SystemInit
 .text.SystemCoreClockUpdate
                0x08000448      0x148 Startup/system_XMC4500.o
                0x08000448                SystemCoreClockUpdate
 .text.SystemClockSetup
                0x08000590      0x4cc Startup/system_XMC4500.o
 .text          0x08000a5c        0x0 Main.o
 .text.main     0x08000a5c      0x72c Main.o
                0x08000a5c                main
 .text.read_R   0x08001188       0xbc Main.o
                0x08001188                read_R
 .text.pulse_R  0x08001244       0x54 Main.o
                0x08001244                pulse_R
 .text.configure_E
                0x08001298      0x1d0 Main.o
                0x08001298                configure_E
 .text.write_E  0x08001468      0x178 Main.o
                0x08001468                write_E
 .text.psxConfiguraControle
                0x080015e0       0x14 Main.o
                0x080015e0                psxConfiguraControle
 .text.psxEnterConfigMode
                0x080015f4       0xd0 Main.o
                0x080015f4                psxEnterConfigMode
 .text.psxSetAnalogMode
                0x080016c4      0x100 Main.o
                0x080016c4                psxSetAnalogMode
 .text.psxExitConfigMode
                0x080017c4      0x100 Main.o
                0x080017c4                psxExitConfigMode
 .text.psxLeControle
                0x080018c4       0xf4 Main.o
                0x080018c4                psxLeControle
 .text.psxHandShake
                0x080019b8       0xe0 Main.o
                0x080019b8                psxHandShake
 .text.psxTrocaByte
                0x08001a98      0x124 Main.o
                0x08001a98                psxTrocaByte
 .text.delay    0x08001bbc       0x30 Main.o
                0x08001bbc                delay
 .text.printByteToInt
                0x08001bec       0xe4 Main.o
                0x08001bec                printByteToInt
 .text.VADC0_C0_2_IRQHandler
                0x08001cd0       0x1c Main.o
                0x08001cd0                VADC0_C0_2_IRQHandler
 .text.updateButtonStates
                0x08001cec      0x22c Main.o
                0x08001cec                updateButtonStates
 .text.turbo    0x08001f18       0x18 Main.o
                0x08001f18                turbo
 .text.shunt    0x08001f30       0x18 Main.o
                0x08001f30                shunt
 .text.flip     0x08001f48       0x2c Main.o
                0x08001f48                flip
 .text          0x08001f74        0x0 Lib/System_LibcStubs.o
 .text._open    0x08001f74       0x1c Lib/System_LibcStubs.o
                0x08001f74                _open
 .text._lseek   0x08001f90       0x1c Lib/System_LibcStubs.o
                0x08001f90                _lseek
 .text._read    0x08001fac       0x1c Lib/System_LibcStubs.o
                0x08001fac                _read
 .text._write   0x08001fc8       0x1c Lib/System_LibcStubs.o
                0x08001fc8                _write
 .text._close   0x08001fe4       0x10 Lib/System_LibcStubs.o
                0x08001fe4                _close
 .text._fstat   0x08001ff4       0x28 Lib/System_LibcStubs.o
                0x08001ff4                _fstat
 .text._link    0x0800201c       0x28 Lib/System_LibcStubs.o
                0x0800201c                _link
 .text._unlink  0x08002044       0x18 Lib/System_LibcStubs.o
                0x08002044                _unlink
 .text._sbrk    0x0800205c       0xa0 Lib/System_LibcStubs.o
                0x0800205c                _sbrk
 .text._times   0x080020fc       0x18 Lib/System_LibcStubs.o
                0x080020fc                _times
 .text._wait    0x08002114       0x18 Lib/System_LibcStubs.o
                0x08002114                _wait
 .text._kill    0x0800212c       0x1c Lib/System_LibcStubs.o
                0x0800212c                _kill
 .text._fork    0x08002148       0x10 Lib/System_LibcStubs.o
                0x08002148                _fork
 .text._getpid  0x08002158       0x10 Lib/System_LibcStubs.o
                0x08002158                _getpid
 .text._exit    0x08002168        0xc Lib/System_LibcStubs.o
                0x08002168                _exit
 .text._init    0x08002174        0xc Lib/System_LibcStubs.o
                0x08002174                _init
 .text._isatty  0x08002180       0x18 Lib/System_LibcStubs.o
                0x08002180                _isatty
 .text          0x08002198        0x0 Dave/Generated/src/UART001/UART001.o
 .text.UART001_lInit
                0x08002198      0x1a8 Dave/Generated/src/UART001/UART001.o
                0x08002198                UART001_lInit
 .text.UART001_lConfigTXPin
                0x08002340       0xfc Dave/Generated/src/UART001/UART001.o
                0x08002340                UART001_lConfigTXPin
 .text.UART001_labsRealType
                0x0800243c       0x38 Dave/Generated/src/UART001/UART001.o
                0x0800243c                UART001_labsRealType
 .text.UART001_lConfigureBaudRate
                0x08002474      0x4e8 Dave/Generated/src/UART001/UART001.o
                0x08002474                UART001_lConfigureBaudRate
 .text.UART001_Init
                0x0800295c       0x6c Dave/Generated/src/UART001/UART001.o
                0x0800295c                UART001_Init
 .text.UART001_DeInit
                0x080029c8       0x14 Dave/Generated/src/UART001/UART001.o
                0x080029c8                UART001_DeInit
 .text.UART001_Configure
                0x080029dc      0x114 Dave/Generated/src/UART001/UART001.o
                0x080029dc                UART001_Configure
 .text.UART001_ReadDataMultiple
                0x08002af0       0x80 Dave/Generated/src/UART001/UART001.o
                0x08002af0                UART001_ReadDataMultiple
 .text.UART001_ReadDataBytes
                0x08002b70       0x80 Dave/Generated/src/UART001/UART001.o
                0x08002b70                UART001_ReadDataBytes
 .text.UART001_WriteDataMultiple
                0x08002bf0       0x90 Dave/Generated/src/UART001/UART001.o
                0x08002bf0                UART001_WriteDataMultiple
 .text.UART001_WriteDataBytes
                0x08002c80       0x90 Dave/Generated/src/UART001/UART001.o
                0x08002c80                UART001_WriteDataBytes
 .text.UART001_GetFlagStatus
                0x08002d10       0x98 Dave/Generated/src/UART001/UART001.o
                0x08002d10                UART001_GetFlagStatus
 .text.UART001_ClearFlag
                0x08002da8       0x78 Dave/Generated/src/UART001/UART001.o
                0x08002da8                UART001_ClearFlag
 .text          0x08002e20        0x0 Dave/Generated/src/UART001/UART001_Conf.o
 .text          0x08002e20        0x0 Dave/Generated/src/RESET001/RESET001.o
 .text.RESET001_AssertReset
                0x08002e20       0x54 Dave/Generated/src/RESET001/RESET001.o
                0x08002e20                RESET001_AssertReset
 .text.RESET001_DeassertReset
                0x08002e74       0x54 Dave/Generated/src/RESET001/RESET001.o
                0x08002e74                RESET001_DeassertReset
 .text.RESET001_GetResetInfo
                0x08002ec8       0x2c Dave/Generated/src/RESET001/RESET001.o
                0x08002ec8                RESET001_GetResetInfo
 .text.RESET001_GetStatus
                0x08002ef4       0x7c Dave/Generated/src/RESET001/RESET001.o
                0x08002ef4                RESET001_GetStatus
 .text.RESET001_ClearResetInfo
                0x08002f70       0x28 Dave/Generated/src/RESET001/RESET001.o
                0x08002f70                RESET001_ClearResetInfo
 .text          0x08002f98        0x0 Dave/Generated/src/NVIC002/NVIC002.o
 .text.NVIC_GetPriorityGrouping
                0x08002f98       0x20 Dave/Generated/src/NVIC002/NVIC002.o
 .text.NVIC_EnableIRQ
                0x08002fb8       0x38 Dave/Generated/src/NVIC002/NVIC002.o
 .text.NVIC_SetPriority
                0x08002ff0       0x5c Dave/Generated/src/NVIC002/NVIC002.o
 .text.NVIC_EncodePriority
                0x0800304c       0x78 Dave/Generated/src/NVIC002/NVIC002.o
 .text.NVIC002_EnableIRQ
                0x080030c4       0x20 Dave/Generated/src/NVIC002/NVIC002.o
 .text.NVIC002_Init
                0x080030e4       0x38 Dave/Generated/src/NVIC002/NVIC002.o
                0x080030e4                NVIC002_Init
 .text.NVIC002_lInit
                0x0800311c       0x4c Dave/Generated/src/NVIC002/NVIC002.o
 .text          0x08003168        0x0 Dave/Generated/src/NVIC002/NVIC002_Conf.o
 .text          0x08003168        0x0 Dave/Generated/src/LIBS/CCU8PWMLIB.o
 .text          0x08003168        0x0 Dave/Generated/src/LIBS/MOTORLIB.o
 .text          0x08003168        0x0 Dave/Generated/src/IO004/IO004.o
 .text.IO004_Init
                0x08003168      0x3d4 Dave/Generated/src/IO004/IO004.o
                0x08003168                IO004_Init
 .text.IO004_DisableOutputDriver
                0x0800353c      0x17c Dave/Generated/src/IO004/IO004.o
                0x0800353c                IO004_DisableOutputDriver
 .text.IO004_EnableOutputDriver
                0x080036b8      0x17c Dave/Generated/src/IO004/IO004.o
                0x080036b8                IO004_EnableOutputDriver
 .text          0x08003834        0x0 Dave/Generated/src/IO004/IO004_Conf.o
 .text          0x08003834        0x0 Dave/Generated/src/IO001/IO001.o
 .text.IO001_Init
                0x08003834       0x40 Dave/Generated/src/IO001/IO001.o
                0x08003834                IO001_Init
 .text.IO001_EnableDigitalInput
                0x08003874      0x198 Dave/Generated/src/IO001/IO001.o
                0x08003874                IO001_EnableDigitalInput
 .text.IO001_DisableDigitalInput
                0x08003a0c       0x2c Dave/Generated/src/IO001/IO001.o
                0x08003a0c                IO001_DisableDigitalInput
 .text          0x08003a38        0x0 Dave/Generated/src/IO001/IO001_Conf.o
 .text          0x08003a38        0x0 Dave/Generated/src/DAVESupport/DAVE3.o
 .text.NVIC_SetPriorityGrouping
                0x08003a38       0x50 Dave/Generated/src/DAVESupport/DAVE3.o
 .text.DAVE_Init
                0x08003a88       0x38 Dave/Generated/src/DAVESupport/DAVE3.o
                0x08003a88                DAVE_Init
 .text.SystemInit_DAVE3
                0x08003ac0        0xc Dave/Generated/src/DAVESupport/DAVE3.o
                0x08003ac0                SystemInit_DAVE3
 .text          0x08003acc        0x0 Dave/Generated/src/DAVESupport/MULTIPLEXER.o
 .text.DAVE_MUX_Init
                0x08003acc      0x210 Dave/Generated/src/DAVESupport/MULTIPLEXER.o
                0x08003acc                DAVE_MUX_Init
 .text.DAVE_MUX_PreInit
                0x08003cdc        0xc Dave/Generated/src/DAVESupport/MULTIPLEXER.o
                0x08003cdc                DAVE_MUX_PreInit
 .text          0x08003ce8        0x0 Dave/Generated/src/CLK001/CLK001.o
 .text.CLK001_Delay
                0x08003ce8       0x34 Dave/Generated/src/CLK001/CLK001.o
 .text.CLK001_SysClk_Valid
                0x08003d1c       0x38 Dave/Generated/src/CLK001/CLK001.o
 .text.CLK001_BackupClkTrim
                0x08003d54       0x94 Dave/Generated/src/CLK001/CLK001.o
 .text.CLK001_SetMainPLLClkSrc
                0x08003de8       0xf0 Dave/Generated/src/CLK001/CLK001.o
 .text.CLK001_ConfigMainPLL
                0x08003ed8      0x15c Dave/Generated/src/CLK001/CLK001.o
 .text.CLK001_FreqStepupMainPLL
                0x08004034      0x164 Dave/Generated/src/CLK001/CLK001.o
 .text.CLK001_SysClk_Init
                0x08004198       0x50 Dave/Generated/src/CLK001/CLK001.o
 .text.CLK001_Init
                0x080041e8       0x30 Dave/Generated/src/CLK001/CLK001.o
                0x080041e8                CLK001_Init
 .text.AllowPLLInitByStartup
                0x08004218       0x10 Dave/Generated/src/CLK001/CLK001.o
                0x08004218                AllowPLLInitByStartup
 .text          0x08004228        0x0 Dave/Generated/src/ADCGROUP001/ADCGroup001.o
 .text.ADCGROUP001_Init
                0x08004228       0x2c Dave/Generated/src/ADCGROUP001/ADCGroup001.o
                0x08004228                ADCGROUP001_Init
 .text.ADCGROUP001_lInit
                0x08004254      0x1a0 Dave/Generated/src/ADCGROUP001/ADCGroup001.o
                0x08004254                ADCGROUP001_lInit
 .text.ADCGROUP001_Deinit
                0x080043f4       0x84 Dave/Generated/src/ADCGROUP001/ADCGroup001.o
                0x080043f4                ADCGROUP001_Deinit
 .text.ADCGROUP001_GetStartupCalStatus
                0x08004478       0x34 Dave/Generated/src/ADCGROUP001/ADCGroup001.o
                0x08004478                ADCGROUP001_GetStartupCalStatus
 .text.ADCGROUP001_SetGroupBound0
                0x080044ac       0x68 Dave/Generated/src/ADCGROUP001/ADCGroup001.o
                0x080044ac                ADCGROUP001_SetGroupBound0
 .text.ADCGROUP001_SetGroupBound1
                0x08004514       0x6c Dave/Generated/src/ADCGROUP001/ADCGroup001.o
                0x08004514                ADCGROUP001_SetGroupBound1
 .text.ADCGROUP001_ActiveGroupServiceRequestNode
                0x08004580       0x78 Dave/Generated/src/ADCGROUP001/ADCGroup001.o
                0x08004580                ADCGROUP001_ActiveGroupServiceRequestNode
 .text.ADCGROUP001_DeActiveGroupServiceRequestNode
                0x080045f8       0x60 Dave/Generated/src/ADCGROUP001/ADCGroup001.o
                0x080045f8                ADCGROUP001_DeActiveGroupServiceRequestNode
 .text.ADCGROUP001_ActiveSharedServiceRequestNode
                0x08004658       0x80 Dave/Generated/src/ADCGROUP001/ADCGroup001.o
                0x08004658                ADCGROUP001_ActiveSharedServiceRequestNode
 .text.ADCGROUP001_DeActiveSharedServiceRequestNode
                0x080046d8       0x64 Dave/Generated/src/ADCGROUP001/ADCGroup001.o
                0x080046d8                ADCGROUP001_DeActiveSharedServiceRequestNode
 .text.ADCGROUP001_EMUXStartSelection
                0x0800473c       0x5c Dave/Generated/src/ADCGROUP001/ADCGroup001.o
                0x0800473c                ADCGROUP001_EMUXStartSelection
 .text.ADCGROUP001_GetEMUXStartSelection
                0x08004798       0x54 Dave/Generated/src/ADCGROUP001/ADCGroup001.o
                0x08004798                ADCGROUP001_GetEMUXStartSelection
 .text.ADCGROUP001_SetEMUXChannelSelect
                0x080047ec       0x60 Dave/Generated/src/ADCGROUP001/ADCGroup001.o
                0x080047ec                ADCGROUP001_SetEMUXChannelSelect
 .text.ADCGROUP001_SetEMUXMode
                0x0800484c       0x70 Dave/Generated/src/ADCGROUP001/ADCGroup001.o
                0x0800484c                ADCGROUP001_SetEMUXMode
 .text.ADCGROUP001_SetEMUXCodeScheme
                0x080048bc       0x78 Dave/Generated/src/ADCGROUP001/ADCGroup001.o
                0x080048bc                ADCGROUP001_SetEMUXCodeScheme
 .text.ADCGROUP001_SetGroupClass0SampleTime
                0x08004934       0x5c Dave/Generated/src/ADCGROUP001/ADCGroup001.o
                0x08004934                ADCGROUP001_SetGroupClass0SampleTime
 .text.ADCGROUP001_SetGroupClass1SampleTime
                0x08004990       0x5c Dave/Generated/src/ADCGROUP001/ADCGroup001.o
                0x08004990                ADCGROUP001_SetGroupClass1SampleTime
 .text.ADCGROUP001_SetGroupClass0EmuxSampleTime
                0x080049ec       0x60 Dave/Generated/src/ADCGROUP001/ADCGroup001.o
                0x080049ec                ADCGROUP001_SetGroupClass0EmuxSampleTime
 .text.ADCGROUP001_SetGroupClass1EmuxSampleTime
                0x08004a4c       0x60 Dave/Generated/src/ADCGROUP001/ADCGroup001.o
                0x08004a4c                ADCGROUP001_SetGroupClass1EmuxSampleTime
 .text.ADCGROUP001_SetGroupClass0ConvMode
                0x08004aac       0x68 Dave/Generated/src/ADCGROUP001/ADCGroup001.o
                0x08004aac                ADCGROUP001_SetGroupClass0ConvMode
 .text.ADCGROUP001_SetGroupClass1ConvMode
                0x08004b14       0x68 Dave/Generated/src/ADCGROUP001/ADCGroup001.o
                0x08004b14                ADCGROUP001_SetGroupClass1ConvMode
 .text.ADCGROUP001_SetGroupClass0EmuxConvMode
                0x08004b7c       0x68 Dave/Generated/src/ADCGROUP001/ADCGroup001.o
                0x08004b7c                ADCGROUP001_SetGroupClass0EmuxConvMode
 .text.ADCGROUP001_SetGroupClass1EmuxConvMode
                0x08004be4       0x68 Dave/Generated/src/ADCGROUP001/ADCGroup001.o
                0x08004be4                ADCGROUP001_SetGroupClass1EmuxConvMode
 .text.ADCGROUP001_SetEMUXSampleTimeControl
                0x08004c4c       0x70 Dave/Generated/src/ADCGROUP001/ADCGroup001.o
                0x08004c4c                ADCGROUP001_SetEMUXSampleTimeControl
 .text          0x08004cbc        0x0 Dave/Generated/src/ADCGROUP001/ADCGroup001_Conf.o
 .text          0x08004cbc        0x0 Dave/Generated/src/ADCGLOB001/ADCGlob001.o
 .text.ADCGLOB001_Init
                0x08004cbc      0x1a0 Dave/Generated/src/ADCGLOB001/ADCGlob001.o
                0x08004cbc                ADCGLOB001_Init
 .text.ADCGLOB001_DeInit
                0x08004e5c       0x98 Dave/Generated/src/ADCGLOB001/ADCGlob001.o
                0x08004e5c                ADCGLOB001_DeInit
 .text.ADCGLOB001_CLKRequestDisable
                0x08004ef4       0x3c Dave/Generated/src/ADCGLOB001/ADCGlob001.o
                0x08004ef4                ADCGLOB001_CLKRequestDisable
 .text.ADCGLOB001_CLKRequestEnable
                0x08004f30       0x3c Dave/Generated/src/ADCGLOB001/ADCGlob001.o
                0x08004f30                ADCGLOB001_CLKRequestEnable
 .text.ADCGLOB001_SetStartUpCalibration
                0x08004f6c       0x40 Dave/Generated/src/ADCGLOB001/ADCGlob001.o
                0x08004f6c                ADCGLOB001_SetStartUpCalibration
 .text.ADCGLOB001_StartUpCalibrationInit
                0x08004fac       0x60 Dave/Generated/src/ADCGLOB001/ADCGlob001.o
                0x08004fac                ADCGLOB001_StartUpCalibrationInit
 .text.ADCGLOB001_EnableSleepModeControl
                0x0800500c       0x3c Dave/Generated/src/ADCGLOB001/ADCGlob001.o
                0x0800500c                ADCGLOB001_EnableSleepModeControl
 .text.ADCGLOB001_DisregardSleepModeControl
                0x08005048       0x3c Dave/Generated/src/ADCGLOB001/ADCGlob001.o
                0x08005048                ADCGLOB001_DisregardSleepModeControl
 .text.ADCGLOB001_SetGlobClass0ConvMode
                0x08005084       0x64 Dave/Generated/src/ADCGLOB001/ADCGlob001.o
                0x08005084                ADCGLOB001_SetGlobClass0ConvMode
 .text.ADCGLOB001_SetGlobClass0SampleTime
                0x080050e8       0x5c Dave/Generated/src/ADCGLOB001/ADCGlob001.o
                0x080050e8                ADCGLOB001_SetGlobClass0SampleTime
 .text.ADCGLOB001_SetGlobClass0EmuxConvMode
                0x08005144       0x64 Dave/Generated/src/ADCGLOB001/ADCGlob001.o
                0x08005144                ADCGLOB001_SetGlobClass0EmuxConvMode
 .text.ADCGLOB001_SetGlobClass0EmuxSampleTime
                0x080051a8       0x60 Dave/Generated/src/ADCGLOB001/ADCGlob001.o
                0x080051a8                ADCGLOB001_SetGlobClass0EmuxSampleTime
 .text.ADCGLOB001_SetGlobClass1ConvMode
                0x08005208       0x64 Dave/Generated/src/ADCGLOB001/ADCGlob001.o
                0x08005208                ADCGLOB001_SetGlobClass1ConvMode
 .text.ADCGLOB001_SetGlobClass1SampleTime
                0x0800526c       0x5c Dave/Generated/src/ADCGLOB001/ADCGlob001.o
                0x0800526c                ADCGLOB001_SetGlobClass1SampleTime
 .text.ADCGLOB001_SetGlobClass1EmuxConvMode
                0x080052c8       0x64 Dave/Generated/src/ADCGLOB001/ADCGlob001.o
                0x080052c8                ADCGLOB001_SetGlobClass1EmuxConvMode
 .text.ADCGLOB001_SetGlobClass1EmuxSampleTime
                0x0800532c       0x60 Dave/Generated/src/ADCGLOB001/ADCGlob001.o
                0x0800532c                ADCGLOB001_SetGlobClass1EmuxSampleTime
 .text.ADCGLOB001_GetDisableBitStatus
                0x0800538c       0x44 Dave/Generated/src/ADCGLOB001/ADCGlob001.o
                0x0800538c                ADCGLOB001_GetDisableBitStatus
 .text.ADCGLOB001_GetIdValue
                0x080053d0       0x38 Dave/Generated/src/ADCGLOB001/ADCGlob001.o
                0x080053d0                ADCGLOB001_GetIdValue
 .text.ADCGLOB001_GTFRConvtrDiagnoGrp
                0x08005408       0x8c Dave/Generated/src/ADCGLOB001/ADCGlob001.o
                0x08005408                ADCGLOB001_GTFRConvtrDiagnoGrp
 .text.ADCGLOB001_GTFRConvtrDiagnoEnable
                0x08005494       0x54 Dave/Generated/src/ADCGLOB001/ADCGlob001.o
                0x08005494                ADCGLOB001_GTFRConvtrDiagnoEnable
 .text.ADCGLOB001_GTFRConvtrDiagnoPullDevicesSelect
                0x080054e8       0x8c Dave/Generated/src/ADCGLOB001/ADCGlob001.o
                0x080054e8                ADCGLOB001_GTFRConvtrDiagnoPullDevicesSelect
 .text.ADCGLOB001_GTFRPullDwnDiagnoEnable
                0x08005574       0x54 Dave/Generated/src/ADCGLOB001/ADCGlob001.o
                0x08005574                ADCGLOB001_GTFRPullDwnDiagnoEnable
 .text          0x080055c8        0x0 Dave/Generated/src/ADCGLOB001/ADCGlob001_Conf.o
 .text          0x080055c8        0x0 Dave/Generated/src/ADC001/ADC001.o
 .text.ADC001_Init
                0x080055c8       0x18 Dave/Generated/src/ADC001/ADC001.o
                0x080055c8                ADC001_Init
 .text.ADC001_lInit
                0x080055e0      0x2a0 Dave/Generated/src/ADC001/ADC001.o
                0x080055e0                ADC001_lInit
 .text.ADC001_Deinit
                0x08005880      0x150 Dave/Generated/src/ADC001/ADC001.o
                0x08005880                ADC001_Deinit
 .text.ADC001_SelectInputClass
                0x080059d0       0xdc Dave/Generated/src/ADC001/ADC001.o
                0x080059d0                ADC001_SelectInputClass
 .text.ADC001_EnableResultEvt
                0x08005aac       0x44 Dave/Generated/src/ADC001/ADC001.o
                0x08005aac                ADC001_EnableResultEvt
 .text.ADC001_DisableResultEvt
                0x08005af0       0x44 Dave/Generated/src/ADC001/ADC001.o
                0x08005af0                ADC001_DisableResultEvt
 .text.ADC001_GetResult
                0x08005b34       0x84 Dave/Generated/src/ADC001/ADC001.o
                0x08005b34                ADC001_GetResult
 .text.ADC001_GetFastResult
                0x08005bb8       0x24 Dave/Generated/src/ADC001/ADC001.o
                0x08005bb8                ADC001_GetFastResult
 .text.ADC001_GetResultEvtFlag
                0x08005bdc       0x58 Dave/Generated/src/ADC001/ADC001.o
                0x08005bdc                ADC001_GetResultEvtFlag
 .text.ADC001_SetResultEvtFlag
                0x08005c34       0x44 Dave/Generated/src/ADC001/ADC001.o
                0x08005c34                ADC001_SetResultEvtFlag
 .text.ADC001_ClearResultEvtFlag
                0x08005c78       0x44 Dave/Generated/src/ADC001/ADC001.o
                0x08005c78                ADC001_ClearResultEvtFlag
 .text.ADC001_GetChannelEvtFlag
                0x08005cbc       0xe4 Dave/Generated/src/ADC001/ADC001.o
                0x08005cbc                ADC001_GetChannelEvtFlag
 .text.ADC001_SetChannelEvtFlag
                0x08005da0       0xd0 Dave/Generated/src/ADC001/ADC001.o
                0x08005da0                ADC001_SetChannelEvtFlag
 .text.ADC001_ClearChannelEvtFlag
                0x08005e70       0xd0 Dave/Generated/src/ADC001/ADC001.o
                0x08005e70                ADC001_ClearChannelEvtFlag
 .text.ADC001_EnableBackGroundEvent
                0x08005f40       0x44 Dave/Generated/src/ADC001/ADC001.o
                0x08005f40                ADC001_EnableBackGroundEvent
 .text.ADC001_DisableBackGroundEvent
                0x08005f84       0x44 Dave/Generated/src/ADC001/ADC001.o
                0x08005f84                ADC001_DisableBackGroundEvent
 .text.ADC001_GetBackGroundEvtFlag
                0x08005fc8       0x54 Dave/Generated/src/ADC001/ADC001.o
                0x08005fc8                ADC001_GetBackGroundEvtFlag
 .text.ADC001_SetBackGroundEvtFlag
                0x0800601c       0x44 Dave/Generated/src/ADC001/ADC001.o
                0x0800601c                ADC001_SetBackGroundEvtFlag
 .text.ADC001_ClearBackGroundEvtFlag
                0x08006060       0x44 Dave/Generated/src/ADC001/ADC001.o
                0x08006060                ADC001_ClearBackGroundEvtFlag
 .text.ADC001_ClearPendingBits
                0x080060a4       0x44 Dave/Generated/src/ADC001/ADC001.o
                0x080060a4                ADC001_ClearPendingBits
 .text.ADC001_GenerateLoadEvent
                0x080060e8       0x44 Dave/Generated/src/ADC001/ADC001.o
                0x080060e8                ADC001_GenerateLoadEvent
 .text.ADC001_EnableGate
                0x0800612c       0x5c Dave/Generated/src/ADC001/ADC001.o
                0x0800612c                ADC001_EnableGate
 .text.ADC001_GetGateLevel
                0x08006188       0x58 Dave/Generated/src/ADC001/ADC001.o
                0x08006188                ADC001_GetGateLevel
 .text.ADC001_SetExternalTriggerMode
                0x080061e0       0x94 Dave/Generated/src/ADC001/ADC001.o
                0x080061e0                ADC001_SetExternalTriggerMode
 .text.ADC001_EnableExternalTrigger
                0x08006274       0x44 Dave/Generated/src/ADC001/ADC001.o
                0x08006274                ADC001_EnableExternalTrigger
 .text.ADC001_DisableExternalTrigger
                0x080062b8       0x44 Dave/Generated/src/ADC001/ADC001.o
                0x080062b8                ADC001_DisableExternalTrigger
 .text.ADC001_EnableArbitrationSlot
                0x080062fc       0x94 Dave/Generated/src/ADC001/ADC001.o
                0x080062fc                ADC001_EnableArbitrationSlot
 .text.ADC001_DisableArbitrationSlot
                0x08006390       0x94 Dave/Generated/src/ADC001/ADC001.o
                0x08006390                ADC001_DisableArbitrationSlot
 .text.ADC001_SetLoadEventMode
                0x08006424       0x74 Dave/Generated/src/ADC001/ADC001.o
                0x08006424                ADC001_SetLoadEventMode
 .text.ADC001_SetPendingChannel
                0x08006498       0xb4 Dave/Generated/src/ADC001/ADC001.o
                0x08006498                ADC001_SetPendingChannel
 .text.ADC001_ClearPendingChannel
                0x0800654c       0xb8 Dave/Generated/src/ADC001/ADC001.o
                0x0800654c                ADC001_ClearPendingChannel
 .text.ADC001_SetChannelSelect
                0x08006604       0xb4 Dave/Generated/src/ADC001/ADC001.o
                0x08006604                ADC001_SetChannelSelect
 .text.ADC001_ClearChannelSelect
                0x080066b8       0xb8 Dave/Generated/src/ADC001/ADC001.o
                0x080066b8                ADC001_ClearChannelSelect
 .text.ADC001_SetChannelEventMode
                0x08006770      0x114 Dave/Generated/src/ADC001/ADC001.o
                0x08006770                ADC001_SetChannelEventMode
 .text          0x08006884        0x0 Dave/Generated/src/ADC001/ADC001_Conf.o
 .text          0x08006884        0x0 c:/dave-3.1.10/arm-gcc/bin/../lib/gcc/arm-none-eabi/4.7.4/../../../../arm-none-eabi/lib/armv7e-m\libg.a(lib_a-init.o)
 .text.__libc_init_array
                0x08006884       0x94 c:/dave-3.1.10/arm-gcc/bin/../lib/gcc/arm-none-eabi/4.7.4/../../../../arm-none-eabi/lib/armv7e-m\libg.a(lib_a-init.o)
                0x08006884                __libc_init_array
 *(.glue*)
 .glue_7        0x00000000        0x0 linker stubs
 .glue_7t       0x00000000        0x0 linker stubs
 *(.v4*)
 .v4_bx         0x00000000        0x0 linker stubs
 *(.vfp11_veneer)
 .vfp11_veneer  0x00000000        0x0 linker stubs
 *(.init)
                0x08006918                __preinit_array_start = .
 *(.preinit_array)
                0x08006918                __preinit_array_end = .
                0x08006918                __init_array_start = .
 *(SORT(.init_array.*))
 *(.init_array)
                0x08006918                __init_array_end = .
 *crtbegin.o(.ctors)
 *(EXCLUDE_FILE(*crtend.o) .ctors)
 *(SORT(.ctors.*))
 *crtend.o(.ctors)
 *(.fini)
                0x08006918                __fini_array_start = .
 *(.fini_array)
 *(SORT(.fini_array.*))
                0x08006918                __fini_array_end = .
 *crtbegin.o(.dtors)
 *(EXCLUDE_FILE(*crtend.o) .dtors)
 *(SORT(.dtors.*))
 *crtend.o(.dtors)
                0x08006918                __extab_start = .
 *(.ARM.extab* .gnu.linkonce.armextab.*)
 .ARM.extab.Xmc4500.reset
                0x08006918        0x0 Startup/startup_XMC4500.o
 .ARM.extab.Xmc4500.postreset
                0x08006918        0x0 Startup/startup_XMC4500.o
                0x08006918                . = ALIGN (0x4)
                0x08006918                __extab_end = ABSOLUTE (.)

.iplt           0x08006918        0x0 load address 0x0c006918
 .iplt          0x00000000        0x0 Startup/startup_XMC4500.o

.ARM.exidx      0x08006918       0x10 load address 0x0c006918
                0x08006918                __exidx_start = .
 *(.ARM.exidx* .gnu.linkonce.armexidx.*)
 .ARM.exidx.Xmc4500.reset
                0x08006918        0x8 Startup/startup_XMC4500.o
 .ARM.exidx.Xmc4500.postreset
                0x08006920        0x8 Startup/startup_XMC4500.o
                0x08006928                . = ALIGN (0x4)
                0x08006928                __exidx_end = ABSOLUTE (.)

.rodata         0x08006928      0x120 load address 0x0c006928
 *(.rodata .rodata.*)
 .rodata        0x08006928       0x34 Dave/Generated/src/UART001/UART001_Conf.o
                0x08006928                UART001_Handle0
 .rodata        0x0800695c        0x4 Dave/Generated/src/NVIC002/NVIC002_Conf.o
                0x0800695c                NVIC002_Handle0
 .rodata        0x08006960       0x50 Dave/Generated/src/IO004/IO004_Conf.o
                0x08006960                IO004_Handle1
                0x08006968                IO004_Handle10
                0x08006970                IO004_Handle11
                0x08006978                IO004_Handle12
                0x08006980                IO004_Handle2
                0x08006988                IO004_Handle4
                0x08006990                IO004_Handle5
                0x08006998                IO004_Handle6
                0x080069a0                IO004_Handle8
                0x080069a8                IO004_Handle9
 .rodata        0x080069b0        0x8 Dave/Generated/src/IO001/IO001_Conf.o
                0x080069b0                IO001_Handle0
 .rodata        0x080069b8       0x20 Dave/Generated/src/ADCGROUP001/ADCGroup001_Conf.o
                0x080069b8                ADCGROUP001_Handle0
 .rodata        0x080069d8       0x18 Dave/Generated/src/ADCGLOB001/ADCGlob001_Conf.o
                0x080069d8                ADCGLOB001_Handle0
 .rodata        0x080069f0       0x58 Dave/Generated/src/ADC001/ADC001_Conf.o
                0x080069f0                ADC001_ChannelAAHandle
                0x080069f4                ADC001_Handle0
 *(.gnu.linkonce.r*)

.rel.dyn        0x08006a48        0x0 load address 0x0c006a48
 .rel.iplt      0x00000000        0x0 Startup/startup_XMC4500.o
                0x08006a50                . = ALIGN (0x10)
                0x0c006a50                eROData = (. | 0x4000000)

Stack           0x10000000      0x800
                0x10000800                . = (. + stack_size)
 *fill*         0x10000000      0x800 00
                0x10000800                __Xmc4500_stack = .

.data3          0x10000800        0x0
                0x10000800                __data3_start = .
 *(.data3)
                0x10000800                __data3_end = .
                0x00000000                __data3_size = (__data3_end - __data3_start)

.data           0x20000000       0x14 load address 0x0c006a50
                0x20000000                __Xmc4500_sData = .
 *(.data)
 .data          0x20000000        0x0 Startup/startup_XMC4500.o
 .data          0x20000000        0x4 Startup/system_XMC4500.o
                0x20000000                SystemCoreClock
 .data          0x20000004        0x1 Main.o
                0x20000004                data_R
 .data          0x20000005        0x0 Lib/System_LibcStubs.o
 .data          0x20000005        0x0 Dave/Generated/src/UART001/UART001.o
 *fill*         0x20000005        0x3 00
 .data          0x20000008        0x4 Dave/Generated/src/UART001/UART001_Conf.o
                0x20000008                UART001_HandleArray
 .data          0x2000000c        0x0 Dave/Generated/src/RESET001/RESET001.o
 .data          0x2000000c        0x0 Dave/Generated/src/NVIC002/NVIC002.o
 .data          0x2000000c        0x4 Dave/Generated/src/NVIC002/NVIC002_Conf.o
                0x2000000c                NVIC002_HandleArray
 .data          0x20000010        0x0 Dave/Generated/src/LIBS/CCU8PWMLIB.o
 .data          0x20000010        0x0 Dave/Generated/src/LIBS/MOTORLIB.o
 .data          0x20000010        0x0 Dave/Generated/src/IO004/IO004.o
 .data          0x20000010        0x0 Dave/Generated/src/IO004/IO004_Conf.o
 .data          0x20000010        0x0 Dave/Generated/src/IO001/IO001.o
 .data          0x20000010        0x0 Dave/Generated/src/IO001/IO001_Conf.o
 .data          0x20000010        0x0 Dave/Generated/src/DAVESupport/DAVE3.o
 .data          0x20000010        0x0 Dave/Generated/src/DAVESupport/MULTIPLEXER.o
 .data          0x20000010        0x0 Dave/Generated/src/CLK001/CLK001.o
 .data          0x20000010        0x0 Dave/Generated/src/ADCGROUP001/ADCGroup001.o
 .data          0x20000010        0x0 Dave/Generated/src/ADCGROUP001/ADCGroup001_Conf.o
 .data          0x20000010        0x0 Dave/Generated/src/ADCGLOB001/ADCGlob001.o
 .data          0x20000010        0x0 Dave/Generated/src/ADCGLOB001/ADCGlob001_Conf.o
 .data          0x20000010        0x0 Dave/Generated/src/ADC001/ADC001.o
 .data          0x20000010        0x4 Dave/Generated/src/ADC001/ADC001_Conf.o
                0x20000010                ADC001_ChannelHandlePtr
 .data          0x20000014        0x0 c:/dave-3.1.10/arm-gcc/bin/../lib/gcc/arm-none-eabi/4.7.4/../../../../arm-none-eabi/lib/armv7e-m\libg.a(lib_a-init.o)
 *(.data*)
 *(*.data)
 *(.gnu.linkonce.d*)
                0x20000014                __Xmc4500_eData = ALIGN (0x4)
                0x00000014                __Xmc4500_Data_Size = (__Xmc4500_eData - __Xmc4500_sData)

.igot.plt       0x20000014        0x0 load address 0x0c006a64
 .igot.plt      0x00000000        0x0 Startup/startup_XMC4500.o

.ram_code       0x10000800        0x0 load address 0x0c006a64
                0x10000800                __ram_code_start = .
 *(.ram_code)
                0x10000800                __ram_code_end = .
                0x0c006a64                __ram_code_load = LOADADDR (.ram_code)
                0x00000000                __ram_code_size = (__ram_code_end - __ram_code_start)

.bss            0x20000014       0xc0 load address 0x0c006a64
                0x20000014                __Xmc4500_sBSS = .
 *(.bss)
 .bss           0x20000014        0x0 Startup/startup_XMC4500.o
 .bss           0x20000014        0x0 Startup/system_XMC4500.o
 .bss           0x20000014       0x64 Main.o
                0x20000014                l_um
                0x20000018                l_dois
                0x2000001c                l_tres
                0x20000020                r_um
                0x20000024                r_dois
                0x20000028                r_tres
                0x2000002c                cross
                0x20000030                sqr
                0x20000034                triangle
                0x20000038                circle
                0x2000003c                left
                0x20000040                right
                0x20000044                up
                0x20000048                down
                0x2000004c                start
                0x20000050                select
                0x20000054                l_um_state
                0x20000055                l_dois_state
                0x20000056                l_tres_state
                0x20000057                r_um_state
                0x20000058                r_dois_state
                0x20000059                r_tres_state
                0x2000005a                cross_state
                0x2000005b                sqr_state
                0x2000005c                triangle_state
                0x2000005d                circle_state
                0x2000005e                left_state
                0x2000005f                right_state
                0x20000060                up_state
                0x20000061                down_state
                0x20000062                start_state
                0x20000063                select_state
                0x20000064                l_um_state_before
                0x20000065                l_dois_state_before
                0x20000066                l_tres_state_before
                0x20000067                r_um_state_before
                0x20000068                r_dois_state_before
                0x20000069                r_tres_state_before
                0x2000006a                cross_state_before
                0x2000006b                sqr_state_before
                0x2000006c                triangle_state_before
                0x2000006d                circle_state_before
                0x2000006e                left_state_before
                0x2000006f                right_state_before
                0x20000070                up_state_before
                0x20000071                down_state_before
                0x20000072                start_state_before
                0x20000073                select_state_before
                0x20000074                flipped
 .bss           0x20000078        0xc Lib/System_LibcStubs.o
                0x20000078                __dso_handle
 .bss           0x20000084        0x0 Dave/Generated/src/UART001/UART001.o
 .bss           0x20000084        0x0 Dave/Generated/src/UART001/UART001_Conf.o
 .bss           0x20000084        0x0 Dave/Generated/src/RESET001/RESET001.o
 .bss           0x20000084        0x0 Dave/Generated/src/NVIC002/NVIC002.o
 .bss           0x20000084        0x0 Dave/Generated/src/NVIC002/NVIC002_Conf.o
 .bss           0x20000084        0x0 Dave/Generated/src/LIBS/CCU8PWMLIB.o
 .bss           0x20000084        0x0 Dave/Generated/src/LIBS/MOTORLIB.o
 .bss           0x20000084        0x0 Dave/Generated/src/IO004/IO004.o
 .bss           0x20000084        0x0 Dave/Generated/src/IO004/IO004_Conf.o
 .bss           0x20000084        0x0 Dave/Generated/src/IO001/IO001.o
 .bss           0x20000084        0x0 Dave/Generated/src/IO001/IO001_Conf.o
 .bss           0x20000084        0x0 Dave/Generated/src/DAVESupport/DAVE3.o
 .bss           0x20000084        0x0 Dave/Generated/src/DAVESupport/MULTIPLEXER.o
 .bss           0x20000084        0x8 Dave/Generated/src/CLK001/CLK001.o
 .bss           0x2000008c        0x0 Dave/Generated/src/ADCGROUP001/ADCGroup001.o
 .bss           0x2000008c        0x4 Dave/Generated/src/ADCGROUP001/ADCGroup001_Conf.o
                0x2000008c                ADCGROUP001_DynamicHandle0
 .bss           0x20000090        0x0 Dave/Generated/src/ADCGLOB001/ADCGlob001.o
 .bss           0x20000090        0x4 Dave/Generated/src/ADCGLOB001/ADCGlob001_Conf.o
                0x20000090                ADCGLOB001_DynamicData0
 .bss           0x20000094        0x0 Dave/Generated/src/ADC001/ADC001.o
 .bss           0x20000094        0x8 Dave/Generated/src/ADC001/ADC001_Conf.o
                0x20000094                ADC001_DynamicHandle
 .bss           0x2000009c        0x0 c:/dave-3.1.10/arm-gcc/bin/../lib/gcc/arm-none-eabi/4.7.4/../../../../arm-none-eabi/lib/armv7e-m\libg.a(lib_a-init.o)
 *(.bss*)
 *(COMMON)
 COMMON         0x2000009c       0x38 Main.o
                0x2000009c                configuration
                0x200000ab                pwm_max
                0x200000ac                psx_status
                0x200000b0                data_E
                0x200000b8                psxDado
                0x200000d0                result
 *(.gnu.linkonce.b*)
                0x200000d4                __Xmc4500_eBSS = ALIGN (0x4)
                0x200000d4                . = ALIGN (0x4)
                0x200000d4                Heap_Bank1_Start = .
                0x000000c0                __Xmc4500_BSS_Size = (__Xmc4500_eBSS - __Xmc4500_sBSS)

.data2          0x30000000        0x0
                0x30000000                __data2_start = .
 *(ETH_RAM)
                0x30000000                __data2_end = .
                0x00000000                __data2_size = (__data2_end - __data2_start)
                0x0000ff2c                Heap_Bank1_Size = (0x10000 - (Heap_Bank1_Start - ORIGIN (DSRAM_1_system)))

DSRAM2_Heap     0x30000000        0x0
                0x30000000                Heap_Bank2_Start = .
                0x00008000                Heap_Bank2_Size = (0x8000 - (Heap_Bank2_Start - ORIGIN (DSRAM_2_comm)))

PSRAM_Heap      0x10000800        0x0
                0x10000800                Heap_Bank3_Start = .
                0x0000f800                Heap_Bank3_Size = (0x10000 - (Heap_Bank3_Start - ORIGIN (PSRAM_1)))

/DISCARD/
 *(.comment)

.stab
 *(.stab)

.stabstr
 *(.stabstr)

.debug
 *(.debug)

.line
 *(.line)

.debug_srcinfo
 *(.debug_srcinfo)

.debug_sfnames
 *(.debug_sfnames)

.debug_aranges  0x00000000      0x780
 *(.debug_aranges)
 .debug_aranges
                0x00000000       0x38 Startup/startup_XMC4500.o
 .debug_aranges
                0x00000038       0x30 Startup/system_XMC4500.o
 .debug_aranges
                0x00000068       0xb0 Main.o
 .debug_aranges
                0x00000118       0xa0 Lib/System_LibcStubs.o
 .debug_aranges
                0x000001b8       0x80 Dave/Generated/src/UART001/UART001.o
 .debug_aranges
                0x00000238       0x18 Dave/Generated/src/UART001/UART001_Conf.o
 .debug_aranges
                0x00000250       0x40 Dave/Generated/src/RESET001/RESET001.o
 .debug_aranges
                0x00000290       0x50 Dave/Generated/src/NVIC002/NVIC002.o
 .debug_aranges
                0x000002e0       0x18 Dave/Generated/src/NVIC002/NVIC002_Conf.o
 .debug_aranges
                0x000002f8       0x18 Dave/Generated/src/LIBS/CCU8PWMLIB.o
 .debug_aranges
                0x00000310       0x18 Dave/Generated/src/LIBS/MOTORLIB.o
 .debug_aranges
                0x00000328       0x30 Dave/Generated/src/IO004/IO004.o
 .debug_aranges
                0x00000358       0x18 Dave/Generated/src/IO004/IO004_Conf.o
 .debug_aranges
                0x00000370       0x30 Dave/Generated/src/IO001/IO001.o
 .debug_aranges
                0x000003a0       0x18 Dave/Generated/src/IO001/IO001_Conf.o
 .debug_aranges
                0x000003b8       0x30 Dave/Generated/src/DAVESupport/DAVE3.o
 .debug_aranges
                0x000003e8       0x28 Dave/Generated/src/DAVESupport/MULTIPLEXER.o
 .debug_aranges
                0x00000410       0x60 Dave/Generated/src/CLK001/CLK001.o
 .debug_aranges
                0x00000470       0xd8 Dave/Generated/src/ADCGROUP001/ADCGroup001.o
 .debug_aranges
                0x00000548       0x18 Dave/Generated/src/ADCGROUP001/ADCGroup001_Conf.o
 .debug_aranges
                0x00000560       0xc8 Dave/Generated/src/ADCGLOB001/ADCGlob001.o
 .debug_aranges
                0x00000628       0x18 Dave/Generated/src/ADCGLOB001/ADCGlob001_Conf.o
 .debug_aranges
                0x00000640      0x128 Dave/Generated/src/ADC001/ADC001.o
 .debug_aranges
                0x00000768       0x18 Dave/Generated/src/ADC001/ADC001_Conf.o

.debug_pubnames
 *(.debug_pubnames)

.debug_pubtypes
 *(.debug_pubtypes)

.debug_info     0x00000000     0xd180
 *(.debug_info .gnu.linkonce.wi.*)
 .debug_info    0x00000000       0x98 Startup/startup_XMC4500.o
 .debug_info    0x00000098      0xaf0 Startup/system_XMC4500.o
 .debug_info    0x00000b88     0x1dab Main.o
 .debug_info    0x00002933      0x65f Lib/System_LibcStubs.o
 .debug_info    0x00002f92      0xfc2 Dave/Generated/src/UART001/UART001.o
 .debug_info    0x00003f54      0x805 Dave/Generated/src/UART001/UART001_Conf.o
 .debug_info    0x00004759      0x47c Dave/Generated/src/RESET001/RESET001.o
 .debug_info    0x00004bd5      0x884 Dave/Generated/src/NVIC002/NVIC002.o
 .debug_info    0x00005459      0x127 Dave/Generated/src/NVIC002/NVIC002_Conf.o
 .debug_info    0x00005580       0x94 Dave/Generated/src/LIBS/CCU8PWMLIB.o
 .debug_info    0x00005614       0x94 Dave/Generated/src/LIBS/MOTORLIB.o
 .debug_info    0x000056a8      0x414 Dave/Generated/src/IO004/IO004.o
 .debug_info    0x00005abc      0x328 Dave/Generated/src/IO004/IO004_Conf.o
 .debug_info    0x00005de4      0x35f Dave/Generated/src/IO001/IO001.o
 .debug_info    0x00006143      0x286 Dave/Generated/src/IO001/IO001_Conf.o
 .debug_info    0x000063c9      0x2e9 Dave/Generated/src/DAVESupport/DAVE3.o
 .debug_info    0x000066b2      0xb49 Dave/Generated/src/DAVESupport/MULTIPLEXER.o
 .debug_info    0x000071fb      0x689 Dave/Generated/src/CLK001/CLK001.o
 .debug_info    0x00007884     0x139c Dave/Generated/src/ADCGROUP001/ADCGroup001.o
 .debug_info    0x00008c20      0xb38 Dave/Generated/src/ADCGROUP001/ADCGroup001_Conf.o
 .debug_info    0x00009758      0xcc0 Dave/Generated/src/ADCGLOB001/ADCGlob001.o
 .debug_info    0x0000a418      0x5b1 Dave/Generated/src/ADCGLOB001/ADCGlob001_Conf.o
 .debug_info    0x0000a9c9     0x1aa5 Dave/Generated/src/ADC001/ADC001.o
 .debug_info    0x0000c46e      0xd12 Dave/Generated/src/ADC001/ADC001_Conf.o

.debug_abbrev   0x00000000     0x1c04
 *(.debug_abbrev)
 .debug_abbrev  0x00000000       0x12 Startup/startup_XMC4500.o
 .debug_abbrev  0x00000012      0x154 Startup/system_XMC4500.o
 .debug_abbrev  0x00000166      0x2cb Main.o
 .debug_abbrev  0x00000431      0x149 Lib/System_LibcStubs.o
 .debug_abbrev  0x0000057a      0x203 Dave/Generated/src/UART001/UART001.o
 .debug_abbrev  0x0000077d      0x12c Dave/Generated/src/UART001/UART001_Conf.o
 .debug_abbrev  0x000008a9      0x122 Dave/Generated/src/RESET001/RESET001.o
 .debug_abbrev  0x000009cb      0x1c1 Dave/Generated/src/NVIC002/NVIC002.o
 .debug_abbrev  0x00000b8c       0x9f Dave/Generated/src/NVIC002/NVIC002_Conf.o
 .debug_abbrev  0x00000c2b       0x4e Dave/Generated/src/LIBS/CCU8PWMLIB.o
 .debug_abbrev  0x00000c79       0x4e Dave/Generated/src/LIBS/MOTORLIB.o
 .debug_abbrev  0x00000cc7      0x129 Dave/Generated/src/IO004/IO004.o
 .debug_abbrev  0x00000df0       0xbb Dave/Generated/src/IO004/IO004_Conf.o
 .debug_abbrev  0x00000eab      0x129 Dave/Generated/src/IO001/IO001.o
 .debug_abbrev  0x00000fd4       0xbb Dave/Generated/src/IO001/IO001_Conf.o
 .debug_abbrev  0x0000108f       0xf3 Dave/Generated/src/DAVESupport/DAVE3.o
 .debug_abbrev  0x00001182      0x123 Dave/Generated/src/DAVESupport/MULTIPLEXER.o
 .debug_abbrev  0x000012a5      0x186 Dave/Generated/src/CLK001/CLK001.o
 .debug_abbrev  0x0000142b      0x19c Dave/Generated/src/ADCGROUP001/ADCGroup001.o
 .debug_abbrev  0x000015c7      0x112 Dave/Generated/src/ADCGROUP001/ADCGroup001_Conf.o
 .debug_abbrev  0x000016d9      0x183 Dave/Generated/src/ADCGLOB001/ADCGlob001.o
 .debug_abbrev  0x0000185c       0xef Dave/Generated/src/ADCGLOB001/ADCGlob001_Conf.o
 .debug_abbrev  0x0000194b      0x1a7 Dave/Generated/src/ADC001/ADC001.o
 .debug_abbrev  0x00001af2      0x112 Dave/Generated/src/ADC001/ADC001_Conf.o

.debug_line     0x00000000     0xe8b1
 *(.debug_line)
 .debug_line    0x00000000      0x130 Startup/startup_XMC4500.o
 .debug_line    0x00000130      0x3b7 Startup/system_XMC4500.o
 .debug_line    0x000004e7     0x1012 Main.o
 .debug_line    0x000014f9      0x3c1 Lib/System_LibcStubs.o
 .debug_line    0x000018ba      0x6e5 Dave/Generated/src/UART001/UART001.o
 .debug_line    0x00001f9f      0x3fd Dave/Generated/src/UART001/UART001_Conf.o
 .debug_line    0x0000239c      0x41e Dave/Generated/src/RESET001/RESET001.o
 .debug_line    0x000027ba      0x433 Dave/Generated/src/NVIC002/NVIC002.o
 .debug_line    0x00002bed      0x373 Dave/Generated/src/NVIC002/NVIC002_Conf.o
 .debug_line    0x00002f60      0xc9e Dave/Generated/src/LIBS/CCU8PWMLIB.o
 .debug_line    0x00003bfe      0xc9a Dave/Generated/src/LIBS/MOTORLIB.o
 .debug_line    0x00004898      0xd15 Dave/Generated/src/IO004/IO004.o
 .debug_line    0x000055ad      0xc65 Dave/Generated/src/IO004/IO004_Conf.o
 .debug_line    0x00006212      0xcc4 Dave/Generated/src/IO001/IO001.o
 .debug_line    0x00006ed6      0xc65 Dave/Generated/src/IO001/IO001_Conf.o
 .debug_line    0x00007b3b      0xa1b Dave/Generated/src/DAVESupport/DAVE3.o
 .debug_line    0x00008556      0xa18 Dave/Generated/src/DAVESupport/MULTIPLEXER.o
 .debug_line    0x00008f6e      0x4af Dave/Generated/src/CLK001/CLK001.o
 .debug_line    0x0000941d      0xf50 Dave/Generated/src/ADCGROUP001/ADCGroup001.o
 .debug_line    0x0000a36d      0xc71 Dave/Generated/src/ADCGROUP001/ADCGroup001_Conf.o
 .debug_line    0x0000afde      0xecd Dave/Generated/src/ADCGLOB001/ADCGlob001.o
 .debug_line    0x0000beab      0xc6f Dave/Generated/src/ADCGLOB001/ADCGlob001_Conf.o
 .debug_line    0x0000cb1a     0x1130 Dave/Generated/src/ADC001/ADC001.o
 .debug_line    0x0000dc4a      0xc67 Dave/Generated/src/ADC001/ADC001_Conf.o

.debug_frame    0x00000000     0x1378
 *(.debug_frame)
 .debug_frame   0x00000000       0x6c Startup/system_XMC4500.o
 .debug_frame   0x0000006c      0x24c Main.o
 .debug_frame   0x000002b8      0x1ec Lib/System_LibcStubs.o
 .debug_frame   0x000004a4      0x190 Dave/Generated/src/UART001/UART001.o
 .debug_frame   0x00000634       0x9c Dave/Generated/src/RESET001/RESET001.o
 .debug_frame   0x000006d0       0xe4 Dave/Generated/src/NVIC002/NVIC002.o
 .debug_frame   0x000007b4       0x64 Dave/Generated/src/IO004/IO004.o
 .debug_frame   0x00000818       0x64 Dave/Generated/src/IO001/IO001.o
 .debug_frame   0x0000087c       0x64 Dave/Generated/src/DAVESupport/DAVE3.o
 .debug_frame   0x000008e0       0x48 Dave/Generated/src/DAVESupport/MULTIPLEXER.o
 .debug_frame   0x00000928      0x120 Dave/Generated/src/CLK001/CLK001.o
 .debug_frame   0x00000a48      0x2b0 Dave/Generated/src/ADCGROUP001/ADCGroup001.o
 .debug_frame   0x00000cf8      0x27c Dave/Generated/src/ADCGLOB001/ADCGlob001.o
 .debug_frame   0x00000f74      0x3d4 Dave/Generated/src/ADC001/ADC001.o
 .debug_frame   0x00001348       0x30 c:/dave-3.1.10/arm-gcc/bin/../lib/gcc/arm-none-eabi/4.7.4/../../../../arm-none-eabi/lib/armv7e-m\libg.a(lib_a-init.o)

.debug_str      0x00000000    0x9a079
 *(.debug_str)
 .debug_str     0x00000000    0x9017e Startup/system_XMC4500.o
                              0x90495 (size before relaxing)
 .debug_str     0x0009017e     0x3ef0 Main.o
                              0x93fe9 (size before relaxing)
 .debug_str     0x0009406e     0x2e29 Lib/System_LibcStubs.o
                               0x58b5 (size before relaxing)
 .debug_str     0x00096e97      0x7c2 Dave/Generated/src/UART001/UART001.o
                              0x915e9 (size before relaxing)
 .debug_str     0x00097659       0x2d Dave/Generated/src/UART001/UART001_Conf.o
                              0x90e35 (size before relaxing)
 .debug_str     0x00097686      0x225 Dave/Generated/src/RESET001/RESET001.o
                              0x907f4 (size before relaxing)
 .debug_str     0x000978ab      0x771 Dave/Generated/src/NVIC002/NVIC002.o
                              0x9091c (size before relaxing)
 .debug_str     0x0009801c       0x3d Dave/Generated/src/NVIC002/NVIC002_Conf.o
                              0x90191 (size before relaxing)
 .debug_str     0x00098059       0x28 Dave/Generated/src/LIBS/CCU8PWMLIB.o
                              0x93077 (size before relaxing)
 .debug_str     0x00098081       0x26 Dave/Generated/src/LIBS/MOTORLIB.o
                              0x93075 (size before relaxing)
 .debug_str     0x000980a7      0x156 Dave/Generated/src/IO004/IO004.o
                              0x932ef (size before relaxing)
 .debug_str     0x000981fd       0x29 Dave/Generated/src/IO004/IO004_Conf.o
                              0x931b6 (size before relaxing)
 .debug_str     0x00098226      0x155 Dave/Generated/src/IO001/IO001.o
                              0x9323a (size before relaxing)
 .debug_str     0x0009837b       0x29 Dave/Generated/src/IO001/IO001_Conf.o
                              0x93135 (size before relaxing)
 .debug_str     0x000983a4       0x68 Dave/Generated/src/DAVESupport/DAVE3.o
                              0x93145 (size before relaxing)
 .debug_str     0x0009840c       0x71 Dave/Generated/src/DAVESupport/MULTIPLEXER.o
                              0x9333b (size before relaxing)
 .debug_str     0x0009847d      0x1a0 Dave/Generated/src/CLK001/CLK001.o
                              0x90a7d (size before relaxing)
 .debug_str     0x0009861d      0xa80 Dave/Generated/src/ADCGROUP001/ADCGroup001.o
                              0x93dcd (size before relaxing)
 .debug_str     0x0009909d      0x16d Dave/Generated/src/ADCGROUP001/ADCGroup001_Conf.o
                              0x9374d (size before relaxing)
 .debug_str     0x0009920a      0x50e Dave/Generated/src/ADCGLOB001/ADCGlob001.o
                              0x93bbd (size before relaxing)
 .debug_str     0x00099718       0x4b Dave/Generated/src/ADCGLOB001/ADCGlob001_Conf.o
                              0x93402 (size before relaxing)
 .debug_str     0x00099763      0x6ee Dave/Generated/src/ADC001/ADC001.o
                              0x93efb (size before relaxing)
 .debug_str     0x00099e51      0x228 Dave/Generated/src/ADC001/ADC001_Conf.o
                              0x93880 (size before relaxing)

.debug_loc      0x00000000     0x22f2
 *(.debug_loc)
 .debug_loc     0x00000000       0xa8 Startup/system_XMC4500.o
 .debug_loc     0x000000a8      0x3d4 Main.o
 .debug_loc     0x0000047c      0x388 Lib/System_LibcStubs.o
 .debug_loc     0x00000804      0x2e6 Dave/Generated/src/UART001/UART001.o
 .debug_loc     0x00000aea      0x118 Dave/Generated/src/RESET001/RESET001.o
 .debug_loc     0x00000c02      0x17c Dave/Generated/src/NVIC002/NVIC002.o
 .debug_loc     0x00000d7e       0x9c Dave/Generated/src/IO004/IO004.o
 .debug_loc     0x00000e1a       0x9c Dave/Generated/src/IO001/IO001.o
 .debug_loc     0x00000eb6       0x90 Dave/Generated/src/DAVESupport/DAVE3.o
 .debug_loc     0x00000f46       0x64 Dave/Generated/src/DAVESupport/MULTIPLEXER.o
 .debug_loc     0x00000faa      0x1e0 Dave/Generated/src/CLK001/CLK001.o
 .debug_loc     0x0000118a      0x534 Dave/Generated/src/ADCGROUP001/ADCGroup001.o
 .debug_loc     0x000016be      0x4d0 Dave/Generated/src/ADCGLOB001/ADCGlob001.o
 .debug_loc     0x00001b8e      0x764 Dave/Generated/src/ADC001/ADC001.o

.debug_macinfo
 *(.debug_macinfo)

.debug_ranges   0x00000000      0x5d8
 *(.debug_ranges)
 .debug_ranges  0x00000000       0x30 Startup/startup_XMC4500.o
 .debug_ranges  0x00000030       0x20 Startup/system_XMC4500.o
 .debug_ranges  0x00000050       0xb8 Main.o
 .debug_ranges  0x00000108       0x90 Lib/System_LibcStubs.o
 .debug_ranges  0x00000198       0x70 Dave/Generated/src/UART001/UART001.o
 .debug_ranges  0x00000208       0x30 Dave/Generated/src/RESET001/RESET001.o
 .debug_ranges  0x00000238       0x40 Dave/Generated/src/NVIC002/NVIC002.o
 .debug_ranges  0x00000278       0x20 Dave/Generated/src/IO004/IO004.o
 .debug_ranges  0x00000298       0x20 Dave/Generated/src/IO001/IO001.o
 .debug_ranges  0x000002b8       0x20 Dave/Generated/src/DAVESupport/DAVE3.o
 .debug_ranges  0x000002d8       0x18 Dave/Generated/src/DAVESupport/MULTIPLEXER.o
 .debug_ranges  0x000002f0       0x50 Dave/Generated/src/CLK001/CLK001.o
 .debug_ranges  0x00000340       0xc8 Dave/Generated/src/ADCGROUP001/ADCGroup001.o
 .debug_ranges  0x00000408       0xb8 Dave/Generated/src/ADCGLOB001/ADCGlob001.o
 .debug_ranges  0x000004c0      0x118 Dave/Generated/src/ADC001/ADC001.o

.debug_weaknames
 *(.debug_weaknames)

.debug_funcnames
 *(.debug_funcnames)

.debug_typenames
 *(.debug_typenames)

.debug_varnames
 *(.debug_varnames)

.build_attributes
                0x00000000      0x574
 *(.ARM.attributes)
 .ARM.attributes
                0x00000000       0x27 Startup/startup_XMC4500.o
 .ARM.attributes
                0x00000027       0x39 Startup/system_XMC4500.o
 .ARM.attributes
                0x00000060       0x39 Main.o
 .ARM.attributes
                0x00000099       0x39 Lib/System_LibcStubs.o
 .ARM.attributes
                0x000000d2       0x39 Dave/Generated/src/UART001/UART001.o
 .ARM.attributes
                0x0000010b       0x39 Dave/Generated/src/UART001/UART001_Conf.o
 .ARM.attributes
                0x00000144       0x39 Dave/Generated/src/RESET001/RESET001.o
 .ARM.attributes
                0x0000017d       0x39 Dave/Generated/src/NVIC002/NVIC002.o
 .ARM.attributes
                0x000001b6       0x39 Dave/Generated/src/NVIC002/NVIC002_Conf.o
 .ARM.attributes
                0x000001ef       0x39 Dave/Generated/src/LIBS/CCU8PWMLIB.o
 .ARM.attributes
                0x00000228       0x39 Dave/Generated/src/LIBS/MOTORLIB.o
 .ARM.attributes
                0x00000261       0x39 Dave/Generated/src/IO004/IO004.o
 .ARM.attributes
                0x0000029a       0x39 Dave/Generated/src/IO004/IO004_Conf.o
 .ARM.attributes
                0x000002d3       0x39 Dave/Generated/src/IO001/IO001.o
 .ARM.attributes
                0x0000030c       0x39 Dave/Generated/src/IO001/IO001_Conf.o
 .ARM.attributes
                0x00000345       0x39 Dave/Generated/src/DAVESupport/DAVE3.o
 .ARM.attributes
                0x0000037e       0x39 Dave/Generated/src/DAVESupport/MULTIPLEXER.o
 .ARM.attributes
                0x000003b7       0x39 Dave/Generated/src/CLK001/CLK001.o
 .ARM.attributes
                0x000003f0       0x39 Dave/Generated/src/ADCGROUP001/ADCGroup001.o
 .ARM.attributes
                0x00000429       0x39 Dave/Generated/src/ADCGROUP001/ADCGroup001_Conf.o
 .ARM.attributes
                0x00000462       0x39 Dave/Generated/src/ADCGLOB001/ADCGlob001.o
 .ARM.attributes
                0x0000049b       0x39 Dave/Generated/src/ADCGLOB001/ADCGlob001_Conf.o
 .ARM.attributes
                0x000004d4       0x39 Dave/Generated/src/ADC001/ADC001.o
 .ARM.attributes
                0x0000050d       0x39 Dave/Generated/src/ADC001/ADC001_Conf.o
 .ARM.attributes
                0x00000546       0x2e c:/dave-3.1.10/arm-gcc/bin/../lib/gcc/arm-none-eabi/4.7.4/../../../../arm-none-eabi/lib/armv7e-m\libg.a(lib_a-init.o)
OUTPUT(Joystick.elf elf32-littlearm)

.debug_macro    0x00000000    0x1ace9
 .debug_macro   0x00000000      0x17e Startup/system_XMC4500.o
 .debug_macro   0x0000017e      0x814 Startup/system_XMC4500.o
 .debug_macro   0x00000992       0x3a Startup/system_XMC4500.o
 .debug_macro   0x000009cc       0x10 Startup/system_XMC4500.o
 .debug_macro   0x000009dc       0x2e Startup/system_XMC4500.o
 .debug_macro   0x00000a0a       0xa3 Startup/system_XMC4500.o
 .debug_macro   0x00000aad      0x20e Startup/system_XMC4500.o
 .debug_macro   0x00000cbb       0x6a Startup/system_XMC4500.o
 .debug_macro   0x00000d25       0x2d Startup/system_XMC4500.o
 .debug_macro   0x00000d52       0x3b Startup/system_XMC4500.o
 .debug_macro   0x00000d8d       0x2d Startup/system_XMC4500.o
 .debug_macro   0x00000dba       0x42 Startup/system_XMC4500.o
 .debug_macro   0x00000dfc      0xd39 Startup/system_XMC4500.o
 .debug_macro   0x00001b35    0x150f5 Startup/system_XMC4500.o
 .debug_macro   0x00016c2a      0x2e5 Main.o
 .debug_macro   0x00016f0f       0x70 Main.o
 .debug_macro   0x00016f7f      0x16c Main.o
 .debug_macro   0x000170eb       0x22 Main.o
 .debug_macro   0x0001710d      0x54a Main.o
 .debug_macro   0x00017657       0x64 Main.o
 .debug_macro   0x000176bb       0x46 Main.o
 .debug_macro   0x00017701      0x160 Main.o
 .debug_macro   0x00017861       0x2d Main.o
 .debug_macro   0x0001788e      0x130 Main.o
 .debug_macro   0x000179be       0x7f Main.o
 .debug_macro   0x00017a3d       0xb4 Main.o
 .debug_macro   0x00017af1       0xb6 Main.o
 .debug_macro   0x00017ba7       0x34 Main.o
 .debug_macro   0x00017bdb       0x11 Main.o
 .debug_macro   0x00017bec       0x28 Main.o
 .debug_macro   0x00017c14       0x18 Main.o
 .debug_macro   0x00017c2c       0x2e Main.o
 .debug_macro   0x00017c5a       0x1c Main.o
 .debug_macro   0x00017c76      0x119 Lib/System_LibcStubs.o
 .debug_macro   0x00017d8f       0x3a Lib/System_LibcStubs.o
 .debug_macro   0x00017dc9       0x52 Lib/System_LibcStubs.o
 .debug_macro   0x00017e1b       0x19 Lib/System_LibcStubs.o
 .debug_macro   0x00017e34      0x16d Lib/System_LibcStubs.o
 .debug_macro   0x00017fa1       0x10 Lib/System_LibcStubs.o
 .debug_macro   0x00017fb1       0x16 Lib/System_LibcStubs.o
 .debug_macro   0x00017fc7       0x89 Lib/System_LibcStubs.o
 .debug_macro   0x00018050       0x10 Lib/System_LibcStubs.o
 .debug_macro   0x00018060       0xf5 Lib/System_LibcStubs.o
 .debug_macro   0x00018155       0x22 Lib/System_LibcStubs.o
 .debug_macro   0x00018177       0x91 Lib/System_LibcStubs.o
 .debug_macro   0x00018208       0x34 Lib/System_LibcStubs.o
 .debug_macro   0x0001823c      0x120 Lib/System_LibcStubs.o
 .debug_macro   0x0001835c       0x16 Lib/System_LibcStubs.o
 .debug_macro   0x00018372       0x35 Lib/System_LibcStubs.o
 .debug_macro   0x000183a7      0x495 Lib/System_LibcStubs.o
 .debug_macro   0x0001883c      0x16e Dave/Generated/src/UART001/UART001.o
 .debug_macro   0x000189aa       0xb0 Dave/Generated/src/UART001/UART001.o
 .debug_macro   0x00018a5a       0xfe Dave/Generated/src/UART001/UART001_Conf.o
 .debug_macro   0x00018b58       0xff Dave/Generated/src/RESET001/RESET001.o
 .debug_macro   0x00018c57       0xd2 Dave/Generated/src/NVIC002/NVIC002.o
 .debug_macro   0x00018d29       0xd2 Dave/Generated/src/NVIC002/NVIC002_Conf.o
 .debug_macro   0x00018dfb      0x1ff Dave/Generated/src/LIBS/CCU8PWMLIB.o
 .debug_macro   0x00018ffa      0x1ff Dave/Generated/src/LIBS/MOTORLIB.o
 .debug_macro   0x000191f9      0x1fb Dave/Generated/src/IO004/IO004.o
 .debug_macro   0x000193f4      0x1fb Dave/Generated/src/IO004/IO004_Conf.o
 .debug_macro   0x000195ef      0x1fb Dave/Generated/src/IO001/IO001.o
 .debug_macro   0x000197ea      0x1fb Dave/Generated/src/IO001/IO001_Conf.o
 .debug_macro   0x000199e5      0x1fb Dave/Generated/src/DAVESupport/DAVE3.o
 .debug_macro   0x00019be0      0x1fb Dave/Generated/src/DAVESupport/MULTIPLEXER.o
 .debug_macro   0x00019ddb       0xee Dave/Generated/src/CLK001/CLK001.o
 .debug_macro   0x00019ec9      0x2b9 Dave/Generated/src/ADCGROUP001/ADCGroup001.o
 .debug_macro   0x0001a182      0x1fb Dave/Generated/src/ADCGROUP001/ADCGroup001_Conf.o
 .debug_macro   0x0001a37d      0x2bd Dave/Generated/src/ADCGLOB001/ADCGlob001.o
 .debug_macro   0x0001a63a      0x1fb Dave/Generated/src/ADCGLOB001/ADCGlob001_Conf.o
 .debug_macro   0x0001a835      0x2b9 Dave/Generated/src/ADC001/ADC001.o
 .debug_macro   0x0001aaee      0x1fb Dave/Generated/src/ADC001/ADC001_Conf.o
