Archive member included because of file (symbol)

c:/dave-3.1.10/arm-gcc/bin/../lib/gcc/arm-none-eabi/4.7.4/../../../../arm-none-eabi/lib/armv7e-m\libg.a(lib_a-init.o)
                              Startup/startup_XMC4500.o (__libc_init_array)

Allocating common symbols
Common symbol       size              file

configuration       0xf               Main.o
pwm_max             0x1               Main.o
TimerTbl            0x400             Dave/Generated/src/SYSTM002/SYSTM002.o
psx_status          0x1               Main.o
data_E              0x5               Main.o
psxDado             0x18              Main.o
result              0x4               Main.o

Discarded input sections

 .group         0x00000000        0x8 Startup/system_XMC4500.o
 .group         0x00000000        0x8 Startup/system_XMC4500.o
 .group         0x00000000        0x8 Startup/system_XMC4500.o
 .group         0x00000000        0x8 Startup/system_XMC4500.o
 .group         0x00000000        0x8 Startup/system_XMC4500.o
 .group         0x00000000        0x8 Startup/system_XMC4500.o
 .group         0x00000000        0x8 Startup/system_XMC4500.o
 .group         0x00000000        0x8 Startup/system_XMC4500.o
 .group         0x00000000        0x8 Startup/system_XMC4500.o
 .group         0x00000000        0x8 Startup/system_XMC4500.o
 .group         0x00000000        0x8 Startup/system_XMC4500.o
 .group         0x00000000        0x8 Startup/system_XMC4500.o
 .group         0x00000000        0x8 Startup/system_XMC4500.o
 .comment       0x00000000       0x71 Startup/system_XMC4500.o
 .group         0x00000000        0x8 Main.o
 .group         0x00000000        0x8 Main.o
 .group         0x00000000        0x8 Main.o
 .group         0x00000000        0x8 Main.o
 .group         0x00000000        0x8 Main.o
 .group         0x00000000        0x8 Main.o
 .group         0x00000000        0x8 Main.o
 .group         0x00000000        0x8 Main.o
 .group         0x00000000        0x8 Main.o
 .group         0x00000000        0x8 Main.o
 .group         0x00000000        0x8 Main.o
 .group         0x00000000        0x8 Main.o
 .group         0x00000000        0x8 Main.o
 .group         0x00000000        0x8 Main.o
 .group         0x00000000        0x8 Main.o
 .group         0x00000000        0x8 Main.o
 .group         0x00000000        0x8 Main.o
 .group         0x00000000        0x8 Main.o
 .group         0x00000000        0x8 Main.o
 .group         0x00000000        0x8 Main.o
 .group         0x00000000        0x8 Main.o
 .group         0x00000000        0x8 Main.o
 .group         0x00000000        0x8 Main.o
 .group         0x00000000        0x8 Main.o
 .group         0x00000000        0x8 Main.o
 .group         0x00000000        0x8 Main.o
 .group         0x00000000        0x8 Main.o
 .group         0x00000000        0x8 Main.o
 .group         0x00000000        0x8 Main.o
 .group         0x00000000        0x8 Main.o
 .group         0x00000000        0x8 Main.o
 .group         0x00000000        0x8 Main.o
 .debug_macro   0x00000000      0x814 Main.o
 .debug_macro   0x00000000       0x2d Main.o
 .debug_macro   0x00000000       0x3b Main.o
 .debug_macro   0x00000000       0x3a Main.o
 .debug_macro   0x00000000       0x10 Main.o
 .debug_macro   0x00000000       0x2e Main.o
 .debug_macro   0x00000000       0xa3 Main.o
 .debug_macro   0x00000000      0x20e Main.o
 .debug_macro   0x00000000       0x2d Main.o
 .debug_macro   0x00000000       0x42 Main.o
 .debug_macro   0x00000000      0xd39 Main.o
 .debug_macro   0x00000000    0x150f5 Main.o
 .comment       0x00000000       0x71 Main.o
 .group         0x00000000        0x8 Lib/System_LibcStubs.o
 .group         0x00000000        0x8 Lib/System_LibcStubs.o
 .group         0x00000000        0x8 Lib/System_LibcStubs.o
 .group         0x00000000        0x8 Lib/System_LibcStubs.o
 .group         0x00000000        0x8 Lib/System_LibcStubs.o
 .group         0x00000000        0x8 Lib/System_LibcStubs.o
 .group         0x00000000        0x8 Lib/System_LibcStubs.o
 .group         0x00000000        0x8 Lib/System_LibcStubs.o
 .group         0x00000000        0x8 Lib/System_LibcStubs.o
 .group         0x00000000        0x8 Lib/System_LibcStubs.o
 .group         0x00000000        0x8 Lib/System_LibcStubs.o
 .group         0x00000000        0x8 Lib/System_LibcStubs.o
 .group         0x00000000        0x8 Lib/System_LibcStubs.o
 .group         0x00000000        0x8 Lib/System_LibcStubs.o
 .group         0x00000000        0x8 Lib/System_LibcStubs.o
 .group         0x00000000        0x8 Lib/System_LibcStubs.o
 .group         0x00000000        0x8 Lib/System_LibcStubs.o
 .group         0x00000000        0x8 Lib/System_LibcStubs.o
 .group         0x00000000        0x8 Lib/System_LibcStubs.o
 .group         0x00000000        0x8 Lib/System_LibcStubs.o
 .group         0x00000000        0x8 Lib/System_LibcStubs.o
 .debug_macro   0x00000000      0x814 Lib/System_LibcStubs.o
 .debug_macro   0x00000000       0x3a Lib/System_LibcStubs.o
[...]
Memory Configuration

Name             Origin             Length             Attributes
FLASH_1_cached   0x08000000         0x00100000         xr
FLASH_1_uncached 0x0c000000         0x00100000         xr
PSRAM_1          0x10000000         0x00010000         !xr
DSRAM_1_system   0x20000000         0x00010000         !xr
DSRAM_2_comm     0x30000000         0x00008000         !xr
*default*        0x00000000         0xffffffff

Linker script and memory map

LOAD Startup/startup_XMC4500.o
LOAD Startup/system_XMC4500.o
LOAD Main.o
LOAD Lib/System_LibcStubs.o
LOAD Dave/Generated/src/UART001/UART001.o
LOAD Dave/Generated/src/UART001/UART001_Conf.o
LOAD Dave/Generated/src/SYSTM002/SYSTM002.o
LOAD Dave/Generated/src/RESET001/RESET001.o
LOAD Dave/Generated/src/NVIC002/NVIC002.o
LOAD Dave/Generated/src/NVIC002/NVIC002_Conf.o
LOAD Dave/Generated/src/LIBS/CCU8PWMLIB.o
LOAD Dave/Generated/src/LIBS/MOTORLIB.o
LOAD Dave/Generated/src/IO004/IO004.o
LOAD Dave/Generated/src/IO004/IO004_Conf.o
LOAD Dave/Generated/src/IO001/IO001.o
LOAD Dave/Generated/src/IO001/IO001_Conf.o
LOAD Dave/Generated/src/DAVESupport/DAVE3.o
LOAD Dave/Generated/src/DAVESupport/MULTIPLEXER.o
LOAD Dave/Generated/src/CLK001/CLK001.o
LOAD Dave/Generated/src/ADCGROUP001/ADCGroup001.o
LOAD Dave/Generated/src/ADCGROUP001/ADCGroup001_Conf.o
LOAD Dave/Generated/src/ADCGLOB001/ADCGlob001.o
LOAD Dave/Generated/src/ADCGLOB001/ADCGlob001_Conf.o
LOAD Dave/Generated/src/ADC001/ADC001.o
LOAD Dave/Generated/src/ADC001/ADC001_Conf.o
START GROUP
LOAD c:/dave-3.1.10/arm-gcc/bin/../lib/gcc/arm-none-eabi/4.7.4/armv7e-m\libgcc.a
LOAD c:/dave-3.1.10/arm-gcc/bin/../lib/gcc/arm-none-eabi/4.7.4/../../../../arm-none-eabi/lib/armv7e-m\libg.a
LOAD c:/dave-3.1.10/arm-gcc/bin/../lib/gcc/arm-none-eabi/4.7.4/../../../../arm-none-eabi/lib/armv7e-m\libc.a
END GROUP
                0x00000800                stack_size = 0x800

.text           0x08000000     0x7514 load address 0x0c000000
                0x08000000                sText = .
 *(.Xmc4500.reset)
 .Xmc4500.reset
                0x08000000      0x21c Startup/startup_XMC4500.o
                0x08000000                __Xmc4500_interrupt_vector_cortex_m
                0x08000200                __Xmc4500_reset_cortex_m
 *(.Xmc4500.postreset)
 .Xmc4500.postreset
                0x0800021c       0xa8 Startup/startup_XMC4500.o
 *(.XmcStartup)
 .XmcStartup    0x080002c4        0x4 Startup/startup_XMC4500.o
 *(.text .text.* .gnu.linkonce.t.*)
 .text          0x080002c8       0xe2 Startup/startup_XMC4500.o
                0x080002c8                NMI_Handler
                0x080002ca                HardFault_Handler
                0x080002cc                MemManage_Handler
                0x080002ce                BusFault_Handler
                0x080002d0                UsageFault_Handler
                0x080002d2                SVC_Handler
                0x080002d4                DebugMon_Handler
                0x080002d6                PendSV_Handler
                0x080002da                SCU_0_IRQHandler
                0x080002dc                ERU0_0_IRQHandler
                0x080002de                ERU0_1_IRQHandler
                0x080002e0                ERU0_2_IRQHandler
                0x080002e2                ERU0_3_IRQHandler
                0x080002e4                ERU1_0_IRQHandler
                0x080002e6                ERU1_1_IRQHandler
                0x080002e8                ERU1_2_IRQHandler
                0x080002ea                ERU1_3_IRQHandler
                0x080002ec                PMU0_0_IRQHandler
                0x080002ee                VADC0_C0_0_IRQHandler
                0x080002f0                VADC0_C0_1_IRQHandler
                0x080002f4                VADC0_C0_3_IRQHandler
                0x080002f6                VADC0_G0_0_IRQHandler
                0x080002f8                VADC0_G0_1_IRQHandler
                0x080002fa                VADC0_G0_2_IRQHandler
                0x080002fc                VADC0_G0_3_IRQHandler
                0x080002fe                VADC0_G1_0_IRQHandler
                0x08000300                VADC0_G1_1_IRQHandler
                0x08000302                VADC0_G1_2_IRQHandler
                0x08000304                VADC0_G1_3_IRQHandler
                0x08000306                VADC0_G2_0_IRQHandler
                0x08000308                VADC0_G2_1_IRQHandler
                0x0800030a                VADC0_G2_2_IRQHandler
                0x0800030c                VADC0_G2_3_IRQHandler
                0x0800030e                VADC0_G3_0_IRQHandler
                0x08000310                VADC0_G3_1_IRQHandler
                0x08000312                VADC0_G3_2_IRQHandler
                0x08000314                VADC0_G3_3_IRQHandler
                0x08000316                DSD0_0_IRQHandler
                0x08000318                DSD0_1_IRQHandler
                0x0800031a                DSD0_2_IRQHandler
                0x0800031c                DSD0_3_IRQHandler
                0x0800031e                DSD0_4_IRQHandler
                0x08000320                DSD0_5_IRQHandler
                0x08000322                DSD0_6_IRQHandler
                0x08000324                DSD0_7_IRQHandler
                0x08000326                DAC0_0_IRQHandler
                0x08000328                DAC0_1_IRQHandler
                0x0800032a                CCU40_0_IRQHandler
                0x0800032c                CCU40_1_IRQHandler
                0x0800032e                CCU40_2_IRQHandler
                0x08000330                CCU40_3_IRQHandler
                0x08000332                CCU41_0_IRQHandler
                0x08000334                CCU41_1_IRQHandler
                0x08000336                CCU41_2_IRQHandler
                0x08000338                CCU41_3_IRQHandler
                0x0800033a                CCU42_0_IRQHandler
                0x0800033c                CCU42_1_IRQHandler
                0x0800033e                CCU42_2_IRQHandler
                0x08000340                CCU42_3_IRQHandler
                0x08000342                CCU43_0_IRQHandler
                0x08000344                CCU43_1_IRQHandler
                0x08000346                CCU43_2_IRQHandler
                0x08000348                CCU43_3_IRQHandler
                0x0800034a                CCU80_0_IRQHandler
                0x0800034c                CCU80_1_IRQHandler
                0x0800034e                CCU80_2_IRQHandler
                0x08000350                CCU80_3_IRQHandler
                0x08000352                CCU81_0_IRQHandler
                0x08000354                CCU81_1_IRQHandler
                0x08000356                CCU81_2_IRQHandler
                0x08000358                CCU81_3_IRQHandler
                0x0800035a                POSIF0_0_IRQHandler
                0x0800035c                POSIF0_1_IRQHandler
                0x0800035e                POSIF1_0_IRQHandler
                0x08000360                POSIF1_1_IRQHandler
                0x08000362                CAN0_0_IRQHandler
                0x08000364                CAN0_1_IRQHandler
                0x08000366                CAN0_2_IRQHandler
                0x08000368                CAN0_3_IRQHandler
                0x0800036a                CAN0_4_IRQHandler
                0x0800036c                CAN0_5_IRQHandler
                0x0800036e                CAN0_6_IRQHandler
                0x08000370                CAN0_7_IRQHandler
                0x08000372                USIC0_0_IRQHandler
                0x08000374                USIC0_1_IRQHandler
                0x08000376                USIC0_2_IRQHandler
                0x08000378                USIC0_3_IRQHandler
                0x0800037a                USIC0_4_IRQHandler
                0x0800037c                USIC0_5_IRQHandler
                0x0800037e                USIC1_0_IRQHandler
                0x08000380                USIC1_1_IRQHandler
                0x08000382                USIC1_2_IRQHandler
                0x08000384                USIC1_3_IRQHandler
                0x08000386                USIC1_4_IRQHandler
                0x08000388                USIC1_5_IRQHandler
                0x0800038a                USIC2_0_IRQHandler
                0x0800038c                USIC2_1_IRQHandler
                0x0800038e                USIC2_2_IRQHandler
                0x08000390                USIC2_3_IRQHandler
                0x08000392                USIC2_4_IRQHandler
                0x08000394                USIC2_5_IRQHandler
                0x08000396                LEDTS0_0_IRQHandler
                0x08000398                FCE0_0_IRQHandler
                0x0800039a                GPDMA0_0_IRQHandler
                0x0800039c                SDMMC0_0_IRQHandler
                0x0800039e                USB0_0_IRQHandler
                0x080003a0                ETH0_0_IRQHandler
                0x080003a2                GPDMA1_0_IRQHandler
 .text          0x080003aa        0x0 Startup/system_XMC4500.o
 *fill*         0x080003aa        0x2 00
 .text.SystemInit
                0x080003ac       0x9c Startup/system_XMC4500.o
                0x080003ac                SystemInit
 .text.SystemCoreClockUpdate
                0x08000448      0x148 Startup/system_XMC4500.o
                0x08000448                SystemCoreClockUpdate
 .text.SystemClockSetup
                0x08000590      0x4cc Startup/system_XMC4500.o
 .text          0x08000a5c        0x0 Main.o
 .text.main     0x08000a5c      0x848 Main.o
                0x08000a5c                main
 .text.read_R   0x080012a4       0xbc Main.o
                0x080012a4                read_R
 .text.pulse_R  0x08001360       0x54 Main.o
                0x08001360                pulse_R
 .text.configure_E
                0x080013b4      0x1d0 Main.o
                0x080013b4                configure_E
 .text.write_E  0x08001584      0x178 Main.o
                0x08001584                write_E
 .text.psxConfiguraControle
                0x080016fc       0x14 Main.o
                0x080016fc                psxConfiguraControle
 .text.psxEnterConfigMode
                0x08001710       0xd0 Main.o
                0x08001710                psxEnterConfigMode
 .text.psxSetAnalogMode
                0x080017e0      0x100 Main.o
                0x080017e0                psxSetAnalogMode
 .text.psxExitConfigMode
                0x080018e0      0x100 Main.o
                0x080018e0                psxExitConfigMode
 .text.psxLeControle
                0x080019e0       0xf4 Main.o
                0x080019e0                psxLeControle
 .text.psxHandShake
                0x08001ad4       0xe0 Main.o
                0x08001ad4                psxHandShake
 .text.psxTrocaByte
                0x08001bb4      0x124 Main.o
                0x08001bb4                psxTrocaByte
 .text.delay    0x08001cd8       0x30 Main.o
                0x08001cd8                delay
 .text.printByteToInt
                0x08001d08       0xe4 Main.o
                0x08001d08                printByteToInt
 .text.VADC0_C0_2_IRQHandler
                0x08001dec       0x1c Main.o
                0x08001dec                VADC0_C0_2_IRQHandler
 .text.updateButtonStates
                0x08001e08      0x22c Main.o
                0x08001e08                updateButtonStates
 .text.turbo    0x08002034       0x18 Main.o
                0x08002034                turbo
 .text.turbo2   0x0800204c      0x110 Main.o
                0x0800204c                turbo2
 .text.shunt    0x0800215c       0x18 Main.o
                0x0800215c                shunt
 .text.flip     0x08002174       0x2c Main.o
                0x08002174                flip
 .text.changeMode
                0x080021a0       0x20 Main.o
                0x080021a0                changeMode
 .text.Software_Timers_Init
                0x080021c0       0x34 Main.o
                0x080021c0                Software_Timers_Init
 .text.Tick_Handler
                0x080021f4       0x24 Main.o
                0x080021f4                Tick_Handler
 .text          0x08002218        0x0 Lib/System_LibcStubs.o
 .text._open    0x08002218       0x1c Lib/System_LibcStubs.o
                0x08002218                _open
 .text._lseek   0x08002234       0x1c Lib/System_LibcStubs.o
                0x08002234                _lseek
 .text._read    0x08002250       0x1c Lib/System_LibcStubs.o
                0x08002250                _read
 .text._write   0x0800226c       0x1c Lib/System_LibcStubs.o
                0x0800226c                _write
 .text._close   0x08002288       0x10 Lib/System_LibcStubs.o
                0x08002288                _close
 .text._fstat   0x08002298       0x28 Lib/System_LibcStubs.o
                0x08002298                _fstat
 .text._link    0x080022c0       0x28 Lib/System_LibcStubs.o
                0x080022c0                _link
 .text._unlink  0x080022e8       0x18 Lib/System_LibcStubs.o
                0x080022e8                _unlink
 .text._sbrk    0x08002300       0xa0 Lib/System_LibcStubs.o
                0x08002300                _sbrk
 .text._times   0x080023a0       0x18 Lib/System_LibcStubs.o
                0x080023a0                _times
 .text._wait    0x080023b8       0x18 Lib/System_LibcStubs.o
                0x080023b8                _wait
 .text._kill    0x080023d0       0x1c Lib/System_LibcStubs.o
                0x080023d0                _kill
 .text._fork    0x080023ec       0x10 Lib/System_LibcStubs.o
                0x080023ec                _fork
 .text._getpid  0x080023fc       0x10 Lib/System_LibcStubs.o
                0x080023fc                _getpid
 .text._exit    0x0800240c        0xc Lib/System_LibcStubs.o
                0x0800240c                _exit
 .text._init    0x08002418        0xc Lib/System_LibcStubs.o
                0x08002418                _init
 .text._isatty  0x08002424       0x18 Lib/System_LibcStubs.o
                0x08002424                _isatty
 .text          0x0800243c        0x0 Dave/Generated/src/UART001/UART001.o
 .text.UART001_lInit
                0x0800243c      0x1a8 Dave/Generated/src/UART001/UART001.o
                0x0800243c                UART001_lInit
 .text.UART001_lConfigTXPin
                0x080025e4       0xfc Dave/Generated/src/UART001/UART001.o
                0x080025e4                UART001_lConfigTXPin
 .text.UART001_labsRealType
                0x080026e0       0x38 Dave/Generated/src/UART001/UART001.o
                0x080026e0                UART001_labsRealType
 .text.UART001_lConfigureBaudRate
                0x08002718      0x4e8 Dave/Generated/src/UART001/UART001.o
                0x08002718                UART001_lConfigureBaudRate
 .text.UART001_Init
                0x08002c00       0x6c Dave/Generated/src/UART001/UART001.o
                0x08002c00                UART001_Init
 .text.UART001_DeInit
                0x08002c6c       0x14 Dave/Generated/src/UART001/UART001.o
                0x08002c6c                UART001_DeInit
 .text.UART001_Configure
                0x08002c80      0x114 Dave/Generated/src/UART001/UART001.o
                0x08002c80                UART001_Configure
 .text.UART001_ReadDataMultiple
                0x08002d94       0x80 Dave/Generated/src/UART001/UART001.o
                0x08002d94                UART001_ReadDataMultiple
 .text.UART001_ReadDataBytes
                0x08002e14       0x80 Dave/Generated/src/UART001/UART001.o
                0x08002e14                UART001_ReadDataBytes
 .text.UART001_WriteDataMultiple
                0x08002e94       0x90 Dave/Generated/src/UART001/UART001.o
                0x08002e94                UART001_WriteDataMultiple
 .text.UART001_WriteDataBytes
                0x08002f24       0x90 Dave/Generated/src/UART001/UART001.o
                0x08002f24                UART001_WriteDataBytes
 .text.UART001_GetFlagStatus
                0x08002fb4       0x98 Dave/Generated/src/UART001/UART001.o
                0x08002fb4                UART001_GetFlagStatus
 .text.UART001_ClearFlag
                0x0800304c       0x78 Dave/Generated/src/UART001/UART001.o
                0x0800304c                UART001_ClearFlag
 .text          0x080030c4        0x0 Dave/Generated/src/UART001/UART001_Conf.o
 .text          0x080030c4        0x0 Dave/Generated/src/SYSTM002/SYSTM002.o
 .text.NVIC_GetPriorityGrouping
                0x080030c4       0x20 Dave/Generated/src/SYSTM002/SYSTM002.o
 .text.NVIC_SetPriority
                0x080030e4       0x5c Dave/Generated/src/SYSTM002/SYSTM002.o
 .text.NVIC_EncodePriority
                0x08003140       0x78 Dave/Generated/src/SYSTM002/SYSTM002.o
 .text.SysTick_Config
                0x080031b8       0x64 Dave/Generated/src/SYSTM002/SYSTM002.o
 .text.SYSTM002_lInsertTimerList
                0x0800321c      0x214 Dave/Generated/src/SYSTM002/SYSTM002.o
 .text.SYSTM002_lRemoveTimerList
                0x08003430       0xd8 Dave/Generated/src/SYSTM002/SYSTM002.o
 .text.SYSTM002_lTimerHandler
                0x08003508       0x94 Dave/Generated/src/SYSTM002/SYSTM002.o
 .text.SysTick_Handler
                0x0800359c       0x5c Dave/Generated/src/SYSTM002/SYSTM002.o
                0x0800359c                SysTick_Handler
 .text.SYSTM002_Init
                0x080035f8       0x64 Dave/Generated/src/SYSTM002/SYSTM002.o
                0x080035f8                SYSTM002_Init
 .text.SYSTM002_CreateTimer
                0x0800365c      0x1bc Dave/Generated/src/SYSTM002/SYSTM002.o
                0x0800365c                SYSTM002_CreateTimer
 .text.SYSTM002_StartTimer
                0x08003818       0xb4 Dave/Generated/src/SYSTM002/SYSTM002.o
                0x08003818                SYSTM002_StartTimer
 .text.SYSTM002_StopTimer
                0x080038cc       0x90 Dave/Generated/src/SYSTM002/SYSTM002.o
                0x080038cc                SYSTM002_StopTimer
 .text.SYSTM002_DeleteTimer
                0x0800395c       0x9c Dave/Generated/src/SYSTM002/SYSTM002.o
                0x0800395c                SYSTM002_DeleteTimer
 .text.SYSTM002_GetTime
                0x080039f8       0x20 Dave/Generated/src/SYSTM002/SYSTM002.o
                0x080039f8                SYSTM002_GetTime
 .text          0x08003a18        0x0 Dave/Generated/src/RESET001/RESET001.o
 .text.RESET001_AssertReset
                0x08003a18       0x54 Dave/Generated/src/RESET001/RESET001.o
                0x08003a18                RESET001_AssertReset
 .text.RESET001_DeassertReset
                0x08003a6c       0x54 Dave/Generated/src/RESET001/RESET001.o
                0x08003a6c                RESET001_DeassertReset
 .text.RESET001_GetResetInfo
                0x08003ac0       0x2c Dave/Generated/src/RESET001/RESET001.o
                0x08003ac0                RESET001_GetResetInfo
 .text.RESET001_GetStatus
                0x08003aec       0x7c Dave/Generated/src/RESET001/RESET001.o
                0x08003aec                RESET001_GetStatus
 .text.RESET001_ClearResetInfo
                0x08003b68       0x28 Dave/Generated/src/RESET001/RESET001.o
                0x08003b68                RESET001_ClearResetInfo
 .text          0x08003b90        0x0 Dave/Generated/src/NVIC002/NVIC002.o
 .text.NVIC_GetPriorityGrouping
                0x08003b90       0x20 Dave/Generated/src/NVIC002/NVIC002.o
 .text.NVIC_EnableIRQ
                0x08003bb0       0x38 Dave/Generated/src/NVIC002/NVIC002.o
 .text.NVIC_SetPriority
                0x08003be8       0x5c Dave/Generated/src/NVIC002/NVIC002.o
 .text.NVIC_EncodePriority
                0x08003c44       0x78 Dave/Generated/src/NVIC002/NVIC002.o
 .text.NVIC002_EnableIRQ
                0x08003cbc       0x20 Dave/Generated/src/NVIC002/NVIC002.o
 .text.NVIC002_Init
                0x08003cdc       0x38 Dave/Generated/src/NVIC002/NVIC002.o
                0x08003cdc                NVIC002_Init
 .text.NVIC002_lInit
                0x08003d14       0x4c Dave/Generated/src/NVIC002/NVIC002.o
 .text          0x08003d60        0x0 Dave/Generated/src/NVIC002/NVIC002_Conf.o
 .text          0x08003d60        0x0 Dave/Generated/src/LIBS/CCU8PWMLIB.o
 .text          0x08003d60        0x0 Dave/Generated/src/LIBS/MOTORLIB.o
 .text          0x08003d60        0x0 Dave/Generated/src/IO004/IO004.o
 .text.IO004_Init
                0x08003d60      0x3d4 Dave/Generated/src/IO004/IO004.o
                0x08003d60                IO004_Init
 .text.IO004_DisableOutputDriver
                0x08004134      0x17c Dave/Generated/src/IO004/IO004.o
                0x08004134                IO004_DisableOutputDriver
 .text.IO004_EnableOutputDriver
                0x080042b0      0x17c Dave/Generated/src/IO004/IO004.o
                0x080042b0                IO004_EnableOutputDriver
 .text          0x0800442c        0x0 Dave/Generated/src/IO004/IO004_Conf.o
 .text          0x0800442c        0x0 Dave/Generated/src/IO001/IO001.o
 .text.IO001_Init
                0x0800442c       0x40 Dave/Generated/src/IO001/IO001.o
                0x0800442c                IO001_Init
 .text.IO001_EnableDigitalInput
                0x0800446c      0x198 Dave/Generated/src/IO001/IO001.o
                0x0800446c                IO001_EnableDigitalInput
 .text.IO001_DisableDigitalInput
                0x08004604       0x2c Dave/Generated/src/IO001/IO001.o
                0x08004604                IO001_DisableDigitalInput
 .text          0x08004630        0x0 Dave/Generated/src/IO001/IO001_Conf.o
 .text          0x08004630        0x0 Dave/Generated/src/DAVESupport/DAVE3.o
 .text.NVIC_SetPriorityGrouping
                0x08004630       0x50 Dave/Generated/src/DAVESupport/DAVE3.o
 .text.DAVE_Init
                0x08004680       0x3c Dave/Generated/src/DAVESupport/DAVE3.o
                0x08004680                DAVE_Init
 .text.SystemInit_DAVE3
                0x080046bc        0xc Dave/Generated/src/DAVESupport/DAVE3.o
                0x080046bc                SystemInit_DAVE3
 .text          0x080046c8        0x0 Dave/Generated/src/DAVESupport/MULTIPLEXER.o
 .text.DAVE_MUX_Init
                0x080046c8      0x210 Dave/Generated/src/DAVESupport/MULTIPLEXER.o
                0x080046c8                DAVE_MUX_Init
 .text.DAVE_MUX_PreInit
                0x080048d8        0xc Dave/Generated/src/DAVESupport/MULTIPLEXER.o
                0x080048d8                DAVE_MUX_PreInit
 .text          0x080048e4        0x0 Dave/Generated/src/CLK001/CLK001.o
 .text.CLK001_Delay
                0x080048e4       0x34 Dave/Generated/src/CLK001/CLK001.o
 .text.CLK001_SysClk_Valid
                0x08004918       0x38 Dave/Generated/src/CLK001/CLK001.o
 .text.CLK001_BackupClkTrim
                0x08004950       0x94 Dave/Generated/src/CLK001/CLK001.o
 .text.CLK001_SetMainPLLClkSrc
                0x080049e4       0xf0 Dave/Generated/src/CLK001/CLK001.o
 .text.CLK001_ConfigMainPLL
                0x08004ad4      0x15c Dave/Generated/src/CLK001/CLK001.o
 .text.CLK001_FreqStepupMainPLL
                0x08004c30      0x164 Dave/Generated/src/CLK001/CLK001.o
 .text.CLK001_SysClk_Init
                0x08004d94       0x50 Dave/Generated/src/CLK001/CLK001.o
 .text.CLK001_Init
                0x08004de4       0x30 Dave/Generated/src/CLK001/CLK001.o
                0x08004de4                CLK001_Init
 .text.AllowPLLInitByStartup
                0x08004e14       0x10 Dave/Generated/src/CLK001/CLK001.o
                0x08004e14                AllowPLLInitByStartup
 .text          0x08004e24        0x0 Dave/Generated/src/ADCGROUP001/ADCGroup001.o
 .text.ADCGROUP001_Init
                0x08004e24       0x2c Dave/Generated/src/ADCGROUP001/ADCGroup001.o
                0x08004e24                ADCGROUP001_Init
 .text.ADCGROUP001_lInit
                0x08004e50      0x1a0 Dave/Generated/src/ADCGROUP001/ADCGroup001.o
                0x08004e50                ADCGROUP001_lInit
 .text.ADCGROUP001_Deinit
                0x08004ff0       0x84 Dave/Generated/src/ADCGROUP001/ADCGroup001.o
                0x08004ff0                ADCGROUP001_Deinit
 .text.ADCGROUP001_GetStartupCalStatus
                0x08005074       0x34 Dave/Generated/src/ADCGROUP001/ADCGroup001.o
                0x08005074                ADCGROUP001_GetStartupCalStatus
 .text.ADCGROUP001_SetGroupBound0
                0x080050a8       0x68 Dave/Generated/src/ADCGROUP001/ADCGroup001.o
                0x080050a8                ADCGROUP001_SetGroupBound0
 .text.ADCGROUP001_SetGroupBound1
                0x08005110       0x6c Dave/Generated/src/ADCGROUP001/ADCGroup001.o
                0x08005110                ADCGROUP001_SetGroupBound1
 .text.ADCGROUP001_ActiveGroupServiceRequestNode
                0x0800517c       0x78 Dave/Generated/src/ADCGROUP001/ADCGroup001.o
                0x0800517c                ADCGROUP001_ActiveGroupServiceRequestNode
 .text.ADCGROUP001_DeActiveGroupServiceRequestNode
                0x080051f4       0x60 Dave/Generated/src/ADCGROUP001/ADCGroup001.o
                0x080051f4                ADCGROUP001_DeActiveGroupServiceRequestNode
 .text.ADCGROUP001_ActiveSharedServiceRequestNode
                0x08005254       0x80 Dave/Generated/src/ADCGROUP001/ADCGroup001.o
                0x08005254                ADCGROUP001_ActiveSharedServiceRequestNode
 .text.ADCGROUP001_DeActiveSharedServiceRequestNode
                0x080052d4       0x64 Dave/Generated/src/ADCGROUP001/ADCGroup001.o
                0x080052d4                ADCGROUP001_DeActiveSharedServiceRequestNode
 .text.ADCGROUP001_EMUXStartSelection
                0x08005338       0x5c Dave/Generated/src/ADCGROUP001/ADCGroup001.o
                0x08005338                ADCGROUP001_EMUXStartSelection
 .text.ADCGROUP001_GetEMUXStartSelection
                0x08005394       0x54 Dave/Generated/src/ADCGROUP001/ADCGroup001.o
                0x08005394                ADCGROUP001_GetEMUXStartSelection
 .text.ADCGROUP001_SetEMUXChannelSelect
                0x080053e8       0x60 Dave/Generated/src/ADCGROUP001/ADCGroup001.o
                0x080053e8                ADCGROUP001_SetEMUXChannelSelect
 .text.ADCGROUP001_SetEMUXMode
                0x08005448       0x70 Dave/Generated/src/ADCGROUP001/ADCGroup001.o
                0x08005448                ADCGROUP001_SetEMUXMode
 .text.ADCGROUP001_SetEMUXCodeScheme
                0x080054b8       0x78 Dave/Generated/src/ADCGROUP001/ADCGroup001.o
                0x080054b8                ADCGROUP001_SetEMUXCodeScheme
 .text.ADCGROUP001_SetGroupClass0SampleTime
                0x08005530       0x5c Dave/Generated/src/ADCGROUP001/ADCGroup001.o
                0x08005530                ADCGROUP001_SetGroupClass0SampleTime
 .text.ADCGROUP001_SetGroupClass1SampleTime
                0x0800558c       0x5c Dave/Generated/src/ADCGROUP001/ADCGroup001.o
                0x0800558c                ADCGROUP001_SetGroupClass1SampleTime
 .text.ADCGROUP001_SetGroupClass0EmuxSampleTime
                0x080055e8       0x60 Dave/Generated/src/ADCGROUP001/ADCGroup001.o
                0x080055e8                ADCGROUP001_SetGroupClass0EmuxSampleTime
 .text.ADCGROUP001_SetGroupClass1EmuxSampleTime
                0x08005648       0x60 Dave/Generated/src/ADCGROUP001/ADCGroup001.o
                0x08005648                ADCGROUP001_SetGroupClass1EmuxSampleTime
 .text.ADCGROUP001_SetGroupClass0ConvMode
                0x080056a8       0x68 Dave/Generated/src/ADCGROUP001/ADCGroup001.o
                0x080056a8                ADCGROUP001_SetGroupClass0ConvMode
 .text.ADCGROUP001_SetGroupClass1ConvMode
                0x08005710       0x68 Dave/Generated/src/ADCGROUP001/ADCGroup001.o
                0x08005710                ADCGROUP001_SetGroupClass1ConvMode
 .text.ADCGROUP001_SetGroupClass0EmuxConvMode
                0x08005778       0x68 Dave/Generated/src/ADCGROUP001/ADCGroup001.o
                0x08005778                ADCGROUP001_SetGroupClass0EmuxConvMode
 .text.ADCGROUP001_SetGroupClass1EmuxConvMode
                0x080057e0       0x68 Dave/Generated/src/ADCGROUP001/ADCGroup001.o
                0x080057e0                ADCGROUP001_SetGroupClass1EmuxConvMode
 .text.ADCGROUP001_SetEMUXSampleTimeControl
                0x08005848       0x70 Dave/Generated/src/ADCGROUP001/ADCGroup001.o
                0x08005848                ADCGROUP001_SetEMUXSampleTimeControl
 .text          0x080058b8        0x0 Dave/Generated/src/ADCGROUP001/ADCGroup001_Conf.o
 .text          0x080058b8        0x0 Dave/Generated/src/ADCGLOB001/ADCGlob001.o
 .text.ADCGLOB001_Init
                0x080058b8      0x1a0 Dave/Generated/src/ADCGLOB001/ADCGlob001.o
                0x080058b8                ADCGLOB001_Init
 .text.ADCGLOB001_DeInit
                0x08005a58       0x98 Dave/Generated/src/ADCGLOB001/ADCGlob001.o
                0x08005a58                ADCGLOB001_DeInit
 .text.ADCGLOB001_CLKRequestDisable
                0x08005af0       0x3c Dave/Generated/src/ADCGLOB001/ADCGlob001.o
                0x08005af0                ADCGLOB001_CLKRequestDisable
 .text.ADCGLOB001_CLKRequestEnable
                0x08005b2c       0x3c Dave/Generated/src/ADCGLOB001/ADCGlob001.o
                0x08005b2c                ADCGLOB001_CLKRequestEnable
 .text.ADCGLOB001_SetStartUpCalibration
                0x08005b68       0x40 Dave/Generated/src/ADCGLOB001/ADCGlob001.o
                0x08005b68                ADCGLOB001_SetStartUpCalibration
 .text.ADCGLOB001_StartUpCalibrationInit
                0x08005ba8       0x60 Dave/Generated/src/ADCGLOB001/ADCGlob001.o
                0x08005ba8                ADCGLOB001_StartUpCalibrationInit
 .text.ADCGLOB001_EnableSleepModeControl
                0x08005c08       0x3c Dave/Generated/src/ADCGLOB001/ADCGlob001.o
                0x08005c08                ADCGLOB001_EnableSleepModeControl
 .text.ADCGLOB001_DisregardSleepModeControl
                0x08005c44       0x3c Dave/Generated/src/ADCGLOB001/ADCGlob001.o
                0x08005c44                ADCGLOB001_DisregardSleepModeControl
 .text.ADCGLOB001_SetGlobClass0ConvMode
                0x08005c80       0x64 Dave/Generated/src/ADCGLOB001/ADCGlob001.o
                0x08005c80                ADCGLOB001_SetGlobClass0ConvMode
 .text.ADCGLOB001_SetGlobClass0SampleTime
                0x08005ce4       0x5c Dave/Generated/src/ADCGLOB001/ADCGlob001.o
                0x08005ce4                ADCGLOB001_SetGlobClass0SampleTime
 .text.ADCGLOB001_SetGlobClass0EmuxConvMode
                0x08005d40       0x64 Dave/Generated/src/ADCGLOB001/ADCGlob001.o
                0x08005d40                ADCGLOB001_SetGlobClass0EmuxConvMode
 .text.ADCGLOB001_SetGlobClass0EmuxSampleTime
                0x08005da4       0x60 Dave/Generated/src/ADCGLOB001/ADCGlob001.o
                0x08005da4                ADCGLOB001_SetGlobClass0EmuxSampleTime
 .text.ADCGLOB001_SetGlobClass1ConvMode
                0x08005e04       0x64 Dave/Generated/src/ADCGLOB001/ADCGlob001.o
                0x08005e04                ADCGLOB001_SetGlobClass1ConvMode
 .text.ADCGLOB001_SetGlobClass1SampleTime
                0x08005e68       0x5c Dave/Generated/src/ADCGLOB001/ADCGlob001.o
                0x08005e68                ADCGLOB001_SetGlobClass1SampleTime
 .text.ADCGLOB001_SetGlobClass1EmuxConvMode
                0x08005ec4       0x64 Dave/Generated/src/ADCGLOB001/ADCGlob001.o
                0x08005ec4                ADCGLOB001_SetGlobClass1EmuxConvMode
 .text.ADCGLOB001_SetGlobClass1EmuxSampleTime
                0x08005f28       0x60 Dave/Generated/src/ADCGLOB001/ADCGlob001.o
                0x08005f28                ADCGLOB001_SetGlobClass1EmuxSampleTime
 .text.ADCGLOB001_GetDisableBitStatus
                0x08005f88       0x44 Dave/Generated/src/ADCGLOB001/ADCGlob001.o
                0x08005f88                ADCGLOB001_GetDisableBitStatus
 .text.ADCGLOB001_GetIdValue
                0x08005fcc       0x38 Dave/Generated/src/ADCGLOB001/ADCGlob001.o
                0x08005fcc                ADCGLOB001_GetIdValue
 .text.ADCGLOB001_GTFRConvtrDiagnoGrp
                0x08006004       0x8c Dave/Generated/src/ADCGLOB001/ADCGlob001.o
                0x08006004                ADCGLOB001_GTFRConvtrDiagnoGrp
 .text.ADCGLOB001_GTFRConvtrDiagnoEnable
                0x08006090       0x54 Dave/Generated/src/ADCGLOB001/ADCGlob001.o
                0x08006090                ADCGLOB001_GTFRConvtrDiagnoEnable
 .text.ADCGLOB001_GTFRConvtrDiagnoPullDevicesSelect
                0x080060e4       0x8c Dave/Generated/src/ADCGLOB001/ADCGlob001.o
                0x080060e4                ADCGLOB001_GTFRConvtrDiagnoPullDevicesSelect
 .text.ADCGLOB001_GTFRPullDwnDiagnoEnable
                0x08006170       0x54 Dave/Generated/src/ADCGLOB001/ADCGlob001.o
                0x08006170                ADCGLOB001_GTFRPullDwnDiagnoEnable
 .text          0x080061c4        0x0 Dave/Generated/src/ADCGLOB001/ADCGlob001_Conf.o
 .text          0x080061c4        0x0 Dave/Generated/src/ADC001/ADC001.o
 .text.ADC001_Init
                0x080061c4       0x18 Dave/Generated/src/ADC001/ADC001.o
                0x080061c4                ADC001_Init
 .text.ADC001_lInit
                0x080061dc      0x2a0 Dave/Generated/src/ADC001/ADC001.o
                0x080061dc                ADC001_lInit
 .text.ADC001_Deinit
                0x0800647c      0x150 Dave/Generated/src/ADC001/ADC001.o
                0x0800647c                ADC001_Deinit
 .text.ADC001_SelectInputClass
                0x080065cc       0xdc Dave/Generated/src/ADC001/ADC001.o
                0x080065cc                ADC001_SelectInputClass
 .text.ADC001_EnableResultEvt
                0x080066a8       0x44 Dave/Generated/src/ADC001/ADC001.o
                0x080066a8                ADC001_EnableResultEvt
 .text.ADC001_DisableResultEvt
                0x080066ec       0x44 Dave/Generated/src/ADC001/ADC001.o
                0x080066ec                ADC001_DisableResultEvt
 .text.ADC001_GetResult
                0x08006730       0x84 Dave/Generated/src/ADC001/ADC001.o
                0x08006730                ADC001_GetResult
 .text.ADC001_GetFastResult
                0x080067b4       0x24 Dave/Generated/src/ADC001/ADC001.o
                0x080067b4                ADC001_GetFastResult
 .text.ADC001_GetResultEvtFlag
                0x080067d8       0x58 Dave/Generated/src/ADC001/ADC001.o
                0x080067d8                ADC001_GetResultEvtFlag
 .text.ADC001_SetResultEvtFlag
                0x08006830       0x44 Dave/Generated/src/ADC001/ADC001.o
                0x08006830                ADC001_SetResultEvtFlag
 .text.ADC001_ClearResultEvtFlag
                0x08006874       0x44 Dave/Generated/src/ADC001/ADC001.o
                0x08006874                ADC001_ClearResultEvtFlag
 .text.ADC001_GetChannelEvtFlag
                0x080068b8       0xe4 Dave/Generated/src/ADC001/ADC001.o
                0x080068b8                ADC001_GetChannelEvtFlag
 .text.ADC001_SetChannelEvtFlag
                0x0800699c       0xd0 Dave/Generated/src/ADC001/ADC001.o
                0x0800699c                ADC001_SetChannelEvtFlag
 .text.ADC001_ClearChannelEvtFlag
                0x08006a6c       0xd0 Dave/Generated/src/ADC001/ADC001.o
                0x08006a6c                ADC001_ClearChannelEvtFlag
 .text.ADC001_EnableBackGroundEvent
                0x08006b3c       0x44 Dave/Generated/src/ADC001/ADC001.o
                0x08006b3c                ADC001_EnableBackGroundEvent
 .text.ADC001_DisableBackGroundEvent
                0x08006b80       0x44 Dave/Generated/src/ADC001/ADC001.o
                0x08006b80                ADC001_DisableBackGroundEvent
 .text.ADC001_GetBackGroundEvtFlag
                0x08006bc4       0x54 Dave/Generated/src/ADC001/ADC001.o
                0x08006bc4                ADC001_GetBackGroundEvtFlag
 .text.ADC001_SetBackGroundEvtFlag
                0x08006c18       0x44 Dave/Generated/src/ADC001/ADC001.o
                0x08006c18                ADC001_SetBackGroundEvtFlag
 .text.ADC001_ClearBackGroundEvtFlag
                0x08006c5c       0x44 Dave/Generated/src/ADC001/ADC001.o
                0x08006c5c                ADC001_ClearBackGroundEvtFlag
 .text.ADC001_ClearPendingBits
                0x08006ca0       0x44 Dave/Generated/src/ADC001/ADC001.o
                0x08006ca0                ADC001_ClearPendingBits
 .text.ADC001_GenerateLoadEvent
                0x08006ce4       0x44 Dave/Generated/src/ADC001/ADC001.o
                0x08006ce4                ADC001_GenerateLoadEvent
 .text.ADC001_EnableGate
                0x08006d28       0x5c Dave/Generated/src/ADC001/ADC001.o
                0x08006d28                ADC001_EnableGate
 .text.ADC001_GetGateLevel
                0x08006d84       0x58 Dave/Generated/src/ADC001/ADC001.o
                0x08006d84                ADC001_GetGateLevel
 .text.ADC001_SetExternalTriggerMode
                0x08006ddc       0x94 Dave/Generated/src/ADC001/ADC001.o
                0x08006ddc                ADC001_SetExternalTriggerMode
 .text.ADC001_EnableExternalTrigger
                0x08006e70       0x44 Dave/Generated/src/ADC001/ADC001.o
                0x08006e70                ADC001_EnableExternalTrigger
 .text.ADC001_DisableExternalTrigger
                0x08006eb4       0x44 Dave/Generated/src/ADC001/ADC001.o
                0x08006eb4                ADC001_DisableExternalTrigger
 .text.ADC001_EnableArbitrationSlot
                0x08006ef8       0x94 Dave/Generated/src/ADC001/ADC001.o
                0x08006ef8                ADC001_EnableArbitrationSlot
 .text.ADC001_DisableArbitrationSlot
                0x08006f8c       0x94 Dave/Generated/src/ADC001/ADC001.o
                0x08006f8c                ADC001_DisableArbitrationSlot
 .text.ADC001_SetLoadEventMode
                0x08007020       0x74 Dave/Generated/src/ADC001/ADC001.o
                0x08007020                ADC001_SetLoadEventMode
 .text.ADC001_SetPendingChannel
                0x08007094       0xb4 Dave/Generated/src/ADC001/ADC001.o
                0x08007094                ADC001_SetPendingChannel
 .text.ADC001_ClearPendingChannel
                0x08007148       0xb8 Dave/Generated/src/ADC001/ADC001.o
                0x08007148                ADC001_ClearPendingChannel
 .text.ADC001_SetChannelSelect
                0x08007200       0xb4 Dave/Generated/src/ADC001/ADC001.o
                0x08007200                ADC001_SetChannelSelect
 .text.ADC001_ClearChannelSelect
                0x080072b4       0xb8 Dave/Generated/src/ADC001/ADC001.o
                0x080072b4                ADC001_ClearChannelSelect
 .text.ADC001_SetChannelEventMode
                0x0800736c      0x114 Dave/Generated/src/ADC001/ADC001.o
                0x0800736c                ADC001_SetChannelEventMode
 .text          0x08007480        0x0 Dave/Generated/src/ADC001/ADC001_Conf.o
 .text          0x08007480        0x0 c:/dave-3.1.10/arm-gcc/bin/../lib/gcc/arm-none-eabi/4.7.4/../../../../arm-none-eabi/lib/armv7e-m\libg.a(lib_a-init.o)
 .text.__libc_init_array
                0x08007480       0x94 c:/dave-3.1.10/arm-gcc/bin/../lib/gcc/arm-none-eabi/4.7.4/../../../../arm-none-eabi/lib/armv7e-m\libg.a(lib_a-init.o)
                0x08007480                __libc_init_array
 *(.glue*)
 .glue_7        0x00000000        0x0 linker stubs
 .glue_7t       0x00000000        0x0 linker stubs
 *(.v4*)
 .v4_bx         0x00000000        0x0 linker stubs
 *(.vfp11_veneer)
 .vfp11_veneer  0x00000000        0x0 linker stubs
 *(.init)
                0x08007514                __preinit_array_start = .
 *(.preinit_array)
                0x08007514                __preinit_array_end = .
                0x08007514                __init_array_start = .
 *(SORT(.init_array.*))
 *(.init_array)
                0x08007514                __init_array_end = .
 *crtbegin.o(.ctors)
 *(EXCLUDE_FILE(*crtend.o) .ctors)
 *(SORT(.ctors.*))
 *crtend.o(.ctors)
 *(.fini)
                0x08007514                __fini_array_start = .
 *(.fini_array)
 *(SORT(.fini_array.*))
                0x08007514                __fini_array_end = .
 *crtbegin.o(.dtors)
 *(EXCLUDE_FILE(*crtend.o) .dtors)
 *(SORT(.dtors.*))
 *crtend.o(.dtors)
                0x08007514                __extab_start = .
 *(.ARM.extab* .gnu.linkonce.armextab.*)
 .ARM.extab.Xmc4500.reset
                0x08007514        0x0 Startup/startup_XMC4500.o
 .ARM.extab.Xmc4500.postreset
                0x08007514        0x0 Startup/startup_XMC4500.o
                0x08007514                . = ALIGN (0x4)
                0x08007514                __extab_end = ABSOLUTE (.)

.iplt           0x08007514        0x0 load address 0x0c007514
 .iplt          0x00000000        0x0 Startup/startup_XMC4500.o

.ARM.exidx      0x08007514       0x10 load address 0x0c007514
                0x08007514                __exidx_start = .
 *(.ARM.exidx* .gnu.linkonce.armexidx.*)
 .ARM.exidx.Xmc4500.reset
                0x08007514        0x8 Startup/startup_XMC4500.o
 .ARM.exidx.Xmc4500.postreset
                0x0800751c        0x8 Startup/startup_XMC4500.o
                0x08007524                . = ALIGN (0x4)
                0x08007524                __exidx_end = ABSOLUTE (.)

.rodata         0x08007524      0x120 load address 0x0c007524
 *(.rodata .rodata.*)
 .rodata        0x08007524       0x34 Dave/Generated/src/UART001/UART001_Conf.o
                0x08007524                UART001_Handle0
 .rodata        0x08007558        0x4 Dave/Generated/src/NVIC002/NVIC002_Conf.o
                0x08007558                NVIC002_Handle0
 .rodata        0x0800755c       0x50 Dave/Generated/src/IO004/IO004_Conf.o
                0x0800755c                IO004_Handle1
                0x08007564                IO004_Handle10
                0x0800756c                IO004_Handle11
                0x08007574                IO004_Handle12
                0x0800757c                IO004_Handle2
                0x08007584                IO004_Handle4
                0x0800758c                IO004_Handle5
                0x08007594                IO004_Handle6
                0x0800759c                IO004_Handle8
                0x080075a4                IO004_Handle9
 .rodata        0x080075ac        0x8 Dave/Generated/src/IO001/IO001_Conf.o
                0x080075ac                IO001_Handle0
 .rodata        0x080075b4       0x20 Dave/Generated/src/ADCGROUP001/ADCGroup001_Conf.o
                0x080075b4                ADCGROUP001_Handle0
 .rodata        0x080075d4       0x18 Dave/Generated/src/ADCGLOB001/ADCGlob001_Conf.o
                0x080075d4                ADCGLOB001_Handle0
 .rodata        0x080075ec       0x58 Dave/Generated/src/ADC001/ADC001_Conf.o
                0x080075ec                ADC001_ChannelAAHandle
                0x080075f0                ADC001_Handle0
 *(.gnu.linkonce.r*)

.rel.dyn        0x08007644        0x0 load address 0x0c007644
 .rel.iplt      0x00000000        0x0 Startup/startup_XMC4500.o
                0x08007650                . = ALIGN (0x10)
                0x0c007650                eROData = (. | 0x4000000)

Stack           0x10000000      0x800
                0x10000800                . = (. + stack_size)
 *fill*         0x10000000      0x800 00
                0x10000800                __Xmc4500_stack = .

.data3          0x10000800        0x0
                0x10000800                __data3_start = .
 *(.data3)
                0x10000800                __data3_end = .
                0x00000000                __data3_size = (__data3_end - __data3_start)

.data           0x20000000       0x2c load address 0x0c007650
                0x20000000                __Xmc4500_sData = .
 *(.data)
 .data          0x20000000        0x0 Startup/startup_XMC4500.o
 .data          0x20000000        0x4 Startup/system_XMC4500.o
                0x20000000                SystemCoreClock
 .data          0x20000004       0x1c Main.o
                0x20000004                l_um
                0x20000008                r_um
                0x2000000c                cross
                0x20000010                sqr
                0x20000014                triangle
                0x20000018                circle
                0x2000001c                data_R
                0x2000001d                mode
 .data          0x20000020        0x0 Lib/System_LibcStubs.o
 .data          0x20000020        0x0 Dave/Generated/src/UART001/UART001.o
 .data          0x20000020        0x4 Dave/Generated/src/UART001/UART001_Conf.o
                0x20000020                UART001_HandleArray
 .data          0x20000024        0x0 Dave/Generated/src/SYSTM002/SYSTM002.o
 .data          0x20000024        0x0 Dave/Generated/src/RESET001/RESET001.o
 .data          0x20000024        0x0 Dave/Generated/src/NVIC002/NVIC002.o
 .data          0x20000024        0x4 Dave/Generated/src/NVIC002/NVIC002_Conf.o
                0x20000024                NVIC002_HandleArray
 .data          0x20000028        0x0 Dave/Generated/src/LIBS/CCU8PWMLIB.o
 .data          0x20000028        0x0 Dave/Generated/src/LIBS/MOTORLIB.o
 .data          0x20000028        0x0 Dave/Generated/src/IO004/IO004.o
 .data          0x20000028        0x0 Dave/Generated/src/IO004/IO004_Conf.o
 .data          0x20000028        0x0 Dave/Generated/src/IO001/IO001.o
 .data          0x20000028        0x0 Dave/Generated/src/IO001/IO001_Conf.o
 .data          0x20000028        0x0 Dave/Generated/src/DAVESupport/DAVE3.o
 .data          0x20000028        0x0 Dave/Generated/src/DAVESupport/MULTIPLEXER.o
 .data          0x20000028        0x0 Dave/Generated/src/CLK001/CLK001.o
 .data          0x20000028        0x0 Dave/Generated/src/ADCGROUP001/ADCGroup001.o
 .data          0x20000028        0x0 Dave/Generated/src/ADCGROUP001/ADCGroup001_Conf.o
 .data          0x20000028        0x0 Dave/Generated/src/ADCGLOB001/ADCGlob001.o
 .data          0x20000028        0x0 Dave/Generated/src/ADCGLOB001/ADCGlob001_Conf.o
 .data          0x20000028        0x0 Dave/Generated/src/ADC001/ADC001.o
 .data          0x20000028        0x4 Dave/Generated/src/ADC001/ADC001_Conf.o
                0x20000028                ADC001_ChannelHandlePtr
 .data          0x2000002c        0x0 c:/dave-3.1.10/arm-gcc/bin/../lib/gcc/arm-none-eabi/4.7.4/../../../../arm-none-eabi/lib/armv7e-m\libg.a(lib_a-init.o)
 *(.data*)
 *(*.data)
 *(.gnu.linkonce.d*)
                0x2000002c                __Xmc4500_eData = ALIGN (0x4)
                0x0000002c                __Xmc4500_Data_Size = (__Xmc4500_eData - __Xmc4500_sData)

.igot.plt       0x2000002c        0x0 load address 0x0c00767c
 .igot.plt      0x00000000        0x0 Startup/startup_XMC4500.o

.ram_code       0x10000800        0x0 load address 0x0c00767c
                0x10000800                __ram_code_start = .
 *(.ram_code)
                0x10000800                __ram_code_end = .
                0x0c00767c                __ram_code_load = LOADADDR (.ram_code)
                0x00000000                __ram_code_size = (__ram_code_end - __ram_code_start)

.bss            0x2000002c      0x4c8 load address 0x0c00767c
                0x2000002c                __Xmc4500_sBSS = .
 *(.bss)
 .bss           0x2000002c        0x0 Startup/startup_XMC4500.o
 .bss           0x2000002c        0x0 Startup/system_XMC4500.o
 .bss           0x2000002c       0x60 Main.o
                0x2000002c                l_dois
                0x20000030                l_tres
                0x20000034                r_dois
                0x20000038                r_tres
                0x2000003c                left
                0x20000040                right
                0x20000044                up
                0x20000048                down
                0x2000004c                start
                0x20000050                select
                0x20000054                l_um_state
                0x20000055                l_dois_state
                0x20000056                l_tres_state
                0x20000057                r_um_state
                0x20000058                r_dois_state
                0x20000059                r_tres_state
                0x2000005a                cross_state
                0x2000005b                sqr_state
                0x2000005c                triangle_state
                0x2000005d                circle_state
                0x2000005e                left_state
                0x2000005f                right_state
                0x20000060                up_state
                0x20000061                down_state
                0x20000062                start_state
                0x20000063                select_state
                0x20000064                l_um_state_before
                0x20000065                l_dois_state_before
                0x20000066                l_tres_state_before
                0x20000067                r_um_state_before
                0x20000068                r_dois_state_before
                0x20000069                r_tres_state_before
                0x2000006a                cross_state_before
                0x2000006b                sqr_state_before
                0x2000006c                triangle_state_before
                0x2000006d                circle_state_before
                0x2000006e                left_state_before
                0x2000006f                right_state_before
                0x20000070                up_state_before
                0x20000071                down_state_before
                0x20000072                start_state_before
                0x20000073                select_state_before
                0x20000074                flipped
                0x20000078                acceleration_ticks
                0x2000007c                started_acceleration
                0x20000080                last_value_left
                0x20000084                last_value_right
                0x20000088                offset_ramp
 .bss           0x2000008c        0xc Lib/System_LibcStubs.o
                0x2000008c                __dso_handle
 .bss           0x20000098        0x0 Dave/Generated/src/UART001/UART001.o
 .bss           0x20000098        0x0 Dave/Generated/src/UART001/UART001_Conf.o
 .bss           0x20000098        0xc Dave/Generated/src/SYSTM002/SYSTM002.o
                0x20000098                TimerList
                0x2000009c                TimerTracker
                0x200000a0                SysTickCount
 .bss           0x200000a4        0x0 Dave/Generated/src/RESET001/RESET001.o
 .bss           0x200000a4        0x0 Dave/Generated/src/NVIC002/NVIC002.o
 .bss           0x200000a4        0x0 Dave/Generated/src/NVIC002/NVIC002_Conf.o
 .bss           0x200000a4        0x0 Dave/Generated/src/LIBS/CCU8PWMLIB.o
 .bss           0x200000a4        0x0 Dave/Generated/src/LIBS/MOTORLIB.o
 .bss           0x200000a4        0x0 Dave/Generated/src/IO004/IO004.o
 .bss           0x200000a4        0x0 Dave/Generated/src/IO004/IO004_Conf.o
 .bss           0x200000a4        0x0 Dave/Generated/src/IO001/IO001.o
 .bss           0x200000a4        0x0 Dave/Generated/src/IO001/IO001_Conf.o
 .bss           0x200000a4        0x0 Dave/Generated/src/DAVESupport/DAVE3.o
 .bss           0x200000a4        0x0 Dave/Generated/src/DAVESupport/MULTIPLEXER.o
 .bss           0x200000a4        0x8 Dave/Generated/src/CLK001/CLK001.o
 .bss           0x200000ac        0x0 Dave/Generated/src/ADCGROUP001/ADCGroup001.o
 .bss           0x200000ac        0x4 Dave/Generated/src/ADCGROUP001/ADCGroup001_Conf.o
                0x200000ac                ADCGROUP001_DynamicHandle0
 .bss           0x200000b0        0x0 Dave/Generated/src/ADCGLOB001/ADCGlob001.o
 .bss           0x200000b0        0x4 Dave/Generated/src/ADCGLOB001/ADCGlob001_Conf.o
                0x200000b0                ADCGLOB001_DynamicData0
 .bss           0x200000b4        0x0 Dave/Generated/src/ADC001/ADC001.o
 .bss           0x200000b4        0x8 Dave/Generated/src/ADC001/ADC001_Conf.o
                0x200000b4                ADC001_DynamicHandle
 .bss           0x200000bc        0x0 c:/dave-3.1.10/arm-gcc/bin/../lib/gcc/arm-none-eabi/4.7.4/../../../../arm-none-eabi/lib/armv7e-m\libg.a(lib_a-init.o)
 *(.bss*)
 *(COMMON)
 COMMON         0x200000bc       0x38 Main.o
                0x200000bc                configuration
                0x200000cb                pwm_max
                0x200000cc                psx_status
                0x200000d0                data_E
                0x200000d8                psxDado
                0x200000f0                result
 COMMON         0x200000f4      0x400 Dave/Generated/src/SYSTM002/SYSTM002.o
                0x200000f4                TimerTbl
 *(.gnu.linkonce.b*)
                0x200004f4                __Xmc4500_eBSS = ALIGN (0x4)
                0x200004f4                . = ALIGN (0x4)
                0x200004f4                Heap_Bank1_Start = .
                0x000004c8                __Xmc4500_BSS_Size = (__Xmc4500_eBSS - __Xmc4500_sBSS)

.data2          0x30000000        0x0
                0x30000000                __data2_start = .
 *(ETH_RAM)
                0x30000000                __data2_end = .
                0x00000000                __data2_size = (__data2_end - __data2_start)
                0x0000fb0c                Heap_Bank1_Size = (0x10000 - (Heap_Bank1_Start - ORIGIN (DSRAM_1_system)))

DSRAM2_Heap     0x30000000        0x0
                0x30000000                Heap_Bank2_Start = .
                0x00008000                Heap_Bank2_Size = (0x8000 - (Heap_Bank2_Start - ORIGIN (DSRAM_2_comm)))

PSRAM_Heap      0x10000800        0x0
                0x10000800                Heap_Bank3_Start = .
                0x0000f800                Heap_Bank3_Size = (0x10000 - (Heap_Bank3_Start - ORIGIN (PSRAM_1)))

/DISCARD/
 *(.comment)

.stab
 *(.stab)

.stabstr
 *(.stabstr)

.debug
 *(.debug)

.line
 *(.line)

.debug_srcinfo
 *(.debug_srcinfo)

.debug_sfnames
 *(.debug_sfnames)

.debug_aranges  0x00000000      0x828
 *(.debug_aranges)
 .debug_aranges
                0x00000000       0x38 Startup/startup_XMC4500.o
 .debug_aranges
                0x00000038       0x30 Startup/system_XMC4500.o
 .debug_aranges
                0x00000068       0xd0 Main.o
 .debug_aranges
                0x00000138       0xa0 Lib/System_LibcStubs.o
 .debug_aranges
                0x000001d8       0x80 Dave/Generated/src/UART001/UART001.o
 .debug_aranges
                0x00000258       0x18 Dave/Generated/src/UART001/UART001_Conf.o
 .debug_aranges
                0x00000270       0x88 Dave/Generated/src/SYSTM002/SYSTM002.o
 .debug_aranges
                0x000002f8       0x40 Dave/Generated/src/RESET001/RESET001.o
 .debug_aranges
                0x00000338       0x50 Dave/Generated/src/NVIC002/NVIC002.o
 .debug_aranges
                0x00000388       0x18 Dave/Generated/src/NVIC002/NVIC002_Conf.o
 .debug_aranges
                0x000003a0       0x18 Dave/Generated/src/LIBS/CCU8PWMLIB.o
 .debug_aranges
                0x000003b8       0x18 Dave/Generated/src/LIBS/MOTORLIB.o
 .debug_aranges
                0x000003d0       0x30 Dave/Generated/src/IO004/IO004.o
 .debug_aranges
                0x00000400       0x18 Dave/Generated/src/IO004/IO004_Conf.o
 .debug_aranges
                0x00000418       0x30 Dave/Generated/src/IO001/IO001.o
 .debug_aranges
                0x00000448       0x18 Dave/Generated/src/IO001/IO001_Conf.o
 .debug_aranges
                0x00000460       0x30 Dave/Generated/src/DAVESupport/DAVE3.o
 .debug_aranges
                0x00000490       0x28 Dave/Generated/src/DAVESupport/MULTIPLEXER.o
 .debug_aranges
                0x000004b8       0x60 Dave/Generated/src/CLK001/CLK001.o
 .debug_aranges
                0x00000518       0xd8 Dave/Generated/src/ADCGROUP001/ADCGroup001.o
 .debug_aranges
                0x000005f0       0x18 Dave/Generated/src/ADCGROUP001/ADCGroup001_Conf.o
 .debug_aranges
                0x00000608       0xc8 Dave/Generated/src/ADCGLOB001/ADCGlob001.o
 .debug_aranges
                0x000006d0       0x18 Dave/Generated/src/ADCGLOB001/ADCGlob001_Conf.o
 .debug_aranges
                0x000006e8      0x128 Dave/Generated/src/ADC001/ADC001.o
 .debug_aranges
                0x00000810       0x18 Dave/Generated/src/ADC001/ADC001_Conf.o

.debug_pubnames
 *(.debug_pubnames)

.debug_pubtypes
 *(.debug_pubtypes)

.debug_info     0x00000000     0xdeea
 *(.debug_info .gnu.linkonce.wi.*)
 .debug_info    0x00000000       0x98 Startup/startup_XMC4500.o
 .debug_info    0x00000098      0xaf0 Startup/system_XMC4500.o
 .debug_info    0x00000b88     0x1f0c Main.o
 .debug_info    0x00002a94      0x65f Lib/System_LibcStubs.o
 .debug_info    0x000030f3      0xfc2 Dave/Generated/src/UART001/UART001.o
 .debug_info    0x000040b5      0x805 Dave/Generated/src/UART001/UART001_Conf.o
 .debug_info    0x000048ba      0xc09 Dave/Generated/src/SYSTM002/SYSTM002.o
 .debug_info    0x000054c3      0x47c Dave/Generated/src/RESET001/RESET001.o
 .debug_info    0x0000593f      0x884 Dave/Generated/src/NVIC002/NVIC002.o
 .debug_info    0x000061c3      0x127 Dave/Generated/src/NVIC002/NVIC002_Conf.o
 .debug_info    0x000062ea       0x94 Dave/Generated/src/LIBS/CCU8PWMLIB.o
 .debug_info    0x0000637e       0x94 Dave/Generated/src/LIBS/MOTORLIB.o
 .debug_info    0x00006412      0x414 Dave/Generated/src/IO004/IO004.o
 .debug_info    0x00006826      0x328 Dave/Generated/src/IO004/IO004_Conf.o
 .debug_info    0x00006b4e      0x35f Dave/Generated/src/IO001/IO001.o
 .debug_info    0x00006ead      0x286 Dave/Generated/src/IO001/IO001_Conf.o
 .debug_info    0x00007133      0x2e9 Dave/Generated/src/DAVESupport/DAVE3.o
 .debug_info    0x0000741c      0xb49 Dave/Generated/src/DAVESupport/MULTIPLEXER.o
 .debug_info    0x00007f65      0x689 Dave/Generated/src/CLK001/CLK001.o
 .debug_info    0x000085ee     0x139c Dave/Generated/src/ADCGROUP001/ADCGroup001.o
 .debug_info    0x0000998a      0xb38 Dave/Generated/src/ADCGROUP001/ADCGroup001_Conf.o
 .debug_info    0x0000a4c2      0xcc0 Dave/Generated/src/ADCGLOB001/ADCGlob001.o
 .debug_info    0x0000b182      0x5b1 Dave/Generated/src/ADCGLOB001/ADCGlob001_Conf.o
 .debug_info    0x0000b733     0x1aa5 Dave/Generated/src/ADC001/ADC001.o
 .debug_info    0x0000d1d8      0xd12 Dave/Generated/src/ADC001/ADC001_Conf.o

.debug_abbrev   0x00000000     0x1e88
 *(.debug_abbrev)
 .debug_abbrev  0x00000000       0x12 Startup/startup_XMC4500.o
 .debug_abbrev  0x00000012      0x154 Startup/system_XMC4500.o
 .debug_abbrev  0x00000166      0x2e4 Main.o
 .debug_abbrev  0x0000044a      0x149 Lib/System_LibcStubs.o
 .debug_abbrev  0x00000593      0x203 Dave/Generated/src/UART001/UART001.o
 .debug_abbrev  0x00000796      0x12c Dave/Generated/src/UART001/UART001_Conf.o
 .debug_abbrev  0x000008c2      0x26b Dave/Generated/src/SYSTM002/SYSTM002.o
 .debug_abbrev  0x00000b2d      0x122 Dave/Generated/src/RESET001/RESET001.o
 .debug_abbrev  0x00000c4f      0x1c1 Dave/Generated/src/NVIC002/NVIC002.o
 .debug_abbrev  0x00000e10       0x9f Dave/Generated/src/NVIC002/NVIC002_Conf.o
 .debug_abbrev  0x00000eaf       0x4e Dave/Generated/src/LIBS/CCU8PWMLIB.o
 .debug_abbrev  0x00000efd       0x4e Dave/Generated/src/LIBS/MOTORLIB.o
 .debug_abbrev  0x00000f4b      0x129 Dave/Generated/src/IO004/IO004.o
 .debug_abbrev  0x00001074       0xbb Dave/Generated/src/IO004/IO004_Conf.o
 .debug_abbrev  0x0000112f      0x129 Dave/Generated/src/IO001/IO001.o
 .debug_abbrev  0x00001258       0xbb Dave/Generated/src/IO001/IO001_Conf.o
 .debug_abbrev  0x00001313       0xf3 Dave/Generated/src/DAVESupport/DAVE3.o
 .debug_abbrev  0x00001406      0x123 Dave/Generated/src/DAVESupport/MULTIPLEXER.o
 .debug_abbrev  0x00001529      0x186 Dave/Generated/src/CLK001/CLK001.o
 .debug_abbrev  0x000016af      0x19c Dave/Generated/src/ADCGROUP001/ADCGroup001.o
 .debug_abbrev  0x0000184b      0x112 Dave/Generated/src/ADCGROUP001/ADCGroup001_Conf.o
 .debug_abbrev  0x0000195d      0x183 Dave/Generated/src/ADCGLOB001/ADCGlob001.o
 .debug_abbrev  0x00001ae0       0xef Dave/Generated/src/ADCGLOB001/ADCGlob001_Conf.o
 .debug_abbrev  0x00001bcf      0x1a7 Dave/Generated/src/ADC001/ADC001.o
 .debug_abbrev  0x00001d76      0x112 Dave/Generated/src/ADC001/ADC001_Conf.o

.debug_line     0x00000000    0x10125
 *(.debug_line)
 .debug_line    0x00000000      0x130 Startup/startup_XMC4500.o
 .debug_line    0x00000130      0x3b7 Startup/system_XMC4500.o
 .debug_line    0x000004e7     0x11bd Main.o
 .debug_line    0x000016a4      0x3c1 Lib/System_LibcStubs.o
 .debug_line    0x00001a65      0x6e5 Dave/Generated/src/UART001/UART001.o
 .debug_line    0x0000214a      0x3fd Dave/Generated/src/UART001/UART001_Conf.o
 .debug_line    0x00002547      0x61a Dave/Generated/src/SYSTM002/SYSTM002.o
 .debug_line    0x00002b61      0x41e Dave/Generated/src/RESET001/RESET001.o
 .debug_line    0x00002f7f      0x433 Dave/Generated/src/NVIC002/NVIC002.o
 .debug_line    0x000033b2      0x373 Dave/Generated/src/NVIC002/NVIC002_Conf.o
 .debug_line    0x00003725      0xddf Dave/Generated/src/LIBS/CCU8PWMLIB.o
 .debug_line    0x00004504      0xddb Dave/Generated/src/LIBS/MOTORLIB.o
 .debug_line    0x000052df      0xe56 Dave/Generated/src/IO004/IO004.o
 .debug_line    0x00006135      0xda6 Dave/Generated/src/IO004/IO004_Conf.o
 .debug_line    0x00006edb      0xe05 Dave/Generated/src/IO001/IO001.o
 .debug_line    0x00007ce0      0xda6 Dave/Generated/src/IO001/IO001_Conf.o
 .debug_line    0x00008a86      0xaed Dave/Generated/src/DAVESupport/DAVE3.o
 .debug_line    0x00009573      0xae9 Dave/Generated/src/DAVESupport/MULTIPLEXER.o
 .debug_line    0x0000a05c      0x4af Dave/Generated/src/CLK001/CLK001.o
 .debug_line    0x0000a50b     0x1091 Dave/Generated/src/ADCGROUP001/ADCGroup001.o
 .debug_line    0x0000b59c      0xdb2 Dave/Generated/src/ADCGROUP001/ADCGroup001_Conf.o
 .debug_line    0x0000c34e     0x100e Dave/Generated/src/ADCGLOB001/ADCGlob001.o
 .debug_line    0x0000d35c      0xdb0 Dave/Generated/src/ADCGLOB001/ADCGlob001_Conf.o
 .debug_line    0x0000e10c     0x1271 Dave/Generated/src/ADC001/ADC001.o
 .debug_line    0x0000f37d      0xda8 Dave/Generated/src/ADC001/ADC001_Conf.o

.debug_frame    0x00000000     0x15a0
 *(.debug_frame)
 .debug_frame   0x00000000       0x6c Startup/system_XMC4500.o
 .debug_frame   0x0000006c      0x2c0 Main.o
 .debug_frame   0x0000032c      0x1ec Lib/System_LibcStubs.o
 .debug_frame   0x00000518      0x190 Dave/Generated/src/UART001/UART001.o
 .debug_frame   0x000006a8      0x1b4 Dave/Generated/src/SYSTM002/SYSTM002.o
 .debug_frame   0x0000085c       0x9c Dave/Generated/src/RESET001/RESET001.o
 .debug_frame   0x000008f8       0xe4 Dave/Generated/src/NVIC002/NVIC002.o
 .debug_frame   0x000009dc       0x64 Dave/Generated/src/IO004/IO004.o
 .debug_frame   0x00000a40       0x64 Dave/Generated/src/IO001/IO001.o
 .debug_frame   0x00000aa4       0x64 Dave/Generated/src/DAVESupport/DAVE3.o
 .debug_frame   0x00000b08       0x48 Dave/Generated/src/DAVESupport/MULTIPLEXER.o
 .debug_frame   0x00000b50      0x120 Dave/Generated/src/CLK001/CLK001.o
 .debug_frame   0x00000c70      0x2b0 Dave/Generated/src/ADCGROUP001/ADCGroup001.o
 .debug_frame   0x00000f20      0x27c Dave/Generated/src/ADCGLOB001/ADCGlob001.o
 .debug_frame   0x0000119c      0x3d4 Dave/Generated/src/ADC001/ADC001.o
 .debug_frame   0x00001570       0x30 c:/dave-3.1.10/arm-gcc/bin/../lib/gcc/arm-none-eabi/4.7.4/../../../../arm-none-eabi/lib/armv7e-m\libg.a(lib_a-init.o)

.debug_str      0x00000000    0x9a75e
 *(.debug_str)
 .debug_str     0x00000000    0x90179 Startup/system_XMC4500.o
                              0x90495 (size before relaxing)
 .debug_str     0x00090179     0x42df Main.o
                              0x943fb (size before relaxing)
 .debug_str     0x00094458     0x2e29 Lib/System_LibcStubs.o
                               0x58b5 (size before relaxing)
 .debug_str     0x00097281      0x7c2 Dave/Generated/src/UART001/UART001.o
                              0x915e9 (size before relaxing)
 .debug_str     0x00097a43       0x2d Dave/Generated/src/UART001/UART001_Conf.o
                              0x90e35 (size before relaxing)
 .debug_str     0x00097a70      0xc68 Dave/Generated/src/SYSTM002/SYSTM002.o
                              0x91b0e (size before relaxing)
 .debug_str     0x000986d8      0x225 Dave/Generated/src/RESET001/RESET001.o
                              0x907f4 (size before relaxing)
 .debug_str     0x000988fd       0xa2 Dave/Generated/src/NVIC002/NVIC002.o
                              0x9091c (size before relaxing)
 .debug_str     0x0009899f       0x3d Dave/Generated/src/NVIC002/NVIC002_Conf.o
                              0x90191 (size before relaxing)
 .debug_str     0x000989dc       0x28 Dave/Generated/src/LIBS/CCU8PWMLIB.o
                              0x93379 (size before relaxing)
 .debug_str     0x00098a04       0x26 Dave/Generated/src/LIBS/MOTORLIB.o
                              0x93377 (size before relaxing)
 .debug_str     0x00098a2a      0x156 Dave/Generated/src/IO004/IO004.o
                              0x935f1 (size before relaxing)
 .debug_str     0x00098b80       0x29 Dave/Generated/src/IO004/IO004_Conf.o
                              0x934b8 (size before relaxing)
 .debug_str     0x00098ba9      0x155 Dave/Generated/src/IO001/IO001.o
                              0x9353c (size before relaxing)
 .debug_str     0x00098cfe       0x29 Dave/Generated/src/IO001/IO001_Conf.o
                              0x93437 (size before relaxing)
 .debug_str     0x00098d27       0x68 Dave/Generated/src/DAVESupport/DAVE3.o
                              0x93447 (size before relaxing)
 .debug_str     0x00098d8f       0x71 Dave/Generated/src/DAVESupport/MULTIPLEXER.o
                              0x9363d (size before relaxing)
 .debug_str     0x00098e00      0x1a0 Dave/Generated/src/CLK001/CLK001.o
                              0x90a7d (size before relaxing)
 .debug_str     0x00098fa0      0x7e2 Dave/Generated/src/ADCGROUP001/ADCGroup001.o
                              0x940cf (size before relaxing)
 .debug_str     0x00099782      0x16d Dave/Generated/src/ADCGROUP001/ADCGroup001_Conf.o
                              0x93a4f (size before relaxing)
 .debug_str     0x000998ef      0x50e Dave/Generated/src/ADCGLOB001/ADCGlob001.o
                              0x93ebf (size before relaxing)
 .debug_str     0x00099dfd       0x4b Dave/Generated/src/ADCGLOB001/ADCGlob001_Conf.o
                              0x93704 (size before relaxing)
 .debug_str     0x00099e48      0x6ee Dave/Generated/src/ADC001/ADC001.o
                              0x941fd (size before relaxing)
 .debug_str     0x0009a536      0x228 Dave/Generated/src/ADC001/ADC001_Conf.o
                              0x93b82 (size before relaxing)

.debug_loc      0x00000000     0x26be
 *(.debug_loc)
 .debug_loc     0x00000000       0xa8 Startup/system_XMC4500.o
 .debug_loc     0x000000a8      0x4a8 Main.o
 .debug_loc     0x00000550      0x388 Lib/System_LibcStubs.o
 .debug_loc     0x000008d8      0x2e6 Dave/Generated/src/UART001/UART001.o
 .debug_loc     0x00000bbe      0x2f8 Dave/Generated/src/SYSTM002/SYSTM002.o
 .debug_loc     0x00000eb6      0x118 Dave/Generated/src/RESET001/RESET001.o
 .debug_loc     0x00000fce      0x17c Dave/Generated/src/NVIC002/NVIC002.o
 .debug_loc     0x0000114a       0x9c Dave/Generated/src/IO004/IO004.o
 .debug_loc     0x000011e6       0x9c Dave/Generated/src/IO001/IO001.o
 .debug_loc     0x00001282       0x90 Dave/Generated/src/DAVESupport/DAVE3.o
 .debug_loc     0x00001312       0x64 Dave/Generated/src/DAVESupport/MULTIPLEXER.o
 .debug_loc     0x00001376      0x1e0 Dave/Generated/src/CLK001/CLK001.o
 .debug_loc     0x00001556      0x534 Dave/Generated/src/ADCGROUP001/ADCGroup001.o
 .debug_loc     0x00001a8a      0x4d0 Dave/Generated/src/ADCGLOB001/ADCGlob001.o
 .debug_loc     0x00001f5a      0x764 Dave/Generated/src/ADC001/ADC001.o

.debug_macinfo
 *(.debug_macinfo)

.debug_ranges   0x00000000      0x670
 *(.debug_ranges)
 .debug_ranges  0x00000000       0x30 Startup/startup_XMC4500.o
 .debug_ranges  0x00000030       0x20 Startup/system_XMC4500.o
 .debug_ranges  0x00000050       0xd8 Main.o
 .debug_ranges  0x00000128       0x90 Lib/System_LibcStubs.o
 .debug_ranges  0x000001b8       0x70 Dave/Generated/src/UART001/UART001.o
 .debug_ranges  0x00000228       0x78 Dave/Generated/src/SYSTM002/SYSTM002.o
 .debug_ranges  0x000002a0       0x30 Dave/Generated/src/RESET001/RESET001.o
 .debug_ranges  0x000002d0       0x40 Dave/Generated/src/NVIC002/NVIC002.o
 .debug_ranges  0x00000310       0x20 Dave/Generated/src/IO004/IO004.o
 .debug_ranges  0x00000330       0x20 Dave/Generated/src/IO001/IO001.o
 .debug_ranges  0x00000350       0x20 Dave/Generated/src/DAVESupport/DAVE3.o
 .debug_ranges  0x00000370       0x18 Dave/Generated/src/DAVESupport/MULTIPLEXER.o
 .debug_ranges  0x00000388       0x50 Dave/Generated/src/CLK001/CLK001.o
 .debug_ranges  0x000003d8       0xc8 Dave/Generated/src/ADCGROUP001/ADCGroup001.o
 .debug_ranges  0x000004a0       0xb8 Dave/Generated/src/ADCGLOB001/ADCGlob001.o
 .debug_ranges  0x00000558      0x118 Dave/Generated/src/ADC001/ADC001.o

.debug_weaknames
 *(.debug_weaknames)

.debug_funcnames
 *(.debug_funcnames)

.debug_typenames
 *(.debug_typenames)

.debug_varnames
 *(.debug_varnames)

.build_attributes
                0x00000000      0x5ad
 *(.ARM.attributes)
 .ARM.attributes
                0x00000000       0x27 Startup/startup_XMC4500.o
 .ARM.attributes
                0x00000027       0x39 Startup/system_XMC4500.o
 .ARM.attributes
                0x00000060       0x39 Main.o
 .ARM.attributes
                0x00000099       0x39 Lib/System_LibcStubs.o
 .ARM.attributes
                0x000000d2       0x39 Dave/Generated/src/UART001/UART001.o
 .ARM.attributes
                0x0000010b       0x39 Dave/Generated/src/UART001/UART001_Conf.o
 .ARM.attributes
                0x00000144       0x39 Dave/Generated/src/SYSTM002/SYSTM002.o
 .ARM.attributes
                0x0000017d       0x39 Dave/Generated/src/RESET001/RESET001.o
 .ARM.attributes
                0x000001b6       0x39 Dave/Generated/src/NVIC002/NVIC002.o
 .ARM.attributes
                0x000001ef       0x39 Dave/Generated/src/NVIC002/NVIC002_Conf.o
 .ARM.attributes
                0x00000228       0x39 Dave/Generated/src/LIBS/CCU8PWMLIB.o
 .ARM.attributes
                0x00000261       0x39 Dave/Generated/src/LIBS/MOTORLIB.o
 .ARM.attributes
                0x0000029a       0x39 Dave/Generated/src/IO004/IO004.o
 .ARM.attributes
                0x000002d3       0x39 Dave/Generated/src/IO004/IO004_Conf.o
 .ARM.attributes
                0x0000030c       0x39 Dave/Generated/src/IO001/IO001.o
 .ARM.attributes
                0x00000345       0x39 Dave/Generated/src/IO001/IO001_Conf.o
 .ARM.attributes
                0x0000037e       0x39 Dave/Generated/src/DAVESupport/DAVE3.o
 .ARM.attributes
                0x000003b7       0x39 Dave/Generated/src/DAVESupport/MULTIPLEXER.o
 .ARM.attributes
                0x000003f0       0x39 Dave/Generated/src/CLK001/CLK001.o
 .ARM.attributes
                0x00000429       0x39 Dave/Generated/src/ADCGROUP001/ADCGroup001.o
 .ARM.attributes
                0x00000462       0x39 Dave/Generated/src/ADCGROUP001/ADCGroup001_Conf.o
 .ARM.attributes
                0x0000049b       0x39 Dave/Generated/src/ADCGLOB001/ADCGlob001.o
 .ARM.attributes
                0x000004d4       0x39 Dave/Generated/src/ADCGLOB001/ADCGlob001_Conf.o
 .ARM.attributes
                0x0000050d       0x39 Dave/Generated/src/ADC001/ADC001.o
 .ARM.attributes
                0x00000546       0x39 Dave/Generated/src/ADC001/ADC001_Conf.o
 .ARM.attributes
                0x0000057f       0x2e c:/dave-3.1.10/arm-gcc/bin/../lib/gcc/arm-none-eabi/4.7.4/../../../../arm-none-eabi/lib/armv7e-m\libg.a(lib_a-init.o)
OUTPUT(Joystick.elf elf32-littlearm)

.debug_macro    0x00000000    0x1b0d0
 .debug_macro   0x00000000      0x17e Startup/system_XMC4500.o
 .debug_macro   0x0000017e      0x814 Startup/system_XMC4500.o
 .debug_macro   0x00000992       0x3a Startup/system_XMC4500.o
 .debug_macro   0x000009cc       0x10 Startup/system_XMC4500.o
 .debug_macro   0x000009dc       0x2e Startup/system_XMC4500.o
 .debug_macro   0x00000a0a       0xa3 Startup/system_XMC4500.o
 .debug_macro   0x00000aad      0x20e Startup/system_XMC4500.o
 .debug_macro   0x00000cbb       0x6a Startup/system_XMC4500.o
 .debug_macro   0x00000d25       0x2d Startup/system_XMC4500.o
 .debug_macro   0x00000d52       0x3b Startup/system_XMC4500.o
 .debug_macro   0x00000d8d       0x2d Startup/system_XMC4500.o
 .debug_macro   0x00000dba       0x42 Startup/system_XMC4500.o
 .debug_macro   0x00000dfc      0xd39 Startup/system_XMC4500.o
 .debug_macro   0x00001b35    0x150f5 Startup/system_XMC4500.o
 .debug_macro   0x00016c2a      0x313 Main.o
 .debug_macro   0x00016f3d       0x70 Main.o
 .debug_macro   0x00016fad      0x16c Main.o
 .debug_macro   0x00017119       0x22 Main.o
 .debug_macro   0x0001713b      0x54a Main.o
 .debug_macro   0x00017685       0x64 Main.o
 .debug_macro   0x000176e9       0x46 Main.o
 .debug_macro   0x0001772f      0x160 Main.o
 .debug_macro   0x0001788f       0x2d Main.o
 .debug_macro   0x000178bc      0x130 Main.o
 .debug_macro   0x000179ec       0x7f Main.o
 .debug_macro   0x00017a6b       0xb4 Main.o
 .debug_macro   0x00017b1f       0xb6 Main.o
 .debug_macro   0x00017bd5       0x34 Main.o
 .debug_macro   0x00017c09       0x11 Main.o
 .debug_macro   0x00017c1a       0x28 Main.o
 .debug_macro   0x00017c42       0x18 Main.o
 .debug_macro   0x00017c5a       0x2e Main.o
 .debug_macro   0x00017c88       0x1c Main.o
 .debug_macro   0x00017ca4       0x28 Main.o
 .debug_macro   0x00017ccc       0x40 Main.o
 .debug_macro   0x00017d0c      0x119 Lib/System_LibcStubs.o
 .debug_macro   0x00017e25       0x3a Lib/System_LibcStubs.o
 .debug_macro   0x00017e5f       0x52 Lib/System_LibcStubs.o
 .debug_macro   0x00017eb1       0x19 Lib/System_LibcStubs.o
 .debug_macro   0x00017eca      0x16d Lib/System_LibcStubs.o
 .debug_macro   0x00018037       0x10 Lib/System_LibcStubs.o
 .debug_macro   0x00018047       0x16 Lib/System_LibcStubs.o
 .debug_macro   0x0001805d       0x89 Lib/System_LibcStubs.o
 .debug_macro   0x000180e6       0x10 Lib/System_LibcStubs.o
 .debug_macro   0x000180f6       0xf5 Lib/System_LibcStubs.o
 .debug_macro   0x000181eb       0x22 Lib/System_LibcStubs.o
 .debug_macro   0x0001820d       0x91 Lib/System_LibcStubs.o
 .debug_macro   0x0001829e       0x34 Lib/System_LibcStubs.o
 .debug_macro   0x000182d2      0x120 Lib/System_LibcStubs.o
 .debug_macro   0x000183f2       0x16 Lib/System_LibcStubs.o
 .debug_macro   0x00018408       0x35 Lib/System_LibcStubs.o
 .debug_macro   0x0001843d      0x495 Lib/System_LibcStubs.o
 .debug_macro   0x000188d2      0x16e Dave/Generated/src/UART001/UART001.o
 .debug_macro   0x00018a40       0xb0 Dave/Generated/src/UART001/UART001.o
 .debug_macro   0x00018af0       0xfe Dave/Generated/src/UART001/UART001_Conf.o
 .debug_macro   0x00018bee      0x1c9 Dave/Generated/src/SYSTM002/SYSTM002.o
 .debug_macro   0x00018db7       0xff Dave/Generated/src/RESET001/RESET001.o
 .debug_macro   0x00018eb6       0xd2 Dave/Generated/src/NVIC002/NVIC002.o
 .debug_macro   0x00018f88       0xd2 Dave/Generated/src/NVIC002/NVIC002_Conf.o
 .debug_macro   0x0001905a      0x21b Dave/Generated/src/LIBS/CCU8PWMLIB.o
 .debug_macro   0x00019275      0x21b Dave/Generated/src/LIBS/MOTORLIB.o
 .debug_macro   0x00019490      0x217 Dave/Generated/src/IO004/IO004.o
 .debug_macro   0x000196a7      0x217 Dave/Generated/src/IO004/IO004_Conf.o
 .debug_macro   0x000198be      0x217 Dave/Generated/src/IO001/IO001.o
 .debug_macro   0x00019ad5      0x217 Dave/Generated/src/IO001/IO001_Conf.o
 .debug_macro   0x00019cec      0x217 Dave/Generated/src/DAVESupport/DAVE3.o
 .debug_macro   0x00019f03      0x217 Dave/Generated/src/DAVESupport/MULTIPLEXER.o
 .debug_macro   0x0001a11a       0xee Dave/Generated/src/CLK001/CLK001.o
 .debug_macro   0x0001a208      0x2d5 Dave/Generated/src/ADCGROUP001/ADCGroup001.o
 .debug_macro   0x0001a4dd      0x217 Dave/Generated/src/ADCGROUP001/ADCGroup001_Conf.o
 .debug_macro   0x0001a6f4      0x2d9 Dave/Generated/src/ADCGLOB001/ADCGlob001.o
 .debug_macro   0x0001a9cd      0x217 Dave/Generated/src/ADCGLOB001/ADCGlob001_Conf.o
 .debug_macro   0x0001abe4      0x2d5 Dave/Generated/src/ADC001/ADC001.o
 .debug_macro   0x0001aeb9      0x217 Dave/Generated/src/ADC001/ADC001_Conf.o
