Archive member included because of file (symbol)

c:/dave-3.1.10/arm-gcc/bin/../lib/gcc/arm-none-eabi/4.7.4/../../../../arm-none-eabi/lib/armv7e-m\libg.a(lib_a-init.o)
                              Startup/startup_XMC4500.o (__libc_init_array)

Allocating common symbols
Common symbol       size              file

configuration       0xf               Main.o
pwm_max             0x1               Main.o
psx_status          0x1               Main.o
data_E              0x5               Main.o
psxDado             0x18              Main.o
result              0x4               Main.o

Discarded input sections

 .group         0x00000000        0x8 Startup/system_XMC4500.o
 .group         0x00000000        0x8 Startup/system_XMC4500.o
 .group         0x00000000        0x8 Startup/system_XMC4500.o
 .group         0x00000000        0x8 Startup/system_XMC4500.o
 .group         0x00000000        0x8 Startup/system_XMC4500.o
 .group         0x00000000        0x8 Startup/system_XMC4500.o
 .group         0x00000000        0x8 Startup/system_XMC4500.o
 .group         0x00000000        0x8 Startup/system_XMC4500.o
 .group         0x00000000        0x8 Startup/system_XMC4500.o
 .group         0x00000000        0x8 Startup/system_XMC4500.o
 .group         0x00000000        0x8 Startup/system_XMC4500.o
 .group         0x00000000        0x8 Startup/system_XMC4500.o
 .group         0x00000000        0x8 Startup/system_XMC4500.o
 .comment       0x00000000       0x71 Startup/system_XMC4500.o
 .group         0x00000000        0x8 Main.o
 .group         0x00000000        0x8 Main.o
 .group         0x00000000        0x8 Main.o
 .group         0x00000000        0x8 Main.o
 .group         0x00000000        0x8 Main.o
 .group         0x00000000        0x8 Main.o
 .group         0x00000000        0x8 Main.o
 .group         0x00000000        0x8 Main.o
 .group         0x00000000        0x8 Main.o
 .group         0x00000000        0x8 Main.o
 .group         0x00000000        0x8 Main.o
 .group         0x00000000        0x8 Main.o
 .group         0x00000000        0x8 Main.o
 .group         0x00000000        0x8 Main.o
 .group         0x00000000        0x8 Main.o
 .group         0x00000000        0x8 Main.o
 .group         0x00000000        0x8 Main.o
 .group         0x00000000        0x8 Main.o
 .group         0x00000000        0x8 Main.o
 .group         0x00000000        0x8 Main.o
 .group         0x00000000        0x8 Main.o
 .group         0x00000000        0x8 Main.o
 .group         0x00000000        0x8 Main.o
 .group         0x00000000        0x8 Main.o
 .group         0x00000000        0x8 Main.o
 .group         0x00000000        0x8 Main.o
 .group         0x00000000        0x8 Main.o
 .group         0x00000000        0x8 Main.o
 .group         0x00000000        0x8 Main.o
 .group         0x00000000        0x8 Main.o
 .debug_macro   0x00000000      0x814 Main.o
 .debug_macro   0x00000000       0x2d Main.o
 .debug_macro   0x00000000       0x3b Main.o
 .debug_macro   0x00000000       0x3a Main.o
 .debug_macro   0x00000000       0x10 Main.o
 .debug_macro   0x00000000       0x2e Main.o
 .debug_macro   0x00000000       0xa3 Main.o
 .debug_macro   0x00000000      0x20e Main.o
 .debug_macro   0x00000000       0x2d Main.o
 .debug_macro   0x00000000       0x42 Main.o
 .debug_macro   0x00000000      0xd39 Main.o
 .debug_macro   0x00000000    0x150f5 Main.o
 .comment       0x00000000       0x71 Main.o
 .group         0x00000000        0x8 Lib/System_LibcStubs.o
 .group         0x00000000        0x8 Lib/System_LibcStubs.o
 .group         0x00000000        0x8 Lib/System_LibcStubs.o
 .group         0x00000000        0x8 Lib/System_LibcStubs.o
 .group         0x00000000        0x8 Lib/System_LibcStubs.o
 .group         0x00000000        0x8 Lib/System_LibcStubs.o
 .group         0x00000000        0x8 Lib/System_LibcStubs.o
 .group         0x00000000        0x8 Lib/System_LibcStubs.o
 .group         0x00000000        0x8 Lib/System_LibcStubs.o
 .group         0x00000000        0x8 Lib/System_LibcStubs.o
 .group         0x00000000        0x8 Lib/System_LibcStubs.o
 .group         0x00000000        0x8 Lib/System_LibcStubs.o
 .group         0x00000000        0x8 Lib/System_LibcStubs.o
 .group         0x00000000        0x8 Lib/System_LibcStubs.o
 .group         0x00000000        0x8 Lib/System_LibcStubs.o
 .group         0x00000000        0x8 Lib/System_LibcStubs.o
 .group         0x00000000        0x8 Lib/System_LibcStubs.o
 .group         0x00000000        0x8 Lib/System_LibcStubs.o
 .group         0x00000000        0x8 Lib/System_LibcStubs.o
 .group         0x00000000        0x8 Lib/System_LibcStubs.o
 .group         0x00000000        0x8 Lib/System_LibcStubs.o
 .debug_macro   0x00000000      0x814 Lib/System_LibcStubs.o
 .debug_macro   0x00000000       0x3a Lib/System_LibcStubs.o
 .debug_macro   0x00000000       0x10 Lib/System_LibcStubs.o
 .debug_macro   0x00000000       0x2e Lib/System_LibcStubs.o
[...]
Memory Configuration

Name             Origin             Length             Attributes
FLASH_1_cached   0x08000000         0x00100000         xr
FLASH_1_uncached 0x0c000000         0x00100000         xr
PSRAM_1          0x10000000         0x00010000         !xr
DSRAM_1_system   0x20000000         0x00010000         !xr
DSRAM_2_comm     0x30000000         0x00008000         !xr
*default*        0x00000000         0xffffffff

Linker script and memory map

LOAD Startup/startup_XMC4500.o
LOAD Startup/system_XMC4500.o
LOAD Main.o
LOAD Lib/System_LibcStubs.o
LOAD Dave/Generated/src/UART001/UART001.o
LOAD Dave/Generated/src/UART001/UART001_Conf.o
LOAD Dave/Generated/src/RESET001/RESET001.o
LOAD Dave/Generated/src/NVIC002/NVIC002.o
LOAD Dave/Generated/src/NVIC002/NVIC002_Conf.o
LOAD Dave/Generated/src/LIBS/CCU8PWMLIB.o
LOAD Dave/Generated/src/LIBS/MOTORLIB.o
LOAD Dave/Generated/src/IO004/IO004.o
LOAD Dave/Generated/src/IO004/IO004_Conf.o
LOAD Dave/Generated/src/IO001/IO001.o
LOAD Dave/Generated/src/IO001/IO001_Conf.o
LOAD Dave/Generated/src/DAVESupport/DAVE3.o
LOAD Dave/Generated/src/DAVESupport/MULTIPLEXER.o
LOAD Dave/Generated/src/CLK001/CLK001.o
LOAD Dave/Generated/src/ADCGROUP001/ADCGroup001.o
LOAD Dave/Generated/src/ADCGROUP001/ADCGroup001_Conf.o
LOAD Dave/Generated/src/ADCGLOB001/ADCGlob001.o
LOAD Dave/Generated/src/ADCGLOB001/ADCGlob001_Conf.o
LOAD Dave/Generated/src/ADC001/ADC001.o
LOAD Dave/Generated/src/ADC001/ADC001_Conf.o
START GROUP
LOAD c:/dave-3.1.10/arm-gcc/bin/../lib/gcc/arm-none-eabi/4.7.4/armv7e-m\libgcc.a
LOAD c:/dave-3.1.10/arm-gcc/bin/../lib/gcc/arm-none-eabi/4.7.4/../../../../arm-none-eabi/lib/armv7e-m\libg.a
LOAD c:/dave-3.1.10/arm-gcc/bin/../lib/gcc/arm-none-eabi/4.7.4/../../../../arm-none-eabi/lib/armv7e-m\libc.a
END GROUP
                0x00000800                stack_size = 0x800

.text           0x08000000     0x68e4 load address 0x0c000000
                0x08000000                sText = .
 *(.Xmc4500.reset)
 .Xmc4500.reset
                0x08000000      0x21c Startup/startup_XMC4500.o
                0x08000000                __Xmc4500_interrupt_vector_cortex_m
                0x08000200                __Xmc4500_reset_cortex_m
 *(.Xmc4500.postreset)
 .Xmc4500.postreset
                0x0800021c       0xa8 Startup/startup_XMC4500.o
 *(.XmcStartup)
 .XmcStartup    0x080002c4        0x4 Startup/startup_XMC4500.o
 *(.text .text.* .gnu.linkonce.t.*)
 .text          0x080002c8       0xe2 Startup/startup_XMC4500.o
                0x080002c8                NMI_Handler
                0x080002ca                HardFault_Handler
                0x080002cc                MemManage_Handler
                0x080002ce                BusFault_Handler
                0x080002d0                UsageFault_Handler
                0x080002d2                SVC_Handler
                0x080002d4                DebugMon_Handler
                0x080002d6                PendSV_Handler
                0x080002d8                SysTick_Handler
                0x080002da                SCU_0_IRQHandler
                0x080002dc                ERU0_0_IRQHandler
                0x080002de                ERU0_1_IRQHandler
                0x080002e0                ERU0_2_IRQHandler
                0x080002e2                ERU0_3_IRQHandler
                0x080002e4                ERU1_0_IRQHandler
                0x080002e6                ERU1_1_IRQHandler
                0x080002e8                ERU1_2_IRQHandler
                0x080002ea                ERU1_3_IRQHandler
                0x080002ec                PMU0_0_IRQHandler
                0x080002ee                VADC0_C0_0_IRQHandler
                0x080002f0                VADC0_C0_1_IRQHandler
                0x080002f4                VADC0_C0_3_IRQHandler
                0x080002f6                VADC0_G0_0_IRQHandler
                0x080002f8                VADC0_G0_1_IRQHandler
                0x080002fa                VADC0_G0_2_IRQHandler
                0x080002fc                VADC0_G0_3_IRQHandler
                0x080002fe                VADC0_G1_0_IRQHandler
                0x08000300                VADC0_G1_1_IRQHandler
                0x08000302                VADC0_G1_2_IRQHandler
                0x08000304                VADC0_G1_3_IRQHandler
                0x08000306                VADC0_G2_0_IRQHandler
                0x08000308                VADC0_G2_1_IRQHandler
                0x0800030a                VADC0_G2_2_IRQHandler
                0x0800030c                VADC0_G2_3_IRQHandler
                0x0800030e                VADC0_G3_0_IRQHandler
                0x08000310                VADC0_G3_1_IRQHandler
                0x08000312                VADC0_G3_2_IRQHandler
                0x08000314                VADC0_G3_3_IRQHandler
                0x08000316                DSD0_0_IRQHandler
                0x08000318                DSD0_1_IRQHandler
                0x0800031a                DSD0_2_IRQHandler
                0x0800031c                DSD0_3_IRQHandler
                0x0800031e                DSD0_4_IRQHandler
                0x08000320                DSD0_5_IRQHandler
                0x08000322                DSD0_6_IRQHandler
                0x08000324                DSD0_7_IRQHandler
                0x08000326                DAC0_0_IRQHandler
                0x08000328                DAC0_1_IRQHandler
                0x0800032a                CCU40_0_IRQHandler
                0x0800032c                CCU40_1_IRQHandler
                0x0800032e                CCU40_2_IRQHandler
                0x08000330                CCU40_3_IRQHandler
                0x08000332                CCU41_0_IRQHandler
                0x08000334                CCU41_1_IRQHandler
                0x08000336                CCU41_2_IRQHandler
                0x08000338                CCU41_3_IRQHandler
                0x0800033a                CCU42_0_IRQHandler
                0x0800033c                CCU42_1_IRQHandler
                0x0800033e                CCU42_2_IRQHandler
                0x08000340                CCU42_3_IRQHandler
                0x08000342                CCU43_0_IRQHandler
                0x08000344                CCU43_1_IRQHandler
                0x08000346                CCU43_2_IRQHandler
                0x08000348                CCU43_3_IRQHandler
                0x0800034a                CCU80_0_IRQHandler
                0x0800034c                CCU80_1_IRQHandler
                0x0800034e                CCU80_2_IRQHandler
                0x08000350                CCU80_3_IRQHandler
                0x08000352                CCU81_0_IRQHandler
                0x08000354                CCU81_1_IRQHandler
                0x08000356                CCU81_2_IRQHandler
                0x08000358                CCU81_3_IRQHandler
                0x0800035a                POSIF0_0_IRQHandler
                0x0800035c                POSIF0_1_IRQHandler
                0x0800035e                POSIF1_0_IRQHandler
                0x08000360                POSIF1_1_IRQHandler
                0x08000362                CAN0_0_IRQHandler
                0x08000364                CAN0_1_IRQHandler
                0x08000366                CAN0_2_IRQHandler
                0x08000368                CAN0_3_IRQHandler
                0x0800036a                CAN0_4_IRQHandler
                0x0800036c                CAN0_5_IRQHandler
                0x0800036e                CAN0_6_IRQHandler
                0x08000370                CAN0_7_IRQHandler
                0x08000372                USIC0_0_IRQHandler
                0x08000374                USIC0_1_IRQHandler
                0x08000376                USIC0_2_IRQHandler
                0x08000378                USIC0_3_IRQHandler
                0x0800037a                USIC0_4_IRQHandler
                0x0800037c                USIC0_5_IRQHandler
                0x0800037e                USIC1_0_IRQHandler
                0x08000380                USIC1_1_IRQHandler
                0x08000382                USIC1_2_IRQHandler
                0x08000384                USIC1_3_IRQHandler
                0x08000386                USIC1_4_IRQHandler
                0x08000388                USIC1_5_IRQHandler
                0x0800038a                USIC2_0_IRQHandler
                0x0800038c                USIC2_1_IRQHandler
                0x0800038e                USIC2_2_IRQHandler
                0x08000390                USIC2_3_IRQHandler
                0x08000392                USIC2_4_IRQHandler
                0x08000394                USIC2_5_IRQHandler
                0x08000396                LEDTS0_0_IRQHandler
                0x08000398                FCE0_0_IRQHandler
                0x0800039a                GPDMA0_0_IRQHandler
                0x0800039c                SDMMC0_0_IRQHandler
                0x0800039e                USB0_0_IRQHandler
                0x080003a0                ETH0_0_IRQHandler
                0x080003a2                GPDMA1_0_IRQHandler
 .text          0x080003aa        0x0 Startup/system_XMC4500.o
 *fill*         0x080003aa        0x2 00
 .text.SystemInit
                0x080003ac       0x9c Startup/system_XMC4500.o
                0x080003ac                SystemInit
 .text.SystemCoreClockUpdate
                0x08000448      0x148 Startup/system_XMC4500.o
                0x08000448                SystemCoreClockUpdate
 .text.SystemClockSetup
                0x08000590      0x4cc Startup/system_XMC4500.o
 .text          0x08000a5c        0x0 Main.o
 .text.main     0x08000a5c      0x6f8 Main.o
                0x08000a5c                main
 .text.read_R   0x08001154       0xbc Main.o
                0x08001154                read_R
 .text.pulse_R  0x08001210       0x54 Main.o
                0x08001210                pulse_R
 .text.configure_E
                0x08001264      0x1d0 Main.o
                0x08001264                configure_E
 .text.write_E  0x08001434      0x178 Main.o
                0x08001434                write_E
 .text.psxConfiguraControle
                0x080015ac       0x14 Main.o
                0x080015ac                psxConfiguraControle
 .text.psxEnterConfigMode
                0x080015c0       0xd0 Main.o
                0x080015c0                psxEnterConfigMode
 .text.psxSetAnalogMode
                0x08001690      0x100 Main.o
                0x08001690                psxSetAnalogMode
 .text.psxExitConfigMode
                0x08001790      0x100 Main.o
                0x08001790                psxExitConfigMode
 .text.psxLeControle
                0x08001890       0xf4 Main.o
                0x08001890                psxLeControle
 .text.psxHandShake
                0x08001984       0xe0 Main.o
                0x08001984                psxHandShake
 .text.psxTrocaByte
                0x08001a64      0x124 Main.o
                0x08001a64                psxTrocaByte
 .text.delay    0x08001b88       0x30 Main.o
                0x08001b88                delay
 .text.printByteToInt
                0x08001bb8       0xe4 Main.o
                0x08001bb8                printByteToInt
 .text.VADC0_C0_2_IRQHandler
                0x08001c9c       0x1c Main.o
                0x08001c9c                VADC0_C0_2_IRQHandler
 .text.updateButtonStates
                0x08001cb8      0x22c Main.o
                0x08001cb8                updateButtonStates
 .text.turbo    0x08001ee4       0x18 Main.o
                0x08001ee4                turbo
 .text.shunt    0x08001efc       0x18 Main.o
                0x08001efc                shunt
 .text.flip     0x08001f14       0x2c Main.o
                0x08001f14                flip
 .text          0x08001f40        0x0 Lib/System_LibcStubs.o
 .text._open    0x08001f40       0x1c Lib/System_LibcStubs.o
                0x08001f40                _open
 .text._lseek   0x08001f5c       0x1c Lib/System_LibcStubs.o
                0x08001f5c                _lseek
 .text._read    0x08001f78       0x1c Lib/System_LibcStubs.o
                0x08001f78                _read
 .text._write   0x08001f94       0x1c Lib/System_LibcStubs.o
                0x08001f94                _write
 .text._close   0x08001fb0       0x10 Lib/System_LibcStubs.o
                0x08001fb0                _close
 .text._fstat   0x08001fc0       0x28 Lib/System_LibcStubs.o
                0x08001fc0                _fstat
 .text._link    0x08001fe8       0x28 Lib/System_LibcStubs.o
                0x08001fe8                _link
 .text._unlink  0x08002010       0x18 Lib/System_LibcStubs.o
                0x08002010                _unlink
 .text._sbrk    0x08002028       0xa0 Lib/System_LibcStubs.o
                0x08002028                _sbrk
 .text._times   0x080020c8       0x18 Lib/System_LibcStubs.o
                0x080020c8                _times
 .text._wait    0x080020e0       0x18 Lib/System_LibcStubs.o
                0x080020e0                _wait
 .text._kill    0x080020f8       0x1c Lib/System_LibcStubs.o
                0x080020f8                _kill
 .text._fork    0x08002114       0x10 Lib/System_LibcStubs.o
                0x08002114                _fork
 .text._getpid  0x08002124       0x10 Lib/System_LibcStubs.o
                0x08002124                _getpid
 .text._exit    0x08002134        0xc Lib/System_LibcStubs.o
                0x08002134                _exit
 .text._init    0x08002140        0xc Lib/System_LibcStubs.o
                0x08002140                _init
 .text._isatty  0x0800214c       0x18 Lib/System_LibcStubs.o
                0x0800214c                _isatty
 .text          0x08002164        0x0 Dave/Generated/src/UART001/UART001.o
 .text.UART001_lInit
                0x08002164      0x1a8 Dave/Generated/src/UART001/UART001.o
                0x08002164                UART001_lInit
 .text.UART001_lConfigTXPin
                0x0800230c       0xfc Dave/Generated/src/UART001/UART001.o
                0x0800230c                UART001_lConfigTXPin
 .text.UART001_labsRealType
                0x08002408       0x38 Dave/Generated/src/UART001/UART001.o
                0x08002408                UART001_labsRealType
 .text.UART001_lConfigureBaudRate
                0x08002440      0x4e8 Dave/Generated/src/UART001/UART001.o
                0x08002440                UART001_lConfigureBaudRate
 .text.UART001_Init
                0x08002928       0x6c Dave/Generated/src/UART001/UART001.o
                0x08002928                UART001_Init
 .text.UART001_DeInit
                0x08002994       0x14 Dave/Generated/src/UART001/UART001.o
                0x08002994                UART001_DeInit
 .text.UART001_Configure
                0x080029a8      0x114 Dave/Generated/src/UART001/UART001.o
                0x080029a8                UART001_Configure
 .text.UART001_ReadDataMultiple
                0x08002abc       0x80 Dave/Generated/src/UART001/UART001.o
                0x08002abc                UART001_ReadDataMultiple
 .text.UART001_ReadDataBytes
                0x08002b3c       0x80 Dave/Generated/src/UART001/UART001.o
                0x08002b3c                UART001_ReadDataBytes
 .text.UART001_WriteDataMultiple
                0x08002bbc       0x90 Dave/Generated/src/UART001/UART001.o
                0x08002bbc                UART001_WriteDataMultiple
 .text.UART001_WriteDataBytes
                0x08002c4c       0x90 Dave/Generated/src/UART001/UART001.o
                0x08002c4c                UART001_WriteDataBytes
 .text.UART001_GetFlagStatus
                0x08002cdc       0x98 Dave/Generated/src/UART001/UART001.o
                0x08002cdc                UART001_GetFlagStatus
 .text.UART001_ClearFlag
                0x08002d74       0x78 Dave/Generated/src/UART001/UART001.o
                0x08002d74                UART001_ClearFlag
 .text          0x08002dec        0x0 Dave/Generated/src/UART001/UART001_Conf.o
 .text          0x08002dec        0x0 Dave/Generated/src/RESET001/RESET001.o
 .text.RESET001_AssertReset
                0x08002dec       0x54 Dave/Generated/src/RESET001/RESET001.o
                0x08002dec                RESET001_AssertReset
 .text.RESET001_DeassertReset
                0x08002e40       0x54 Dave/Generated/src/RESET001/RESET001.o
                0x08002e40                RESET001_DeassertReset
 .text.RESET001_GetResetInfo
                0x08002e94       0x2c Dave/Generated/src/RESET001/RESET001.o
                0x08002e94                RESET001_GetResetInfo
 .text.RESET001_GetStatus
                0x08002ec0       0x7c Dave/Generated/src/RESET001/RESET001.o
                0x08002ec0                RESET001_GetStatus
 .text.RESET001_ClearResetInfo
                0x08002f3c       0x28 Dave/Generated/src/RESET001/RESET001.o
                0x08002f3c                RESET001_ClearResetInfo
 .text          0x08002f64        0x0 Dave/Generated/src/NVIC002/NVIC002.o
 .text.NVIC_GetPriorityGrouping
                0x08002f64       0x20 Dave/Generated/src/NVIC002/NVIC002.o
 .text.NVIC_EnableIRQ
                0x08002f84       0x38 Dave/Generated/src/NVIC002/NVIC002.o
 .text.NVIC_SetPriority
                0x08002fbc       0x5c Dave/Generated/src/NVIC002/NVIC002.o
 .text.NVIC_EncodePriority
                0x08003018       0x78 Dave/Generated/src/NVIC002/NVIC002.o
 .text.NVIC002_EnableIRQ
                0x08003090       0x20 Dave/Generated/src/NVIC002/NVIC002.o
 .text.NVIC002_Init
                0x080030b0       0x38 Dave/Generated/src/NVIC002/NVIC002.o
                0x080030b0                NVIC002_Init
 .text.NVIC002_lInit
                0x080030e8       0x4c Dave/Generated/src/NVIC002/NVIC002.o
 .text          0x08003134        0x0 Dave/Generated/src/NVIC002/NVIC002_Conf.o
 .text          0x08003134        0x0 Dave/Generated/src/LIBS/CCU8PWMLIB.o
 .text          0x08003134        0x0 Dave/Generated/src/LIBS/MOTORLIB.o
 .text          0x08003134        0x0 Dave/Generated/src/IO004/IO004.o
 .text.IO004_Init
                0x08003134      0x3d4 Dave/Generated/src/IO004/IO004.o
                0x08003134                IO004_Init
 .text.IO004_DisableOutputDriver
                0x08003508      0x17c Dave/Generated/src/IO004/IO004.o
                0x08003508                IO004_DisableOutputDriver
 .text.IO004_EnableOutputDriver
                0x08003684      0x17c Dave/Generated/src/IO004/IO004.o
                0x08003684                IO004_EnableOutputDriver
 .text          0x08003800        0x0 Dave/Generated/src/IO004/IO004_Conf.o
 .text          0x08003800        0x0 Dave/Generated/src/IO001/IO001.o
 .text.IO001_Init
                0x08003800       0x40 Dave/Generated/src/IO001/IO001.o
                0x08003800                IO001_Init
 .text.IO001_EnableDigitalInput
                0x08003840      0x198 Dave/Generated/src/IO001/IO001.o
                0x08003840                IO001_EnableDigitalInput
 .text.IO001_DisableDigitalInput
                0x080039d8       0x2c Dave/Generated/src/IO001/IO001.o
                0x080039d8                IO001_DisableDigitalInput
 .text          0x08003a04        0x0 Dave/Generated/src/IO001/IO001_Conf.o
 .text          0x08003a04        0x0 Dave/Generated/src/DAVESupport/DAVE3.o
 .text.NVIC_SetPriorityGrouping
                0x08003a04       0x50 Dave/Generated/src/DAVESupport/DAVE3.o
 .text.DAVE_Init
                0x08003a54       0x38 Dave/Generated/src/DAVESupport/DAVE3.o
                0x08003a54                DAVE_Init
 .text.SystemInit_DAVE3
                0x08003a8c        0xc Dave/Generated/src/DAVESupport/DAVE3.o
                0x08003a8c                SystemInit_DAVE3
 .text          0x08003a98        0x0 Dave/Generated/src/DAVESupport/MULTIPLEXER.o
 .text.DAVE_MUX_Init
                0x08003a98      0x210 Dave/Generated/src/DAVESupport/MULTIPLEXER.o
                0x08003a98                DAVE_MUX_Init
 .text.DAVE_MUX_PreInit
                0x08003ca8        0xc Dave/Generated/src/DAVESupport/MULTIPLEXER.o
                0x08003ca8                DAVE_MUX_PreInit
 .text          0x08003cb4        0x0 Dave/Generated/src/CLK001/CLK001.o
 .text.CLK001_Delay
                0x08003cb4       0x34 Dave/Generated/src/CLK001/CLK001.o
 .text.CLK001_SysClk_Valid
                0x08003ce8       0x38 Dave/Generated/src/CLK001/CLK001.o
 .text.CLK001_BackupClkTrim
                0x08003d20       0x94 Dave/Generated/src/CLK001/CLK001.o
 .text.CLK001_SetMainPLLClkSrc
                0x08003db4       0xf0 Dave/Generated/src/CLK001/CLK001.o
 .text.CLK001_ConfigMainPLL
                0x08003ea4      0x15c Dave/Generated/src/CLK001/CLK001.o
 .text.CLK001_FreqStepupMainPLL
                0x08004000      0x164 Dave/Generated/src/CLK001/CLK001.o
 .text.CLK001_SysClk_Init
                0x08004164       0x50 Dave/Generated/src/CLK001/CLK001.o
 .text.CLK001_Init
                0x080041b4       0x30 Dave/Generated/src/CLK001/CLK001.o
                0x080041b4                CLK001_Init
 .text.AllowPLLInitByStartup
                0x080041e4       0x10 Dave/Generated/src/CLK001/CLK001.o
                0x080041e4                AllowPLLInitByStartup
 .text          0x080041f4        0x0 Dave/Generated/src/ADCGROUP001/ADCGroup001.o
 .text.ADCGROUP001_Init
                0x080041f4       0x2c Dave/Generated/src/ADCGROUP001/ADCGroup001.o
                0x080041f4                ADCGROUP001_Init
 .text.ADCGROUP001_lInit
                0x08004220      0x1a0 Dave/Generated/src/ADCGROUP001/ADCGroup001.o
                0x08004220                ADCGROUP001_lInit
 .text.ADCGROUP001_Deinit
                0x080043c0       0x84 Dave/Generated/src/ADCGROUP001/ADCGroup001.o
                0x080043c0                ADCGROUP001_Deinit
 .text.ADCGROUP001_GetStartupCalStatus
                0x08004444       0x34 Dave/Generated/src/ADCGROUP001/ADCGroup001.o
                0x08004444                ADCGROUP001_GetStartupCalStatus
 .text.ADCGROUP001_SetGroupBound0
                0x08004478       0x68 Dave/Generated/src/ADCGROUP001/ADCGroup001.o
                0x08004478                ADCGROUP001_SetGroupBound0
 .text.ADCGROUP001_SetGroupBound1
                0x080044e0       0x6c Dave/Generated/src/ADCGROUP001/ADCGroup001.o
                0x080044e0                ADCGROUP001_SetGroupBound1
 .text.ADCGROUP001_ActiveGroupServiceRequestNode
                0x0800454c       0x78 Dave/Generated/src/ADCGROUP001/ADCGroup001.o
                0x0800454c                ADCGROUP001_ActiveGroupServiceRequestNode
 .text.ADCGROUP001_DeActiveGroupServiceRequestNode
                0x080045c4       0x60 Dave/Generated/src/ADCGROUP001/ADCGroup001.o
                0x080045c4                ADCGROUP001_DeActiveGroupServiceRequestNode
 .text.ADCGROUP001_ActiveSharedServiceRequestNode
                0x08004624       0x80 Dave/Generated/src/ADCGROUP001/ADCGroup001.o
                0x08004624                ADCGROUP001_ActiveSharedServiceRequestNode
 .text.ADCGROUP001_DeActiveSharedServiceRequestNode
                0x080046a4       0x64 Dave/Generated/src/ADCGROUP001/ADCGroup001.o
                0x080046a4                ADCGROUP001_DeActiveSharedServiceRequestNode
 .text.ADCGROUP001_EMUXStartSelection
                0x08004708       0x5c Dave/Generated/src/ADCGROUP001/ADCGroup001.o
                0x08004708                ADCGROUP001_EMUXStartSelection
 .text.ADCGROUP001_GetEMUXStartSelection
                0x08004764       0x54 Dave/Generated/src/ADCGROUP001/ADCGroup001.o
                0x08004764                ADCGROUP001_GetEMUXStartSelection
 .text.ADCGROUP001_SetEMUXChannelSelect
                0x080047b8       0x60 Dave/Generated/src/ADCGROUP001/ADCGroup001.o
                0x080047b8                ADCGROUP001_SetEMUXChannelSelect
 .text.ADCGROUP001_SetEMUXMode
                0x08004818       0x70 Dave/Generated/src/ADCGROUP001/ADCGroup001.o
                0x08004818                ADCGROUP001_SetEMUXMode
 .text.ADCGROUP001_SetEMUXCodeScheme
                0x08004888       0x78 Dave/Generated/src/ADCGROUP001/ADCGroup001.o
                0x08004888                ADCGROUP001_SetEMUXCodeScheme
 .text.ADCGROUP001_SetGroupClass0SampleTime
                0x08004900       0x5c Dave/Generated/src/ADCGROUP001/ADCGroup001.o
                0x08004900                ADCGROUP001_SetGroupClass0SampleTime
 .text.ADCGROUP001_SetGroupClass1SampleTime
                0x0800495c       0x5c Dave/Generated/src/ADCGROUP001/ADCGroup001.o
                0x0800495c                ADCGROUP001_SetGroupClass1SampleTime
 .text.ADCGROUP001_SetGroupClass0EmuxSampleTime
                0x080049b8       0x60 Dave/Generated/src/ADCGROUP001/ADCGroup001.o
                0x080049b8                ADCGROUP001_SetGroupClass0EmuxSampleTime
 .text.ADCGROUP001_SetGroupClass1EmuxSampleTime
                0x08004a18       0x60 Dave/Generated/src/ADCGROUP001/ADCGroup001.o
                0x08004a18                ADCGROUP001_SetGroupClass1EmuxSampleTime
 .text.ADCGROUP001_SetGroupClass0ConvMode
                0x08004a78       0x68 Dave/Generated/src/ADCGROUP001/ADCGroup001.o
                0x08004a78                ADCGROUP001_SetGroupClass0ConvMode
 .text.ADCGROUP001_SetGroupClass1ConvMode
                0x08004ae0       0x68 Dave/Generated/src/ADCGROUP001/ADCGroup001.o
                0x08004ae0                ADCGROUP001_SetGroupClass1ConvMode
 .text.ADCGROUP001_SetGroupClass0EmuxConvMode
                0x08004b48       0x68 Dave/Generated/src/ADCGROUP001/ADCGroup001.o
                0x08004b48                ADCGROUP001_SetGroupClass0EmuxConvMode
 .text.ADCGROUP001_SetGroupClass1EmuxConvMode
                0x08004bb0       0x68 Dave/Generated/src/ADCGROUP001/ADCGroup001.o
                0x08004bb0                ADCGROUP001_SetGroupClass1EmuxConvMode
 .text.ADCGROUP001_SetEMUXSampleTimeControl
                0x08004c18       0x70 Dave/Generated/src/ADCGROUP001/ADCGroup001.o
                0x08004c18                ADCGROUP001_SetEMUXSampleTimeControl
 .text          0x08004c88        0x0 Dave/Generated/src/ADCGROUP001/ADCGroup001_Conf.o
 .text          0x08004c88        0x0 Dave/Generated/src/ADCGLOB001/ADCGlob001.o
 .text.ADCGLOB001_Init
                0x08004c88      0x1a0 Dave/Generated/src/ADCGLOB001/ADCGlob001.o
                0x08004c88                ADCGLOB001_Init
 .text.ADCGLOB001_DeInit
                0x08004e28       0x98 Dave/Generated/src/ADCGLOB001/ADCGlob001.o
                0x08004e28                ADCGLOB001_DeInit
 .text.ADCGLOB001_CLKRequestDisable
                0x08004ec0       0x3c Dave/Generated/src/ADCGLOB001/ADCGlob001.o
                0x08004ec0                ADCGLOB001_CLKRequestDisable
 .text.ADCGLOB001_CLKRequestEnable
                0x08004efc       0x3c Dave/Generated/src/ADCGLOB001/ADCGlob001.o
                0x08004efc                ADCGLOB001_CLKRequestEnable
 .text.ADCGLOB001_SetStartUpCalibration
                0x08004f38       0x40 Dave/Generated/src/ADCGLOB001/ADCGlob001.o
                0x08004f38                ADCGLOB001_SetStartUpCalibration
 .text.ADCGLOB001_StartUpCalibrationInit
                0x08004f78       0x60 Dave/Generated/src/ADCGLOB001/ADCGlob001.o
                0x08004f78                ADCGLOB001_StartUpCalibrationInit
 .text.ADCGLOB001_EnableSleepModeControl
                0x08004fd8       0x3c Dave/Generated/src/ADCGLOB001/ADCGlob001.o
                0x08004fd8                ADCGLOB001_EnableSleepModeControl
 .text.ADCGLOB001_DisregardSleepModeControl
                0x08005014       0x3c Dave/Generated/src/ADCGLOB001/ADCGlob001.o
                0x08005014                ADCGLOB001_DisregardSleepModeControl
 .text.ADCGLOB001_SetGlobClass0ConvMode
                0x08005050       0x64 Dave/Generated/src/ADCGLOB001/ADCGlob001.o
                0x08005050                ADCGLOB001_SetGlobClass0ConvMode
 .text.ADCGLOB001_SetGlobClass0SampleTime
                0x080050b4       0x5c Dave/Generated/src/ADCGLOB001/ADCGlob001.o
                0x080050b4                ADCGLOB001_SetGlobClass0SampleTime
 .text.ADCGLOB001_SetGlobClass0EmuxConvMode
                0x08005110       0x64 Dave/Generated/src/ADCGLOB001/ADCGlob001.o
                0x08005110                ADCGLOB001_SetGlobClass0EmuxConvMode
 .text.ADCGLOB001_SetGlobClass0EmuxSampleTime
                0x08005174       0x60 Dave/Generated/src/ADCGLOB001/ADCGlob001.o
                0x08005174                ADCGLOB001_SetGlobClass0EmuxSampleTime
 .text.ADCGLOB001_SetGlobClass1ConvMode
                0x080051d4       0x64 Dave/Generated/src/ADCGLOB001/ADCGlob001.o
                0x080051d4                ADCGLOB001_SetGlobClass1ConvMode
 .text.ADCGLOB001_SetGlobClass1SampleTime
                0x08005238       0x5c Dave/Generated/src/ADCGLOB001/ADCGlob001.o
                0x08005238                ADCGLOB001_SetGlobClass1SampleTime
 .text.ADCGLOB001_SetGlobClass1EmuxConvMode
                0x08005294       0x64 Dave/Generated/src/ADCGLOB001/ADCGlob001.o
                0x08005294                ADCGLOB001_SetGlobClass1EmuxConvMode
 .text.ADCGLOB001_SetGlobClass1EmuxSampleTime
                0x080052f8       0x60 Dave/Generated/src/ADCGLOB001/ADCGlob001.o
                0x080052f8                ADCGLOB001_SetGlobClass1EmuxSampleTime
 .text.ADCGLOB001_GetDisableBitStatus
                0x08005358       0x44 Dave/Generated/src/ADCGLOB001/ADCGlob001.o
                0x08005358                ADCGLOB001_GetDisableBitStatus
 .text.ADCGLOB001_GetIdValue
                0x0800539c       0x38 Dave/Generated/src/ADCGLOB001/ADCGlob001.o
                0x0800539c                ADCGLOB001_GetIdValue
 .text.ADCGLOB001_GTFRConvtrDiagnoGrp
                0x080053d4       0x8c Dave/Generated/src/ADCGLOB001/ADCGlob001.o
                0x080053d4                ADCGLOB001_GTFRConvtrDiagnoGrp
 .text.ADCGLOB001_GTFRConvtrDiagnoEnable
                0x08005460       0x54 Dave/Generated/src/ADCGLOB001/ADCGlob001.o
                0x08005460                ADCGLOB001_GTFRConvtrDiagnoEnable
 .text.ADCGLOB001_GTFRConvtrDiagnoPullDevicesSelect
                0x080054b4       0x8c Dave/Generated/src/ADCGLOB001/ADCGlob001.o
                0x080054b4                ADCGLOB001_GTFRConvtrDiagnoPullDevicesSelect
 .text.ADCGLOB001_GTFRPullDwnDiagnoEnable
                0x08005540       0x54 Dave/Generated/src/ADCGLOB001/ADCGlob001.o
                0x08005540                ADCGLOB001_GTFRPullDwnDiagnoEnable
 .text          0x08005594        0x0 Dave/Generated/src/ADCGLOB001/ADCGlob001_Conf.o
 .text          0x08005594        0x0 Dave/Generated/src/ADC001/ADC001.o
 .text.ADC001_Init
                0x08005594       0x18 Dave/Generated/src/ADC001/ADC001.o
                0x08005594                ADC001_Init
 .text.ADC001_lInit
                0x080055ac      0x2a0 Dave/Generated/src/ADC001/ADC001.o
                0x080055ac                ADC001_lInit
 .text.ADC001_Deinit
                0x0800584c      0x150 Dave/Generated/src/ADC001/ADC001.o
                0x0800584c                ADC001_Deinit
 .text.ADC001_SelectInputClass
                0x0800599c       0xdc Dave/Generated/src/ADC001/ADC001.o
                0x0800599c                ADC001_SelectInputClass
 .text.ADC001_EnableResultEvt
                0x08005a78       0x44 Dave/Generated/src/ADC001/ADC001.o
                0x08005a78                ADC001_EnableResultEvt
 .text.ADC001_DisableResultEvt
                0x08005abc       0x44 Dave/Generated/src/ADC001/ADC001.o
                0x08005abc                ADC001_DisableResultEvt
 .text.ADC001_GetResult
                0x08005b00       0x84 Dave/Generated/src/ADC001/ADC001.o
                0x08005b00                ADC001_GetResult
 .text.ADC001_GetFastResult
                0x08005b84       0x24 Dave/Generated/src/ADC001/ADC001.o
                0x08005b84                ADC001_GetFastResult
 .text.ADC001_GetResultEvtFlag
                0x08005ba8       0x58 Dave/Generated/src/ADC001/ADC001.o
                0x08005ba8                ADC001_GetResultEvtFlag
 .text.ADC001_SetResultEvtFlag
                0x08005c00       0x44 Dave/Generated/src/ADC001/ADC001.o
                0x08005c00                ADC001_SetResultEvtFlag
 .text.ADC001_ClearResultEvtFlag
                0x08005c44       0x44 Dave/Generated/src/ADC001/ADC001.o
                0x08005c44                ADC001_ClearResultEvtFlag
 .text.ADC001_GetChannelEvtFlag
                0x08005c88       0xe4 Dave/Generated/src/ADC001/ADC001.o
                0x08005c88                ADC001_GetChannelEvtFlag
 .text.ADC001_SetChannelEvtFlag
                0x08005d6c       0xd0 Dave/Generated/src/ADC001/ADC001.o
                0x08005d6c                ADC001_SetChannelEvtFlag
 .text.ADC001_ClearChannelEvtFlag
                0x08005e3c       0xd0 Dave/Generated/src/ADC001/ADC001.o
                0x08005e3c                ADC001_ClearChannelEvtFlag
 .text.ADC001_EnableBackGroundEvent
                0x08005f0c       0x44 Dave/Generated/src/ADC001/ADC001.o
                0x08005f0c                ADC001_EnableBackGroundEvent
 .text.ADC001_DisableBackGroundEvent
                0x08005f50       0x44 Dave/Generated/src/ADC001/ADC001.o
                0x08005f50                ADC001_DisableBackGroundEvent
 .text.ADC001_GetBackGroundEvtFlag
                0x08005f94       0x54 Dave/Generated/src/ADC001/ADC001.o
                0x08005f94                ADC001_GetBackGroundEvtFlag
 .text.ADC001_SetBackGroundEvtFlag
                0x08005fe8       0x44 Dave/Generated/src/ADC001/ADC001.o
                0x08005fe8                ADC001_SetBackGroundEvtFlag
 .text.ADC001_ClearBackGroundEvtFlag
                0x0800602c       0x44 Dave/Generated/src/ADC001/ADC001.o
                0x0800602c                ADC001_ClearBackGroundEvtFlag
 .text.ADC001_ClearPendingBits
                0x08006070       0x44 Dave/Generated/src/ADC001/ADC001.o
                0x08006070                ADC001_ClearPendingBits
 .text.ADC001_GenerateLoadEvent
                0x080060b4       0x44 Dave/Generated/src/ADC001/ADC001.o
                0x080060b4                ADC001_GenerateLoadEvent
 .text.ADC001_EnableGate
                0x080060f8       0x5c Dave/Generated/src/ADC001/ADC001.o
                0x080060f8                ADC001_EnableGate
 .text.ADC001_GetGateLevel
                0x08006154       0x58 Dave/Generated/src/ADC001/ADC001.o
                0x08006154                ADC001_GetGateLevel
 .text.ADC001_SetExternalTriggerMode
                0x080061ac       0x94 Dave/Generated/src/ADC001/ADC001.o
                0x080061ac                ADC001_SetExternalTriggerMode
 .text.ADC001_EnableExternalTrigger
                0x08006240       0x44 Dave/Generated/src/ADC001/ADC001.o
                0x08006240                ADC001_EnableExternalTrigger
 .text.ADC001_DisableExternalTrigger
                0x08006284       0x44 Dave/Generated/src/ADC001/ADC001.o
                0x08006284                ADC001_DisableExternalTrigger
 .text.ADC001_EnableArbitrationSlot
                0x080062c8       0x94 Dave/Generated/src/ADC001/ADC001.o
                0x080062c8                ADC001_EnableArbitrationSlot
 .text.ADC001_DisableArbitrationSlot
                0x0800635c       0x94 Dave/Generated/src/ADC001/ADC001.o
                0x0800635c                ADC001_DisableArbitrationSlot
 .text.ADC001_SetLoadEventMode
                0x080063f0       0x74 Dave/Generated/src/ADC001/ADC001.o
                0x080063f0                ADC001_SetLoadEventMode
 .text.ADC001_SetPendingChannel
                0x08006464       0xb4 Dave/Generated/src/ADC001/ADC001.o
                0x08006464                ADC001_SetPendingChannel
 .text.ADC001_ClearPendingChannel
                0x08006518       0xb8 Dave/Generated/src/ADC001/ADC001.o
                0x08006518                ADC001_ClearPendingChannel
 .text.ADC001_SetChannelSelect
                0x080065d0       0xb4 Dave/Generated/src/ADC001/ADC001.o
                0x080065d0                ADC001_SetChannelSelect
 .text.ADC001_ClearChannelSelect
                0x08006684       0xb8 Dave/Generated/src/ADC001/ADC001.o
                0x08006684                ADC001_ClearChannelSelect
 .text.ADC001_SetChannelEventMode
                0x0800673c      0x114 Dave/Generated/src/ADC001/ADC001.o
                0x0800673c                ADC001_SetChannelEventMode
 .text          0x08006850        0x0 Dave/Generated/src/ADC001/ADC001_Conf.o
 .text          0x08006850        0x0 c:/dave-3.1.10/arm-gcc/bin/../lib/gcc/arm-none-eabi/4.7.4/../../../../arm-none-eabi/lib/armv7e-m\libg.a(lib_a-init.o)
 .text.__libc_init_array
                0x08006850       0x94 c:/dave-3.1.10/arm-gcc/bin/../lib/gcc/arm-none-eabi/4.7.4/../../../../arm-none-eabi/lib/armv7e-m\libg.a(lib_a-init.o)
                0x08006850                __libc_init_array
 *(.glue*)
 .glue_7        0x00000000        0x0 linker stubs
 .glue_7t       0x00000000        0x0 linker stubs
 *(.v4*)
 .v4_bx         0x00000000        0x0 linker stubs
 *(.vfp11_veneer)
 .vfp11_veneer  0x00000000        0x0 linker stubs
 *(.init)
                0x080068e4                __preinit_array_start = .
 *(.preinit_array)
                0x080068e4                __preinit_array_end = .
                0x080068e4                __init_array_start = .
 *(SORT(.init_array.*))
 *(.init_array)
                0x080068e4                __init_array_end = .
 *crtbegin.o(.ctors)
 *(EXCLUDE_FILE(*crtend.o) .ctors)
 *(SORT(.ctors.*))
 *crtend.o(.ctors)
 *(.fini)
                0x080068e4                __fini_array_start = .
 *(.fini_array)
 *(SORT(.fini_array.*))
                0x080068e4                __fini_array_end = .
 *crtbegin.o(.dtors)
 *(EXCLUDE_FILE(*crtend.o) .dtors)
 *(SORT(.dtors.*))
 *crtend.o(.dtors)
                0x080068e4                __extab_start = .
 *(.ARM.extab* .gnu.linkonce.armextab.*)
 .ARM.extab.Xmc4500.reset
                0x080068e4        0x0 Startup/startup_XMC4500.o
 .ARM.extab.Xmc4500.postreset
                0x080068e4        0x0 Startup/startup_XMC4500.o
                0x080068e4                . = ALIGN (0x4)
                0x080068e4                __extab_end = ABSOLUTE (.)

.iplt           0x080068e4        0x0 load address 0x0c0068e4
 .iplt          0x00000000        0x0 Startup/startup_XMC4500.o

.ARM.exidx      0x080068e4       0x10 load address 0x0c0068e4
                0x080068e4                __exidx_start = .
 *(.ARM.exidx* .gnu.linkonce.armexidx.*)
 .ARM.exidx.Xmc4500.reset
                0x080068e4        0x8 Startup/startup_XMC4500.o
 .ARM.exidx.Xmc4500.postreset
                0x080068ec        0x8 Startup/startup_XMC4500.o
                0x080068f4                . = ALIGN (0x4)
                0x080068f4                __exidx_end = ABSOLUTE (.)

.rodata         0x080068f4      0x120 load address 0x0c0068f4
 *(.rodata .rodata.*)
 .rodata        0x080068f4       0x34 Dave/Generated/src/UART001/UART001_Conf.o
                0x080068f4                UART001_Handle0
 .rodata        0x08006928        0x4 Dave/Generated/src/NVIC002/NVIC002_Conf.o
                0x08006928                NVIC002_Handle0
 .rodata        0x0800692c       0x50 Dave/Generated/src/IO004/IO004_Conf.o
                0x0800692c                IO004_Handle1
                0x08006934                IO004_Handle10
                0x0800693c                IO004_Handle11
                0x08006944                IO004_Handle12
                0x0800694c                IO004_Handle2
                0x08006954                IO004_Handle4
                0x0800695c                IO004_Handle5
                0x08006964                IO004_Handle6
                0x0800696c                IO004_Handle8
                0x08006974                IO004_Handle9
 .rodata        0x0800697c        0x8 Dave/Generated/src/IO001/IO001_Conf.o
                0x0800697c                IO001_Handle0
 .rodata        0x08006984       0x20 Dave/Generated/src/ADCGROUP001/ADCGroup001_Conf.o
                0x08006984                ADCGROUP001_Handle0
 .rodata        0x080069a4       0x18 Dave/Generated/src/ADCGLOB001/ADCGlob001_Conf.o
                0x080069a4                ADCGLOB001_Handle0
 .rodata        0x080069bc       0x58 Dave/Generated/src/ADC001/ADC001_Conf.o
                0x080069bc                ADC001_ChannelAAHandle
                0x080069c0                ADC001_Handle0
 *(.gnu.linkonce.r*)

.rel.dyn        0x08006a14        0x0 load address 0x0c006a14
 .rel.iplt      0x00000000        0x0 Startup/startup_XMC4500.o
                0x08006a20                . = ALIGN (0x10)
                0x0c006a20                eROData = (. | 0x4000000)

Stack           0x10000000      0x800
                0x10000800                . = (. + stack_size)
 *fill*         0x10000000      0x800 00
                0x10000800                __Xmc4500_stack = .

.data3          0x10000800        0x0
                0x10000800                __data3_start = .
 *(.data3)
                0x10000800                __data3_end = .
                0x00000000                __data3_size = (__data3_end - __data3_start)

.data           0x20000000       0x14 load address 0x0c006a20
                0x20000000                __Xmc4500_sData = .
 *(.data)
 .data          0x20000000        0x0 Startup/startup_XMC4500.o
 .data          0x20000000        0x4 Startup/system_XMC4500.o
                0x20000000                SystemCoreClock
 .data          0x20000004        0x1 Main.o
                0x20000004                data_R
 .data          0x20000005        0x0 Lib/System_LibcStubs.o
 .data          0x20000005        0x0 Dave/Generated/src/UART001/UART001.o
 *fill*         0x20000005        0x3 00
 .data          0x20000008        0x4 Dave/Generated/src/UART001/UART001_Conf.o
                0x20000008                UART001_HandleArray
 .data          0x2000000c        0x0 Dave/Generated/src/RESET001/RESET001.o
 .data          0x2000000c        0x0 Dave/Generated/src/NVIC002/NVIC002.o
 .data          0x2000000c        0x4 Dave/Generated/src/NVIC002/NVIC002_Conf.o
                0x2000000c                NVIC002_HandleArray
 .data          0x20000010        0x0 Dave/Generated/src/LIBS/CCU8PWMLIB.o
 .data          0x20000010        0x0 Dave/Generated/src/LIBS/MOTORLIB.o
 .data          0x20000010        0x0 Dave/Generated/src/IO004/IO004.o
 .data          0x20000010        0x0 Dave/Generated/src/IO004/IO004_Conf.o
 .data          0x20000010        0x0 Dave/Generated/src/IO001/IO001.o
 .data          0x20000010        0x0 Dave/Generated/src/IO001/IO001_Conf.o
 .data          0x20000010        0x0 Dave/Generated/src/DAVESupport/DAVE3.o
 .data          0x20000010        0x0 Dave/Generated/src/DAVESupport/MULTIPLEXER.o
 .data          0x20000010        0x0 Dave/Generated/src/CLK001/CLK001.o
 .data          0x20000010        0x0 Dave/Generated/src/ADCGROUP001/ADCGroup001.o
 .data          0x20000010        0x0 Dave/Generated/src/ADCGROUP001/ADCGroup001_Conf.o
 .data          0x20000010        0x0 Dave/Generated/src/ADCGLOB001/ADCGlob001.o
 .data          0x20000010        0x0 Dave/Generated/src/ADCGLOB001/ADCGlob001_Conf.o
 .data          0x20000010        0x0 Dave/Generated/src/ADC001/ADC001.o
 .data          0x20000010        0x4 Dave/Generated/src/ADC001/ADC001_Conf.o
                0x20000010                ADC001_ChannelHandlePtr
 .data          0x20000014        0x0 c:/dave-3.1.10/arm-gcc/bin/../lib/gcc/arm-none-eabi/4.7.4/../../../../arm-none-eabi/lib/armv7e-m\libg.a(lib_a-init.o)
 *(.data*)
 *(*.data)
 *(.gnu.linkonce.d*)
                0x20000014                __Xmc4500_eData = ALIGN (0x4)
                0x00000014                __Xmc4500_Data_Size = (__Xmc4500_eData - __Xmc4500_sData)

.igot.plt       0x20000014        0x0 load address 0x0c006a34
 .igot.plt      0x00000000        0x0 Startup/startup_XMC4500.o

.ram_code       0x10000800        0x0 load address 0x0c006a34
                0x10000800                __ram_code_start = .
 *(.ram_code)
                0x10000800                __ram_code_end = .
                0x0c006a34                __ram_code_load = LOADADDR (.ram_code)
                0x00000000                __ram_code_size = (__ram_code_end - __ram_code_start)

.bss            0x20000014       0xc0 load address 0x0c006a34
                0x20000014                __Xmc4500_sBSS = .
 *(.bss)
 .bss           0x20000014        0x0 Startup/startup_XMC4500.o
 .bss           0x20000014        0x0 Startup/system_XMC4500.o
 .bss           0x20000014       0x64 Main.o
                0x20000014                l_um
                0x20000018                l_dois
                0x2000001c                l_tres
                0x20000020                r_um
                0x20000024                r_dois
                0x20000028                r_tres
                0x2000002c                cross
                0x20000030                sqr
                0x20000034                triangle
                0x20000038                circle
                0x2000003c                left
                0x20000040                right
                0x20000044                up
                0x20000048                down
                0x2000004c                start
                0x20000050                select
                0x20000054                l_um_state
                0x20000055                l_dois_state
                0x20000056                l_tres_state
                0x20000057                r_um_state
                0x20000058                r_dois_state
                0x20000059                r_tres_state
                0x2000005a                cross_state
                0x2000005b                sqr_state
                0x2000005c                triangle_state
                0x2000005d                circle_state
                0x2000005e                left_state
                0x2000005f                right_state
                0x20000060                up_state
                0x20000061                down_state
                0x20000062                start_state
                0x20000063                select_state
                0x20000064                l_um_state_before
                0x20000065                l_dois_state_before
                0x20000066                l_tres_state_before
                0x20000067                r_um_state_before
                0x20000068                r_dois_state_before
                0x20000069                r_tres_state_before
                0x2000006a                cross_state_before
                0x2000006b                sqr_state_before
                0x2000006c                triangle_state_before
                0x2000006d                circle_state_before
                0x2000006e                left_state_before
                0x2000006f                right_state_before
                0x20000070                up_state_before
                0x20000071                down_state_before
                0x20000072                start_state_before
                0x20000073                select_state_before
                0x20000074                flipped
 .bss           0x20000078        0xc Lib/System_LibcStubs.o
                0x20000078                __dso_handle
 .bss           0x20000084        0x0 Dave/Generated/src/UART001/UART001.o
 .bss           0x20000084        0x0 Dave/Generated/src/UART001/UART001_Conf.o
 .bss           0x20000084        0x0 Dave/Generated/src/RESET001/RESET001.o
 .bss           0x20000084        0x0 Dave/Generated/src/NVIC002/NVIC002.o
 .bss           0x20000084        0x0 Dave/Generated/src/NVIC002/NVIC002_Conf.o
 .bss           0x20000084        0x0 Dave/Generated/src/LIBS/CCU8PWMLIB.o
 .bss           0x20000084        0x0 Dave/Generated/src/LIBS/MOTORLIB.o
 .bss           0x20000084        0x0 Dave/Generated/src/IO004/IO004.o
 .bss           0x20000084        0x0 Dave/Generated/src/IO004/IO004_Conf.o
 .bss           0x20000084        0x0 Dave/Generated/src/IO001/IO001.o
 .bss           0x20000084        0x0 Dave/Generated/src/IO001/IO001_Conf.o
 .bss           0x20000084        0x0 Dave/Generated/src/DAVESupport/DAVE3.o
 .bss           0x20000084        0x0 Dave/Generated/src/DAVESupport/MULTIPLEXER.o
 .bss           0x20000084        0x8 Dave/Generated/src/CLK001/CLK001.o
 .bss           0x2000008c        0x0 Dave/Generated/src/ADCGROUP001/ADCGroup001.o
 .bss           0x2000008c        0x4 Dave/Generated/src/ADCGROUP001/ADCGroup001_Conf.o
                0x2000008c                ADCGROUP001_DynamicHandle0
 .bss           0x20000090        0x0 Dave/Generated/src/ADCGLOB001/ADCGlob001.o
 .bss           0x20000090        0x4 Dave/Generated/src/ADCGLOB001/ADCGlob001_Conf.o
                0x20000090                ADCGLOB001_DynamicData0
 .bss           0x20000094        0x0 Dave/Generated/src/ADC001/ADC001.o
 .bss           0x20000094        0x8 Dave/Generated/src/ADC001/ADC001_Conf.o
                0x20000094                ADC001_DynamicHandle
 .bss           0x2000009c        0x0 c:/dave-3.1.10/arm-gcc/bin/../lib/gcc/arm-none-eabi/4.7.4/../../../../arm-none-eabi/lib/armv7e-m\libg.a(lib_a-init.o)
 *(.bss*)
 *(COMMON)
 COMMON         0x2000009c       0x38 Main.o
                0x2000009c                configuration
                0x200000ab                pwm_max
                0x200000ac                psx_status
                0x200000b0                data_E
                0x200000b8                psxDado
                0x200000d0                result
 *(.gnu.linkonce.b*)
                0x200000d4                __Xmc4500_eBSS = ALIGN (0x4)
                0x200000d4                . = ALIGN (0x4)
                0x200000d4                Heap_Bank1_Start = .
                0x000000c0                __Xmc4500_BSS_Size = (__Xmc4500_eBSS - __Xmc4500_sBSS)

.data2          0x30000000        0x0
                0x30000000                __data2_start = .
 *(ETH_RAM)
                0x30000000                __data2_end = .
                0x00000000                __data2_size = (__data2_end - __data2_start)
                0x0000ff2c                Heap_Bank1_Size = (0x10000 - (Heap_Bank1_Start - ORIGIN (DSRAM_1_system)))

DSRAM2_Heap     0x30000000        0x0
                0x30000000                Heap_Bank2_Start = .
                0x00008000                Heap_Bank2_Size = (0x8000 - (Heap_Bank2_Start - ORIGIN (DSRAM_2_comm)))

PSRAM_Heap      0x10000800        0x0
                0x10000800                Heap_Bank3_Start = .
                0x0000f800                Heap_Bank3_Size = (0x10000 - (Heap_Bank3_Start - ORIGIN (PSRAM_1)))

/DISCARD/
 *(.comment)

.stab
 *(.stab)

.stabstr
 *(.stabstr)

.debug
 *(.debug)

.line
 *(.line)

.debug_srcinfo
 *(.debug_srcinfo)

.debug_sfnames
 *(.debug_sfnames)

.debug_aranges  0x00000000      0x780
 *(.debug_aranges)
 .debug_aranges
                0x00000000       0x38 Startup/startup_XMC4500.o
 .debug_aranges
                0x00000038       0x30 Startup/system_XMC4500.o
 .debug_aranges
                0x00000068       0xb0 Main.o
 .debug_aranges
                0x00000118       0xa0 Lib/System_LibcStubs.o
 .debug_aranges
                0x000001b8       0x80 Dave/Generated/src/UART001/UART001.o
 .debug_aranges
                0x00000238       0x18 Dave/Generated/src/UART001/UART001_Conf.o
 .debug_aranges
                0x00000250       0x40 Dave/Generated/src/RESET001/RESET001.o
 .debug_aranges
                0x00000290       0x50 Dave/Generated/src/NVIC002/NVIC002.o
 .debug_aranges
                0x000002e0       0x18 Dave/Generated/src/NVIC002/NVIC002_Conf.o
 .debug_aranges
                0x000002f8       0x18 Dave/Generated/src/LIBS/CCU8PWMLIB.o
 .debug_aranges
                0x00000310       0x18 Dave/Generated/src/LIBS/MOTORLIB.o
 .debug_aranges
                0x00000328       0x30 Dave/Generated/src/IO004/IO004.o
 .debug_aranges
                0x00000358       0x18 Dave/Generated/src/IO004/IO004_Conf.o
 .debug_aranges
                0x00000370       0x30 Dave/Generated/src/IO001/IO001.o
 .debug_aranges
                0x000003a0       0x18 Dave/Generated/src/IO001/IO001_Conf.o
 .debug_aranges
                0x000003b8       0x30 Dave/Generated/src/DAVESupport/DAVE3.o
 .debug_aranges
                0x000003e8       0x28 Dave/Generated/src/DAVESupport/MULTIPLEXER.o
 .debug_aranges
                0x00000410       0x60 Dave/Generated/src/CLK001/CLK001.o
 .debug_aranges
                0x00000470       0xd8 Dave/Generated/src/ADCGROUP001/ADCGroup001.o
 .debug_aranges
                0x00000548       0x18 Dave/Generated/src/ADCGROUP001/ADCGroup001_Conf.o
 .debug_aranges
                0x00000560       0xc8 Dave/Generated/src/ADCGLOB001/ADCGlob001.o
 .debug_aranges
                0x00000628       0x18 Dave/Generated/src/ADCGLOB001/ADCGlob001_Conf.o
 .debug_aranges
                0x00000640      0x128 Dave/Generated/src/ADC001/ADC001.o
 .debug_aranges
                0x00000768       0x18 Dave/Generated/src/ADC001/ADC001_Conf.o

.debug_pubnames
 *(.debug_pubnames)

.debug_pubtypes
 *(.debug_pubtypes)

.debug_info     0x00000000     0xd174
 *(.debug_info .gnu.linkonce.wi.*)
 .debug_info    0x00000000       0x8c Startup/startup_XMC4500.o
 .debug_info    0x0000008c      0xaf0 Startup/system_XMC4500.o
 .debug_info    0x00000b7c     0x1dab Main.o
 .debug_info    0x00002927      0x65f Lib/System_LibcStubs.o
 .debug_info    0x00002f86      0xfc2 Dave/Generated/src/UART001/UART001.o
 .debug_info    0x00003f48      0x805 Dave/Generated/src/UART001/UART001_Conf.o
 .debug_info    0x0000474d      0x47c Dave/Generated/src/RESET001/RESET001.o
 .debug_info    0x00004bc9      0x884 Dave/Generated/src/NVIC002/NVIC002.o
 .debug_info    0x0000544d      0x127 Dave/Generated/src/NVIC002/NVIC002_Conf.o
 .debug_info    0x00005574       0x94 Dave/Generated/src/LIBS/CCU8PWMLIB.o
 .debug_info    0x00005608       0x94 Dave/Generated/src/LIBS/MOTORLIB.o
 .debug_info    0x0000569c      0x414 Dave/Generated/src/IO004/IO004.o
 .debug_info    0x00005ab0      0x328 Dave/Generated/src/IO004/IO004_Conf.o
 .debug_info    0x00005dd8      0x35f Dave/Generated/src/IO001/IO001.o
 .debug_info    0x00006137      0x286 Dave/Generated/src/IO001/IO001_Conf.o
 .debug_info    0x000063bd      0x2e9 Dave/Generated/src/DAVESupport/DAVE3.o
 .debug_info    0x000066a6      0xb49 Dave/Generated/src/DAVESupport/MULTIPLEXER.o
 .debug_info    0x000071ef      0x689 Dave/Generated/src/CLK001/CLK001.o
 .debug_info    0x00007878     0x139c Dave/Generated/src/ADCGROUP001/ADCGroup001.o
 .debug_info    0x00008c14      0xb38 Dave/Generated/src/ADCGROUP001/ADCGroup001_Conf.o
 .debug_info    0x0000974c      0xcc0 Dave/Generated/src/ADCGLOB001/ADCGlob001.o
 .debug_info    0x0000a40c      0x5b1 Dave/Generated/src/ADCGLOB001/ADCGlob001_Conf.o
 .debug_info    0x0000a9bd     0x1aa5 Dave/Generated/src/ADC001/ADC001.o
 .debug_info    0x0000c462      0xd12 Dave/Generated/src/ADC001/ADC001_Conf.o

.debug_abbrev   0x00000000     0x1c04
 *(.debug_abbrev)
 .debug_abbrev  0x00000000       0x12 Startup/startup_XMC4500.o
 .debug_abbrev  0x00000012      0x154 Startup/system_XMC4500.o
 .debug_abbrev  0x00000166      0x2cb Main.o
 .debug_abbrev  0x00000431      0x149 Lib/System_LibcStubs.o
 .debug_abbrev  0x0000057a      0x203 Dave/Generated/src/UART001/UART001.o
 .debug_abbrev  0x0000077d      0x12c Dave/Generated/src/UART001/UART001_Conf.o
 .debug_abbrev  0x000008a9      0x122 Dave/Generated/src/RESET001/RESET001.o
 .debug_abbrev  0x000009cb      0x1c1 Dave/Generated/src/NVIC002/NVIC002.o
 .debug_abbrev  0x00000b8c       0x9f Dave/Generated/src/NVIC002/NVIC002_Conf.o
 .debug_abbrev  0x00000c2b       0x4e Dave/Generated/src/LIBS/CCU8PWMLIB.o
 .debug_abbrev  0x00000c79       0x4e Dave/Generated/src/LIBS/MOTORLIB.o
 .debug_abbrev  0x00000cc7      0x129 Dave/Generated/src/IO004/IO004.o
 .debug_abbrev  0x00000df0       0xbb Dave/Generated/src/IO004/IO004_Conf.o
 .debug_abbrev  0x00000eab      0x129 Dave/Generated/src/IO001/IO001.o
 .debug_abbrev  0x00000fd4       0xbb Dave/Generated/src/IO001/IO001_Conf.o
 .debug_abbrev  0x0000108f       0xf3 Dave/Generated/src/DAVESupport/DAVE3.o
 .debug_abbrev  0x00001182      0x123 Dave/Generated/src/DAVESupport/MULTIPLEXER.o
 .debug_abbrev  0x000012a5      0x186 Dave/Generated/src/CLK001/CLK001.o
 .debug_abbrev  0x0000142b      0x19c Dave/Generated/src/ADCGROUP001/ADCGroup001.o
 .debug_abbrev  0x000015c7      0x112 Dave/Generated/src/ADCGROUP001/ADCGroup001_Conf.o
 .debug_abbrev  0x000016d9      0x183 Dave/Generated/src/ADCGLOB001/ADCGlob001.o
 .debug_abbrev  0x0000185c       0xef Dave/Generated/src/ADCGLOB001/ADCGlob001_Conf.o
 .debug_abbrev  0x0000194b      0x1a7 Dave/Generated/src/ADC001/ADC001.o
 .debug_abbrev  0x00001af2      0x112 Dave/Generated/src/ADC001/ADC001_Conf.o

.debug_line     0x00000000     0xdf82
 *(.debug_line)
 .debug_line    0x00000000      0x130 Startup/startup_XMC4500.o
 .debug_line    0x00000130      0x3b7 Startup/system_XMC4500.o
 .debug_line    0x000004e7      0xf9b Main.o
 .debug_line    0x00001482      0x3c1 Lib/System_LibcStubs.o
 .debug_line    0x00001843      0x6d9 Dave/Generated/src/UART001/UART001.o
 .debug_line    0x00001f1c      0x3f1 Dave/Generated/src/UART001/UART001_Conf.o
 .debug_line    0x0000230d      0x41e Dave/Generated/src/RESET001/RESET001.o
 .debug_line    0x0000272b      0x433 Dave/Generated/src/NVIC002/NVIC002.o
 .debug_line    0x00002b5e      0x373 Dave/Generated/src/NVIC002/NVIC002_Conf.o
 .debug_line    0x00002ed1      0xbea Dave/Generated/src/LIBS/CCU8PWMLIB.o
 .debug_line    0x00003abb      0xbe6 Dave/Generated/src/LIBS/MOTORLIB.o
 .debug_line    0x000046a1      0xc61 Dave/Generated/src/IO004/IO004.o
 .debug_line    0x00005302      0xbb1 Dave/Generated/src/IO004/IO004_Conf.o
 .debug_line    0x00005eb3      0xc10 Dave/Generated/src/IO001/IO001.o
 .debug_line    0x00006ac3      0xbb1 Dave/Generated/src/IO001/IO001_Conf.o
 .debug_line    0x00007674      0xa03 Dave/Generated/src/DAVESupport/DAVE3.o
 .debug_line    0x00008077      0xa00 Dave/Generated/src/DAVESupport/MULTIPLEXER.o
 .debug_line    0x00008a77      0x4af Dave/Generated/src/CLK001/CLK001.o
 .debug_line    0x00008f26      0xe9c Dave/Generated/src/ADCGROUP001/ADCGroup001.o
 .debug_line    0x00009dc2      0xbbd Dave/Generated/src/ADCGROUP001/ADCGroup001_Conf.o
 .debug_line    0x0000a97f      0xe19 Dave/Generated/src/ADCGLOB001/ADCGlob001.o
 .debug_line    0x0000b798      0xbbb Dave/Generated/src/ADCGLOB001/ADCGlob001_Conf.o
 .debug_line    0x0000c353     0x107c Dave/Generated/src/ADC001/ADC001.o
 .debug_line    0x0000d3cf      0xbb3 Dave/Generated/src/ADC001/ADC001_Conf.o

.debug_frame    0x00000000     0x1378
 *(.debug_frame)
 .debug_frame   0x00000000       0x6c Startup/system_XMC4500.o
 .debug_frame   0x0000006c      0x24c Main.o
 .debug_frame   0x000002b8      0x1ec Lib/System_LibcStubs.o
 .debug_frame   0x000004a4      0x190 Dave/Generated/src/UART001/UART001.o
 .debug_frame   0x00000634       0x9c Dave/Generated/src/RESET001/RESET001.o
 .debug_frame   0x000006d0       0xe4 Dave/Generated/src/NVIC002/NVIC002.o
 .debug_frame   0x000007b4       0x64 Dave/Generated/src/IO004/IO004.o
 .debug_frame   0x00000818       0x64 Dave/Generated/src/IO001/IO001.o
 .debug_frame   0x0000087c       0x64 Dave/Generated/src/DAVESupport/DAVE3.o
 .debug_frame   0x000008e0       0x48 Dave/Generated/src/DAVESupport/MULTIPLEXER.o
 .debug_frame   0x00000928      0x120 Dave/Generated/src/CLK001/CLK001.o
 .debug_frame   0x00000a48      0x2b0 Dave/Generated/src/ADCGROUP001/ADCGroup001.o
 .debug_frame   0x00000cf8      0x27c Dave/Generated/src/ADCGLOB001/ADCGlob001.o
 .debug_frame   0x00000f74      0x3d4 Dave/Generated/src/ADC001/ADC001.o
 .debug_frame   0x00001348       0x30 c:/dave-3.1.10/arm-gcc/bin/../lib/gcc/arm-none-eabi/4.7.4/../../../../arm-none-eabi/lib/armv7e-m\libg.a(lib_a-init.o)

.debug_str      0x00000000    0x9a06d
 *(.debug_str)
 .debug_str     0x00000000    0x90172 Startup/system_XMC4500.o
                              0x90489 (size before relaxing)
 .debug_str     0x00090172     0x3ef0 Main.o
                              0x93fdd (size before relaxing)
 .debug_str     0x00094062     0x2e29 Lib/System_LibcStubs.o
                               0x58a9 (size before relaxing)
 .debug_str     0x00096e8b      0x7c2 Dave/Generated/src/UART001/UART001.o
                              0x915dd (size before relaxing)
 .debug_str     0x0009764d       0x2d Dave/Generated/src/UART001/UART001_Conf.o
                              0x90e29 (size before relaxing)
 .debug_str     0x0009767a      0x225 Dave/Generated/src/RESET001/RESET001.o
                              0x907e8 (size before relaxing)
 .debug_str     0x0009789f      0x771 Dave/Generated/src/NVIC002/NVIC002.o
                              0x90910 (size before relaxing)
 .debug_str     0x00098010       0x3d Dave/Generated/src/NVIC002/NVIC002_Conf.o
                              0x90185 (size before relaxing)
 .debug_str     0x0009804d       0x28 Dave/Generated/src/LIBS/CCU8PWMLIB.o
                              0x9306b (size before relaxing)
 .debug_str     0x00098075       0x26 Dave/Generated/src/LIBS/MOTORLIB.o
                              0x93069 (size before relaxing)
 .debug_str     0x0009809b      0x156 Dave/Generated/src/IO004/IO004.o
                              0x932e3 (size before relaxing)
 .debug_str     0x000981f1       0x29 Dave/Generated/src/IO004/IO004_Conf.o
                              0x931aa (size before relaxing)
 .debug_str     0x0009821a      0x155 Dave/Generated/src/IO001/IO001.o
                              0x9322e (size before relaxing)
 .debug_str     0x0009836f       0x29 Dave/Generated/src/IO001/IO001_Conf.o
                              0x93129 (size before relaxing)
 .debug_str     0x00098398       0x68 Dave/Generated/src/DAVESupport/DAVE3.o
                              0x93139 (size before relaxing)
 .debug_str     0x00098400       0x71 Dave/Generated/src/DAVESupport/MULTIPLEXER.o
                              0x9332f (size before relaxing)
 .debug_str     0x00098471      0x1a0 Dave/Generated/src/CLK001/CLK001.o
                              0x90a71 (size before relaxing)
 .debug_str     0x00098611      0xa80 Dave/Generated/src/ADCGROUP001/ADCGroup001.o
                              0x93dc1 (size before relaxing)
 .debug_str     0x00099091      0x16d Dave/Generated/src/ADCGROUP001/ADCGroup001_Conf.o
                              0x93741 (size before relaxing)
 .debug_str     0x000991fe      0x50e Dave/Generated/src/ADCGLOB001/ADCGlob001.o
                              0x93bb1 (size before relaxing)
 .debug_str     0x0009970c       0x4b Dave/Generated/src/ADCGLOB001/ADCGlob001_Conf.o
                              0x933f6 (size before relaxing)
 .debug_str     0x00099757      0x6ee Dave/Generated/src/ADC001/ADC001.o
                              0x93eef (size before relaxing)
 .debug_str     0x00099e45      0x228 Dave/Generated/src/ADC001/ADC001_Conf.o
                              0x93874 (size before relaxing)

.debug_loc      0x00000000     0x22f2
 *(.debug_loc)
 .debug_loc     0x00000000       0xa8 Startup/system_XMC4500.o
 .debug_loc     0x000000a8      0x3d4 Main.o
 .debug_loc     0x0000047c      0x388 Lib/System_LibcStubs.o
 .debug_loc     0x00000804      0x2e6 Dave/Generated/src/UART001/UART001.o
 .debug_loc     0x00000aea      0x118 Dave/Generated/src/RESET001/RESET001.o
 .debug_loc     0x00000c02      0x17c Dave/Generated/src/NVIC002/NVIC002.o
 .debug_loc     0x00000d7e       0x9c Dave/Generated/src/IO004/IO004.o
 .debug_loc     0x00000e1a       0x9c Dave/Generated/src/IO001/IO001.o
 .debug_loc     0x00000eb6       0x90 Dave/Generated/src/DAVESupport/DAVE3.o
 .debug_loc     0x00000f46       0x64 Dave/Generated/src/DAVESupport/MULTIPLEXER.o
 .debug_loc     0x00000faa      0x1e0 Dave/Generated/src/CLK001/CLK001.o
 .debug_loc     0x0000118a      0x534 Dave/Generated/src/ADCGROUP001/ADCGroup001.o
 .debug_loc     0x000016be      0x4d0 Dave/Generated/src/ADCGLOB001/ADCGlob001.o
 .debug_loc     0x00001b8e      0x764 Dave/Generated/src/ADC001/ADC001.o

.debug_macinfo
 *(.debug_macinfo)

.debug_ranges   0x00000000      0x5d8
 *(.debug_ranges)
 .debug_ranges  0x00000000       0x30 Startup/startup_XMC4500.o
 .debug_ranges  0x00000030       0x20 Startup/system_XMC4500.o
 .debug_ranges  0x00000050       0xb8 Main.o
 .debug_ranges  0x00000108       0x90 Lib/System_LibcStubs.o
 .debug_ranges  0x00000198       0x70 Dave/Generated/src/UART001/UART001.o
 .debug_ranges  0x00000208       0x30 Dave/Generated/src/RESET001/RESET001.o
 .debug_ranges  0x00000238       0x40 Dave/Generated/src/NVIC002/NVIC002.o
 .debug_ranges  0x00000278       0x20 Dave/Generated/src/IO004/IO004.o
 .debug_ranges  0x00000298       0x20 Dave/Generated/src/IO001/IO001.o
 .debug_ranges  0x000002b8       0x20 Dave/Generated/src/DAVESupport/DAVE3.o
 .debug_ranges  0x000002d8       0x18 Dave/Generated/src/DAVESupport/MULTIPLEXER.o
 .debug_ranges  0x000002f0       0x50 Dave/Generated/src/CLK001/CLK001.o
 .debug_ranges  0x00000340       0xc8 Dave/Generated/src/ADCGROUP001/ADCGroup001.o
 .debug_ranges  0x00000408       0xb8 Dave/Generated/src/ADCGLOB001/ADCGlob001.o
 .debug_ranges  0x000004c0      0x118 Dave/Generated/src/ADC001/ADC001.o

.debug_weaknames
 *(.debug_weaknames)

.debug_funcnames
 *(.debug_funcnames)

.debug_typenames
 *(.debug_typenames)

.debug_varnames
 *(.debug_varnames)

.build_attributes
                0x00000000      0x574
 *(.ARM.attributes)
 .ARM.attributes
                0x00000000       0x27 Startup/startup_XMC4500.o
 .ARM.attributes
                0x00000027       0x39 Startup/system_XMC4500.o
 .ARM.attributes
                0x00000060       0x39 Main.o
 .ARM.attributes
                0x00000099       0x39 Lib/System_LibcStubs.o
 .ARM.attributes
                0x000000d2       0x39 Dave/Generated/src/UART001/UART001.o
 .ARM.attributes
                0x0000010b       0x39 Dave/Generated/src/UART001/UART001_Conf.o
 .ARM.attributes
                0x00000144       0x39 Dave/Generated/src/RESET001/RESET001.o
 .ARM.attributes
                0x0000017d       0x39 Dave/Generated/src/NVIC002/NVIC002.o
 .ARM.attributes
                0x000001b6       0x39 Dave/Generated/src/NVIC002/NVIC002_Conf.o
 .ARM.attributes
                0x000001ef       0x39 Dave/Generated/src/LIBS/CCU8PWMLIB.o
 .ARM.attributes
                0x00000228       0x39 Dave/Generated/src/LIBS/MOTORLIB.o
 .ARM.attributes
                0x00000261       0x39 Dave/Generated/src/IO004/IO004.o
 .ARM.attributes
                0x0000029a       0x39 Dave/Generated/src/IO004/IO004_Conf.o
 .ARM.attributes
                0x000002d3       0x39 Dave/Generated/src/IO001/IO001.o
 .ARM.attributes
                0x0000030c       0x39 Dave/Generated/src/IO001/IO001_Conf.o
 .ARM.attributes
                0x00000345       0x39 Dave/Generated/src/DAVESupport/DAVE3.o
 .ARM.attributes
                0x0000037e       0x39 Dave/Generated/src/DAVESupport/MULTIPLEXER.o
 .ARM.attributes
                0x000003b7       0x39 Dave/Generated/src/CLK001/CLK001.o
 .ARM.attributes
                0x000003f0       0x39 Dave/Generated/src/ADCGROUP001/ADCGroup001.o
 .ARM.attributes
                0x00000429       0x39 Dave/Generated/src/ADCGROUP001/ADCGroup001_Conf.o
 .ARM.attributes
                0x00000462       0x39 Dave/Generated/src/ADCGLOB001/ADCGlob001.o
 .ARM.attributes
                0x0000049b       0x39 Dave/Generated/src/ADCGLOB001/ADCGlob001_Conf.o
 .ARM.attributes
                0x000004d4       0x39 Dave/Generated/src/ADC001/ADC001.o
 .ARM.attributes
                0x0000050d       0x39 Dave/Generated/src/ADC001/ADC001_Conf.o
 .ARM.attributes
                0x00000546       0x2e c:/dave-3.1.10/arm-gcc/bin/../lib/gcc/arm-none-eabi/4.7.4/../../../../arm-none-eabi/lib/armv7e-m\libg.a(lib_a-init.o)
OUTPUT(Joystick.elf elf32-littlearm)

.debug_macro    0x00000000    0x1ace9
 .debug_macro   0x00000000      0x17e Startup/system_XMC4500.o
 .debug_macro   0x0000017e      0x814 Startup/system_XMC4500.o
 .debug_macro   0x00000992       0x3a Startup/system_XMC4500.o
 .debug_macro   0x000009cc       0x10 Startup/system_XMC4500.o
 .debug_macro   0x000009dc       0x2e Startup/system_XMC4500.o
 .debug_macro   0x00000a0a       0xa3 Startup/system_XMC4500.o
 .debug_macro   0x00000aad      0x20e Startup/system_XMC4500.o
 .debug_macro   0x00000cbb       0x6a Startup/system_XMC4500.o
 .debug_macro   0x00000d25       0x2d Startup/system_XMC4500.o
 .debug_macro   0x00000d52       0x3b Startup/system_XMC4500.o
 .debug_macro   0x00000d8d       0x2d Startup/system_XMC4500.o
 .debug_macro   0x00000dba       0x42 Startup/system_XMC4500.o
 .debug_macro   0x00000dfc      0xd39 Startup/system_XMC4500.o
 .debug_macro   0x00001b35    0x150f5 Startup/system_XMC4500.o
 .debug_macro   0x00016c2a      0x2e5 Main.o
 .debug_macro   0x00016f0f       0x70 Main.o
 .debug_macro   0x00016f7f      0x16c Main.o
 .debug_macro   0x000170eb       0x22 Main.o
 .debug_macro   0x0001710d      0x54a Main.o
 .debug_macro   0x00017657       0x64 Main.o
 .debug_macro   0x000176bb       0x46 Main.o
 .debug_macro   0x00017701      0x160 Main.o
 .debug_macro   0x00017861       0x2d Main.o
 .debug_macro   0x0001788e      0x130 Main.o
 .debug_macro   0x000179be       0x7f Main.o
 .debug_macro   0x00017a3d       0xb4 Main.o
 .debug_macro   0x00017af1       0xb6 Main.o
 .debug_macro   0x00017ba7       0x34 Main.o
 .debug_macro   0x00017bdb       0x11 Main.o
 .debug_macro   0x00017bec       0x28 Main.o
 .debug_macro   0x00017c14       0x18 Main.o
 .debug_macro   0x00017c2c       0x2e Main.o
 .debug_macro   0x00017c5a       0x1c Main.o
 .debug_macro   0x00017c76      0x119 Lib/System_LibcStubs.o
 .debug_macro   0x00017d8f       0x3a Lib/System_LibcStubs.o
 .debug_macro   0x00017dc9       0x52 Lib/System_LibcStubs.o
 .debug_macro   0x00017e1b       0x19 Lib/System_LibcStubs.o
 .debug_macro   0x00017e34      0x16d Lib/System_LibcStubs.o
 .debug_macro   0x00017fa1       0x10 Lib/System_LibcStubs.o
 .debug_macro   0x00017fb1       0x16 Lib/System_LibcStubs.o
 .debug_macro   0x00017fc7       0x89 Lib/System_LibcStubs.o
 .debug_macro   0x00018050       0x10 Lib/System_LibcStubs.o
 .debug_macro   0x00018060       0xf5 Lib/System_LibcStubs.o
 .debug_macro   0x00018155       0x22 Lib/System_LibcStubs.o
 .debug_macro   0x00018177       0x91 Lib/System_LibcStubs.o
 .debug_macro   0x00018208       0x34 Lib/System_LibcStubs.o
 .debug_macro   0x0001823c      0x120 Lib/System_LibcStubs.o
 .debug_macro   0x0001835c       0x16 Lib/System_LibcStubs.o
 .debug_macro   0x00018372       0x35 Lib/System_LibcStubs.o
 .debug_macro   0x000183a7      0x495 Lib/System_LibcStubs.o
 .debug_macro   0x0001883c      0x16e Dave/Generated/src/UART001/UART001.o
 .debug_macro   0x000189aa       0xb0 Dave/Generated/src/UART001/UART001.o
 .debug_macro   0x00018a5a       0xfe Dave/Generated/src/UART001/UART001_Conf.o
 .debug_macro   0x00018b58       0xff Dave/Generated/src/RESET001/RESET001.o
 .debug_macro   0x00018c57       0xd2 Dave/Generated/src/NVIC002/NVIC002.o
 .debug_macro   0x00018d29       0xd2 Dave/Generated/src/NVIC002/NVIC002_Conf.o
 .debug_macro   0x00018dfb      0x1ff Dave/Generated/src/LIBS/CCU8PWMLIB.o
 .debug_macro   0x00018ffa      0x1ff Dave/Generated/src/LIBS/MOTORLIB.o
 .debug_macro   0x000191f9      0x1fb Dave/Generated/src/IO004/IO004.o
 .debug_macro   0x000193f4      0x1fb Dave/Generated/src/IO004/IO004_Conf.o
 .debug_macro   0x000195ef      0x1fb Dave/Generated/src/IO001/IO001.o
 .debug_macro   0x000197ea      0x1fb Dave/Generated/src/IO001/IO001_Conf.o
 .debug_macro   0x000199e5      0x1fb Dave/Generated/src/DAVESupport/DAVE3.o
 .debug_macro   0x00019be0      0x1fb Dave/Generated/src/DAVESupport/MULTIPLEXER.o
 .debug_macro   0x00019ddb       0xee Dave/Generated/src/CLK001/CLK001.o
 .debug_macro   0x00019ec9      0x2b9 Dave/Generated/src/ADCGROUP001/ADCGroup001.o
 .debug_macro   0x0001a182      0x1fb Dave/Generated/src/ADCGROUP001/ADCGroup001_Conf.o
 .debug_macro   0x0001a37d      0x2bd Dave/Generated/src/ADCGLOB001/ADCGlob001.o
 .debug_macro   0x0001a63a      0x1fb Dave/Generated/src/ADCGLOB001/ADCGlob001_Conf.o
 .debug_macro   0x0001a835      0x2b9 Dave/Generated/src/ADC001/ADC001.o
 .debug_macro   0x0001aaee      0x1fb Dave/Generated/src/ADC001/ADC001_Conf.o
