Archive member included because of file (symbol)

c:/dave-3.1.10/arm-gcc/bin/../lib/gcc/arm-none-eabi/4.7.4/../../../../arm-none-eabi/lib/armv7e-m\libg.a(lib_a-init.o)
                              Startup/startup_XMC4500.o (__libc_init_array)

Allocating common symbols
Common symbol       size              file

configuration       0xf               Main.o
psx_status          0x1               Main.o
data_E              0x4               Main.o
psxDado             0x18              Main.o

Discarded input sections

 .group         0x00000000        0x8 Startup/system_XMC4500.o
 .group         0x00000000        0x8 Startup/system_XMC4500.o
 .group         0x00000000        0x8 Startup/system_XMC4500.o
 .group         0x00000000        0x8 Startup/system_XMC4500.o
 .group         0x00000000        0x8 Startup/system_XMC4500.o
 .group         0x00000000        0x8 Startup/system_XMC4500.o
 .group         0x00000000        0x8 Startup/system_XMC4500.o
 .group         0x00000000        0x8 Startup/system_XMC4500.o
 .group         0x00000000        0x8 Startup/system_XMC4500.o
 .group         0x00000000        0x8 Startup/system_XMC4500.o
 .group         0x00000000        0x8 Startup/system_XMC4500.o
 .group         0x00000000        0x8 Startup/system_XMC4500.o
 .group         0x00000000        0x8 Startup/system_XMC4500.o
 .comment       0x00000000       0x71 Startup/system_XMC4500.o
 .group         0x00000000        0x8 Main.o
 .group         0x00000000        0x8 Main.o
 .group         0x00000000        0x8 Main.o
 .group         0x00000000        0x8 Main.o
 .group         0x00000000        0x8 Main.o
 .group         0x00000000        0x8 Main.o
 .group         0x00000000        0x8 Main.o
 .group         0x00000000        0x8 Main.o
 .group         0x00000000        0x8 Main.o
 .group         0x00000000        0x8 Main.o
 .group         0x00000000        0x8 Main.o
 .group         0x00000000        0x8 Main.o
 .group         0x00000000        0x8 Main.o
 .group         0x00000000        0x8 Main.o
 .group         0x00000000        0x8 Main.o
 .group         0x00000000        0x8 Main.o
 .group         0x00000000        0x8 Main.o
 .group         0x00000000        0x8 Main.o
 .group         0x00000000        0x8 Main.o
 .group         0x00000000        0x8 Main.o
 .group         0x00000000        0x8 Main.o
 .group         0x00000000        0x8 Main.o
 .group         0x00000000        0x8 Main.o
 .group         0x00000000        0x8 Main.o
 .group         0x00000000        0x8 Main.o
 .group         0x00000000        0x8 Main.o
 .debug_macro   0x00000000      0x814 Main.o
 .debug_macro   0x00000000       0x2d Main.o
 .debug_macro   0x00000000       0x3b Main.o
 .debug_macro   0x00000000       0x3a Main.o
 .debug_macro   0x00000000       0x10 Main.o
 .debug_macro   0x00000000       0x2e Main.o
 .debug_macro   0x00000000       0xa3 Main.o
 .debug_macro   0x00000000      0x20e Main.o
 .debug_macro   0x00000000       0x2d Main.o
 .debug_macro   0x00000000       0x42 Main.o
 .debug_macro   0x00000000      0xd39 Main.o
 .debug_macro   0x00000000    0x150f5 Main.o
 .comment       0x00000000       0x71 Main.o
 .group         0x00000000        0x8 Lib/System_LibcStubs.o
 .group         0x00000000        0x8 Lib/System_LibcStubs.o
 .group         0x00000000        0x8 Lib/System_LibcStubs.o
 .group         0x00000000        0x8 Lib/System_LibcStubs.o
 .group         0x00000000        0x8 Lib/System_LibcStubs.o
 .group         0x00000000        0x8 Lib/System_LibcStubs.o
 .group         0x00000000        0x8 Lib/System_LibcStubs.o
 .group         0x00000000        0x8 Lib/System_LibcStubs.o
 .group         0x00000000        0x8 Lib/System_LibcStubs.o
 .group         0x00000000        0x8 Lib/System_LibcStubs.o
 .group         0x00000000        0x8 Lib/System_LibcStubs.o
 .group         0x00000000        0x8 Lib/System_LibcStubs.o
 .group         0x00000000        0x8 Lib/System_LibcStubs.o
 .group         0x00000000        0x8 Lib/System_LibcStubs.o
 .group         0x00000000        0x8 Lib/System_LibcStubs.o
 .group         0x00000000        0x8 Lib/System_LibcStubs.o
 .group         0x00000000        0x8 Lib/System_LibcStubs.o
 .group         0x00000000        0x8 Lib/System_LibcStubs.o
 .group         0x00000000        0x8 Lib/System_LibcStubs.o
 .group         0x00000000        0x8 Lib/System_LibcStubs.o
 .group         0x00000000        0x8 Lib/System_LibcStubs.o
 .debug_macro   0x00000000      0x814 Lib/System_LibcStubs.o
 .debug_macro   0x00000000       0x3a Lib/System_LibcStubs.o
 .debug_macro   0x00000000       0x10 Lib/System_LibcStubs.o
 .debug_macro   0x00000000       0x2e Lib/System_LibcStubs.o
 .debug_macro   0x00000000       0xa3 Lib/System_LibcStubs.o
 .comment       0x00000000       0x71 Lib/System_LibcStubs.o
 .group         0x00000000        0x8 Dave/Generated/src/UART001/UART001.o
 .group         0x00000000        0x8 Dave/Generated/src/UART001/UART001.o
 .group         0x00000000        0x8 Dave/Generated/src/UART001/UART001.o
 .group         0x00000000        0x8 Dave/Generated/src/UART001/UART001.o
 .group         0x00000000        0x8 Dave/Generated/src/UART001/UART001.o
 .group         0x00000000        0x8 Dave/Generated/src/UART001/UART001.o
 .group         0x00000000        0x8 Dave/Generated/src/UART001/UART001.o
 .group         0x00000000        0x8 Dave/Generated/src/UART001/UART001.o
 .group         0x00000000        0x8 Dave/Generated/src/UART001/UART001.o
 .group         0x00000000        0x8 Dave/Generated/src/UART001/UART001.o
 .group         0x00000000        0x8 Dave/Generated/src/UART001/UART001.o
 .group         0x00000000        0x8 Dave/Generated/src/UART001/UART001.o
 .group         0x00000000        0x8 Dave/Generated/src/UART001/UART001.o
 .group         0x00000000        0x8 Dave/Generated/src/UART001/UART001.o
 .group         0x00000000        0x8 Dave/Generated/src/UART001/UART001.o
 .group         0x00000000        0x8 Dave/Generated/src/UART001/UART001.o
 .group         0x00000000        0x8 Dave/Generated/src/UART001/UART001.o
 .group         0x00000000        0x8 Dave/Generated/src/UART001/UART001.o
 .group         0x00000000        0x8 Dave/Generated/src/UART001/UART001.o
 .debug_macro   0x00000000      0x814 Dave/Generated/src/UART001/UART001.o
 .debug_macro   0x00000000      0x130 Dave/Generated/src/UART001/UART001.o
 .debug_macro   0x00000000       0x2d Dave/Generated/src/UART001/UART001.o
 .debug_macro   0x00000000       0x3b Dave/Generated/src/UART001/UART001.o
 .debug_macro   0x00000000       0x3a Dave/Generated/src/UART001/UART001.o
 .debug_macro   0x00000000       0x10 Dave/Generated/src/UART001/UART001.o
 .debug_macro   0x00000000       0x2e Dave/Generated/src/UART001/UART001.o
 .debug_macro   0x00000000       0xa3 Dave/Generated/src/UART001/UART001.o
 .debug_macro   0x00000000      0x20e Dave/Generated/src/UART001/UART001.o
 .debug_macro   0x00000000       0x2d Dave/Generated/src/UART001/UART001.o
 .debug_macro   0x00000000       0x42 Dave/Generated/src/UART001/UART001.o
 .debug_macro   0x00000000      0xd39 Dave/Generated/src/UART001/UART001.o
 .debug_macro   0x00000000       0x70 Dave/Generated/src/UART001/UART001.o
 .debug_macro   0x00000000    0x150f5 Dave/Generated/src/UART001/UART001.o
 .debug_macro   0x00000000      0x16c Dave/Generated/src/UART001/UART001.o
 .debug_macro   0x00000000       0x22 Dave/Generated/src/UART001/UART001.o
 .debug_macro   0x00000000       0x34 Dave/Generated/src/UART001/UART001.o
 .debug_macro   0x00000000       0x11 Dave/Generated/src/UART001/UART001.o
 .comment       0x00000000       0x71 Dave/Generated/src/UART001/UART001.o
 .group         0x00000000        0x8 Dave/Generated/src/UART001/UART001_Conf.o
 .group         0x00000000        0x8 Dave/Generated/src/UART001/UART001_Conf.o
 .group         0x00000000        0x8 Dave/Generated/src/UART001/UART001_Conf.o
 .group         0x00000000        0x8 Dave/Generated/src/UART001/UART001_Conf.o
 .group         0x00000000        0x8 Dave/Generated/src/UART001/UART001_Conf.o
 .group         0x00000000        0x8 Dave/Generated/src/UART001/UART001_Conf.o
 .group         0x00000000        0x8 Dave/Generated/src/UART001/UART001_Conf.o
 .group         0x00000000        0x8 Dave/Generated/src/UART001/UART001_Conf.o
 .group         0x00000000        0x8 Dave/Generated/src/UART001/UART001_Conf.o
 .group         0x00000000        0x8 Dave/Generated/src/UART001/UART001_Conf.o
 .group         0x00000000        0x8 Dave/Generated/src/UART001/UART001_Conf.o
 .group         0x00000000        0x8 Dave/Generated/src/UART001/UART001_Conf.o
 .group         0x00000000        0x8 Dave/Generated/src/UART001/UART001_Conf.o
 .group         0x00000000        0x8 Dave/Generated/src/UART001/UART001_Conf.o
 .group         0x00000000        0x8 Dave/Generated/src/UART001/UART001_Conf.o
 .group         0x00000000        0x8 Dave/Generated/src/UART001/UART001_Conf.o
 .group         0x00000000        0x8 Dave/Generated/src/UART001/UART001_Conf.o
 .group         0x00000000        0x8 Dave/Generated/src/UART001/UART001_Conf.o
 .group         0x00000000        0x8 Dave/Generated/src/UART001/UART001_Conf.o
 .debug_macro   0x00000000      0x814 Dave/Generated/src/UART001/UART001_Conf.o
 .debug_macro   0x00000000      0x130 Dave/Generated/src/UART001/UART001_Conf.o
 .debug_macro   0x00000000       0x2d Dave/Generated/src/UART001/UART001_Conf.o
 .debug_macro   0x00000000       0x3b Dave/Generated/src/UART001/UART001_Conf.o
 .debug_macro   0x00000000       0x3a Dave/Generated/src/UART001/UART001_Conf.o
 .debug_macro   0x00000000       0x10 Dave/Generated/src/UART001/UART001_Conf.o
 .debug_macro   0x00000000       0x2e Dave/Generated/src/UART001/UART001_Conf.o
 .debug_macro   0x00000000       0xa3 Dave/Generated/src/UART001/UART001_Conf.o
 .debug_macro   0x00000000      0x20e Dave/Generated/src/UART001/UART001_Conf.o
 .debug_macro   0x00000000       0x2d Dave/Generated/src/UART001/UART001_Conf.o
 .debug_macro   0x00000000       0x42 Dave/Generated/src/UART001/UART001_Conf.o
 .debug_macro   0x00000000      0xd39 Dave/Generated/src/UART001/UART001_Conf.o
 .debug_macro   0x00000000       0x70 Dave/Generated/src/UART001/UART001_Conf.o
 .debug_macro   0x00000000    0x150f5 Dave/Generated/src/UART001/UART001_Conf.o
 .debug_macro   0x00000000       0xb0 Dave/Generated/src/UART001/UART001_Conf.o
 .debug_macro   0x00000000      0x16c Dave/Generated/src/UART001/UART001_Conf.o
 .debug_macro   0x00000000       0x22 Dave/Generated/src/UART001/UART001_Conf.o
 .debug_macro   0x00000000       0x34 Dave/Generated/src/UART001/UART001_Conf.o
 .debug_macro   0x00000000       0x11 Dave/Generated/src/UART001/UART001_Conf.o
 .comment       0x00000000       0x71 Dave/Generated/src/UART001/UART001_Conf.o
 .group         0x00000000        0x8 Dave/Generated/src/RESET001/RESET001.o
 .group         0x00000000        0x8 Dave/Generated/src/RESET001/RESET001.o
 .group         0x00000000        0x8 Dave/Generated/src/RESET001/RESET001.o
 .group         0x00000000        0x8 Dave/Generated/src/RESET001/RESET001.o
 .group         0x00000000        0x8 Dave/Generated/src/RESET001/RESET001.o
 .group         0x00000000        0x8 Dave/Generated/src/RESET001/RESET001.o
 .group         0x00000000        0x8 Dave/Generated/src/RESET001/RESET001.o
 .group         0x00000000        0x8 Dave/Generated/src/RESET001/RESET001.o
 .group         0x00000000        0x8 Dave/Generated/src/RESET001/RESET001.o
 .group         0x00000000        0x8 Dave/Generated/src/RESET001/RESET001.o
 .group         0x00000000        0x8 Dave/Generated/src/RESET001/RESET001.o
 .group         0x00000000        0x8 Dave/Generated/src/RESET001/RESET001.o
 .group         0x00000000        0x8 Dave/Generated/src/RESET001/RESET001.o
 .group         0x00000000        0x8 Dave/Generated/src/RESET001/RESET001.o
 .group         0x00000000        0x8 Dave/Generated/src/RESET001/RESET001.o
 .group         0x00000000        0x8 Dave/Generated/src/RESET001/RESET001.o
 .debug_macro   0x00000000      0x814 Dave/Generated/src/RESET001/RESET001.o
 .debug_macro   0x00000000      0x130 Dave/Generated/src/RESET001/RESET001.o
 .debug_macro   0x00000000       0x3a Dave/Generated/src/RESET001/RESET001.o
 .debug_macro   0x00000000       0x10 Dave/Generated/src/RESET001/RESET001.o
 .debug_macro   0x00000000       0x2e Dave/Generated/src/RESET001/RESET001.o
 .debug_macro   0x00000000       0xa3 Dave/Generated/src/RESET001/RESET001.o
 .debug_macro   0x00000000      0x20e Dave/Generated/src/RESET001/RESET001.o
 .debug_macro   0x00000000      0x16c Dave/Generated/src/RESET001/RESET001.o
 .debug_macro   0x00000000       0x22 Dave/Generated/src/RESET001/RESET001.o
 .debug_macro   0x00000000       0x2d Dave/Generated/src/RESET001/RESET001.o
 .debug_macro   0x00000000       0x3b Dave/Generated/src/RESET001/RESET001.o
 .debug_macro   0x00000000       0x2d Dave/Generated/src/RESET001/RESET001.o
 .debug_macro   0x00000000       0x42 Dave/Generated/src/RESET001/RESET001.o
 .debug_macro   0x00000000      0xd39 Dave/Generated/src/RESET001/RESET001.o
 .debug_macro   0x00000000       0x70 Dave/Generated/src/RESET001/RESET001.o
 .debug_macro   0x00000000    0x150f5 Dave/Generated/src/RESET001/RESET001.o
 .comment       0x00000000       0x71 Dave/Generated/src/RESET001/RESET001.o
 .group         0x00000000        0x8 Dave/Generated/src/LIBS/CCU8PWMLIB.o
 .group         0x00000000        0x8 Dave/Generated/src/LIBS/CCU8PWMLIB.o
 .group         0x00000000        0x8 Dave/Generated/src/LIBS/CCU8PWMLIB.o
 .group         0x00000000        0x8 Dave/Generated/src/LIBS/CCU8PWMLIB.o
 .group         0x00000000        0x8 Dave/Generated/src/LIBS/CCU8PWMLIB.o
 .group         0x00000000        0x8 Dave/Generated/src/LIBS/CCU8PWMLIB.o
 .group         0x00000000        0x8 Dave/Generated/src/LIBS/CCU8PWMLIB.o
 .group         0x00000000        0x8 Dave/Generated/src/LIBS/CCU8PWMLIB.o
 .group         0x00000000        0x8 Dave/Generated/src/LIBS/CCU8PWMLIB.o
 .group         0x00000000        0x8 Dave/Generated/src/LIBS/CCU8PWMLIB.o
 .group         0x00000000        0x8 Dave/Generated/src/LIBS/CCU8PWMLIB.o
 .group         0x00000000        0x8 Dave/Generated/src/LIBS/CCU8PWMLIB.o
 .group         0x00000000        0x8 Dave/Generated/src/LIBS/CCU8PWMLIB.o
 .group         0x00000000        0x8 Dave/Generated/src/LIBS/CCU8PWMLIB.o
 .group         0x00000000        0x8 Dave/Generated/src/LIBS/CCU8PWMLIB.o
 .group         0x00000000        0x8 Dave/Generated/src/LIBS/CCU8PWMLIB.o
 .group         0x00000000        0x8 Dave/Generated/src/LIBS/CCU8PWMLIB.o
 .group         0x00000000        0x8 Dave/Generated/src/LIBS/CCU8PWMLIB.o
 .group         0x00000000        0x8 Dave/Generated/src/LIBS/CCU8PWMLIB.o
 .group         0x00000000        0x8 Dave/Generated/src/LIBS/CCU8PWMLIB.o
 .group         0x00000000        0x8 Dave/Generated/src/LIBS/CCU8PWMLIB.o
 .group         0x00000000        0x8 Dave/Generated/src/LIBS/CCU8PWMLIB.o
 .group         0x00000000        0x8 Dave/Generated/src/LIBS/CCU8PWMLIB.o
 .group         0x00000000        0x8 Dave/Generated/src/LIBS/CCU8PWMLIB.o
 .group         0x00000000        0x8 Dave/Generated/src/LIBS/CCU8PWMLIB.o
 .group         0x00000000        0x8 Dave/Generated/src/LIBS/CCU8PWMLIB.o
 .debug_macro   0x00000000      0x814 Dave/Generated/src/LIBS/CCU8PWMLIB.o
 .debug_macro   0x00000000       0x2d Dave/Generated/src/LIBS/CCU8PWMLIB.o
 .debug_macro   0x00000000       0x3b Dave/Generated/src/LIBS/CCU8PWMLIB.o
 .debug_macro   0x00000000       0x3a Dave/Generated/src/LIBS/CCU8PWMLIB.o
 .debug_macro   0x00000000       0x10 Dave/Generated/src/LIBS/CCU8PWMLIB.o
 .debug_macro   0x00000000       0x2e Dave/Generated/src/LIBS/CCU8PWMLIB.o
 .debug_macro   0x00000000       0xa3 Dave/Generated/src/LIBS/CCU8PWMLIB.o
 .debug_macro   0x00000000      0x20e Dave/Generated/src/LIBS/CCU8PWMLIB.o
 .debug_macro   0x00000000       0x2d Dave/Generated/src/LIBS/CCU8PWMLIB.o
 .debug_macro   0x00000000       0x42 Dave/Generated/src/LIBS/CCU8PWMLIB.o
 .debug_macro   0x00000000      0xd39 Dave/Generated/src/LIBS/CCU8PWMLIB.o
 .debug_macro   0x00000000       0x70 Dave/Generated/src/LIBS/CCU8PWMLIB.o
 .debug_macro   0x00000000    0x150f5 Dave/Generated/src/LIBS/CCU8PWMLIB.o
 .debug_macro   0x00000000      0x16c Dave/Generated/src/LIBS/CCU8PWMLIB.o
 .debug_macro   0x00000000       0x22 Dave/Generated/src/LIBS/CCU8PWMLIB.o
 .debug_macro   0x00000000      0x54a Dave/Generated/src/LIBS/CCU8PWMLIB.o
 .debug_macro   0x00000000       0x64 Dave/Generated/src/LIBS/CCU8PWMLIB.o
 .debug_macro   0x00000000       0x46 Dave/Generated/src/LIBS/CCU8PWMLIB.o
 .debug_macro   0x00000000      0x160 Dave/Generated/src/LIBS/CCU8PWMLIB.o
 .debug_macro   0x00000000       0x2d Dave/Generated/src/LIBS/CCU8PWMLIB.o
 .debug_macro   0x00000000      0x130 Dave/Generated/src/LIBS/CCU8PWMLIB.o
 .debug_macro   0x00000000       0x7f Dave/Generated/src/LIBS/CCU8PWMLIB.o
 .debug_macro   0x00000000       0xb4 Dave/Generated/src/LIBS/CCU8PWMLIB.o
 .debug_macro   0x00000000       0xb6 Dave/Generated/src/LIBS/CCU8PWMLIB.o
 .debug_macro   0x00000000       0x34 Dave/Generated/src/LIBS/CCU8PWMLIB.o
 .debug_macro   0x00000000       0x11 Dave/Generated/src/LIBS/CCU8PWMLIB.o
 .comment       0x00000000       0x71 Dave/Generated/src/LIBS/CCU8PWMLIB.o
 .group         0x00000000        0x8 Dave/Generated/src/LIBS/MOTORLIB.o
 .group         0x00000000        0x8 Dave/Generated/src/LIBS/MOTORLIB.o
 .group         0x00000000        0x8 Dave/Generated/src/LIBS/MOTORLIB.o
 .group         0x00000000        0x8 Dave/Generated/src/LIBS/MOTORLIB.o
 .group         0x00000000        0x8 Dave/Generated/src/LIBS/MOTORLIB.o
 .group         0x00000000        0x8 Dave/Generated/src/LIBS/MOTORLIB.o
 .group         0x00000000        0x8 Dave/Generated/src/LIBS/MOTORLIB.o
 .group         0x00000000        0x8 Dave/Generated/src/LIBS/MOTORLIB.o
 .group         0x00000000        0x8 Dave/Generated/src/LIBS/MOTORLIB.o
 .group         0x00000000        0x8 Dave/Generated/src/LIBS/MOTORLIB.o
 .group         0x00000000        0x8 Dave/Generated/src/LIBS/MOTORLIB.o
 .group         0x00000000        0x8 Dave/Generated/src/LIBS/MOTORLIB.o
 .group         0x00000000        0x8 Dave/Generated/src/LIBS/MOTORLIB.o
 .group         0x00000000        0x8 Dave/Generated/src/LIBS/MOTORLIB.o
 .group         0x00000000        0x8 Dave/Generated/src/LIBS/MOTORLIB.o
 .group         0x00000000        0x8 Dave/Generated/src/LIBS/MOTORLIB.o
 .group         0x00000000        0x8 Dave/Generated/src/LIBS/MOTORLIB.o
 .group         0x00000000        0x8 Dave/Generated/src/LIBS/MOTORLIB.o
 .group         0x00000000        0x8 Dave/Generated/src/LIBS/MOTORLIB.o
 .group         0x00000000        0x8 Dave/Generated/src/LIBS/MOTORLIB.o
 .group         0x00000000        0x8 Dave/Generated/src/LIBS/MOTORLIB.o
 .group         0x00000000        0x8 Dave/Generated/src/LIBS/MOTORLIB.o
 .group         0x00000000        0x8 Dave/Generated/src/LIBS/MOTORLIB.o
 .group         0x00000000        0x8 Dave/Generated/src/LIBS/MOTORLIB.o
 .group         0x00000000        0x8 Dave/Generated/src/LIBS/MOTORLIB.o
 .group         0x00000000        0x8 Dave/Generated/src/LIBS/MOTORLIB.o
 .debug_macro   0x00000000      0x814 Dave/Generated/src/LIBS/MOTORLIB.o
 .debug_macro   0x00000000       0x2d Dave/Generated/src/LIBS/MOTORLIB.o
 .debug_macro   0x00000000       0x3b Dave/Generated/src/LIBS/MOTORLIB.o
 .debug_macro   0x00000000       0x3a Dave/Generated/src/LIBS/MOTORLIB.o
 .debug_macro   0x00000000       0x10 Dave/Generated/src/LIBS/MOTORLIB.o
 .debug_macro   0x00000000       0x2e Dave/Generated/src/LIBS/MOTORLIB.o
 .debug_macro   0x00000000       0xa3 Dave/Generated/src/LIBS/MOTORLIB.o
 .debug_macro   0x00000000      0x20e Dave/Generated/src/LIBS/MOTORLIB.o
 .debug_macro   0x00000000       0x2d Dave/Generated/src/LIBS/MOTORLIB.o
 .debug_macro   0x00000000       0x42 Dave/Generated/src/LIBS/MOTORLIB.o
 .debug_macro   0x00000000      0xd39 Dave/Generated/src/LIBS/MOTORLIB.o
 .debug_macro   0x00000000       0x70 Dave/Generated/src/LIBS/MOTORLIB.o
 .debug_macro   0x00000000    0x150f5 Dave/Generated/src/LIBS/MOTORLIB.o
 .debug_macro   0x00000000      0x16c Dave/Generated/src/LIBS/MOTORLIB.o
 .debug_macro   0x00000000       0x22 Dave/Generated/src/LIBS/MOTORLIB.o
 .debug_macro   0x00000000      0x54a Dave/Generated/src/LIBS/MOTORLIB.o
 .debug_macro   0x00000000       0x64 Dave/Generated/src/LIBS/MOTORLIB.o
 .debug_macro   0x00000000       0x46 Dave/Generated/src/LIBS/MOTORLIB.o
 .debug_macro   0x00000000      0x160 Dave/Generated/src/LIBS/MOTORLIB.o
 .debug_macro   0x00000000       0x2d Dave/Generated/src/LIBS/MOTORLIB.o
 .debug_macro   0x00000000      0x130 Dave/Generated/src/LIBS/MOTORLIB.o
 .debug_macro   0x00000000       0x7f Dave/Generated/src/LIBS/MOTORLIB.o
 .debug_macro   0x00000000       0xb4 Dave/Generated/src/LIBS/MOTORLIB.o
 .debug_macro   0x00000000       0xb6 Dave/Generated/src/LIBS/MOTORLIB.o
 .debug_macro   0x00000000       0x34 Dave/Generated/src/LIBS/MOTORLIB.o
 .debug_macro   0x00000000       0x11 Dave/Generated/src/LIBS/MOTORLIB.o
 .comment       0x00000000       0x71 Dave/Generated/src/LIBS/MOTORLIB.o
 .group         0x00000000        0x8 Dave/Generated/src/IO004/IO004.o
 .group         0x00000000        0x8 Dave/Generated/src/IO004/IO004.o
 .group         0x00000000        0x8 Dave/Generated/src/IO004/IO004.o
 .group         0x00000000        0x8 Dave/Generated/src/IO004/IO004.o
 .group         0x00000000        0x8 Dave/Generated/src/IO004/IO004.o
 .group         0x00000000        0x8 Dave/Generated/src/IO004/IO004.o
 .group         0x00000000        0x8 Dave/Generated/src/IO004/IO004.o
 .group         0x00000000        0x8 Dave/Generated/src/IO004/IO004.o
 .group         0x00000000        0x8 Dave/Generated/src/IO004/IO004.o
 .group         0x00000000        0x8 Dave/Generated/src/IO004/IO004.o
 .group         0x00000000        0x8 Dave/Generated/src/IO004/IO004.o
 .group         0x00000000        0x8 Dave/Generated/src/IO004/IO004.o
 .group         0x00000000        0x8 Dave/Generated/src/IO004/IO004.o
 .group         0x00000000        0x8 Dave/Generated/src/IO004/IO004.o
 .group         0x00000000        0x8 Dave/Generated/src/IO004/IO004.o
 .group         0x00000000        0x8 Dave/Generated/src/IO004/IO004.o
 .group         0x00000000        0x8 Dave/Generated/src/IO004/IO004.o
 .group         0x00000000        0x8 Dave/Generated/src/IO004/IO004.o
 .group         0x00000000        0x8 Dave/Generated/src/IO004/IO004.o
 .group         0x00000000        0x8 Dave/Generated/src/IO004/IO004.o
 .group         0x00000000        0x8 Dave/Generated/src/IO004/IO004.o
 .group         0x00000000        0x8 Dave/Generated/src/IO004/IO004.o
 .group         0x00000000        0x8 Dave/Generated/src/IO004/IO004.o
 .group         0x00000000        0x8 Dave/Generated/src/IO004/IO004.o
 .group         0x00000000        0x8 Dave/Generated/src/IO004/IO004.o
 .group         0x00000000        0x8 Dave/Generated/src/IO004/IO004.o
 .debug_macro   0x00000000      0x814 Dave/Generated/src/IO004/IO004.o
 .debug_macro   0x00000000       0x2d Dave/Generated/src/IO004/IO004.o
 .debug_macro   0x00000000       0x3b Dave/Generated/src/IO004/IO004.o
 .debug_macro   0x00000000       0x3a Dave/Generated/src/IO004/IO004.o
 .debug_macro   0x00000000       0x10 Dave/Generated/src/IO004/IO004.o
 .debug_macro   0x00000000       0x2e Dave/Generated/src/IO004/IO004.o
 .debug_macro   0x00000000       0xa3 Dave/Generated/src/IO004/IO004.o
 .debug_macro   0x00000000      0x20e Dave/Generated/src/IO004/IO004.o
 .debug_macro   0x00000000       0x2d Dave/Generated/src/IO004/IO004.o
 .debug_macro   0x00000000       0x42 Dave/Generated/src/IO004/IO004.o
 .debug_macro   0x00000000      0xd39 Dave/Generated/src/IO004/IO004.o
 .debug_macro   0x00000000       0x70 Dave/Generated/src/IO004/IO004.o
 .debug_macro   0x00000000    0x150f5 Dave/Generated/src/IO004/IO004.o
 .debug_macro   0x00000000      0x16c Dave/Generated/src/IO004/IO004.o
 .debug_macro   0x00000000       0x22 Dave/Generated/src/IO004/IO004.o
 .debug_macro   0x00000000      0x54a Dave/Generated/src/IO004/IO004.o
 .debug_macro   0x00000000       0x64 Dave/Generated/src/IO004/IO004.o
 .debug_macro   0x00000000       0x46 Dave/Generated/src/IO004/IO004.o
 .debug_macro   0x00000000      0x160 Dave/Generated/src/IO004/IO004.o
 .debug_macro   0x00000000       0x2d Dave/Generated/src/IO004/IO004.o
 .debug_macro   0x00000000      0x130 Dave/Generated/src/IO004/IO004.o
 .debug_macro   0x00000000       0x7f Dave/Generated/src/IO004/IO004.o
 .debug_macro   0x00000000       0xb4 Dave/Generated/src/IO004/IO004.o
 .debug_macro   0x00000000       0xb6 Dave/Generated/src/IO004/IO004.o
 .debug_macro   0x00000000       0x34 Dave/Generated/src/IO004/IO004.o
 .debug_macro   0x00000000       0x11 Dave/Generated/src/IO004/IO004.o
 .comment       0x00000000       0x71 Dave/Generated/src/IO004/IO004.o
 .group         0x00000000        0x8 Dave/Generated/src/IO004/IO004_Conf.o
 .group         0x00000000        0x8 Dave/Generated/src/IO004/IO004_Conf.o
 .group         0x00000000        0x8 Dave/Generated/src/IO004/IO004_Conf.o
 .group         0x00000000        0x8 Dave/Generated/src/IO004/IO004_Conf.o
 .group         0x00000000        0x8 Dave/Generated/src/IO004/IO004_Conf.o
 .group         0x00000000        0x8 Dave/Generated/src/IO004/IO004_Conf.o
 .group         0x00000000        0x8 Dave/Generated/src/IO004/IO004_Conf.o
 .group         0x00000000        0x8 Dave/Generated/src/IO004/IO004_Conf.o
 .group         0x00000000        0x8 Dave/Generated/src/IO004/IO004_Conf.o
 .group         0x00000000        0x8 Dave/Generated/src/IO004/IO004_Conf.o
 .group         0x00000000        0x8 Dave/Generated/src/IO004/IO004_Conf.o
 .group         0x00000000        0x8 Dave/Generated/src/IO004/IO004_Conf.o
 .group         0x00000000        0x8 Dave/Generated/src/IO004/IO004_Conf.o
 .group         0x00000000        0x8 Dave/Generated/src/IO004/IO004_Conf.o
 .group         0x00000000        0x8 Dave/Generated/src/IO004/IO004_Conf.o
 .group         0x00000000        0x8 Dave/Generated/src/IO004/IO004_Conf.o
 .group         0x00000000        0x8 Dave/Generated/src/IO004/IO004_Conf.o
 .group         0x00000000        0x8 Dave/Generated/src/IO004/IO004_Conf.o
 .group         0x00000000        0x8 Dave/Generated/src/IO004/IO004_Conf.o
 .group         0x00000000        0x8 Dave/Generated/src/IO004/IO004_Conf.o
 .group         0x00000000        0x8 Dave/Generated/src/IO004/IO004_Conf.o
 .group         0x00000000        0x8 Dave/Generated/src/IO004/IO004_Conf.o
 .group         0x00000000        0x8 Dave/Generated/src/IO004/IO004_Conf.o
 .group         0x00000000        0x8 Dave/Generated/src/IO004/IO004_Conf.o
 .group         0x00000000        0x8 Dave/Generated/src/IO004/IO004_Conf.o
 .group         0x00000000        0x8 Dave/Generated/src/IO004/IO004_Conf.o
 .debug_macro   0x00000000      0x814 Dave/Generated/src/IO004/IO004_Conf.o
 .debug_macro   0x00000000       0x2d Dave/Generated/src/IO004/IO004_Conf.o
 .debug_macro   0x00000000       0x3b Dave/Generated/src/IO004/IO004_Conf.o
 .debug_macro   0x00000000       0x3a Dave/Generated/src/IO004/IO004_Conf.o
 .debug_macro   0x00000000       0x10 Dave/Generated/src/IO004/IO004_Conf.o
 .debug_macro   0x00000000       0x2e Dave/Generated/src/IO004/IO004_Conf.o
 .debug_macro   0x00000000       0xa3 Dave/Generated/src/IO004/IO004_Conf.o
 .debug_macro   0x00000000      0x20e Dave/Generated/src/IO004/IO004_Conf.o
 .debug_macro   0x00000000       0x2d Dave/Generated/src/IO004/IO004_Conf.o
 .debug_macro   0x00000000       0x42 Dave/Generated/src/IO004/IO004_Conf.o
 .debug_macro   0x00000000      0xd39 Dave/Generated/src/IO004/IO004_Conf.o
 .debug_macro   0x00000000       0x70 Dave/Generated/src/IO004/IO004_Conf.o
 .debug_macro   0x00000000    0x150f5 Dave/Generated/src/IO004/IO004_Conf.o
 .debug_macro   0x00000000      0x16c Dave/Generated/src/IO004/IO004_Conf.o
 .debug_macro   0x00000000       0x22 Dave/Generated/src/IO004/IO004_Conf.o
 .debug_macro   0x00000000      0x54a Dave/Generated/src/IO004/IO004_Conf.o
 .debug_macro   0x00000000       0x64 Dave/Generated/src/IO004/IO004_Conf.o
 .debug_macro   0x00000000       0x46 Dave/Generated/src/IO004/IO004_Conf.o
 .debug_macro   0x00000000      0x160 Dave/Generated/src/IO004/IO004_Conf.o
 .debug_macro   0x00000000       0x2d Dave/Generated/src/IO004/IO004_Conf.o
 .debug_macro   0x00000000      0x130 Dave/Generated/src/IO004/IO004_Conf.o
 .debug_macro   0x00000000       0x7f Dave/Generated/src/IO004/IO004_Conf.o
 .debug_macro   0x00000000       0xb4 Dave/Generated/src/IO004/IO004_Conf.o
 .debug_macro   0x00000000       0xb6 Dave/Generated/src/IO004/IO004_Conf.o
 .debug_macro   0x00000000       0x34 Dave/Generated/src/IO004/IO004_Conf.o
 .debug_macro   0x00000000       0x11 Dave/Generated/src/IO004/IO004_Conf.o
 .comment       0x00000000       0x71 Dave/Generated/src/IO004/IO004_Conf.o
 .group         0x00000000        0x8 Dave/Generated/src/DAVESupport/DAVE3.o
 .group         0x00000000        0x8 Dave/Generated/src/DAVESupport/DAVE3.o
 .group         0x00000000        0x8 Dave/Generated/src/DAVESupport/DAVE3.o
 .group         0x00000000        0x8 Dave/Generated/src/DAVESupport/DAVE3.o
 .group         0x00000000        0x8 Dave/Generated/src/DAVESupport/DAVE3.o
 .group         0x00000000        0x8 Dave/Generated/src/DAVESupport/DAVE3.o
 .group         0x00000000        0x8 Dave/Generated/src/DAVESupport/DAVE3.o
 .group         0x00000000        0x8 Dave/Generated/src/DAVESupport/DAVE3.o
 .group         0x00000000        0x8 Dave/Generated/src/DAVESupport/DAVE3.o
 .group         0x00000000        0x8 Dave/Generated/src/DAVESupport/DAVE3.o
 .group         0x00000000        0x8 Dave/Generated/src/DAVESupport/DAVE3.o
 .group         0x00000000        0x8 Dave/Generated/src/DAVESupport/DAVE3.o
 .group         0x00000000        0x8 Dave/Generated/src/DAVESupport/DAVE3.o
 .group         0x00000000        0x8 Dave/Generated/src/DAVESupport/DAVE3.o
 .group         0x00000000        0x8 Dave/Generated/src/DAVESupport/DAVE3.o
 .group         0x00000000        0x8 Dave/Generated/src/DAVESupport/DAVE3.o
 .group         0x00000000        0x8 Dave/Generated/src/DAVESupport/DAVE3.o
 .group         0x00000000        0x8 Dave/Generated/src/DAVESupport/DAVE3.o
 .group         0x00000000        0x8 Dave/Generated/src/DAVESupport/DAVE3.o
 .group         0x00000000        0x8 Dave/Generated/src/DAVESupport/DAVE3.o
 .group         0x00000000        0x8 Dave/Generated/src/DAVESupport/DAVE3.o
 .group         0x00000000        0x8 Dave/Generated/src/DAVESupport/DAVE3.o
 .group         0x00000000        0x8 Dave/Generated/src/DAVESupport/DAVE3.o
 .group         0x00000000        0x8 Dave/Generated/src/DAVESupport/DAVE3.o
 .group         0x00000000        0x8 Dave/Generated/src/DAVESupport/DAVE3.o
 .group         0x00000000        0x8 Dave/Generated/src/DAVESupport/DAVE3.o
 .debug_macro   0x00000000      0x814 Dave/Generated/src/DAVESupport/DAVE3.o
 .debug_macro   0x00000000       0x2d Dave/Generated/src/DAVESupport/DAVE3.o
 .debug_macro   0x00000000       0x3b Dave/Generated/src/DAVESupport/DAVE3.o
 .debug_macro   0x00000000       0x3a Dave/Generated/src/DAVESupport/DAVE3.o
 .debug_macro   0x00000000       0x10 Dave/Generated/src/DAVESupport/DAVE3.o
 .debug_macro   0x00000000       0x2e Dave/Generated/src/DAVESupport/DAVE3.o
 .debug_macro   0x00000000       0xa3 Dave/Generated/src/DAVESupport/DAVE3.o
 .debug_macro   0x00000000      0x20e Dave/Generated/src/DAVESupport/DAVE3.o
 .debug_macro   0x00000000       0x2d Dave/Generated/src/DAVESupport/DAVE3.o
 .debug_macro   0x00000000       0x42 Dave/Generated/src/DAVESupport/DAVE3.o
 .debug_macro   0x00000000      0xd39 Dave/Generated/src/DAVESupport/DAVE3.o
 .debug_macro   0x00000000       0x70 Dave/Generated/src/DAVESupport/DAVE3.o
 .debug_macro   0x00000000    0x150f5 Dave/Generated/src/DAVESupport/DAVE3.o
 .debug_macro   0x00000000      0x16c Dave/Generated/src/DAVESupport/DAVE3.o
 .debug_macro   0x00000000       0x22 Dave/Generated/src/DAVESupport/DAVE3.o
 .debug_macro   0x00000000      0x54a Dave/Generated/src/DAVESupport/DAVE3.o
 .debug_macro   0x00000000       0x64 Dave/Generated/src/DAVESupport/DAVE3.o
 .debug_macro   0x00000000       0x46 Dave/Generated/src/DAVESupport/DAVE3.o
 .debug_macro   0x00000000      0x160 Dave/Generated/src/DAVESupport/DAVE3.o
 .debug_macro   0x00000000       0x2d Dave/Generated/src/DAVESupport/DAVE3.o
 .debug_macro   0x00000000      0x130 Dave/Generated/src/DAVESupport/DAVE3.o
 .debug_macro   0x00000000       0x7f Dave/Generated/src/DAVESupport/DAVE3.o
 .debug_macro   0x00000000       0xb4 Dave/Generated/src/DAVESupport/DAVE3.o
 .debug_macro   0x00000000       0xb6 Dave/Generated/src/DAVESupport/DAVE3.o
 .debug_macro   0x00000000       0x34 Dave/Generated/src/DAVESupport/DAVE3.o
 .debug_macro   0x00000000       0x11 Dave/Generated/src/DAVESupport/DAVE3.o
 .comment       0x00000000       0x71 Dave/Generated/src/DAVESupport/DAVE3.o
 .group         0x00000000        0x8 Dave/Generated/src/DAVESupport/MULTIPLEXER.o
 .group         0x00000000        0x8 Dave/Generated/src/DAVESupport/MULTIPLEXER.o
 .group         0x00000000        0x8 Dave/Generated/src/DAVESupport/MULTIPLEXER.o
 .group         0x00000000        0x8 Dave/Generated/src/DAVESupport/MULTIPLEXER.o
 .group         0x00000000        0x8 Dave/Generated/src/DAVESupport/MULTIPLEXER.o
 .group         0x00000000        0x8 Dave/Generated/src/DAVESupport/MULTIPLEXER.o
 .group         0x00000000        0x8 Dave/Generated/src/DAVESupport/MULTIPLEXER.o
 .group         0x00000000        0x8 Dave/Generated/src/DAVESupport/MULTIPLEXER.o
 .group         0x00000000        0x8 Dave/Generated/src/DAVESupport/MULTIPLEXER.o
 .group         0x00000000        0x8 Dave/Generated/src/DAVESupport/MULTIPLEXER.o
 .group         0x00000000        0x8 Dave/Generated/src/DAVESupport/MULTIPLEXER.o
 .group         0x00000000        0x8 Dave/Generated/src/DAVESupport/MULTIPLEXER.o
 .group         0x00000000        0x8 Dave/Generated/src/DAVESupport/MULTIPLEXER.o
 .group         0x00000000        0x8 Dave/Generated/src/DAVESupport/MULTIPLEXER.o
 .group         0x00000000        0x8 Dave/Generated/src/DAVESupport/MULTIPLEXER.o
 .group         0x00000000        0x8 Dave/Generated/src/DAVESupport/MULTIPLEXER.o
 .group         0x00000000        0x8 Dave/Generated/src/DAVESupport/MULTIPLEXER.o
 .group         0x00000000        0x8 Dave/Generated/src/DAVESupport/MULTIPLEXER.o
 .group         0x00000000        0x8 Dave/Generated/src/DAVESupport/MULTIPLEXER.o
 .group         0x00000000        0x8 Dave/Generated/src/DAVESupport/MULTIPLEXER.o
 .group         0x00000000        0x8 Dave/Generated/src/DAVESupport/MULTIPLEXER.o
 .group         0x00000000        0x8 Dave/Generated/src/DAVESupport/MULTIPLEXER.o
 .group         0x00000000        0x8 Dave/Generated/src/DAVESupport/MULTIPLEXER.o
 .group         0x00000000        0x8 Dave/Generated/src/DAVESupport/MULTIPLEXER.o
 .group         0x00000000        0x8 Dave/Generated/src/DAVESupport/MULTIPLEXER.o
 .group         0x00000000        0x8 Dave/Generated/src/DAVESupport/MULTIPLEXER.o
 .debug_macro   0x00000000      0x814 Dave/Generated/src/DAVESupport/MULTIPLEXER.o
 .debug_macro   0x00000000       0x2d Dave/Generated/src/DAVESupport/MULTIPLEXER.o
 .debug_macro   0x00000000       0x3b Dave/Generated/src/DAVESupport/MULTIPLEXER.o
 .debug_macro   0x00000000       0x3a Dave/Generated/src/DAVESupport/MULTIPLEXER.o
 .debug_macro   0x00000000       0x10 Dave/Generated/src/DAVESupport/MULTIPLEXER.o
 .debug_macro   0x00000000       0x2e Dave/Generated/src/DAVESupport/MULTIPLEXER.o
 .debug_macro   0x00000000       0xa3 Dave/Generated/src/DAVESupport/MULTIPLEXER.o
 .debug_macro   0x00000000      0x20e Dave/Generated/src/DAVESupport/MULTIPLEXER.o
 .debug_macro   0x00000000       0x2d Dave/Generated/src/DAVESupport/MULTIPLEXER.o
 .debug_macro   0x00000000       0x42 Dave/Generated/src/DAVESupport/MULTIPLEXER.o
 .debug_macro   0x00000000      0xd39 Dave/Generated/src/DAVESupport/MULTIPLEXER.o
 .debug_macro   0x00000000       0x70 Dave/Generated/src/DAVESupport/MULTIPLEXER.o
 .debug_macro   0x00000000    0x150f5 Dave/Generated/src/DAVESupport/MULTIPLEXER.o
 .debug_macro   0x00000000      0x16c Dave/Generated/src/DAVESupport/MULTIPLEXER.o
 .debug_macro   0x00000000       0x22 Dave/Generated/src/DAVESupport/MULTIPLEXER.o
 .debug_macro   0x00000000      0x54a Dave/Generated/src/DAVESupport/MULTIPLEXER.o
 .debug_macro   0x00000000       0x64 Dave/Generated/src/DAVESupport/MULTIPLEXER.o
 .debug_macro   0x00000000       0x46 Dave/Generated/src/DAVESupport/MULTIPLEXER.o
 .debug_macro   0x00000000      0x160 Dave/Generated/src/DAVESupport/MULTIPLEXER.o
 .debug_macro   0x00000000       0x2d Dave/Generated/src/DAVESupport/MULTIPLEXER.o
 .debug_macro   0x00000000      0x130 Dave/Generated/src/DAVESupport/MULTIPLEXER.o
 .debug_macro   0x00000000       0x7f Dave/Generated/src/DAVESupport/MULTIPLEXER.o
 .debug_macro   0x00000000       0xb4 Dave/Generated/src/DAVESupport/MULTIPLEXER.o
 .debug_macro   0x00000000       0xb6 Dave/Generated/src/DAVESupport/MULTIPLEXER.o
 .debug_macro   0x00000000       0x34 Dave/Generated/src/DAVESupport/MULTIPLEXER.o
 .debug_macro   0x00000000       0x11 Dave/Generated/src/DAVESupport/MULTIPLEXER.o
 .comment       0x00000000       0x71 Dave/Generated/src/DAVESupport/MULTIPLEXER.o
 .group         0x00000000        0x8 Dave/Generated/src/CLK001/CLK001.o
 .group         0x00000000        0x8 Dave/Generated/src/CLK001/CLK001.o
 .group         0x00000000        0x8 Dave/Generated/src/CLK001/CLK001.o
 .group         0x00000000        0x8 Dave/Generated/src/CLK001/CLK001.o
 .group         0x00000000        0x8 Dave/Generated/src/CLK001/CLK001.o
 .group         0x00000000        0x8 Dave/Generated/src/CLK001/CLK001.o
 .group         0x00000000        0x8 Dave/Generated/src/CLK001/CLK001.o
 .group         0x00000000        0x8 Dave/Generated/src/CLK001/CLK001.o
 .group         0x00000000        0x8 Dave/Generated/src/CLK001/CLK001.o
 .group         0x00000000        0x8 Dave/Generated/src/CLK001/CLK001.o
 .group         0x00000000        0x8 Dave/Generated/src/CLK001/CLK001.o
 .group         0x00000000        0x8 Dave/Generated/src/CLK001/CLK001.o
 .group         0x00000000        0x8 Dave/Generated/src/CLK001/CLK001.o
 .group         0x00000000        0x8 Dave/Generated/src/CLK001/CLK001.o
 .group         0x00000000        0x8 Dave/Generated/src/CLK001/CLK001.o
 .group         0x00000000        0x8 Dave/Generated/src/CLK001/CLK001.o
 .debug_macro   0x00000000      0x814 Dave/Generated/src/CLK001/CLK001.o
 .debug_macro   0x00000000      0x130 Dave/Generated/src/CLK001/CLK001.o
 .debug_macro   0x00000000       0x2d Dave/Generated/src/CLK001/CLK001.o
 .debug_macro   0x00000000       0x3b Dave/Generated/src/CLK001/CLK001.o
 .debug_macro   0x00000000       0x3a Dave/Generated/src/CLK001/CLK001.o
 .debug_macro   0x00000000       0x10 Dave/Generated/src/CLK001/CLK001.o
 .debug_macro   0x00000000       0x2e Dave/Generated/src/CLK001/CLK001.o
 .debug_macro   0x00000000       0xa3 Dave/Generated/src/CLK001/CLK001.o
 .debug_macro   0x00000000      0x20e Dave/Generated/src/CLK001/CLK001.o
 .debug_macro   0x00000000       0x2d Dave/Generated/src/CLK001/CLK001.o
 .debug_macro   0x00000000       0x42 Dave/Generated/src/CLK001/CLK001.o
 .debug_macro   0x00000000      0xd39 Dave/Generated/src/CLK001/CLK001.o
 .debug_macro   0x00000000       0x70 Dave/Generated/src/CLK001/CLK001.o
 .debug_macro   0x00000000    0x150f5 Dave/Generated/src/CLK001/CLK001.o
 .debug_macro   0x00000000       0x7f Dave/Generated/src/CLK001/CLK001.o
 .debug_macro   0x00000000       0xb4 Dave/Generated/src/CLK001/CLK001.o
 .comment       0x00000000       0x71 Dave/Generated/src/CLK001/CLK001.o

Memory Configuration

Name             Origin             Length             Attributes
FLASH_1_cached   0x08000000         0x00100000         xr
FLASH_1_uncached 0x0c000000         0x00100000         xr
PSRAM_1          0x10000000         0x00010000         !xr
DSRAM_1_system   0x20000000         0x00010000         !xr
DSRAM_2_comm     0x30000000         0x00008000         !xr
*default*        0x00000000         0xffffffff

Linker script and memory map

LOAD Startup/startup_XMC4500.o
LOAD Startup/system_XMC4500.o
LOAD Main.o
LOAD Lib/System_LibcStubs.o
LOAD Dave/Generated/src/UART001/UART001.o
LOAD Dave/Generated/src/UART001/UART001_Conf.o
LOAD Dave/Generated/src/RESET001/RESET001.o
LOAD Dave/Generated/src/LIBS/CCU8PWMLIB.o
LOAD Dave/Generated/src/LIBS/MOTORLIB.o
LOAD Dave/Generated/src/IO004/IO004.o
LOAD Dave/Generated/src/IO004/IO004_Conf.o
LOAD Dave/Generated/src/DAVESupport/DAVE3.o
LOAD Dave/Generated/src/DAVESupport/MULTIPLEXER.o
LOAD Dave/Generated/src/CLK001/CLK001.o
START GROUP
LOAD c:/dave-3.1.10/arm-gcc/bin/../lib/gcc/arm-none-eabi/4.7.4/armv7e-m\libgcc.a
LOAD c:/dave-3.1.10/arm-gcc/bin/../lib/gcc/arm-none-eabi/4.7.4/../../../../arm-none-eabi/lib/armv7e-m\libg.a
LOAD c:/dave-3.1.10/arm-gcc/bin/../lib/gcc/arm-none-eabi/4.7.4/../../../../arm-none-eabi/lib/armv7e-m\libc.a
END GROUP
                0x00000800                stack_size = 0x800

.text           0x08000000     0x401c load address 0x0c000000
                0x08000000                sText = .
 *(.Xmc4500.reset)
 .Xmc4500.reset
                0x08000000      0x21c Startup/startup_XMC4500.o
                0x08000000                __Xmc4500_interrupt_vector_cortex_m
                0x08000200                __Xmc4500_reset_cortex_m
 *(.Xmc4500.postreset)
 .Xmc4500.postreset
                0x0800021c       0xa8 Startup/startup_XMC4500.o
 *(.XmcStartup)
 .XmcStartup    0x080002c4        0x4 Startup/startup_XMC4500.o
 *(.text .text.* .gnu.linkonce.t.*)
 .text          0x080002c8      0x82c Startup/startup_XMC4500.o
                0x080002c8                NMI_Handler
                0x080002ca                NMI_Handler_Veneer
                0x080002d8                HardFault_Handler
                0x080002da                HardFault_Handler_Veneer
                0x080002e8                MemManage_Handler
                0x080002ea                MemManage_Handler_Veneer
                0x080002f8                BusFault_Handler
                0x080002fa                BusFault_Handler_Veneer
                0x08000308                UsageFault_Handler
                0x0800030a                UsageFault_Handler_Veneer
                0x08000318                SVC_Handler
                0x0800031a                SVC_Handler_Veneer
                0x08000328                DebugMon_Handler
                0x0800032a                DebugMon_Handler_Veneer
                0x08000338                PendSV_Handler
                0x0800033a                PendSV_Handler_Veneer
                0x08000348                SysTick_Handler
                0x0800034a                SysTick_Handler_Veneer
                0x08000358                SCU_0_IRQHandler
                0x0800035a                SCU_0_IRQHandler_Veneer
                0x08000368                ERU0_0_IRQHandler
                0x0800036a                ERU0_0_IRQHandler_Veneer
                0x08000378                ERU0_1_IRQHandler
                0x0800037a                ERU0_1_IRQHandler_Veneer
                0x08000388                ERU0_2_IRQHandler
                0x0800038a                ERU0_2_IRQHandler_Veneer
                0x08000398                ERU0_3_IRQHandler
                0x0800039a                ERU0_3_IRQHandler_Veneer
                0x080003a8                ERU1_0_IRQHandler
                0x080003aa                ERU1_0_IRQHandler_Veneer
                0x080003b8                ERU1_1_IRQHandler
                0x080003ba                ERU1_1_IRQHandler_Veneer
                0x080003c8                ERU1_2_IRQHandler
                0x080003ca                ERU1_2_IRQHandler_Veneer
                0x080003d8                ERU1_3_IRQHandler
                0x080003da                ERU1_3_IRQHandler_Veneer
                0x080003e8                PMU0_0_IRQHandler
                0x080003ea                PMU0_0_IRQHandler_Veneer
                0x080003f8                VADC0_C0_0_IRQHandler
                0x080003fa                VADC0_C0_0_IRQHandler_Veneer
                0x08000408                VADC0_C0_1_IRQHandler
                0x0800040a                VADC0_C0_1_IRQHandler_Veneer
                0x08000418                VADC0_C0_2_IRQHandler
                0x0800041a                VADC0_C0_2_IRQHandler_Veneer
                0x08000428                VADC0_C0_3_IRQHandler
                0x0800042a                VADC0_C0_3_IRQHandler_Veneer
                0x08000438                VADC0_G0_0_IRQHandler
                0x0800043a                VADC0_G0_0_IRQHandler_Veneer
                0x08000448                VADC0_G0_1_IRQHandler
                0x0800044a                VADC0_G0_1_IRQHandler_Veneer
                0x08000458                VADC0_G0_2_IRQHandler
                0x0800045a                VADC0_G0_2_IRQHandler_Veneer
                0x08000468                VADC0_G0_3_IRQHandler
                0x0800046a                VADC0_G0_3_IRQHandler_Veneer
                0x08000478                VADC0_G1_0_IRQHandler
                0x0800047a                VADC0_G1_0_IRQHandler_Veneer
                0x08000488                VADC0_G1_1_IRQHandler
                0x0800048a                VADC0_G1_1_IRQHandler_Veneer
                0x08000498                VADC0_G1_2_IRQHandler
                0x0800049a                VADC0_G1_2_IRQHandler_Veneer
                0x080004a8                VADC0_G1_3_IRQHandler
                0x080004aa                VADC0_G1_3_IRQHandler_Veneer
                0x080004b8                VADC0_G2_0_IRQHandler
                0x080004ba                VADC0_G2_0_IRQHandler_Veneer
                0x080004c8                VADC0_G2_1_IRQHandler
                0x080004ca                VADC0_G2_1_IRQHandler_Veneer
                0x080004d8                VADC0_G2_2_IRQHandler
                0x080004da                VADC0_G2_2_IRQHandler_Veneer
                0x080004e8                VADC0_G2_3_IRQHandler
                0x080004ea                VADC0_G2_3_IRQHandler_Veneer
                0x080004f8                VADC0_G3_0_IRQHandler
                0x080004fa                VADC0_G3_0_IRQHandler_Veneer
                0x08000508                VADC0_G3_1_IRQHandler
                0x0800050a                VADC0_G3_1_IRQHandler_Veneer
                0x08000518                VADC0_G3_2_IRQHandler
                0x0800051a                VADC0_G3_2_IRQHandler_Veneer
                0x08000528                VADC0_G3_3_IRQHandler
                0x0800052a                VADC0_G3_3_IRQHandler_Veneer
                0x08000538                DSD0_0_IRQHandler
                0x0800053a                DSD0_0_IRQHandler_Veneer
                0x08000548                DSD0_1_IRQHandler
                0x0800054a                DSD0_1_IRQHandler_Veneer
                0x08000558                DSD0_2_IRQHandler
                0x0800055a                DSD0_2_IRQHandler_Veneer
                0x08000568                DSD0_3_IRQHandler
                0x0800056a                DSD0_3_IRQHandler_Veneer
                0x08000578                DSD0_4_IRQHandler
                0x0800057a                DSD0_4_IRQHandler_Veneer
                0x08000588                DSD0_5_IRQHandler
                0x0800058a                DSD0_5_IRQHandler_Veneer
                0x08000598                DSD0_6_IRQHandler
                0x0800059a                DSD0_6_IRQHandler_Veneer
                0x080005a8                DSD0_7_IRQHandler
                0x080005aa                DSD0_7_IRQHandler_Veneer
                0x080005b8                DAC0_0_IRQHandler
                0x080005ba                DAC0_0_IRQHandler_Veneer
                0x080005c8                DAC0_1_IRQHandler
                0x080005ca                DAC0_1_IRQHandler_Veneer
                0x080005d8                CCU40_0_IRQHandler
                0x080005da                CCU40_0_IRQHandler_Veneer
                0x080005e8                CCU40_1_IRQHandler
                0x080005ea                CCU40_1_IRQHandler_Veneer
                0x080005f8                CCU40_2_IRQHandler
                0x080005fa                CCU40_2_IRQHandler_Veneer
                0x08000608                CCU40_3_IRQHandler
                0x0800060a                CCU40_3_IRQHandler_Veneer
                0x08000618                CCU41_0_IRQHandler
                0x0800061a                CCU41_0_IRQHandler_Veneer
                0x08000626                CCU41_1_IRQHandler
                0x08000628                CCU41_1_IRQHandler_Veneer
                0x08000634                CCU41_2_IRQHandler
                0x08000636                CCU41_2_IRQHandler_Veneer
                0x08000642                CCU41_3_IRQHandler
                0x08000644                CCU41_3_IRQHandler_Veneer
                0x08000650                CCU42_0_IRQHandler
                0x08000652                CCU42_0_IRQHandler_Veneer
                0x0800065e                CCU42_1_IRQHandler
                0x08000660                CCU42_1_IRQHandler_Veneer
                0x0800066c                CCU42_2_IRQHandler
                0x0800066e                CCU42_2_IRQHandler_Veneer
                0x0800067a                CCU42_3_IRQHandler
                0x0800067c                CCU42_3_IRQHandler_Veneer
                0x08000688                CCU43_0_IRQHandler
                0x0800068a                CCU43_0_IRQHandler_Veneer
                0x08000696                CCU43_1_IRQHandler
                0x08000698                CCU43_1_IRQHandler_Veneer
                0x080006a4                CCU43_2_IRQHandler
                0x080006a6                CCU43_2_IRQHandler_Veneer
                0x080006b2                CCU43_3_IRQHandler
                0x080006b4                CCU43_3_IRQHandler_Veneer
                0x080006c0                CCU80_0_IRQHandler
                0x080006c2                CCU80_0_IRQHandler_Veneer
                0x080006ce                CCU80_1_IRQHandler
                0x080006d0                CCU80_1_IRQHandler_Veneer
                0x080006dc                CCU80_2_IRQHandler
                0x080006de                CCU80_2_IRQHandler_Veneer
                0x080006ea                CCU80_3_IRQHandler
                0x080006ec                CCU80_3_IRQHandler_Veneer
                0x080006f8                CCU81_0_IRQHandler
                0x080006fa                CCU81_0_IRQHandler_Veneer
                0x08000706                CCU81_1_IRQHandler
                0x08000708                CCU81_1_IRQHandler_Veneer
                0x08000714                CCU81_2_IRQHandler
                0x08000716                CCU81_2_IRQHandler_Veneer
                0x08000722                CCU81_3_IRQHandler
                0x08000724                CCU81_3_IRQHandler_Veneer
                0x08000730                POSIF0_0_IRQHandler
                0x08000732                POSIF0_0_IRQHandler_Veneer
                0x0800073e                POSIF0_1_IRQHandler
                0x08000740                POSIF0_1_IRQHandler_Veneer
                0x0800074c                POSIF1_0_IRQHandler
                0x0800074e                POSIF1_0_IRQHandler_Veneer
                0x0800075a                POSIF1_1_IRQHandler
                0x0800075c                POSIF1_1_IRQHandler_Veneer
                0x08000768                CAN0_0_IRQHandler
                0x0800076a                CAN0_0_IRQHandler_Veneer
                0x08000776                CAN0_1_IRQHandler
                0x08000778                CAN0_1_IRQHandler_Veneer
                0x08000784                CAN0_2_IRQHandler
                0x08000786                CAN0_2_IRQHandler_Veneer
                0x08000792                CAN0_3_IRQHandler
                0x08000794                CAN0_3_IRQHandler_Veneer
                0x080007a0                CAN0_4_IRQHandler
                0x080007a2                CAN0_4_IRQHandler_Veneer
                0x080007ae                CAN0_5_IRQHandler
                0x080007b0                CAN0_5_IRQHandler_Veneer
                0x080007bc                CAN0_6_IRQHandler
                0x080007be                CAN0_6_IRQHandler_Veneer
                0x080007ca                CAN0_7_IRQHandler
                0x080007cc                CAN0_7_IRQHandler_Veneer
                0x080007d8                USIC0_0_IRQHandler
                0x080007da                USIC0_0_IRQHandler_Veneer
                0x080007e6                USIC0_1_IRQHandler
                0x080007e8                USIC0_1_IRQHandler_Veneer
                0x080007f4                USIC0_2_IRQHandler
                0x080007f6                USIC0_2_IRQHandler_Veneer
                0x08000802                USIC0_3_IRQHandler
                0x08000804                USIC0_3_IRQHandler_Veneer
                0x08000810                USIC0_4_IRQHandler
                0x08000812                USIC0_4_IRQHandler_Veneer
                0x0800081e                USIC0_5_IRQHandler
                0x08000820                USIC0_5_IRQHandler_Veneer
                0x0800082c                USIC1_0_IRQHandler
                0x0800082e                USIC1_0_IRQHandler_Veneer
                0x0800083a                USIC1_1_IRQHandler
                0x0800083c                USIC1_1_IRQHandler_Veneer
                0x08000848                USIC1_2_IRQHandler
                0x0800084a                USIC1_2_IRQHandler_Veneer
                0x08000856                USIC1_3_IRQHandler
                0x08000858                USIC1_3_IRQHandler_Veneer
                0x08000864                USIC1_4_IRQHandler
                0x08000866                USIC1_4_IRQHandler_Veneer
                0x08000872                USIC1_5_IRQHandler
                0x08000874                USIC1_5_IRQHandler_Veneer
                0x08000880                USIC2_0_IRQHandler
                0x08000882                USIC2_0_IRQHandler_Veneer
                0x0800088e                USIC2_1_IRQHandler
                0x08000890                USIC2_1_IRQHandler_Veneer
                0x0800089c                USIC2_2_IRQHandler
                0x0800089e                USIC2_2_IRQHandler_Veneer
                0x080008aa                USIC2_3_IRQHandler
                0x080008ac                USIC2_3_IRQHandler_Veneer
                0x080008b8                USIC2_4_IRQHandler
                0x080008ba                USIC2_4_IRQHandler_Veneer
                0x080008c6                USIC2_5_IRQHandler
                0x080008c8                USIC2_5_IRQHandler_Veneer
                0x080008d4                LEDTS0_0_IRQHandler
                0x080008d6                LEDTS0_0_IRQHandler_Veneer
                0x080008e2                FCE0_0_IRQHandler
                0x080008e4                FCE0_0_IRQHandler_Veneer
                0x080008f0                GPDMA0_0_IRQHandler
                0x080008f2                GPDMA0_0_IRQHandler_Veneer
                0x080008fe                SDMMC0_0_IRQHandler
                0x08000900                SDMMC0_0_IRQHandler_Veneer
                0x0800090c                USB0_0_IRQHandler
                0x0800090e                USB0_0_IRQHandler_Veneer
                0x0800091a                ETH0_0_IRQHandler
                0x0800091c                ETH0_0_IRQHandler_Veneer
                0x08000928                GPDMA1_0_IRQHandler
                0x0800092a                GPDMA1_0_IRQHandler_Veneer
 .text          0x08000af4        0x0 Startup/system_XMC4500.o
 .text.SystemInit
                0x08000af4       0x9c Startup/system_XMC4500.o
                0x08000af4                SystemInit
 .text.SystemCoreClockUpdate
                0x08000b90      0x148 Startup/system_XMC4500.o
                0x08000b90                SystemCoreClockUpdate
 .text.SystemClockSetup
                0x08000cd8      0x4cc Startup/system_XMC4500.o
 .text          0x080011a4        0x0 Main.o
 .text.main     0x080011a4      0x388 Main.o
                0x080011a4                main
 .text.read_R   0x0800152c       0xbc Main.o
                0x0800152c                read_R
 .text.pulse_R  0x080015e8       0x54 Main.o
                0x080015e8                pulse_R
 .text.configure_E
                0x0800163c      0x1d0 Main.o
                0x0800163c                configure_E
 .text.write_E  0x0800180c      0x178 Main.o
                0x0800180c                write_E
 .text.psxConfiguraControle
                0x08001984       0x14 Main.o
                0x08001984                psxConfiguraControle
 .text.psxEnterConfigMode
                0x08001998       0xd0 Main.o
                0x08001998                psxEnterConfigMode
 .text.psxSetAnalogMode
                0x08001a68      0x100 Main.o
                0x08001a68                psxSetAnalogMode
 .text.psxExitConfigMode
                0x08001b68      0x100 Main.o
                0x08001b68                psxExitConfigMode
 .text.psxLeControle
                0x08001c68       0xf4 Main.o
                0x08001c68                psxLeControle
 .text.psxHandShake
                0x08001d5c       0xe0 Main.o
                0x08001d5c                psxHandShake
 .text.psxTrocaByte
                0x08001e3c      0x124 Main.o
                0x08001e3c                psxTrocaByte
 .text.delay    0x08001f60       0x30 Main.o
                0x08001f60                delay
 .text.printByteToInt
                0x08001f90       0xe4 Main.o
                0x08001f90                printByteToInt
 .text          0x08002074        0x0 Lib/System_LibcStubs.o
 .text._open    0x08002074       0x1c Lib/System_LibcStubs.o
                0x08002074                _open
 .text._lseek   0x08002090       0x1c Lib/System_LibcStubs.o
                0x08002090                _lseek
 .text._read    0x080020ac       0x1c Lib/System_LibcStubs.o
                0x080020ac                _read
 .text._write   0x080020c8       0x1c Lib/System_LibcStubs.o
                0x080020c8                _write
 .text._close   0x080020e4       0x10 Lib/System_LibcStubs.o
                0x080020e4                _close
 .text._fstat   0x080020f4       0x28 Lib/System_LibcStubs.o
                0x080020f4                _fstat
 .text._link    0x0800211c       0x28 Lib/System_LibcStubs.o
                0x0800211c                _link
 .text._unlink  0x08002144       0x18 Lib/System_LibcStubs.o
                0x08002144                _unlink
 .text._sbrk    0x0800215c       0xa0 Lib/System_LibcStubs.o
                0x0800215c                _sbrk
 .text._times   0x080021fc       0x18 Lib/System_LibcStubs.o
                0x080021fc                _times
 .text._wait    0x08002214       0x18 Lib/System_LibcStubs.o
                0x08002214                _wait
 .text._kill    0x0800222c       0x1c Lib/System_LibcStubs.o
                0x0800222c                _kill
 .text._fork    0x08002248       0x10 Lib/System_LibcStubs.o
                0x08002248                _fork
 .text._getpid  0x08002258       0x10 Lib/System_LibcStubs.o
                0x08002258                _getpid
 .text._exit    0x08002268        0xc Lib/System_LibcStubs.o
                0x08002268                _exit
 .text._init    0x08002274        0xc Lib/System_LibcStubs.o
                0x08002274                _init
 .text._isatty  0x08002280       0x18 Lib/System_LibcStubs.o
                0x08002280                _isatty
 .text          0x08002298        0x0 Dave/Generated/src/UART001/UART001.o
 .text.UART001_lInit
                0x08002298      0x1a8 Dave/Generated/src/UART001/UART001.o
                0x08002298                UART001_lInit
 .text.UART001_lConfigTXPin
                0x08002440       0xfc Dave/Generated/src/UART001/UART001.o
                0x08002440                UART001_lConfigTXPin
 .text.UART001_labsRealType
                0x0800253c       0x38 Dave/Generated/src/UART001/UART001.o
                0x0800253c                UART001_labsRealType
 .text.UART001_lConfigureBaudRate
                0x08002574      0x4e8 Dave/Generated/src/UART001/UART001.o
                0x08002574                UART001_lConfigureBaudRate
 .text.UART001_Init
                0x08002a5c       0x6c Dave/Generated/src/UART001/UART001.o
                0x08002a5c                UART001_Init
 .text.UART001_DeInit
                0x08002ac8       0x14 Dave/Generated/src/UART001/UART001.o
                0x08002ac8                UART001_DeInit
 .text.UART001_Configure
                0x08002adc      0x114 Dave/Generated/src/UART001/UART001.o
                0x08002adc                UART001_Configure
 .text.UART001_ReadDataMultiple
                0x08002bf0       0x80 Dave/Generated/src/UART001/UART001.o
                0x08002bf0                UART001_ReadDataMultiple
 .text.UART001_ReadDataBytes
                0x08002c70       0x80 Dave/Generated/src/UART001/UART001.o
                0x08002c70                UART001_ReadDataBytes
 .text.UART001_WriteDataMultiple
                0x08002cf0       0x90 Dave/Generated/src/UART001/UART001.o
                0x08002cf0                UART001_WriteDataMultiple
 .text.UART001_WriteDataBytes
                0x08002d80       0x90 Dave/Generated/src/UART001/UART001.o
                0x08002d80                UART001_WriteDataBytes
 .text.UART001_GetFlagStatus
                0x08002e10       0x98 Dave/Generated/src/UART001/UART001.o
                0x08002e10                UART001_GetFlagStatus
 .text.UART001_ClearFlag
                0x08002ea8       0x78 Dave/Generated/src/UART001/UART001.o
                0x08002ea8                UART001_ClearFlag
 .text          0x08002f20        0x0 Dave/Generated/src/UART001/UART001_Conf.o
 .text          0x08002f20        0x0 Dave/Generated/src/RESET001/RESET001.o
 .text.RESET001_AssertReset
                0x08002f20       0x54 Dave/Generated/src/RESET001/RESET001.o
                0x08002f20                RESET001_AssertReset
 .text.RESET001_DeassertReset
                0x08002f74       0x54 Dave/Generated/src/RESET001/RESET001.o
                0x08002f74                RESET001_DeassertReset
 .text.RESET001_GetResetInfo
                0x08002fc8       0x2c Dave/Generated/src/RESET001/RESET001.o
                0x08002fc8                RESET001_GetResetInfo
 .text.RESET001_GetStatus
                0x08002ff4       0x7c Dave/Generated/src/RESET001/RESET001.o
                0x08002ff4                RESET001_GetStatus
 .text.RESET001_ClearResetInfo
                0x08003070       0x28 Dave/Generated/src/RESET001/RESET001.o
                0x08003070                RESET001_ClearResetInfo
 .text          0x08003098        0x0 Dave/Generated/src/LIBS/CCU8PWMLIB.o
 .text          0x08003098        0x0 Dave/Generated/src/LIBS/MOTORLIB.o
 .text          0x08003098        0x0 Dave/Generated/src/IO004/IO004.o
 .text.IO004_Init
                0x08003098      0x434 Dave/Generated/src/IO004/IO004.o
                0x08003098                IO004_Init
 .text.IO004_DisableOutputDriver
                0x080034cc      0x17c Dave/Generated/src/IO004/IO004.o
                0x080034cc                IO004_DisableOutputDriver
 .text.IO004_EnableOutputDriver
                0x08003648      0x17c Dave/Generated/src/IO004/IO004.o
                0x08003648                IO004_EnableOutputDriver
 .text          0x080037c4        0x0 Dave/Generated/src/IO004/IO004_Conf.o
 .text          0x080037c4        0x0 Dave/Generated/src/DAVESupport/DAVE3.o
 .text.NVIC_SetPriorityGrouping
                0x080037c4       0x50 Dave/Generated/src/DAVESupport/DAVE3.o
 .text.DAVE_Init
                0x08003814       0x24 Dave/Generated/src/DAVESupport/DAVE3.o
                0x08003814                DAVE_Init
 .text.SystemInit_DAVE3
                0x08003838        0xc Dave/Generated/src/DAVESupport/DAVE3.o
                0x08003838                SystemInit_DAVE3
 .text          0x08003844        0x0 Dave/Generated/src/DAVESupport/MULTIPLEXER.o
 .text.DAVE_MUX_Init
                0x08003844      0x1f8 Dave/Generated/src/DAVESupport/MULTIPLEXER.o
                0x08003844                DAVE_MUX_Init
 .text.DAVE_MUX_PreInit
                0x08003a3c        0xc Dave/Generated/src/DAVESupport/MULTIPLEXER.o
                0x08003a3c                DAVE_MUX_PreInit
 .text          0x08003a48        0x0 Dave/Generated/src/CLK001/CLK001.o
 .text.CLK001_Delay
                0x08003a48       0x34 Dave/Generated/src/CLK001/CLK001.o
 .text.CLK001_SysClk_Valid
                0x08003a7c       0x38 Dave/Generated/src/CLK001/CLK001.o
 .text.CLK001_BackupClkTrim
                0x08003ab4       0x94 Dave/Generated/src/CLK001/CLK001.o
 .text.CLK001_SetMainPLLClkSrc
                0x08003b48       0xf0 Dave/Generated/src/CLK001/CLK001.o
 .text.CLK001_ConfigMainPLL
                0x08003c38      0x15c Dave/Generated/src/CLK001/CLK001.o
 .text.CLK001_FreqStepupMainPLL
                0x08003d94      0x164 Dave/Generated/src/CLK001/CLK001.o
 .text.CLK001_SysClk_Init
                0x08003ef8       0x50 Dave/Generated/src/CLK001/CLK001.o
 .text.CLK001_Init
                0x08003f48       0x30 Dave/Generated/src/CLK001/CLK001.o
                0x08003f48                CLK001_Init
 .text.AllowPLLInitByStartup
                0x08003f78       0x10 Dave/Generated/src/CLK001/CLK001.o
                0x08003f78                AllowPLLInitByStartup
 .text          0x08003f88        0x0 c:/dave-3.1.10/arm-gcc/bin/../lib/gcc/arm-none-eabi/4.7.4/../../../../arm-none-eabi/lib/armv7e-m\libg.a(lib_a-init.o)
 .text.__libc_init_array
                0x08003f88       0x94 c:/dave-3.1.10/arm-gcc/bin/../lib/gcc/arm-none-eabi/4.7.4/../../../../arm-none-eabi/lib/armv7e-m\libg.a(lib_a-init.o)
                0x08003f88                __libc_init_array
 *(.glue*)
 .glue_7        0x00000000        0x0 linker stubs
 .glue_7t       0x00000000        0x0 linker stubs
 *(.v4*)
 .v4_bx         0x00000000        0x0 linker stubs
 *(.vfp11_veneer)
 .vfp11_veneer  0x00000000        0x0 linker stubs
 *(.init)
                0x0800401c                __preinit_array_start = .
 *(.preinit_array)
                0x0800401c                __preinit_array_end = .
                0x0800401c                __init_array_start = .
 *(SORT(.init_array.*))
 *(.init_array)
                0x0800401c                __init_array_end = .
 *crtbegin.o(.ctors)
 *(EXCLUDE_FILE(*crtend.o) .ctors)
 *(SORT(.ctors.*))
 *crtend.o(.ctors)
 *(.fini)
                0x0800401c                __fini_array_start = .
 *(.fini_array)
 *(SORT(.fini_array.*))
                0x0800401c                __fini_array_end = .
 *crtbegin.o(.dtors)
 *(EXCLUDE_FILE(*crtend.o) .dtors)
 *(SORT(.dtors.*))
 *crtend.o(.dtors)
                0x0800401c                __extab_start = .
 *(.ARM.extab* .gnu.linkonce.armextab.*)
 .ARM.extab.Xmc4500.reset
                0x0800401c        0x0 Startup/startup_XMC4500.o
 .ARM.extab.Xmc4500.postreset
                0x0800401c        0x0 Startup/startup_XMC4500.o
                0x0800401c                . = ALIGN (0x4)
                0x0800401c                __extab_end = ABSOLUTE (.)

.iplt           0x0800401c        0x0 load address 0x0c00401c
 .iplt          0x00000000        0x0 Startup/startup_XMC4500.o

.ARM.exidx      0x0800401c       0x10 load address 0x0c00401c
                0x0800401c                __exidx_start = .
 *(.ARM.exidx* .gnu.linkonce.armexidx.*)
 .ARM.exidx.Xmc4500.reset
                0x0800401c        0x8 Startup/startup_XMC4500.o
 .ARM.exidx.Xmc4500.postreset
                0x08004024        0x8 Startup/startup_XMC4500.o
                0x0800402c                . = ALIGN (0x4)
                0x0800402c                __exidx_end = ABSOLUTE (.)

.rodata         0x0800402c       0x8c load address 0x0c00402c
 *(.rodata .rodata.*)
 .rodata        0x0800402c       0x34 Dave/Generated/src/UART001/UART001_Conf.o
                0x0800402c                UART001_Handle0
 .rodata        0x08004060       0x58 Dave/Generated/src/IO004/IO004_Conf.o
                0x08004060                IO004_Handle1
                0x08004068                IO004_Handle10
                0x08004070                IO004_Handle11
                0x08004078                IO004_Handle12
                0x08004080                IO004_Handle2
                0x08004088                IO004_Handle4
                0x08004090                IO004_Handle5
                0x08004098                IO004_Handle6
                0x080040a0                IO004_Handle7
                0x080040a8                IO004_Handle8
                0x080040b0                IO004_Handle9
 *(.gnu.linkonce.r*)

.rel.dyn        0x080040b8        0x0 load address 0x0c0040b8
 .rel.iplt      0x00000000        0x0 Startup/startup_XMC4500.o
                0x080040c0                . = ALIGN (0x10)
                0x0c0040c0                eROData = (. | 0x4000000)

Stack           0x10000000      0x800
                0x10000800                . = (. + stack_size)
 *fill*         0x10000000      0x800 00
                0x10000800                __Xmc4500_stack = .

.data3          0x10000800        0x0
                0x10000800                __data3_start = .
 *(.data3)
                0x10000800                __data3_end = .
                0x00000000                __data3_size = (__data3_end - __data3_start)

.data           0x20000000        0xc load address 0x0c0040c0
                0x20000000                __Xmc4500_sData = .
 *(.data)
 .data          0x20000000        0x0 Startup/startup_XMC4500.o
 .data          0x20000000        0x4 Startup/system_XMC4500.o
                0x20000000                SystemCoreClock
 .data          0x20000004        0x1 Main.o
                0x20000004                data_R
 .data          0x20000005        0x0 Lib/System_LibcStubs.o
 .data          0x20000005        0x0 Dave/Generated/src/UART001/UART001.o
 *fill*         0x20000005        0x3 00
 .data          0x20000008        0x4 Dave/Generated/src/UART001/UART001_Conf.o
                0x20000008                UART001_HandleArray
 .data          0x2000000c        0x0 Dave/Generated/src/RESET001/RESET001.o
 .data          0x2000000c        0x0 Dave/Generated/src/LIBS/CCU8PWMLIB.o
 .data          0x2000000c        0x0 Dave/Generated/src/LIBS/MOTORLIB.o
 .data          0x2000000c        0x0 Dave/Generated/src/IO004/IO004.o
 .data          0x2000000c        0x0 Dave/Generated/src/IO004/IO004_Conf.o
 .data          0x2000000c        0x0 Dave/Generated/src/DAVESupport/DAVE3.o
 .data          0x2000000c        0x0 Dave/Generated/src/DAVESupport/MULTIPLEXER.o
 .data          0x2000000c        0x0 Dave/Generated/src/CLK001/CLK001.o
 .data          0x2000000c        0x0 c:/dave-3.1.10/arm-gcc/bin/../lib/gcc/arm-none-eabi/4.7.4/../../../../arm-none-eabi/lib/armv7e-m\libg.a(lib_a-init.o)
 *(.data*)
 *(*.data)
 *(.gnu.linkonce.d*)
                0x2000000c                __Xmc4500_eData = ALIGN (0x4)
                0x0000000c                __Xmc4500_Data_Size = (__Xmc4500_eData - __Xmc4500_sData)

.igot.plt       0x2000000c        0x0 load address 0x0c0040cc
 .igot.plt      0x00000000        0x0 Startup/startup_XMC4500.o

.ram_code       0x10000800        0x0 load address 0x0c0040cc
                0x10000800                __ram_code_start = .
 *(.ram_code)
                0x10000800                __ram_code_end = .
                0x0c0040cc                __ram_code_load = LOADADDR (.ram_code)
                0x00000000                __ram_code_size = (__ram_code_end - __ram_code_start)

.bss            0x2000000c       0x78 load address 0x0c0040cc
                0x2000000c                __Xmc4500_sBSS = .
 *(.bss)
 .bss           0x2000000c        0x0 Startup/startup_XMC4500.o
 .bss           0x2000000c        0x0 Startup/system_XMC4500.o
 .bss           0x2000000c       0x38 Main.o
                0x2000000c                l1
                0x20000010                l2
                0x20000014                r1
                0x20000018                r2
                0x2000001c                cross
                0x20000020                sqr
                0x20000024                triangle
                0x20000028                circle
                0x2000002c                left
                0x20000030                right
                0x20000034                up
                0x20000038                down
                0x2000003c                start
                0x20000040                select
 .bss           0x20000044        0xc Lib/System_LibcStubs.o
                0x20000044                __dso_handle
 .bss           0x20000050        0x0 Dave/Generated/src/UART001/UART001.o
 .bss           0x20000050        0x0 Dave/Generated/src/UART001/UART001_Conf.o
 .bss           0x20000050        0x0 Dave/Generated/src/RESET001/RESET001.o
 .bss           0x20000050        0x0 Dave/Generated/src/LIBS/CCU8PWMLIB.o
 .bss           0x20000050        0x0 Dave/Generated/src/LIBS/MOTORLIB.o
 .bss           0x20000050        0x0 Dave/Generated/src/IO004/IO004.o
 .bss           0x20000050        0x0 Dave/Generated/src/IO004/IO004_Conf.o
 .bss           0x20000050        0x0 Dave/Generated/src/DAVESupport/DAVE3.o
 .bss           0x20000050        0x0 Dave/Generated/src/DAVESupport/MULTIPLEXER.o
 .bss           0x20000050        0x8 Dave/Generated/src/CLK001/CLK001.o
 .bss           0x20000058        0x0 c:/dave-3.1.10/arm-gcc/bin/../lib/gcc/arm-none-eabi/4.7.4/../../../../arm-none-eabi/lib/armv7e-m\libg.a(lib_a-init.o)
 *(.bss*)
 *(COMMON)
 COMMON         0x20000058       0x2c Main.o
                0x20000058                configuration
                0x20000067                psx_status
                0x20000068                data_E
                0x2000006c                psxDado
 *(.gnu.linkonce.b*)
                0x20000084                __Xmc4500_eBSS = ALIGN (0x4)
                0x20000084                . = ALIGN (0x4)
                0x20000084                Heap_Bank1_Start = .
                0x00000078                __Xmc4500_BSS_Size = (__Xmc4500_eBSS - __Xmc4500_sBSS)

.data2          0x30000000        0x0
                0x30000000                __data2_start = .
 *(ETH_RAM)
                0x30000000                __data2_end = .
                0x00000000                __data2_size = (__data2_end - __data2_start)
                0x0000ff7c                Heap_Bank1_Size = (0x10000 - (Heap_Bank1_Start - ORIGIN (DSRAM_1_system)))

DSRAM2_Heap     0x30000000        0x0
                0x30000000                Heap_Bank2_Start = .
                0x00008000                Heap_Bank2_Size = (0x8000 - (Heap_Bank2_Start - ORIGIN (DSRAM_2_comm)))

PSRAM_Heap      0x10000800        0x0
                0x10000800                Heap_Bank3_Start = .
                0x0000f800                Heap_Bank3_Size = (0x10000 - (Heap_Bank3_Start - ORIGIN (PSRAM_1)))

/DISCARD/
 *(.comment)

.stab
 *(.stab)

.stabstr
 *(.stabstr)

.debug
 *(.debug)

.line
 *(.line)

.debug_srcinfo
 *(.debug_srcinfo)

.debug_sfnames
 *(.debug_sfnames)

.debug_aranges  0x00000000      0x398
 *(.debug_aranges)
 .debug_aranges
                0x00000000       0x38 Startup/startup_XMC4500.o
 .debug_aranges
                0x00000038       0x30 Startup/system_XMC4500.o
 .debug_aranges
                0x00000068       0x88 Main.o
 .debug_aranges
                0x000000f0       0xa0 Lib/System_LibcStubs.o
 .debug_aranges
                0x00000190       0x80 Dave/Generated/src/UART001/UART001.o
 .debug_aranges
                0x00000210       0x18 Dave/Generated/src/UART001/UART001_Conf.o
 .debug_aranges
                0x00000228       0x40 Dave/Generated/src/RESET001/RESET001.o
 .debug_aranges
                0x00000268       0x18 Dave/Generated/src/LIBS/CCU8PWMLIB.o
 .debug_aranges
                0x00000280       0x18 Dave/Generated/src/LIBS/MOTORLIB.o
 .debug_aranges
                0x00000298       0x30 Dave/Generated/src/IO004/IO004.o
 .debug_aranges
                0x000002c8       0x18 Dave/Generated/src/IO004/IO004_Conf.o
 .debug_aranges
                0x000002e0       0x30 Dave/Generated/src/DAVESupport/DAVE3.o
 .debug_aranges
                0x00000310       0x28 Dave/Generated/src/DAVESupport/MULTIPLEXER.o
 .debug_aranges
                0x00000338       0x60 Dave/Generated/src/CLK001/CLK001.o

.debug_pubnames
 *(.debug_pubnames)

.debug_pubtypes
 *(.debug_pubtypes)

.debug_info     0x00000000     0x586f
 *(.debug_info .gnu.linkonce.wi.*)
 .debug_info    0x00000000       0x8c Startup/startup_XMC4500.o
 .debug_info    0x0000008c      0xaf0 Startup/system_XMC4500.o
 .debug_info    0x00000b7c      0xf01 Main.o
 .debug_info    0x00001a7d      0x65f Lib/System_LibcStubs.o
 .debug_info    0x000020dc      0xfc2 Dave/Generated/src/UART001/UART001.o
 .debug_info    0x0000309e      0x805 Dave/Generated/src/UART001/UART001_Conf.o
 .debug_info    0x000038a3      0x47c Dave/Generated/src/RESET001/RESET001.o
 .debug_info    0x00003d1f       0x94 Dave/Generated/src/LIBS/CCU8PWMLIB.o
 .debug_info    0x00003db3       0x94 Dave/Generated/src/LIBS/MOTORLIB.o
 .debug_info    0x00003e47      0x422 Dave/Generated/src/IO004/IO004.o
 .debug_info    0x00004269      0x33a Dave/Generated/src/IO004/IO004_Conf.o
 .debug_info    0x000045a3      0x2e9 Dave/Generated/src/DAVESupport/DAVE3.o
 .debug_info    0x0000488c      0x95a Dave/Generated/src/DAVESupport/MULTIPLEXER.o
 .debug_info    0x000051e6      0x689 Dave/Generated/src/CLK001/CLK001.o

.debug_abbrev   0x00000000      0xffa
 *(.debug_abbrev)
 .debug_abbrev  0x00000000       0x12 Startup/startup_XMC4500.o
 .debug_abbrev  0x00000012      0x154 Startup/system_XMC4500.o
 .debug_abbrev  0x00000166      0x2cf Main.o
 .debug_abbrev  0x00000435      0x149 Lib/System_LibcStubs.o
 .debug_abbrev  0x0000057e      0x203 Dave/Generated/src/UART001/UART001.o
 .debug_abbrev  0x00000781      0x12c Dave/Generated/src/UART001/UART001_Conf.o
 .debug_abbrev  0x000008ad      0x122 Dave/Generated/src/RESET001/RESET001.o
 .debug_abbrev  0x000009cf       0x4e Dave/Generated/src/LIBS/CCU8PWMLIB.o
 .debug_abbrev  0x00000a1d       0x4e Dave/Generated/src/LIBS/MOTORLIB.o
 .debug_abbrev  0x00000a6b      0x138 Dave/Generated/src/IO004/IO004.o
 .debug_abbrev  0x00000ba3       0xbb Dave/Generated/src/IO004/IO004_Conf.o
 .debug_abbrev  0x00000c5e       0xf3 Dave/Generated/src/DAVESupport/DAVE3.o
 .debug_abbrev  0x00000d51      0x123 Dave/Generated/src/DAVESupport/MULTIPLEXER.o
 .debug_abbrev  0x00000e74      0x186 Dave/Generated/src/CLK001/CLK001.o

.debug_line     0x00000000     0x5b9f
 *(.debug_line)
 .debug_line    0x00000000      0x1a1 Startup/startup_XMC4500.o
 .debug_line    0x000001a1      0x3b7 Startup/system_XMC4500.o
 .debug_line    0x00000558      0xb8e Main.o
 .debug_line    0x000010e6      0x3c1 Lib/System_LibcStubs.o
 .debug_line    0x000014a7      0x6d9 Dave/Generated/src/UART001/UART001.o
 .debug_line    0x00001b80      0x3f1 Dave/Generated/src/UART001/UART001_Conf.o
 .debug_line    0x00001f71      0x41e Dave/Generated/src/RESET001/RESET001.o
 .debug_line    0x0000238f      0x8e1 Dave/Generated/src/LIBS/CCU8PWMLIB.o
 .debug_line    0x00002c70      0x8dd Dave/Generated/src/LIBS/MOTORLIB.o
 .debug_line    0x0000354d      0x95c Dave/Generated/src/IO004/IO004.o
 .debug_line    0x00003ea9      0x8a8 Dave/Generated/src/IO004/IO004_Conf.o
 .debug_line    0x00004751      0x7d1 Dave/Generated/src/DAVESupport/DAVE3.o
 .debug_line    0x00004f22      0x7ce Dave/Generated/src/DAVESupport/MULTIPLEXER.o
 .debug_line    0x000056f0      0x4af Dave/Generated/src/CLK001/CLK001.o

.debug_frame    0x00000000      0x8a4
 *(.debug_frame)
 .debug_frame   0x00000000       0x6c Startup/system_XMC4500.o
 .debug_frame   0x0000006c      0x1c0 Main.o
 .debug_frame   0x0000022c      0x1ec Lib/System_LibcStubs.o
 .debug_frame   0x00000418      0x190 Dave/Generated/src/UART001/UART001.o
 .debug_frame   0x000005a8       0x9c Dave/Generated/src/RESET001/RESET001.o
 .debug_frame   0x00000644       0x64 Dave/Generated/src/IO004/IO004.o
 .debug_frame   0x000006a8       0x64 Dave/Generated/src/DAVESupport/DAVE3.o
 .debug_frame   0x0000070c       0x48 Dave/Generated/src/DAVESupport/MULTIPLEXER.o
 .debug_frame   0x00000754      0x120 Dave/Generated/src/CLK001/CLK001.o
 .debug_frame   0x00000874       0x30 c:/dave-3.1.10/arm-gcc/bin/../lib/gcc/arm-none-eabi/4.7.4/../../../../arm-none-eabi/lib/armv7e-m\libg.a(lib_a-init.o)

.debug_str      0x00000000    0x97255
 *(.debug_str)
 .debug_str     0x00000000    0x90172 Startup/system_XMC4500.o
                              0x90489 (size before relaxing)
 .debug_str     0x00090172     0x3423 Main.o
                              0x934e1 (size before relaxing)
 .debug_str     0x00093595     0x2e29 Lib/System_LibcStubs.o
                               0x58a9 (size before relaxing)
 .debug_str     0x000963be      0x7ca Dave/Generated/src/UART001/UART001.o
                              0x915dd (size before relaxing)
 .debug_str     0x00096b88       0x2d Dave/Generated/src/UART001/UART001_Conf.o
                              0x90e29 (size before relaxing)
 .debug_str     0x00096bb5      0x225 Dave/Generated/src/RESET001/RESET001.o
                              0x907e8 (size before relaxing)
 .debug_str     0x00096dda       0x28 Dave/Generated/src/LIBS/CCU8PWMLIB.o
                              0x92da4 (size before relaxing)
 .debug_str     0x00096e02       0x26 Dave/Generated/src/LIBS/MOTORLIB.o
                              0x92da2 (size before relaxing)
 .debug_str     0x00096e28      0x156 Dave/Generated/src/IO004/IO004.o
                              0x9302a (size before relaxing)
 .debug_str     0x00096f7e       0x29 Dave/Generated/src/IO004/IO004_Conf.o
                              0x92ef1 (size before relaxing)
 .debug_str     0x00096fa7       0x87 Dave/Generated/src/DAVESupport/DAVE3.o
                              0x92e72 (size before relaxing)
 .debug_str     0x0009702e       0x87 Dave/Generated/src/DAVESupport/MULTIPLEXER.o
                              0x92f82 (size before relaxing)
 .debug_str     0x000970b5      0x1a0 Dave/Generated/src/CLK001/CLK001.o
                              0x90a71 (size before relaxing)

.debug_loc      0x00000000      0xe96
 *(.debug_loc)
 .debug_loc     0x00000000       0xa8 Startup/system_XMC4500.o
 .debug_loc     0x000000a8      0x2f8 Main.o
 .debug_loc     0x000003a0      0x388 Lib/System_LibcStubs.o
 .debug_loc     0x00000728      0x2e6 Dave/Generated/src/UART001/UART001.o
 .debug_loc     0x00000a0e      0x118 Dave/Generated/src/RESET001/RESET001.o
 .debug_loc     0x00000b26       0x9c Dave/Generated/src/IO004/IO004.o
 .debug_loc     0x00000bc2       0x90 Dave/Generated/src/DAVESupport/DAVE3.o
 .debug_loc     0x00000c52       0x64 Dave/Generated/src/DAVESupport/MULTIPLEXER.o
 .debug_loc     0x00000cb6      0x1e0 Dave/Generated/src/CLK001/CLK001.o

.debug_macinfo
 *(.debug_macinfo)

.debug_ranges   0x00000000      0x2b8
 *(.debug_ranges)
 .debug_ranges  0x00000000       0x30 Startup/startup_XMC4500.o
 .debug_ranges  0x00000030       0x20 Startup/system_XMC4500.o
 .debug_ranges  0x00000050       0x90 Main.o
 .debug_ranges  0x000000e0       0x90 Lib/System_LibcStubs.o
 .debug_ranges  0x00000170       0x70 Dave/Generated/src/UART001/UART001.o
 .debug_ranges  0x000001e0       0x30 Dave/Generated/src/RESET001/RESET001.o
 .debug_ranges  0x00000210       0x20 Dave/Generated/src/IO004/IO004.o
 .debug_ranges  0x00000230       0x20 Dave/Generated/src/DAVESupport/DAVE3.o
 .debug_ranges  0x00000250       0x18 Dave/Generated/src/DAVESupport/MULTIPLEXER.o
 .debug_ranges  0x00000268       0x50 Dave/Generated/src/CLK001/CLK001.o

.debug_weaknames
 *(.debug_weaknames)

.debug_funcnames
 *(.debug_funcnames)

.debug_typenames
 *(.debug_typenames)

.debug_varnames
 *(.debug_varnames)

.build_attributes
                0x00000000      0x33a
 *(.ARM.attributes)
 .ARM.attributes
                0x00000000       0x27 Startup/startup_XMC4500.o
 .ARM.attributes
                0x00000027       0x39 Startup/system_XMC4500.o
 .ARM.attributes
                0x00000060       0x39 Main.o
 .ARM.attributes
                0x00000099       0x39 Lib/System_LibcStubs.o
 .ARM.attributes
                0x000000d2       0x39 Dave/Generated/src/UART001/UART001.o
 .ARM.attributes
                0x0000010b       0x39 Dave/Generated/src/UART001/UART001_Conf.o
 .ARM.attributes
                0x00000144       0x39 Dave/Generated/src/RESET001/RESET001.o
 .ARM.attributes
                0x0000017d       0x39 Dave/Generated/src/LIBS/CCU8PWMLIB.o
 .ARM.attributes
                0x000001b6       0x39 Dave/Generated/src/LIBS/MOTORLIB.o
 .ARM.attributes
                0x000001ef       0x39 Dave/Generated/src/IO004/IO004.o
 .ARM.attributes
                0x00000228       0x39 Dave/Generated/src/IO004/IO004_Conf.o
 .ARM.attributes
                0x00000261       0x39 Dave/Generated/src/DAVESupport/DAVE3.o
 .ARM.attributes
                0x0000029a       0x39 Dave/Generated/src/DAVESupport/MULTIPLEXER.o
 .ARM.attributes
                0x000002d3       0x39 Dave/Generated/src/CLK001/CLK001.o
 .ARM.attributes
                0x0000030c       0x2e c:/dave-3.1.10/arm-gcc/bin/../lib/gcc/arm-none-eabi/4.7.4/../../../../arm-none-eabi/lib/armv7e-m\libg.a(lib_a-init.o)
OUTPUT(Joystick.elf elf32-littlearm)

.debug_macro    0x00000000    0x1953c
 .debug_macro   0x00000000      0x17e Startup/system_XMC4500.o
 .debug_macro   0x0000017e      0x814 Startup/system_XMC4500.o
 .debug_macro   0x00000992       0x3a Startup/system_XMC4500.o
 .debug_macro   0x000009cc       0x10 Startup/system_XMC4500.o
 .debug_macro   0x000009dc       0x2e Startup/system_XMC4500.o
 .debug_macro   0x00000a0a       0xa3 Startup/system_XMC4500.o
 .debug_macro   0x00000aad      0x20e Startup/system_XMC4500.o
 .debug_macro   0x00000cbb       0x6a Startup/system_XMC4500.o
 .debug_macro   0x00000d25       0x2d Startup/system_XMC4500.o
 .debug_macro   0x00000d52       0x3b Startup/system_XMC4500.o
 .debug_macro   0x00000d8d       0x2d Startup/system_XMC4500.o
 .debug_macro   0x00000dba       0x42 Startup/system_XMC4500.o
 .debug_macro   0x00000dfc      0xd39 Startup/system_XMC4500.o
 .debug_macro   0x00001b35    0x150f5 Startup/system_XMC4500.o
 .debug_macro   0x00016c2a      0x216 Main.o
 .debug_macro   0x00016e40       0x70 Main.o
 .debug_macro   0x00016eb0      0x16c Main.o
 .debug_macro   0x0001701c       0x22 Main.o
 .debug_macro   0x0001703e      0x54a Main.o
 .debug_macro   0x00017588       0x64 Main.o
 .debug_macro   0x000175ec       0x46 Main.o
 .debug_macro   0x00017632      0x160 Main.o
 .debug_macro   0x00017792       0x2d Main.o
 .debug_macro   0x000177bf      0x130 Main.o
 .debug_macro   0x000178ef       0x7f Main.o
 .debug_macro   0x0001796e       0xb4 Main.o
 .debug_macro   0x00017a22       0xb6 Main.o
 .debug_macro   0x00017ad8       0x34 Main.o
 .debug_macro   0x00017b0c       0x11 Main.o
 .debug_macro   0x00017b1d      0x119 Lib/System_LibcStubs.o
 .debug_macro   0x00017c36       0x3a Lib/System_LibcStubs.o
 .debug_macro   0x00017c70       0x52 Lib/System_LibcStubs.o
 .debug_macro   0x00017cc2       0x19 Lib/System_LibcStubs.o
 .debug_macro   0x00017cdb      0x16d Lib/System_LibcStubs.o
 .debug_macro   0x00017e48       0x10 Lib/System_LibcStubs.o
 .debug_macro   0x00017e58       0x16 Lib/System_LibcStubs.o
 .debug_macro   0x00017e6e       0x89 Lib/System_LibcStubs.o
 .debug_macro   0x00017ef7       0x10 Lib/System_LibcStubs.o
 .debug_macro   0x00017f07       0xf5 Lib/System_LibcStubs.o
 .debug_macro   0x00017ffc       0x22 Lib/System_LibcStubs.o
 .debug_macro   0x0001801e       0x91 Lib/System_LibcStubs.o
 .debug_macro   0x000180af       0x34 Lib/System_LibcStubs.o
 .debug_macro   0x000180e3      0x120 Lib/System_LibcStubs.o
 .debug_macro   0x00018203       0x16 Lib/System_LibcStubs.o
 .debug_macro   0x00018219       0x35 Lib/System_LibcStubs.o
 .debug_macro   0x0001824e      0x495 Lib/System_LibcStubs.o
 .debug_macro   0x000186e3      0x16e Dave/Generated/src/UART001/UART001.o
 .debug_macro   0x00018851       0xb0 Dave/Generated/src/UART001/UART001.o
 .debug_macro   0x00018901       0xfe Dave/Generated/src/UART001/UART001_Conf.o
 .debug_macro   0x000189ff       0xff Dave/Generated/src/RESET001/RESET001.o
 .debug_macro   0x00018afe      0x190 Dave/Generated/src/LIBS/CCU8PWMLIB.o
 .debug_macro   0x00018c8e      0x190 Dave/Generated/src/LIBS/MOTORLIB.o
 .debug_macro   0x00018e1e      0x18c Dave/Generated/src/IO004/IO004.o
 .debug_macro   0x00018faa      0x18c Dave/Generated/src/IO004/IO004_Conf.o
 .debug_macro   0x00019136      0x18c Dave/Generated/src/DAVESupport/DAVE3.o
 .debug_macro   0x000192c2      0x18c Dave/Generated/src/DAVESupport/MULTIPLEXER.o
 .debug_macro   0x0001944e       0xee Dave/Generated/src/CLK001/CLK001.o
