Archive member included because of file (symbol)

c:/dave-3.1.10/arm-gcc/bin/../lib/gcc/arm-none-eabi/4.7.4/../../../../arm-none-eabi/lib/armv7e-m\libg.a(lib_a-init.o)
                              Startup/startup_XMC4500.o (__libc_init_array)

Allocating common symbols
Common symbol       size              file

configuration       0xf               Main.o
data_R              0x5               Main.o

Discarded input sections

 .group         0x00000000        0x8 Startup/system_XMC4500.o
 .group         0x00000000        0x8 Startup/system_XMC4500.o
 .group         0x00000000        0x8 Startup/system_XMC4500.o
 .group         0x00000000        0x8 Startup/system_XMC4500.o
 .group         0x00000000        0x8 Startup/system_XMC4500.o
 .group         0x00000000        0x8 Startup/system_XMC4500.o
 .group         0x00000000        0x8 Startup/system_XMC4500.o
 .group         0x00000000        0x8 Startup/system_XMC4500.o
 .group         0x00000000        0x8 Startup/system_XMC4500.o
 .group         0x00000000        0x8 Startup/system_XMC4500.o
 .group         0x00000000        0x8 Startup/system_XMC4500.o
 .group         0x00000000        0x8 Startup/system_XMC4500.o
 .group         0x00000000        0x8 Startup/system_XMC4500.o
 .comment       0x00000000       0x71 Startup/system_XMC4500.o
 .group         0x00000000        0x8 Main.o
 .group         0x00000000        0x8 Main.o
 .group         0x00000000        0x8 Main.o
 .group         0x00000000        0x8 Main.o
 .group         0x00000000        0x8 Main.o
 .group         0x00000000        0x8 Main.o
 .group         0x00000000        0x8 Main.o
 .group         0x00000000        0x8 Main.o
 .group         0x00000000        0x8 Main.o
 .group         0x00000000        0x8 Main.o
 .group         0x00000000        0x8 Main.o
 .group         0x00000000        0x8 Main.o
 .group         0x00000000        0x8 Main.o
 .group         0x00000000        0x8 Main.o
 .group         0x00000000        0x8 Main.o
 .group         0x00000000        0x8 Main.o
 .group         0x00000000        0x8 Main.o
 .group         0x00000000        0x8 Main.o
 .group         0x00000000        0x8 Main.o
 .group         0x00000000        0x8 Main.o
 .group         0x00000000        0x8 Main.o
 .group         0x00000000        0x8 Main.o
 .group         0x00000000        0x8 Main.o
 .group         0x00000000        0x8 Main.o
 .group         0x00000000        0x8 Main.o
 .debug_macro   0x00000000      0x814 Main.o
 .debug_macro   0x00000000       0x2d Main.o
 .debug_macro   0x00000000       0x3b Main.o
 .debug_macro   0x00000000       0x3a Main.o
 .debug_macro   0x00000000       0x10 Main.o
 .debug_macro   0x00000000       0x2e Main.o
 .debug_macro   0x00000000       0xa3 Main.o
 .debug_macro   0x00000000      0x20e Main.o
 .debug_macro   0x00000000       0x2d Main.o
 .debug_macro   0x00000000       0x42 Main.o
 .debug_macro   0x00000000      0xd39 Main.o
 .debug_macro   0x00000000    0x150f5 Main.o
 .comment       0x00000000       0x71 Main.o
 .group         0x00000000        0x8 Lib/System_LibcStubs.o
 .group         0x00000000        0x8 Lib/System_LibcStubs.o
 .group         0x00000000        0x8 Lib/System_LibcStubs.o
 .group         0x00000000        0x8 Lib/System_LibcStubs.o
 .group         0x00000000        0x8 Lib/System_LibcStubs.o
 .group         0x00000000        0x8 Lib/System_LibcStubs.o
 .group         0x00000000        0x8 Lib/System_LibcStubs.o
 .group         0x00000000        0x8 Lib/System_LibcStubs.o
 .group         0x00000000        0x8 Lib/System_LibcStubs.o
 .group         0x00000000        0x8 Lib/System_LibcStubs.o
 .group         0x00000000        0x8 Lib/System_LibcStubs.o
 .group         0x00000000        0x8 Lib/System_LibcStubs.o
 .group         0x00000000        0x8 Lib/System_LibcStubs.o
 .group         0x00000000        0x8 Lib/System_LibcStubs.o
 .group         0x00000000        0x8 Lib/System_LibcStubs.o
 .group         0x00000000        0x8 Lib/System_LibcStubs.o
 .group         0x00000000        0x8 Lib/System_LibcStubs.o
 .group         0x00000000        0x8 Lib/System_LibcStubs.o
 .group         0x00000000        0x8 Lib/System_LibcStubs.o
 .group         0x00000000        0x8 Lib/System_LibcStubs.o
 .group         0x00000000        0x8 Lib/System_LibcStubs.o
 .debug_macro   0x00000000      0x814 Lib/System_LibcStubs.o
 .debug_macro   0x00000000       0x3a Lib/System_LibcStubs.o
 .debug_macro   0x00000000       0x10 Lib/System_LibcStubs.o
 .debug_macro   0x00000000       0x2e Lib/System_LibcStubs.o
 .debug_macro   0x00000000       0xa3 Lib/System_LibcStubs.o
 .comment       0x00000000       0x71 Lib/System_LibcStubs.o
 .group         0x00000000        0x8 Dave/Generated/src/RESET001/RESET001.o
 .group         0x00000000        0x8 Dave/Generated/src/RESET001/RESET001.o
 .group         0x00000000        0x8 Dave/Generated/src/RESET001/RESET001.o
 .group         0x00000000        0x8 Dave/Generated/src/RESET001/RESET001.o
 .group         0x00000000        0x8 Dave/Generated/src/RESET001/RESET001.o
 .group         0x00000000        0x8 Dave/Generated/src/RESET001/RESET001.o
 .group         0x00000000        0x8 Dave/Generated/src/RESET001/RESET001.o
 .group         0x00000000        0x8 Dave/Generated/src/RESET001/RESET001.o
 .group         0x00000000        0x8 Dave/Generated/src/RESET001/RESET001.o
 .group         0x00000000        0x8 Dave/Generated/src/RESET001/RESET001.o
 .group         0x00000000        0x8 Dave/Generated/src/RESET001/RESET001.o
 .group         0x00000000        0x8 Dave/Generated/src/RESET001/RESET001.o
 .group         0x00000000        0x8 Dave/Generated/src/RESET001/RESET001.o
 .group         0x00000000        0x8 Dave/Generated/src/RESET001/RESET001.o
 .group         0x00000000        0x8 Dave/Generated/src/RESET001/RESET001.o
 .group         0x00000000        0x8 Dave/Generated/src/RESET001/RESET001.o
 .debug_macro   0x00000000      0x814 Dave/Generated/src/RESET001/RESET001.o
 .debug_macro   0x00000000      0x130 Dave/Generated/src/RESET001/RESET001.o
 .debug_macro   0x00000000       0x3a Dave/Generated/src/RESET001/RESET001.o
 .debug_macro   0x00000000       0x10 Dave/Generated/src/RESET001/RESET001.o
 .debug_macro   0x00000000       0x2e Dave/Generated/src/RESET001/RESET001.o
 .debug_macro   0x00000000       0xa3 Dave/Generated/src/RESET001/RESET001.o
 .debug_macro   0x00000000      0x20e Dave/Generated/src/RESET001/RESET001.o
 .debug_macro   0x00000000      0x16c Dave/Generated/src/RESET001/RESET001.o
 .debug_macro   0x00000000       0x22 Dave/Generated/src/RESET001/RESET001.o
 .debug_macro   0x00000000       0x2d Dave/Generated/src/RESET001/RESET001.o
 .debug_macro   0x00000000       0x3b Dave/Generated/src/RESET001/RESET001.o
 .debug_macro   0x00000000       0x2d Dave/Generated/src/RESET001/RESET001.o
 .debug_macro   0x00000000       0x42 Dave/Generated/src/RESET001/RESET001.o
 .debug_macro   0x00000000      0xd39 Dave/Generated/src/RESET001/RESET001.o
 .debug_macro   0x00000000       0x70 Dave/Generated/src/RESET001/RESET001.o
 .debug_macro   0x00000000    0x150f5 Dave/Generated/src/RESET001/RESET001.o
 .comment       0x00000000       0x71 Dave/Generated/src/RESET001/RESET001.o
 .group         0x00000000        0x8 Dave/Generated/src/PWMSP001/PWMSP001.o
 .group         0x00000000        0x8 Dave/Generated/src/PWMSP001/PWMSP001.o
 .group         0x00000000        0x8 Dave/Generated/src/PWMSP001/PWMSP001.o
 .group         0x00000000        0x8 Dave/Generated/src/PWMSP001/PWMSP001.o
 .group         0x00000000        0x8 Dave/Generated/src/PWMSP001/PWMSP001.o
 .group         0x00000000        0x8 Dave/Generated/src/PWMSP001/PWMSP001.o
 .group         0x00000000        0x8 Dave/Generated/src/PWMSP001/PWMSP001.o
 .group         0x00000000        0x8 Dave/Generated/src/PWMSP001/PWMSP001.o
 .group         0x00000000        0x8 Dave/Generated/src/PWMSP001/PWMSP001.o
 .group         0x00000000        0x8 Dave/Generated/src/PWMSP001/PWMSP001.o
 .group         0x00000000        0x8 Dave/Generated/src/PWMSP001/PWMSP001.o
 .group         0x00000000        0x8 Dave/Generated/src/PWMSP001/PWMSP001.o
 .group         0x00000000        0x8 Dave/Generated/src/PWMSP001/PWMSP001.o
 .group         0x00000000        0x8 Dave/Generated/src/PWMSP001/PWMSP001.o
 .group         0x00000000        0x8 Dave/Generated/src/PWMSP001/PWMSP001.o
 .group         0x00000000        0x8 Dave/Generated/src/PWMSP001/PWMSP001.o
 .group         0x00000000        0x8 Dave/Generated/src/PWMSP001/PWMSP001.o
 .group         0x00000000        0x8 Dave/Generated/src/PWMSP001/PWMSP001.o
 .group         0x00000000        0x8 Dave/Generated/src/PWMSP001/PWMSP001.o
 .group         0x00000000        0x8 Dave/Generated/src/PWMSP001/PWMSP001.o
 .group         0x00000000        0x8 Dave/Generated/src/PWMSP001/PWMSP001.o
 .group         0x00000000        0x8 Dave/Generated/src/PWMSP001/PWMSP001.o
 .group         0x00000000        0x8 Dave/Generated/src/PWMSP001/PWMSP001.o
 .group         0x00000000        0x8 Dave/Generated/src/PWMSP001/PWMSP001.o
 .group         0x00000000        0x8 Dave/Generated/src/PWMSP001/PWMSP001.o
 .debug_macro   0x00000000      0x814 Dave/Generated/src/PWMSP001/PWMSP001.o
 .debug_macro   0x00000000       0x2d Dave/Generated/src/PWMSP001/PWMSP001.o
 .debug_macro   0x00000000       0x3b Dave/Generated/src/PWMSP001/PWMSP001.o
 .debug_macro   0x00000000       0x3a Dave/Generated/src/PWMSP001/PWMSP001.o
 .debug_macro   0x00000000       0x10 Dave/Generated/src/PWMSP001/PWMSP001.o
 .debug_macro   0x00000000       0x2e Dave/Generated/src/PWMSP001/PWMSP001.o
 .debug_macro   0x00000000       0xa3 Dave/Generated/src/PWMSP001/PWMSP001.o
 .debug_macro   0x00000000      0x20e Dave/Generated/src/PWMSP001/PWMSP001.o
 .debug_macro   0x00000000       0x2d Dave/Generated/src/PWMSP001/PWMSP001.o
 .debug_macro   0x00000000       0x42 Dave/Generated/src/PWMSP001/PWMSP001.o
 .debug_macro   0x00000000      0xd39 Dave/Generated/src/PWMSP001/PWMSP001.o
 .debug_macro   0x00000000       0x70 Dave/Generated/src/PWMSP001/PWMSP001.o
 .debug_macro   0x00000000    0x150f5 Dave/Generated/src/PWMSP001/PWMSP001.o
 .debug_macro   0x00000000      0x16c Dave/Generated/src/PWMSP001/PWMSP001.o
 .debug_macro   0x00000000       0x22 Dave/Generated/src/PWMSP001/PWMSP001.o
 .debug_macro   0x00000000      0x54a Dave/Generated/src/PWMSP001/PWMSP001.o
 .debug_macro   0x00000000       0x64 Dave/Generated/src/PWMSP001/PWMSP001.o
 .debug_macro   0x00000000       0x46 Dave/Generated/src/PWMSP001/PWMSP001.o
 .debug_macro   0x00000000      0x160 Dave/Generated/src/PWMSP001/PWMSP001.o
 .debug_macro   0x00000000       0x2d Dave/Generated/src/PWMSP001/PWMSP001.o
 .debug_macro   0x00000000      0x130 Dave/Generated/src/PWMSP001/PWMSP001.o
 .debug_macro   0x00000000       0x7f Dave/Generated/src/PWMSP001/PWMSP001.o
 .debug_macro   0x00000000       0xbb Dave/Generated/src/PWMSP001/PWMSP001.o
 .debug_macro   0x00000000       0x10 Dave/Generated/src/PWMSP001/PWMSP001.o
 .debug_macro   0x00000000       0x6d Dave/Generated/src/PWMSP001/PWMSP001.o
 .comment       0x00000000       0x71 Dave/Generated/src/PWMSP001/PWMSP001.o
 .group         0x00000000        0x8 Dave/Generated/src/PWMSP001/PWMSP001_Conf.o
 .group         0x00000000        0x8 Dave/Generated/src/PWMSP001/PWMSP001_Conf.o
 .group         0x00000000        0x8 Dave/Generated/src/PWMSP001/PWMSP001_Conf.o
 .group         0x00000000        0x8 Dave/Generated/src/PWMSP001/PWMSP001_Conf.o
 .group         0x00000000        0x8 Dave/Generated/src/PWMSP001/PWMSP001_Conf.o
 .group         0x00000000        0x8 Dave/Generated/src/PWMSP001/PWMSP001_Conf.o
 .group         0x00000000        0x8 Dave/Generated/src/PWMSP001/PWMSP001_Conf.o
 .group         0x00000000        0x8 Dave/Generated/src/PWMSP001/PWMSP001_Conf.o
 .group         0x00000000        0x8 Dave/Generated/src/PWMSP001/PWMSP001_Conf.o
 .group         0x00000000        0x8 Dave/Generated/src/PWMSP001/PWMSP001_Conf.o
 .group         0x00000000        0x8 Dave/Generated/src/PWMSP001/PWMSP001_Conf.o
 .group         0x00000000        0x8 Dave/Generated/src/PWMSP001/PWMSP001_Conf.o
 .group         0x00000000        0x8 Dave/Generated/src/PWMSP001/PWMSP001_Conf.o
 .group         0x00000000        0x8 Dave/Generated/src/PWMSP001/PWMSP001_Conf.o
 .group         0x00000000        0x8 Dave/Generated/src/PWMSP001/PWMSP001_Conf.o
 .group         0x00000000        0x8 Dave/Generated/src/PWMSP001/PWMSP001_Conf.o
 .group         0x00000000        0x8 Dave/Generated/src/PWMSP001/PWMSP001_Conf.o
 .group         0x00000000        0x8 Dave/Generated/src/PWMSP001/PWMSP001_Conf.o
 .group         0x00000000        0x8 Dave/Generated/src/PWMSP001/PWMSP001_Conf.o
 .group         0x00000000        0x8 Dave/Generated/src/PWMSP001/PWMSP001_Conf.o
 .group         0x00000000        0x8 Dave/Generated/src/PWMSP001/PWMSP001_Conf.o
 .group         0x00000000        0x8 Dave/Generated/src/PWMSP001/PWMSP001_Conf.o
 .group         0x00000000        0x8 Dave/Generated/src/PWMSP001/PWMSP001_Conf.o
 .group         0x00000000        0x8 Dave/Generated/src/PWMSP001/PWMSP001_Conf.o
 .group         0x00000000        0x8 Dave/Generated/src/PWMSP001/PWMSP001_Conf.o
 .debug_macro   0x00000000      0x814 Dave/Generated/src/PWMSP001/PWMSP001_Conf.o
 .debug_macro   0x00000000       0x2d Dave/Generated/src/PWMSP001/PWMSP001_Conf.o
 .debug_macro   0x00000000       0x3b Dave/Generated/src/PWMSP001/PWMSP001_Conf.o
 .debug_macro   0x00000000       0x3a Dave/Generated/src/PWMSP001/PWMSP001_Conf.o
 .debug_macro   0x00000000       0x10 Dave/Generated/src/PWMSP001/PWMSP001_Conf.o
 .debug_macro   0x00000000       0x2e Dave/Generated/src/PWMSP001/PWMSP001_Conf.o
 .debug_macro   0x00000000       0xa3 Dave/Generated/src/PWMSP001/PWMSP001_Conf.o
 .debug_macro   0x00000000      0x20e Dave/Generated/src/PWMSP001/PWMSP001_Conf.o
 .debug_macro   0x00000000       0x2d Dave/Generated/src/PWMSP001/PWMSP001_Conf.o
 .debug_macro   0x00000000       0x42 Dave/Generated/src/PWMSP001/PWMSP001_Conf.o
 .debug_macro   0x00000000      0xd39 Dave/Generated/src/PWMSP001/PWMSP001_Conf.o
 .debug_macro   0x00000000       0x70 Dave/Generated/src/PWMSP001/PWMSP001_Conf.o
 .debug_macro   0x00000000    0x150f5 Dave/Generated/src/PWMSP001/PWMSP001_Conf.o
 .debug_macro   0x00000000      0x16c Dave/Generated/src/PWMSP001/PWMSP001_Conf.o
 .debug_macro   0x00000000       0x22 Dave/Generated/src/PWMSP001/PWMSP001_Conf.o
 .debug_macro   0x00000000      0x54a Dave/Generated/src/PWMSP001/PWMSP001_Conf.o
 .debug_macro   0x00000000       0x64 Dave/Generated/src/PWMSP001/PWMSP001_Conf.o
 .debug_macro   0x00000000       0x46 Dave/Generated/src/PWMSP001/PWMSP001_Conf.o
 .debug_macro   0x00000000      0x160 Dave/Generated/src/PWMSP001/PWMSP001_Conf.o
 .debug_macro   0x00000000       0x2d Dave/Generated/src/PWMSP001/PWMSP001_Conf.o
 .debug_macro   0x00000000      0x130 Dave/Generated/src/PWMSP001/PWMSP001_Conf.o
 .debug_macro   0x00000000       0x7f Dave/Generated/src/PWMSP001/PWMSP001_Conf.o
 .debug_macro   0x00000000       0xbb Dave/Generated/src/PWMSP001/PWMSP001_Conf.o
 .debug_macro   0x00000000       0x10 Dave/Generated/src/PWMSP001/PWMSP001_Conf.o
 .debug_macro   0x00000000       0x6d Dave/Generated/src/PWMSP001/PWMSP001_Conf.o
 .comment       0x00000000       0x71 Dave/Generated/src/PWMSP001/PWMSP001_Conf.o
 .group         0x00000000        0x8 Dave/Generated/src/LIBS/CCU8PWMLIB.o
 .group         0x00000000        0x8 Dave/Generated/src/LIBS/CCU8PWMLIB.o
 .group         0x00000000        0x8 Dave/Generated/src/LIBS/CCU8PWMLIB.o
 .group         0x00000000        0x8 Dave/Generated/src/LIBS/CCU8PWMLIB.o
 .group         0x00000000        0x8 Dave/Generated/src/LIBS/CCU8PWMLIB.o
 .group         0x00000000        0x8 Dave/Generated/src/LIBS/CCU8PWMLIB.o
 .group         0x00000000        0x8 Dave/Generated/src/LIBS/CCU8PWMLIB.o
 .group         0x00000000        0x8 Dave/Generated/src/LIBS/CCU8PWMLIB.o
 .group         0x00000000        0x8 Dave/Generated/src/LIBS/CCU8PWMLIB.o
 .group         0x00000000        0x8 Dave/Generated/src/LIBS/CCU8PWMLIB.o
 .group         0x00000000        0x8 Dave/Generated/src/LIBS/CCU8PWMLIB.o
 .group         0x00000000        0x8 Dave/Generated/src/LIBS/CCU8PWMLIB.o
 .group         0x00000000        0x8 Dave/Generated/src/LIBS/CCU8PWMLIB.o
 .group         0x00000000        0x8 Dave/Generated/src/LIBS/CCU8PWMLIB.o
 .group         0x00000000        0x8 Dave/Generated/src/LIBS/CCU8PWMLIB.o
 .group         0x00000000        0x8 Dave/Generated/src/LIBS/CCU8PWMLIB.o
 .group         0x00000000        0x8 Dave/Generated/src/LIBS/CCU8PWMLIB.o
 .group         0x00000000        0x8 Dave/Generated/src/LIBS/CCU8PWMLIB.o
 .group         0x00000000        0x8 Dave/Generated/src/LIBS/CCU8PWMLIB.o
 .group         0x00000000        0x8 Dave/Generated/src/LIBS/CCU8PWMLIB.o
 .group         0x00000000        0x8 Dave/Generated/src/LIBS/CCU8PWMLIB.o
 .group         0x00000000        0x8 Dave/Generated/src/LIBS/CCU8PWMLIB.o
 .group         0x00000000        0x8 Dave/Generated/src/LIBS/CCU8PWMLIB.o
 .group         0x00000000        0x8 Dave/Generated/src/LIBS/CCU8PWMLIB.o
 .group         0x00000000        0x8 Dave/Generated/src/LIBS/CCU8PWMLIB.o
 .debug_macro   0x00000000      0x814 Dave/Generated/src/LIBS/CCU8PWMLIB.o
 .debug_macro   0x00000000       0x2d Dave/Generated/src/LIBS/CCU8PWMLIB.o
 .debug_macro   0x00000000       0x3b Dave/Generated/src/LIBS/CCU8PWMLIB.o
 .debug_macro   0x00000000       0x3a Dave/Generated/src/LIBS/CCU8PWMLIB.o
 .debug_macro   0x00000000       0x10 Dave/Generated/src/LIBS/CCU8PWMLIB.o
 .debug_macro   0x00000000       0x2e Dave/Generated/src/LIBS/CCU8PWMLIB.o
 .debug_macro   0x00000000       0xa3 Dave/Generated/src/LIBS/CCU8PWMLIB.o
 .debug_macro   0x00000000      0x20e Dave/Generated/src/LIBS/CCU8PWMLIB.o
 .debug_macro   0x00000000       0x2d Dave/Generated/src/LIBS/CCU8PWMLIB.o
 .debug_macro   0x00000000       0x42 Dave/Generated/src/LIBS/CCU8PWMLIB.o
 .debug_macro   0x00000000      0xd39 Dave/Generated/src/LIBS/CCU8PWMLIB.o
 .debug_macro   0x00000000       0x70 Dave/Generated/src/LIBS/CCU8PWMLIB.o
 .debug_macro   0x00000000    0x150f5 Dave/Generated/src/LIBS/CCU8PWMLIB.o
 .debug_macro   0x00000000      0x16c Dave/Generated/src/LIBS/CCU8PWMLIB.o
 .debug_macro   0x00000000       0x22 Dave/Generated/src/LIBS/CCU8PWMLIB.o
 .debug_macro   0x00000000      0x54a Dave/Generated/src/LIBS/CCU8PWMLIB.o
 .debug_macro   0x00000000       0x64 Dave/Generated/src/LIBS/CCU8PWMLIB.o
 .debug_macro   0x00000000       0x46 Dave/Generated/src/LIBS/CCU8PWMLIB.o
 .debug_macro   0x00000000      0x160 Dave/Generated/src/LIBS/CCU8PWMLIB.o
 .debug_macro   0x00000000       0x2d Dave/Generated/src/LIBS/CCU8PWMLIB.o
 .debug_macro   0x00000000      0x130 Dave/Generated/src/LIBS/CCU8PWMLIB.o
 .debug_macro   0x00000000       0x7f Dave/Generated/src/LIBS/CCU8PWMLIB.o
 .debug_macro   0x00000000       0xbb Dave/Generated/src/LIBS/CCU8PWMLIB.o
 .debug_macro   0x00000000       0x10 Dave/Generated/src/LIBS/CCU8PWMLIB.o
 .debug_macro   0x00000000       0x6d Dave/Generated/src/LIBS/CCU8PWMLIB.o
 .comment       0x00000000       0x71 Dave/Generated/src/LIBS/CCU8PWMLIB.o
 .group         0x00000000        0x8 Dave/Generated/src/LIBS/MOTORLIB.o
 .group         0x00000000        0x8 Dave/Generated/src/LIBS/MOTORLIB.o
 .group         0x00000000        0x8 Dave/Generated/src/LIBS/MOTORLIB.o
 .group         0x00000000        0x8 Dave/Generated/src/LIBS/MOTORLIB.o
 .group         0x00000000        0x8 Dave/Generated/src/LIBS/MOTORLIB.o
 .group         0x00000000        0x8 Dave/Generated/src/LIBS/MOTORLIB.o
 .group         0x00000000        0x8 Dave/Generated/src/LIBS/MOTORLIB.o
 .group         0x00000000        0x8 Dave/Generated/src/LIBS/MOTORLIB.o
 .group         0x00000000        0x8 Dave/Generated/src/LIBS/MOTORLIB.o
 .group         0x00000000        0x8 Dave/Generated/src/LIBS/MOTORLIB.o
 .group         0x00000000        0x8 Dave/Generated/src/LIBS/MOTORLIB.o
 .group         0x00000000        0x8 Dave/Generated/src/LIBS/MOTORLIB.o
 .group         0x00000000        0x8 Dave/Generated/src/LIBS/MOTORLIB.o
 .group         0x00000000        0x8 Dave/Generated/src/LIBS/MOTORLIB.o
 .group         0x00000000        0x8 Dave/Generated/src/LIBS/MOTORLIB.o
 .group         0x00000000        0x8 Dave/Generated/src/LIBS/MOTORLIB.o
 .group         0x00000000        0x8 Dave/Generated/src/LIBS/MOTORLIB.o
 .group         0x00000000        0x8 Dave/Generated/src/LIBS/MOTORLIB.o
 .group         0x00000000        0x8 Dave/Generated/src/LIBS/MOTORLIB.o
 .group         0x00000000        0x8 Dave/Generated/src/LIBS/MOTORLIB.o
 .group         0x00000000        0x8 Dave/Generated/src/LIBS/MOTORLIB.o
 .group         0x00000000        0x8 Dave/Generated/src/LIBS/MOTORLIB.o
 .group         0x00000000        0x8 Dave/Generated/src/LIBS/MOTORLIB.o
 .group         0x00000000        0x8 Dave/Generated/src/LIBS/MOTORLIB.o
 .group         0x00000000        0x8 Dave/Generated/src/LIBS/MOTORLIB.o
 .debug_macro   0x00000000      0x814 Dave/Generated/src/LIBS/MOTORLIB.o
 .debug_macro   0x00000000       0x2d Dave/Generated/src/LIBS/MOTORLIB.o
 .debug_macro   0x00000000       0x3b Dave/Generated/src/LIBS/MOTORLIB.o
 .debug_macro   0x00000000       0x3a Dave/Generated/src/LIBS/MOTORLIB.o
 .debug_macro   0x00000000       0x10 Dave/Generated/src/LIBS/MOTORLIB.o
 .debug_macro   0x00000000       0x2e Dave/Generated/src/LIBS/MOTORLIB.o
 .debug_macro   0x00000000       0xa3 Dave/Generated/src/LIBS/MOTORLIB.o
 .debug_macro   0x00000000      0x20e Dave/Generated/src/LIBS/MOTORLIB.o
 .debug_macro   0x00000000       0x2d Dave/Generated/src/LIBS/MOTORLIB.o
 .debug_macro   0x00000000       0x42 Dave/Generated/src/LIBS/MOTORLIB.o
 .debug_macro   0x00000000      0xd39 Dave/Generated/src/LIBS/MOTORLIB.o
 .debug_macro   0x00000000       0x70 Dave/Generated/src/LIBS/MOTORLIB.o
 .debug_macro   0x00000000    0x150f5 Dave/Generated/src/LIBS/MOTORLIB.o
 .debug_macro   0x00000000      0x16c Dave/Generated/src/LIBS/MOTORLIB.o
 .debug_macro   0x00000000       0x22 Dave/Generated/src/LIBS/MOTORLIB.o
 .debug_macro   0x00000000      0x54a Dave/Generated/src/LIBS/MOTORLIB.o
 .debug_macro   0x00000000       0x64 Dave/Generated/src/LIBS/MOTORLIB.o
 .debug_macro   0x00000000       0x46 Dave/Generated/src/LIBS/MOTORLIB.o
 .debug_macro   0x00000000      0x160 Dave/Generated/src/LIBS/MOTORLIB.o
 .debug_macro   0x00000000       0x2d Dave/Generated/src/LIBS/MOTORLIB.o
 .debug_macro   0x00000000      0x130 Dave/Generated/src/LIBS/MOTORLIB.o
 .debug_macro   0x00000000       0x7f Dave/Generated/src/LIBS/MOTORLIB.o
 .debug_macro   0x00000000       0xbb Dave/Generated/src/LIBS/MOTORLIB.o
 .debug_macro   0x00000000       0x10 Dave/Generated/src/LIBS/MOTORLIB.o
 .debug_macro   0x00000000       0x6d Dave/Generated/src/LIBS/MOTORLIB.o
 .comment       0x00000000       0x71 Dave/Generated/src/LIBS/MOTORLIB.o
 .group         0x00000000        0x8 Dave/Generated/src/IO004/IO004.o
 .group         0x00000000        0x8 Dave/Generated/src/IO004/IO004.o
 .group         0x00000000        0x8 Dave/Generated/src/IO004/IO004.o
 .group         0x00000000        0x8 Dave/Generated/src/IO004/IO004.o
 .group         0x00000000        0x8 Dave/Generated/src/IO004/IO004.o
 .group         0x00000000        0x8 Dave/Generated/src/IO004/IO004.o
 .group         0x00000000        0x8 Dave/Generated/src/IO004/IO004.o
 .group         0x00000000        0x8 Dave/Generated/src/IO004/IO004.o
 .group         0x00000000        0x8 Dave/Generated/src/IO004/IO004.o
 .group         0x00000000        0x8 Dave/Generated/src/IO004/IO004.o
 .group         0x00000000        0x8 Dave/Generated/src/IO004/IO004.o
 .group         0x00000000        0x8 Dave/Generated/src/IO004/IO004.o
 .group         0x00000000        0x8 Dave/Generated/src/IO004/IO004.o
 .group         0x00000000        0x8 Dave/Generated/src/IO004/IO004.o
 .group         0x00000000        0x8 Dave/Generated/src/IO004/IO004.o
 .group         0x00000000        0x8 Dave/Generated/src/IO004/IO004.o
 .group         0x00000000        0x8 Dave/Generated/src/IO004/IO004.o
 .group         0x00000000        0x8 Dave/Generated/src/IO004/IO004.o
 .group         0x00000000        0x8 Dave/Generated/src/IO004/IO004.o
 .group         0x00000000        0x8 Dave/Generated/src/IO004/IO004.o
 .group         0x00000000        0x8 Dave/Generated/src/IO004/IO004.o
 .group         0x00000000        0x8 Dave/Generated/src/IO004/IO004.o
 .group         0x00000000        0x8 Dave/Generated/src/IO004/IO004.o
 .group         0x00000000        0x8 Dave/Generated/src/IO004/IO004.o
 .group         0x00000000        0x8 Dave/Generated/src/IO004/IO004.o
 .debug_macro   0x00000000      0x814 Dave/Generated/src/IO004/IO004.o
 .debug_macro   0x00000000       0x2d Dave/Generated/src/IO004/IO004.o
 .debug_macro   0x00000000       0x3b Dave/Generated/src/IO004/IO004.o
 .debug_macro   0x00000000       0x3a Dave/Generated/src/IO004/IO004.o
 .debug_macro   0x00000000       0x10 Dave/Generated/src/IO004/IO004.o
 .debug_macro   0x00000000       0x2e Dave/Generated/src/IO004/IO004.o
 .debug_macro   0x00000000       0xa3 Dave/Generated/src/IO004/IO004.o
 .debug_macro   0x00000000      0x20e Dave/Generated/src/IO004/IO004.o
 .debug_macro   0x00000000       0x2d Dave/Generated/src/IO004/IO004.o
 .debug_macro   0x00000000       0x42 Dave/Generated/src/IO004/IO004.o
 .debug_macro   0x00000000      0xd39 Dave/Generated/src/IO004/IO004.o
 .debug_macro   0x00000000       0x70 Dave/Generated/src/IO004/IO004.o
 .debug_macro   0x00000000    0x150f5 Dave/Generated/src/IO004/IO004.o
 .debug_macro   0x00000000      0x16c Dave/Generated/src/IO004/IO004.o
 .debug_macro   0x00000000       0x22 Dave/Generated/src/IO004/IO004.o
 .debug_macro   0x00000000      0x54a Dave/Generated/src/IO004/IO004.o
 .debug_macro   0x00000000       0x64 Dave/Generated/src/IO004/IO004.o
 .debug_macro   0x00000000       0x46 Dave/Generated/src/IO004/IO004.o
 .debug_macro   0x00000000      0x160 Dave/Generated/src/IO004/IO004.o
 .debug_macro   0x00000000       0x2d Dave/Generated/src/IO004/IO004.o
 .debug_macro   0x00000000      0x130 Dave/Generated/src/IO004/IO004.o
 .debug_macro   0x00000000       0x7f Dave/Generated/src/IO004/IO004.o
 .debug_macro   0x00000000       0xbb Dave/Generated/src/IO004/IO004.o
 .debug_macro   0x00000000       0x10 Dave/Generated/src/IO004/IO004.o
 .debug_macro   0x00000000       0x6d Dave/Generated/src/IO004/IO004.o
 .comment       0x00000000       0x71 Dave/Generated/src/IO004/IO004.o
 .group         0x00000000        0x8 Dave/Generated/src/IO004/IO004_Conf.o
 .group         0x00000000        0x8 Dave/Generated/src/IO004/IO004_Conf.o
 .group         0x00000000        0x8 Dave/Generated/src/IO004/IO004_Conf.o
 .group         0x00000000        0x8 Dave/Generated/src/IO004/IO004_Conf.o
 .group         0x00000000        0x8 Dave/Generated/src/IO004/IO004_Conf.o
 .group         0x00000000        0x8 Dave/Generated/src/IO004/IO004_Conf.o
 .group         0x00000000        0x8 Dave/Generated/src/IO004/IO004_Conf.o
 .group         0x00000000        0x8 Dave/Generated/src/IO004/IO004_Conf.o
 .group         0x00000000        0x8 Dave/Generated/src/IO004/IO004_Conf.o
 .group         0x00000000        0x8 Dave/Generated/src/IO004/IO004_Conf.o
 .group         0x00000000        0x8 Dave/Generated/src/IO004/IO004_Conf.o
 .group         0x00000000        0x8 Dave/Generated/src/IO004/IO004_Conf.o
 .group         0x00000000        0x8 Dave/Generated/src/IO004/IO004_Conf.o
 .group         0x00000000        0x8 Dave/Generated/src/IO004/IO004_Conf.o
 .group         0x00000000        0x8 Dave/Generated/src/IO004/IO004_Conf.o
 .group         0x00000000        0x8 Dave/Generated/src/IO004/IO004_Conf.o
 .group         0x00000000        0x8 Dave/Generated/src/IO004/IO004_Conf.o
 .group         0x00000000        0x8 Dave/Generated/src/IO004/IO004_Conf.o
 .group         0x00000000        0x8 Dave/Generated/src/IO004/IO004_Conf.o
 .group         0x00000000        0x8 Dave/Generated/src/IO004/IO004_Conf.o
 .group         0x00000000        0x8 Dave/Generated/src/IO004/IO004_Conf.o
 .group         0x00000000        0x8 Dave/Generated/src/IO004/IO004_Conf.o
 .group         0x00000000        0x8 Dave/Generated/src/IO004/IO004_Conf.o
 .group         0x00000000        0x8 Dave/Generated/src/IO004/IO004_Conf.o
 .group         0x00000000        0x8 Dave/Generated/src/IO004/IO004_Conf.o
 .debug_macro   0x00000000      0x814 Dave/Generated/src/IO004/IO004_Conf.o
 .debug_macro   0x00000000       0x2d Dave/Generated/src/IO004/IO004_Conf.o
 .debug_macro   0x00000000       0x3b Dave/Generated/src/IO004/IO004_Conf.o
 .debug_macro   0x00000000       0x3a Dave/Generated/src/IO004/IO004_Conf.o
 .debug_macro   0x00000000       0x10 Dave/Generated/src/IO004/IO004_Conf.o
 .debug_macro   0x00000000       0x2e Dave/Generated/src/IO004/IO004_Conf.o
 .debug_macro   0x00000000       0xa3 Dave/Generated/src/IO004/IO004_Conf.o
 .debug_macro   0x00000000      0x20e Dave/Generated/src/IO004/IO004_Conf.o
 .debug_macro   0x00000000       0x2d Dave/Generated/src/IO004/IO004_Conf.o
 .debug_macro   0x00000000       0x42 Dave/Generated/src/IO004/IO004_Conf.o
 .debug_macro   0x00000000      0xd39 Dave/Generated/src/IO004/IO004_Conf.o
 .debug_macro   0x00000000       0x70 Dave/Generated/src/IO004/IO004_Conf.o
 .debug_macro   0x00000000    0x150f5 Dave/Generated/src/IO004/IO004_Conf.o
 .debug_macro   0x00000000      0x16c Dave/Generated/src/IO004/IO004_Conf.o
 .debug_macro   0x00000000       0x22 Dave/Generated/src/IO004/IO004_Conf.o
 .debug_macro   0x00000000      0x54a Dave/Generated/src/IO004/IO004_Conf.o
 .debug_macro   0x00000000       0x64 Dave/Generated/src/IO004/IO004_Conf.o
 .debug_macro   0x00000000       0x46 Dave/Generated/src/IO004/IO004_Conf.o
 .debug_macro   0x00000000      0x160 Dave/Generated/src/IO004/IO004_Conf.o
 .debug_macro   0x00000000       0x2d Dave/Generated/src/IO004/IO004_Conf.o
 .debug_macro   0x00000000      0x130 Dave/Generated/src/IO004/IO004_Conf.o
 .debug_macro   0x00000000       0x7f Dave/Generated/src/IO004/IO004_Conf.o
 .debug_macro   0x00000000       0xbb Dave/Generated/src/IO004/IO004_Conf.o
 .debug_macro   0x00000000       0x10 Dave/Generated/src/IO004/IO004_Conf.o
 .debug_macro   0x00000000       0x6d Dave/Generated/src/IO004/IO004_Conf.o
 .comment       0x00000000       0x71 Dave/Generated/src/IO004/IO004_Conf.o
 .group         0x00000000        0x8 Dave/Generated/src/DAVESupport/DAVE3.o
 .group         0x00000000        0x8 Dave/Generated/src/DAVESupport/DAVE3.o
 .group         0x00000000        0x8 Dave/Generated/src/DAVESupport/DAVE3.o
 .group         0x00000000        0x8 Dave/Generated/src/DAVESupport/DAVE3.o
 .group         0x00000000        0x8 Dave/Generated/src/DAVESupport/DAVE3.o
 .group         0x00000000        0x8 Dave/Generated/src/DAVESupport/DAVE3.o
 .group         0x00000000        0x8 Dave/Generated/src/DAVESupport/DAVE3.o
 .group         0x00000000        0x8 Dave/Generated/src/DAVESupport/DAVE3.o
 .group         0x00000000        0x8 Dave/Generated/src/DAVESupport/DAVE3.o
 .group         0x00000000        0x8 Dave/Generated/src/DAVESupport/DAVE3.o
 .group         0x00000000        0x8 Dave/Generated/src/DAVESupport/DAVE3.o
 .group         0x00000000        0x8 Dave/Generated/src/DAVESupport/DAVE3.o
 .group         0x00000000        0x8 Dave/Generated/src/DAVESupport/DAVE3.o
 .group         0x00000000        0x8 Dave/Generated/src/DAVESupport/DAVE3.o
 .group         0x00000000        0x8 Dave/Generated/src/DAVESupport/DAVE3.o
 .group         0x00000000        0x8 Dave/Generated/src/DAVESupport/DAVE3.o
 .group         0x00000000        0x8 Dave/Generated/src/DAVESupport/DAVE3.o
 .group         0x00000000        0x8 Dave/Generated/src/DAVESupport/DAVE3.o
 .group         0x00000000        0x8 Dave/Generated/src/DAVESupport/DAVE3.o
 .group         0x00000000        0x8 Dave/Generated/src/DAVESupport/DAVE3.o
 .group         0x00000000        0x8 Dave/Generated/src/DAVESupport/DAVE3.o
 .group         0x00000000        0x8 Dave/Generated/src/DAVESupport/DAVE3.o
 .group         0x00000000        0x8 Dave/Generated/src/DAVESupport/DAVE3.o
 .group         0x00000000        0x8 Dave/Generated/src/DAVESupport/DAVE3.o
 .group         0x00000000        0x8 Dave/Generated/src/DAVESupport/DAVE3.o
 .debug_macro   0x00000000      0x814 Dave/Generated/src/DAVESupport/DAVE3.o
 .debug_macro   0x00000000       0x2d Dave/Generated/src/DAVESupport/DAVE3.o
 .debug_macro   0x00000000       0x3b Dave/Generated/src/DAVESupport/DAVE3.o
 .debug_macro   0x00000000       0x3a Dave/Generated/src/DAVESupport/DAVE3.o
 .debug_macro   0x00000000       0x10 Dave/Generated/src/DAVESupport/DAVE3.o
 .debug_macro   0x00000000       0x2e Dave/Generated/src/DAVESupport/DAVE3.o
 .debug_macro   0x00000000       0xa3 Dave/Generated/src/DAVESupport/DAVE3.o
 .debug_macro   0x00000000      0x20e Dave/Generated/src/DAVESupport/DAVE3.o
 .debug_macro   0x00000000       0x2d Dave/Generated/src/DAVESupport/DAVE3.o
 .debug_macro   0x00000000       0x42 Dave/Generated/src/DAVESupport/DAVE3.o
 .debug_macro   0x00000000      0xd39 Dave/Generated/src/DAVESupport/DAVE3.o
 .debug_macro   0x00000000       0x70 Dave/Generated/src/DAVESupport/DAVE3.o
 .debug_macro   0x00000000    0x150f5 Dave/Generated/src/DAVESupport/DAVE3.o
 .debug_macro   0x00000000      0x16c Dave/Generated/src/DAVESupport/DAVE3.o
 .debug_macro   0x00000000       0x22 Dave/Generated/src/DAVESupport/DAVE3.o
 .debug_macro   0x00000000      0x54a Dave/Generated/src/DAVESupport/DAVE3.o
 .debug_macro   0x00000000       0x64 Dave/Generated/src/DAVESupport/DAVE3.o
 .debug_macro   0x00000000       0x46 Dave/Generated/src/DAVESupport/DAVE3.o
 .debug_macro   0x00000000      0x160 Dave/Generated/src/DAVESupport/DAVE3.o
 .debug_macro   0x00000000       0x2d Dave/Generated/src/DAVESupport/DAVE3.o
 .debug_macro   0x00000000      0x130 Dave/Generated/src/DAVESupport/DAVE3.o
 .debug_macro   0x00000000       0x7f Dave/Generated/src/DAVESupport/DAVE3.o
 .debug_macro   0x00000000       0xbb Dave/Generated/src/DAVESupport/DAVE3.o
 .debug_macro   0x00000000       0x10 Dave/Generated/src/DAVESupport/DAVE3.o
 .debug_macro   0x00000000       0x6d Dave/Generated/src/DAVESupport/DAVE3.o
 .comment       0x00000000       0x71 Dave/Generated/src/DAVESupport/DAVE3.o
 .group         0x00000000        0x8 Dave/Generated/src/DAVESupport/MULTIPLEXER.o
 .group         0x00000000        0x8 Dave/Generated/src/DAVESupport/MULTIPLEXER.o
 .group         0x00000000        0x8 Dave/Generated/src/DAVESupport/MULTIPLEXER.o
 .group         0x00000000        0x8 Dave/Generated/src/DAVESupport/MULTIPLEXER.o
 .group         0x00000000        0x8 Dave/Generated/src/DAVESupport/MULTIPLEXER.o
 .group         0x00000000        0x8 Dave/Generated/src/DAVESupport/MULTIPLEXER.o
 .group         0x00000000        0x8 Dave/Generated/src/DAVESupport/MULTIPLEXER.o
 .group         0x00000000        0x8 Dave/Generated/src/DAVESupport/MULTIPLEXER.o
 .group         0x00000000        0x8 Dave/Generated/src/DAVESupport/MULTIPLEXER.o
 .group         0x00000000        0x8 Dave/Generated/src/DAVESupport/MULTIPLEXER.o
 .group         0x00000000        0x8 Dave/Generated/src/DAVESupport/MULTIPLEXER.o
 .group         0x00000000        0x8 Dave/Generated/src/DAVESupport/MULTIPLEXER.o
 .group         0x00000000        0x8 Dave/Generated/src/DAVESupport/MULTIPLEXER.o
 .group         0x00000000        0x8 Dave/Generated/src/DAVESupport/MULTIPLEXER.o
 .group         0x00000000        0x8 Dave/Generated/src/DAVESupport/MULTIPLEXER.o
 .group         0x00000000        0x8 Dave/Generated/src/DAVESupport/MULTIPLEXER.o
 .group         0x00000000        0x8 Dave/Generated/src/DAVESupport/MULTIPLEXER.o
 .group         0x00000000        0x8 Dave/Generated/src/DAVESupport/MULTIPLEXER.o
 .group         0x00000000        0x8 Dave/Generated/src/DAVESupport/MULTIPLEXER.o
 .group         0x00000000        0x8 Dave/Generated/src/DAVESupport/MULTIPLEXER.o
 .group         0x00000000        0x8 Dave/Generated/src/DAVESupport/MULTIPLEXER.o
 .group         0x00000000        0x8 Dave/Generated/src/DAVESupport/MULTIPLEXER.o
 .group         0x00000000        0x8 Dave/Generated/src/DAVESupport/MULTIPLEXER.o
 .group         0x00000000        0x8 Dave/Generated/src/DAVESupport/MULTIPLEXER.o
 .group         0x00000000        0x8 Dave/Generated/src/DAVESupport/MULTIPLEXER.o
 .debug_macro   0x00000000      0x814 Dave/Generated/src/DAVESupport/MULTIPLEXER.o
 .debug_macro   0x00000000       0x2d Dave/Generated/src/DAVESupport/MULTIPLEXER.o
 .debug_macro   0x00000000       0x3b Dave/Generated/src/DAVESupport/MULTIPLEXER.o
 .debug_macro   0x00000000       0x3a Dave/Generated/src/DAVESupport/MULTIPLEXER.o
 .debug_macro   0x00000000       0x10 Dave/Generated/src/DAVESupport/MULTIPLEXER.o
 .debug_macro   0x00000000       0x2e Dave/Generated/src/DAVESupport/MULTIPLEXER.o
 .debug_macro   0x00000000       0xa3 Dave/Generated/src/DAVESupport/MULTIPLEXER.o
 .debug_macro   0x00000000      0x20e Dave/Generated/src/DAVESupport/MULTIPLEXER.o
 .debug_macro   0x00000000       0x2d Dave/Generated/src/DAVESupport/MULTIPLEXER.o
 .debug_macro   0x00000000       0x42 Dave/Generated/src/DAVESupport/MULTIPLEXER.o
 .debug_macro   0x00000000      0xd39 Dave/Generated/src/DAVESupport/MULTIPLEXER.o
 .debug_macro   0x00000000       0x70 Dave/Generated/src/DAVESupport/MULTIPLEXER.o
 .debug_macro   0x00000000    0x150f5 Dave/Generated/src/DAVESupport/MULTIPLEXER.o
 .debug_macro   0x00000000      0x16c Dave/Generated/src/DAVESupport/MULTIPLEXER.o
 .debug_macro   0x00000000       0x22 Dave/Generated/src/DAVESupport/MULTIPLEXER.o
 .debug_macro   0x00000000      0x54a Dave/Generated/src/DAVESupport/MULTIPLEXER.o
 .debug_macro   0x00000000       0x64 Dave/Generated/src/DAVESupport/MULTIPLEXER.o
 .debug_macro   0x00000000       0x46 Dave/Generated/src/DAVESupport/MULTIPLEXER.o
 .debug_macro   0x00000000      0x160 Dave/Generated/src/DAVESupport/MULTIPLEXER.o
 .debug_macro   0x00000000       0x2d Dave/Generated/src/DAVESupport/MULTIPLEXER.o
 .debug_macro   0x00000000      0x130 Dave/Generated/src/DAVESupport/MULTIPLEXER.o
 .debug_macro   0x00000000       0x7f Dave/Generated/src/DAVESupport/MULTIPLEXER.o
 .debug_macro   0x00000000       0xbb Dave/Generated/src/DAVESupport/MULTIPLEXER.o
 .debug_macro   0x00000000       0x10 Dave/Generated/src/DAVESupport/MULTIPLEXER.o
 .debug_macro   0x00000000       0x6d Dave/Generated/src/DAVESupport/MULTIPLEXER.o
 .comment       0x00000000       0x71 Dave/Generated/src/DAVESupport/MULTIPLEXER.o
 .group         0x00000000        0x8 Dave/Generated/src/CLK001/CLK001.o
 .group         0x00000000        0x8 Dave/Generated/src/CLK001/CLK001.o
 .group         0x00000000        0x8 Dave/Generated/src/CLK001/CLK001.o
 .group         0x00000000        0x8 Dave/Generated/src/CLK001/CLK001.o
 .group         0x00000000        0x8 Dave/Generated/src/CLK001/CLK001.o
 .group         0x00000000        0x8 Dave/Generated/src/CLK001/CLK001.o
 .group         0x00000000        0x8 Dave/Generated/src/CLK001/CLK001.o
 .group         0x00000000        0x8 Dave/Generated/src/CLK001/CLK001.o
 .group         0x00000000        0x8 Dave/Generated/src/CLK001/CLK001.o
 .group         0x00000000        0x8 Dave/Generated/src/CLK001/CLK001.o
 .group         0x00000000        0x8 Dave/Generated/src/CLK001/CLK001.o
 .group         0x00000000        0x8 Dave/Generated/src/CLK001/CLK001.o
 .group         0x00000000        0x8 Dave/Generated/src/CLK001/CLK001.o
 .group         0x00000000        0x8 Dave/Generated/src/CLK001/CLK001.o
 .group         0x00000000        0x8 Dave/Generated/src/CLK001/CLK001.o
 .group         0x00000000        0x8 Dave/Generated/src/CLK001/CLK001.o
 .debug_macro   0x00000000      0x814 Dave/Generated/src/CLK001/CLK001.o
 .debug_macro   0x00000000      0x130 Dave/Generated/src/CLK001/CLK001.o
 .debug_macro   0x00000000       0x2d Dave/Generated/src/CLK001/CLK001.o
 .debug_macro   0x00000000       0x3b Dave/Generated/src/CLK001/CLK001.o
 .debug_macro   0x00000000       0x3a Dave/Generated/src/CLK001/CLK001.o
 .debug_macro   0x00000000       0x10 Dave/Generated/src/CLK001/CLK001.o
 .debug_macro   0x00000000       0x2e Dave/Generated/src/CLK001/CLK001.o
 .debug_macro   0x00000000       0xa3 Dave/Generated/src/CLK001/CLK001.o
 .debug_macro   0x00000000      0x20e Dave/Generated/src/CLK001/CLK001.o
 .debug_macro   0x00000000       0x2d Dave/Generated/src/CLK001/CLK001.o
 .debug_macro   0x00000000       0x42 Dave/Generated/src/CLK001/CLK001.o
 .debug_macro   0x00000000      0xd39 Dave/Generated/src/CLK001/CLK001.o
 .debug_macro   0x00000000       0x70 Dave/Generated/src/CLK001/CLK001.o
 .debug_macro   0x00000000    0x150f5 Dave/Generated/src/CLK001/CLK001.o
 .debug_macro   0x00000000       0x7f Dave/Generated/src/CLK001/CLK001.o
 .debug_macro   0x00000000       0xbb Dave/Generated/src/CLK001/CLK001.o
 .comment       0x00000000       0x71 Dave/Generated/src/CLK001/CLK001.o
 .group         0x00000000        0x8 Dave/Generated/src/CCU4GLOBAL/CCU4GLOBAL.o
 .group         0x00000000        0x8 Dave/Generated/src/CCU4GLOBAL/CCU4GLOBAL.o
 .group         0x00000000        0x8 Dave/Generated/src/CCU4GLOBAL/CCU4GLOBAL.o
 .group         0x00000000        0x8 Dave/Generated/src/CCU4GLOBAL/CCU4GLOBAL.o
 .group         0x00000000        0x8 Dave/Generated/src/CCU4GLOBAL/CCU4GLOBAL.o
 .group         0x00000000        0x8 Dave/Generated/src/CCU4GLOBAL/CCU4GLOBAL.o
 .group         0x00000000        0x8 Dave/Generated/src/CCU4GLOBAL/CCU4GLOBAL.o
 .group         0x00000000        0x8 Dave/Generated/src/CCU4GLOBAL/CCU4GLOBAL.o
 .group         0x00000000        0x8 Dave/Generated/src/CCU4GLOBAL/CCU4GLOBAL.o
 .group         0x00000000        0x8 Dave/Generated/src/CCU4GLOBAL/CCU4GLOBAL.o
 .group         0x00000000        0x8 Dave/Generated/src/CCU4GLOBAL/CCU4GLOBAL.o
 .group         0x00000000        0x8 Dave/Generated/src/CCU4GLOBAL/CCU4GLOBAL.o
 .group         0x00000000        0x8 Dave/Generated/src/CCU4GLOBAL/CCU4GLOBAL.o
 .group         0x00000000        0x8 Dave/Generated/src/CCU4GLOBAL/CCU4GLOBAL.o
 .group         0x00000000        0x8 Dave/Generated/src/CCU4GLOBAL/CCU4GLOBAL.o
 .group         0x00000000        0x8 Dave/Generated/src/CCU4GLOBAL/CCU4GLOBAL.o
 .group         0x00000000        0x8 Dave/Generated/src/CCU4GLOBAL/CCU4GLOBAL.o
 .group         0x00000000        0x8 Dave/Generated/src/CCU4GLOBAL/CCU4GLOBAL.o
 .group         0x00000000        0x8 Dave/Generated/src/CCU4GLOBAL/CCU4GLOBAL.o
 .debug_macro   0x00000000      0x814 Dave/Generated/src/CCU4GLOBAL/CCU4GLOBAL.o
 .debug_macro   0x00000000      0x130 Dave/Generated/src/CCU4GLOBAL/CCU4GLOBAL.o
 .debug_macro   0x00000000       0x2d Dave/Generated/src/CCU4GLOBAL/CCU4GLOBAL.o
 .debug_macro   0x00000000       0x3b Dave/Generated/src/CCU4GLOBAL/CCU4GLOBAL.o
 .debug_macro   0x00000000       0x3a Dave/Generated/src/CCU4GLOBAL/CCU4GLOBAL.o
 .debug_macro   0x00000000       0x10 Dave/Generated/src/CCU4GLOBAL/CCU4GLOBAL.o
 .debug_macro   0x00000000       0x2e Dave/Generated/src/CCU4GLOBAL/CCU4GLOBAL.o
 .debug_macro   0x00000000       0xa3 Dave/Generated/src/CCU4GLOBAL/CCU4GLOBAL.o
 .debug_macro   0x00000000      0x20e Dave/Generated/src/CCU4GLOBAL/CCU4GLOBAL.o
 .debug_macro   0x00000000       0x2d Dave/Generated/src/CCU4GLOBAL/CCU4GLOBAL.o
 .debug_macro   0x00000000       0x42 Dave/Generated/src/CCU4GLOBAL/CCU4GLOBAL.o
 .debug_macro   0x00000000      0xd39 Dave/Generated/src/CCU4GLOBAL/CCU4GLOBAL.o
 .debug_macro   0x00000000       0x70 Dave/Generated/src/CCU4GLOBAL/CCU4GLOBAL.o
 .debug_macro   0x00000000    0x150f5 Dave/Generated/src/CCU4GLOBAL/CCU4GLOBAL.o
 .debug_macro   0x00000000      0x16c Dave/Generated/src/CCU4GLOBAL/CCU4GLOBAL.o
 .debug_macro   0x00000000       0x22 Dave/Generated/src/CCU4GLOBAL/CCU4GLOBAL.o
 .debug_macro   0x00000000       0x7f Dave/Generated/src/CCU4GLOBAL/CCU4GLOBAL.o
 .debug_macro   0x00000000       0xbb Dave/Generated/src/CCU4GLOBAL/CCU4GLOBAL.o
 .debug_macro   0x00000000       0x10 Dave/Generated/src/CCU4GLOBAL/CCU4GLOBAL.o
 .comment       0x00000000       0x71 Dave/Generated/src/CCU4GLOBAL/CCU4GLOBAL.o
 .group         0x00000000        0x8 Dave/Generated/src/CCU4GLOBAL/CCU4GLOBAL_Conf.o
 .group         0x00000000        0x8 Dave/Generated/src/CCU4GLOBAL/CCU4GLOBAL_Conf.o
 .group         0x00000000        0x8 Dave/Generated/src/CCU4GLOBAL/CCU4GLOBAL_Conf.o
 .group         0x00000000        0x8 Dave/Generated/src/CCU4GLOBAL/CCU4GLOBAL_Conf.o
 .group         0x00000000        0x8 Dave/Generated/src/CCU4GLOBAL/CCU4GLOBAL_Conf.o
 .group         0x00000000        0x8 Dave/Generated/src/CCU4GLOBAL/CCU4GLOBAL_Conf.o
 .group         0x00000000        0x8 Dave/Generated/src/CCU4GLOBAL/CCU4GLOBAL_Conf.o
 .group         0x00000000        0x8 Dave/Generated/src/CCU4GLOBAL/CCU4GLOBAL_Conf.o
 .group         0x00000000        0x8 Dave/Generated/src/CCU4GLOBAL/CCU4GLOBAL_Conf.o
 .group         0x00000000        0x8 Dave/Generated/src/CCU4GLOBAL/CCU4GLOBAL_Conf.o
 .group         0x00000000        0x8 Dave/Generated/src/CCU4GLOBAL/CCU4GLOBAL_Conf.o
 .group         0x00000000        0x8 Dave/Generated/src/CCU4GLOBAL/CCU4GLOBAL_Conf.o
 .group         0x00000000        0x8 Dave/Generated/src/CCU4GLOBAL/CCU4GLOBAL_Conf.o
 .group         0x00000000        0x8 Dave/Generated/src/CCU4GLOBAL/CCU4GLOBAL_Conf.o
 .group         0x00000000        0x8 Dave/Generated/src/CCU4GLOBAL/CCU4GLOBAL_Conf.o
 .group         0x00000000        0x8 Dave/Generated/src/CCU4GLOBAL/CCU4GLOBAL_Conf.o
 .group         0x00000000        0x8 Dave/Generated/src/CCU4GLOBAL/CCU4GLOBAL_Conf.o
 .group         0x00000000        0x8 Dave/Generated/src/CCU4GLOBAL/CCU4GLOBAL_Conf.o
 .group         0x00000000        0x8 Dave/Generated/src/CCU4GLOBAL/CCU4GLOBAL_Conf.o
 .debug_macro   0x00000000      0x814 Dave/Generated/src/CCU4GLOBAL/CCU4GLOBAL_Conf.o
 .debug_macro   0x00000000      0x130 Dave/Generated/src/CCU4GLOBAL/CCU4GLOBAL_Conf.o
 .debug_macro   0x00000000       0x2d Dave/Generated/src/CCU4GLOBAL/CCU4GLOBAL_Conf.o
 .debug_macro   0x00000000       0x3b Dave/Generated/src/CCU4GLOBAL/CCU4GLOBAL_Conf.o
 .debug_macro   0x00000000       0x3a Dave/Generated/src/CCU4GLOBAL/CCU4GLOBAL_Conf.o
 .debug_macro   0x00000000       0x10 Dave/Generated/src/CCU4GLOBAL/CCU4GLOBAL_Conf.o
 .debug_macro   0x00000000       0x2e Dave/Generated/src/CCU4GLOBAL/CCU4GLOBAL_Conf.o
 .debug_macro   0x00000000       0xa3 Dave/Generated/src/CCU4GLOBAL/CCU4GLOBAL_Conf.o
 .debug_macro   0x00000000      0x20e Dave/Generated/src/CCU4GLOBAL/CCU4GLOBAL_Conf.o
 .debug_macro   0x00000000       0x2d Dave/Generated/src/CCU4GLOBAL/CCU4GLOBAL_Conf.o
 .debug_macro   0x00000000       0x42 Dave/Generated/src/CCU4GLOBAL/CCU4GLOBAL_Conf.o
 .debug_macro   0x00000000      0xd39 Dave/Generated/src/CCU4GLOBAL/CCU4GLOBAL_Conf.o
 .debug_macro   0x00000000       0x70 Dave/Generated/src/CCU4GLOBAL/CCU4GLOBAL_Conf.o
 .debug_macro   0x00000000    0x150f5 Dave/Generated/src/CCU4GLOBAL/CCU4GLOBAL_Conf.o
 .debug_macro   0x00000000      0x16c Dave/Generated/src/CCU4GLOBAL/CCU4GLOBAL_Conf.o
 .debug_macro   0x00000000       0x22 Dave/Generated/src/CCU4GLOBAL/CCU4GLOBAL_Conf.o
 .debug_macro   0x00000000       0x7f Dave/Generated/src/CCU4GLOBAL/CCU4GLOBAL_Conf.o
 .debug_macro   0x00000000       0xbb Dave/Generated/src/CCU4GLOBAL/CCU4GLOBAL_Conf.o
 .debug_macro   0x00000000       0x10 Dave/Generated/src/CCU4GLOBAL/CCU4GLOBAL_Conf.o
 .comment       0x00000000       0x71 Dave/Generated/src/CCU4GLOBAL/CCU4GLOBAL_Conf.o

Memory Configuration

Name             Origin             Length             Attributes
FLASH_1_cached   0x08000000         0x00100000         xr
FLASH_1_uncached 0x0c000000         0x00100000         xr
PSRAM_1          0x10000000         0x00010000         !xr
DSRAM_1_system   0x20000000         0x00010000         !xr
DSRAM_2_comm     0x30000000         0x00008000         !xr
*default*        0x00000000         0xffffffff

Linker script and memory map

LOAD Startup/startup_XMC4500.o
LOAD Startup/system_XMC4500.o
LOAD Main.o
LOAD Lib/System_LibcStubs.o
LOAD Dave/Generated/src/RESET001/RESET001.o
LOAD Dave/Generated/src/PWMSP001/PWMSP001.o
LOAD Dave/Generated/src/PWMSP001/PWMSP001_Conf.o
LOAD Dave/Generated/src/LIBS/CCU8PWMLIB.o
LOAD Dave/Generated/src/LIBS/MOTORLIB.o
LOAD Dave/Generated/src/IO004/IO004.o
LOAD Dave/Generated/src/IO004/IO004_Conf.o
LOAD Dave/Generated/src/DAVESupport/DAVE3.o
LOAD Dave/Generated/src/DAVESupport/MULTIPLEXER.o
LOAD Dave/Generated/src/CLK001/CLK001.o
LOAD Dave/Generated/src/CCU4GLOBAL/CCU4GLOBAL.o
LOAD Dave/Generated/src/CCU4GLOBAL/CCU4GLOBAL_Conf.o
START GROUP
LOAD c:/dave-3.1.10/arm-gcc/bin/../lib/gcc/arm-none-eabi/4.7.4/armv7e-m\libgcc.a
LOAD c:/dave-3.1.10/arm-gcc/bin/../lib/gcc/arm-none-eabi/4.7.4/../../../../arm-none-eabi/lib/armv7e-m\libg.a
LOAD c:/dave-3.1.10/arm-gcc/bin/../lib/gcc/arm-none-eabi/4.7.4/../../../../arm-none-eabi/lib/armv7e-m\libc.a
END GROUP
                0x00000800                stack_size = 0x800

.text           0x08000000     0x3bec load address 0x0c000000
                0x08000000                sText = .
 *(.Xmc4500.reset)
 .Xmc4500.reset
                0x08000000      0x21c Startup/startup_XMC4500.o
                0x08000000                __Xmc4500_interrupt_vector_cortex_m
                0x08000200                __Xmc4500_reset_cortex_m
 *(.Xmc4500.postreset)
 .Xmc4500.postreset
                0x0800021c       0xa8 Startup/startup_XMC4500.o
 *(.XmcStartup)
 .XmcStartup    0x080002c4        0x4 Startup/startup_XMC4500.o
 *(.text .text.* .gnu.linkonce.t.*)
 .text          0x080002c8       0xe2 Startup/startup_XMC4500.o
                0x080002c8                NMI_Handler
                0x080002ca                HardFault_Handler
                0x080002cc                MemManage_Handler
                0x080002ce                BusFault_Handler
                0x080002d0                UsageFault_Handler
                0x080002d2                SVC_Handler
                0x080002d4                DebugMon_Handler
                0x080002d6                PendSV_Handler
                0x080002d8                SysTick_Handler
                0x080002da                SCU_0_IRQHandler
                0x080002dc                ERU0_0_IRQHandler
                0x080002de                ERU0_1_IRQHandler
                0x080002e0                ERU0_2_IRQHandler
                0x080002e2                ERU0_3_IRQHandler
                0x080002e4                ERU1_0_IRQHandler
                0x080002e6                ERU1_1_IRQHandler
                0x080002e8                ERU1_2_IRQHandler
                0x080002ea                ERU1_3_IRQHandler
                0x080002ec                PMU0_0_IRQHandler
                0x080002ee                VADC0_C0_0_IRQHandler
                0x080002f0                VADC0_C0_1_IRQHandler
                0x080002f2                VADC0_C0_2_IRQHandler
                0x080002f4                VADC0_C0_3_IRQHandler
                0x080002f6                VADC0_G0_0_IRQHandler
                0x080002f8                VADC0_G0_1_IRQHandler
                0x080002fa                VADC0_G0_2_IRQHandler
                0x080002fc                VADC0_G0_3_IRQHandler
                0x080002fe                VADC0_G1_0_IRQHandler
                0x08000300                VADC0_G1_1_IRQHandler
                0x08000302                VADC0_G1_2_IRQHandler
                0x08000304                VADC0_G1_3_IRQHandler
                0x08000306                VADC0_G2_0_IRQHandler
                0x08000308                VADC0_G2_1_IRQHandler
                0x0800030a                VADC0_G2_2_IRQHandler
                0x0800030c                VADC0_G2_3_IRQHandler
                0x0800030e                VADC0_G3_0_IRQHandler
                0x08000310                VADC0_G3_1_IRQHandler
                0x08000312                VADC0_G3_2_IRQHandler
                0x08000314                VADC0_G3_3_IRQHandler
                0x08000316                DSD0_0_IRQHandler
                0x08000318                DSD0_1_IRQHandler
                0x0800031a                DSD0_2_IRQHandler
                0x0800031c                DSD0_3_IRQHandler
                0x0800031e                DSD0_4_IRQHandler
                0x08000320                DSD0_5_IRQHandler
                0x08000322                DSD0_6_IRQHandler
                0x08000324                DSD0_7_IRQHandler
                0x08000326                DAC0_0_IRQHandler
                0x08000328                DAC0_1_IRQHandler
                0x0800032a                CCU40_0_IRQHandler
                0x0800032c                CCU40_1_IRQHandler
                0x0800032e                CCU40_2_IRQHandler
                0x08000330                CCU40_3_IRQHandler
                0x08000332                CCU41_0_IRQHandler
                0x08000334                CCU41_1_IRQHandler
                0x08000336                CCU41_2_IRQHandler
                0x08000338                CCU41_3_IRQHandler
                0x0800033a                CCU42_0_IRQHandler
                0x0800033c                CCU42_1_IRQHandler
                0x0800033e                CCU42_2_IRQHandler
                0x08000340                CCU42_3_IRQHandler
                0x08000342                CCU43_0_IRQHandler
                0x08000344                CCU43_1_IRQHandler
                0x08000346                CCU43_2_IRQHandler
                0x08000348                CCU43_3_IRQHandler
                0x0800034a                CCU80_0_IRQHandler
                0x0800034c                CCU80_1_IRQHandler
                0x0800034e                CCU80_2_IRQHandler
                0x08000350                CCU80_3_IRQHandler
                0x08000352                CCU81_0_IRQHandler
                0x08000354                CCU81_1_IRQHandler
                0x08000356                CCU81_2_IRQHandler
                0x08000358                CCU81_3_IRQHandler
                0x0800035a                POSIF0_0_IRQHandler
                0x0800035c                POSIF0_1_IRQHandler
                0x0800035e                POSIF1_0_IRQHandler
                0x08000360                POSIF1_1_IRQHandler
                0x08000362                CAN0_0_IRQHandler
                0x08000364                CAN0_1_IRQHandler
                0x08000366                CAN0_2_IRQHandler
                0x08000368                CAN0_3_IRQHandler
                0x0800036a                CAN0_4_IRQHandler
                0x0800036c                CAN0_5_IRQHandler
                0x0800036e                CAN0_6_IRQHandler
                0x08000370                CAN0_7_IRQHandler
                0x08000372                USIC0_0_IRQHandler
                0x08000374                USIC0_1_IRQHandler
                0x08000376                USIC0_2_IRQHandler
                0x08000378                USIC0_3_IRQHandler
                0x0800037a                USIC0_4_IRQHandler
                0x0800037c                USIC0_5_IRQHandler
                0x0800037e                USIC1_0_IRQHandler
                0x08000380                USIC1_1_IRQHandler
                0x08000382                USIC1_2_IRQHandler
                0x08000384                USIC1_3_IRQHandler
                0x08000386                USIC1_4_IRQHandler
                0x08000388                USIC1_5_IRQHandler
                0x0800038a                USIC2_0_IRQHandler
                0x0800038c                USIC2_1_IRQHandler
                0x0800038e                USIC2_2_IRQHandler
                0x08000390                USIC2_3_IRQHandler
                0x08000392                USIC2_4_IRQHandler
                0x08000394                USIC2_5_IRQHandler
                0x08000396                LEDTS0_0_IRQHandler
                0x08000398                FCE0_0_IRQHandler
                0x0800039a                GPDMA0_0_IRQHandler
                0x0800039c                SDMMC0_0_IRQHandler
                0x0800039e                USB0_0_IRQHandler
                0x080003a0                ETH0_0_IRQHandler
                0x080003a2                GPDMA1_0_IRQHandler
 .text          0x080003aa        0x0 Startup/system_XMC4500.o
 *fill*         0x080003aa        0x2 00
 .text.SystemInit
                0x080003ac       0x9c Startup/system_XMC4500.o
                0x080003ac                SystemInit
 .text.SystemCoreClockUpdate
                0x08000448      0x148 Startup/system_XMC4500.o
                0x08000448                SystemCoreClockUpdate
 .text.SystemClockSetup
                0x08000590      0x4cc Startup/system_XMC4500.o
 .text          0x08000a5c        0x0 Main.o
 .text.main     0x08000a5c       0x54 Main.o
                0x08000a5c                main
 .text.start_PWM_signals_test
                0x08000ab0       0x70 Main.o
                0x08000ab0                start_PWM_signals_test
 .text.update_PWM_signals_test
                0x08000b20       0x60 Main.o
                0x08000b20                update_PWM_signals_test
 .text.start_PWM_signals
                0x08000b80       0xa4 Main.o
                0x08000b80                start_PWM_signals
 .text.update_PWM_signals
                0x08000c24      0x200 Main.o
                0x08000c24                update_PWM_signals
 .text.read_R   0x08000e24       0xdc Main.o
                0x08000e24                read_R
 .text.pulse_R  0x08000f00       0x54 Main.o
                0x08000f00                pulse_R
 .text.configure_R
                0x08000f54      0x200 Main.o
                0x08000f54                configure_R
 .text.delay    0x08001154       0x30 Main.o
                0x08001154                delay
 .text          0x08001184        0x0 Lib/System_LibcStubs.o
 .text._open    0x08001184       0x1c Lib/System_LibcStubs.o
                0x08001184                _open
 .text._lseek   0x080011a0       0x1c Lib/System_LibcStubs.o
                0x080011a0                _lseek
 .text._read    0x080011bc       0x1c Lib/System_LibcStubs.o
                0x080011bc                _read
 .text._write   0x080011d8       0x1c Lib/System_LibcStubs.o
                0x080011d8                _write
 .text._close   0x080011f4       0x10 Lib/System_LibcStubs.o
                0x080011f4                _close
 .text._fstat   0x08001204       0x28 Lib/System_LibcStubs.o
                0x08001204                _fstat
 .text._link    0x0800122c       0x28 Lib/System_LibcStubs.o
                0x0800122c                _link
 .text._unlink  0x08001254       0x18 Lib/System_LibcStubs.o
                0x08001254                _unlink
 .text._sbrk    0x0800126c       0xa0 Lib/System_LibcStubs.o
                0x0800126c                _sbrk
 .text._times   0x0800130c       0x18 Lib/System_LibcStubs.o
                0x0800130c                _times
 .text._wait    0x08001324       0x18 Lib/System_LibcStubs.o
                0x08001324                _wait
 .text._kill    0x0800133c       0x1c Lib/System_LibcStubs.o
                0x0800133c                _kill
 .text._fork    0x08001358       0x10 Lib/System_LibcStubs.o
                0x08001358                _fork
 .text._getpid  0x08001368       0x10 Lib/System_LibcStubs.o
                0x08001368                _getpid
 .text._exit    0x08001378        0xc Lib/System_LibcStubs.o
                0x08001378                _exit
 .text._init    0x08001384        0xc Lib/System_LibcStubs.o
                0x08001384                _init
 .text._isatty  0x08001390       0x18 Lib/System_LibcStubs.o
                0x08001390                _isatty
 .text          0x080013a8        0x0 Dave/Generated/src/RESET001/RESET001.o
 .text.RESET001_AssertReset
                0x080013a8       0x54 Dave/Generated/src/RESET001/RESET001.o
                0x080013a8                RESET001_AssertReset
 .text.RESET001_DeassertReset
                0x080013fc       0x54 Dave/Generated/src/RESET001/RESET001.o
                0x080013fc                RESET001_DeassertReset
 .text.RESET001_GetResetInfo
                0x08001450       0x2c Dave/Generated/src/RESET001/RESET001.o
                0x08001450                RESET001_GetResetInfo
 .text.RESET001_GetStatus
                0x0800147c       0x7c Dave/Generated/src/RESET001/RESET001.o
                0x0800147c                RESET001_GetStatus
 .text.RESET001_ClearResetInfo
                0x080014f8       0x28 Dave/Generated/src/RESET001/RESET001.o
                0x080014f8                RESET001_ClearResetInfo
 .text          0x08001520        0x0 Dave/Generated/src/PWMSP001/PWMSP001.o
 .text.PWMSP001_Init
                0x08001520      0x1b0 Dave/Generated/src/PWMSP001/PWMSP001.o
                0x08001520                PWMSP001_Init
 .text.PWMSP001_lInit
                0x080016d0      0x2fc Dave/Generated/src/PWMSP001/PWMSP001.o
                0x080016d0                PWMSP001_lInit
 .text.PWMSP001_Deinit
                0x080019cc      0x180 Dave/Generated/src/PWMSP001/PWMSP001.o
                0x080019cc                PWMSP001_Deinit
 .text.PWMSP001_Start
                0x08001b4c      0x184 Dave/Generated/src/PWMSP001/PWMSP001.o
                0x08001b4c                PWMSP001_Start
 .text.PWMSP001_Stop
                0x08001cd0       0xac Dave/Generated/src/PWMSP001/PWMSP001.o
                0x08001cd0                PWMSP001_Stop
 .text.PWMSP001_SetCompare
                0x08001d7c       0x8c Dave/Generated/src/PWMSP001/PWMSP001.o
                0x08001d7c                PWMSP001_SetCompare
 .text.PWMSP001_lSetCompareEdgeAlign
                0x08001e08       0x50 Dave/Generated/src/PWMSP001/PWMSP001.o
                0x08001e08                PWMSP001_lSetCompareEdgeAlign
 .text.PWMSP001_lSetCompareEdgeAlignTimerConcat
                0x08001e58       0xa8 Dave/Generated/src/PWMSP001/PWMSP001.o
                0x08001e58                PWMSP001_lSetCompareEdgeAlignTimerConcat
 .text.PWMSP001_lSetCompareCenterAlign
                0x08001f00       0x4c Dave/Generated/src/PWMSP001/PWMSP001.o
                0x08001f00                PWMSP001_lSetCompareCenterAlign
 .text.PWMSP001_SetDutyCycle
                0x08001f4c       0x64 Dave/Generated/src/PWMSP001/PWMSP001.o
                0x08001f4c                PWMSP001_SetDutyCycle
 .text.PWMSP001_lSetDutyEdgeAlign
                0x08001fb0       0x9c Dave/Generated/src/PWMSP001/PWMSP001.o
                0x08001fb0                PWMSP001_lSetDutyEdgeAlign
 .text.PWMSP001_lSetDutyEdgeAlignTimerConcat
                0x0800204c      0x128 Dave/Generated/src/PWMSP001/PWMSP001.o
                0x0800204c                PWMSP001_lSetDutyEdgeAlignTimerConcat
 .text.PWMSP001_lSetDutyCenterAlign
                0x08002174       0x98 Dave/Generated/src/PWMSP001/PWMSP001.o
                0x08002174                PWMSP001_lSetDutyCenterAlign
 .text.PWMSP001_SetPeriodAndCompare
                0x0800220c       0xa8 Dave/Generated/src/PWMSP001/PWMSP001.o
                0x0800220c                PWMSP001_SetPeriodAndCompare
 .text.PWMSP001_SetPeriod
                0x080022b4       0xdc Dave/Generated/src/PWMSP001/PWMSP001.o
                0x080022b4                PWMSP001_SetPeriod
 .text.PWMSP001_SetPwmFreqAndDutyCycle
                0x08002390      0x118 Dave/Generated/src/PWMSP001/PWMSP001.o
                0x08002390                PWMSP001_SetPwmFreqAndDutyCycle
 .text.PWMSP001_SetPwmFreq
                0x080024a8      0x12c Dave/Generated/src/PWMSP001/PWMSP001.o
                0x080024a8                PWMSP001_SetPwmFreq
 .text.PWMSP001_lSetPwmFreqTimerConcat
                0x080025d4       0xbc Dave/Generated/src/PWMSP001/PWMSP001.o
                0x080025d4                PWMSP001_lSetPwmFreqTimerConcat
 .text.PWMSP001_SetTimerVal
                0x08002690       0x60 Dave/Generated/src/PWMSP001/PWMSP001.o
                0x08002690                PWMSP001_SetTimerVal
 .text.PWMSP001_GetTimerStatus
                0x080026f0       0x6c Dave/Generated/src/PWMSP001/PWMSP001.o
                0x080026f0                PWMSP001_GetTimerStatus
 .text.PWMSP001_GetTimerRegsVal
                0x0800275c       0xec Dave/Generated/src/PWMSP001/PWMSP001.o
                0x0800275c                PWMSP001_GetTimerRegsVal
 .text.PWMSP001_GetPeriodReg
                0x08002848       0x7c Dave/Generated/src/PWMSP001/PWMSP001.o
                0x08002848                PWMSP001_GetPeriodReg
 .text.PWMSP001_SWRequestShadowTransfer
                0x080028c4       0x98 Dave/Generated/src/PWMSP001/PWMSP001.o
                0x080028c4                PWMSP001_SWRequestShadowTransfer
 .text.PWMSP001_ResetTrapFlag
                0x0800295c       0x80 Dave/Generated/src/PWMSP001/PWMSP001.o
                0x0800295c                PWMSP001_ResetTrapFlag
 .text.PWMSP001_lConfigureSecondSlice
                0x080029dc      0x250 Dave/Generated/src/PWMSP001/PWMSP001.o
                0x080029dc                PWMSP001_lConfigureSecondSlice
 .text.PWMSP001_EnableEvent
                0x08002c2c       0x7c Dave/Generated/src/PWMSP001/PWMSP001.o
                0x08002c2c                PWMSP001_EnableEvent
 .text.PWMSP001_DisableEvent
                0x08002ca8       0x84 Dave/Generated/src/PWMSP001/PWMSP001.o
                0x08002ca8                PWMSP001_DisableEvent
 .text.PWMSP001_ClearPendingEvent
                0x08002d2c       0x7c Dave/Generated/src/PWMSP001/PWMSP001.o
                0x08002d2c                PWMSP001_ClearPendingEvent
 .text.PWMSP001_SetPendingEvent
                0x08002da8       0x7c Dave/Generated/src/PWMSP001/PWMSP001.o
                0x08002da8                PWMSP001_SetPendingEvent
 .text.PWMSP001_GetPendingEvent
                0x08002e24       0xa8 Dave/Generated/src/PWMSP001/PWMSP001.o
                0x08002e24                PWMSP001_GetPendingEvent
 .text          0x08002ecc        0x0 Dave/Generated/src/PWMSP001/PWMSP001_Conf.o
 .text          0x08002ecc        0x0 Dave/Generated/src/LIBS/CCU8PWMLIB.o
 .text          0x08002ecc        0x0 Dave/Generated/src/LIBS/MOTORLIB.o
 .text          0x08002ecc        0x0 Dave/Generated/src/IO004/IO004.o
 .text.IO004_Init
                0x08002ecc      0x250 Dave/Generated/src/IO004/IO004.o
                0x08002ecc                IO004_Init
 .text.IO004_DisableOutputDriver
                0x0800311c      0x17c Dave/Generated/src/IO004/IO004.o
                0x0800311c                IO004_DisableOutputDriver
 .text.IO004_EnableOutputDriver
                0x08003298      0x17c Dave/Generated/src/IO004/IO004.o
                0x08003298                IO004_EnableOutputDriver
 .text          0x08003414        0x0 Dave/Generated/src/IO004/IO004_Conf.o
 .text          0x08003414        0x0 Dave/Generated/src/DAVESupport/DAVE3.o
 .text.NVIC_SetPriorityGrouping
                0x08003414       0x50 Dave/Generated/src/DAVESupport/DAVE3.o
 .text.DAVE_Init
                0x08003464       0x28 Dave/Generated/src/DAVESupport/DAVE3.o
                0x08003464                DAVE_Init
 .text.SystemInit_DAVE3
                0x0800348c        0xc Dave/Generated/src/DAVESupport/DAVE3.o
                0x0800348c                SystemInit_DAVE3
 .text          0x08003498        0x0 Dave/Generated/src/DAVESupport/MULTIPLEXER.o
 .text.DAVE_MUX_Init
                0x08003498       0xc0 Dave/Generated/src/DAVESupport/MULTIPLEXER.o
                0x08003498                DAVE_MUX_Init
 .text.DAVE_MUX_PreInit
                0x08003558        0xc Dave/Generated/src/DAVESupport/MULTIPLEXER.o
                0x08003558                DAVE_MUX_PreInit
 .text          0x08003564        0x0 Dave/Generated/src/CLK001/CLK001.o
 .text.CLK001_Delay
                0x08003564       0x34 Dave/Generated/src/CLK001/CLK001.o
 .text.CLK001_SysClk_Valid
                0x08003598       0x38 Dave/Generated/src/CLK001/CLK001.o
 .text.CLK001_BackupClkTrim
                0x080035d0       0x94 Dave/Generated/src/CLK001/CLK001.o
 .text.CLK001_SetMainPLLClkSrc
                0x08003664       0xf0 Dave/Generated/src/CLK001/CLK001.o
 .text.CLK001_ConfigMainPLL
                0x08003754      0x15c Dave/Generated/src/CLK001/CLK001.o
 .text.CLK001_FreqStepupMainPLL
                0x080038b0      0x164 Dave/Generated/src/CLK001/CLK001.o
 .text.CLK001_SysClk_Init
                0x08003a14       0x50 Dave/Generated/src/CLK001/CLK001.o
 .text.CLK001_CCUClk_Init
                0x08003a64       0x24 Dave/Generated/src/CLK001/CLK001.o
 .text.CLK001_Init
                0x08003a88       0x38 Dave/Generated/src/CLK001/CLK001.o
                0x08003a88                CLK001_Init
 .text.AllowPLLInitByStartup
                0x08003ac0       0x10 Dave/Generated/src/CLK001/CLK001.o
                0x08003ac0                AllowPLLInitByStartup
 .text          0x08003ad0        0x0 Dave/Generated/src/CCU4GLOBAL/CCU4GLOBAL.o
 .text.CCU4GLOBAL_Init
                0x08003ad0       0x5c Dave/Generated/src/CCU4GLOBAL/CCU4GLOBAL.o
                0x08003ad0                CCU4GLOBAL_Init
 .text.CCU4Global_lInit
                0x08003b2c       0x2c Dave/Generated/src/CCU4GLOBAL/CCU4GLOBAL.o
 .text          0x08003b58        0x0 Dave/Generated/src/CCU4GLOBAL/CCU4GLOBAL_Conf.o
 .text          0x08003b58        0x0 c:/dave-3.1.10/arm-gcc/bin/../lib/gcc/arm-none-eabi/4.7.4/../../../../arm-none-eabi/lib/armv7e-m\libg.a(lib_a-init.o)
 .text.__libc_init_array
                0x08003b58       0x94 c:/dave-3.1.10/arm-gcc/bin/../lib/gcc/arm-none-eabi/4.7.4/../../../../arm-none-eabi/lib/armv7e-m\libg.a(lib_a-init.o)
                0x08003b58                __libc_init_array
 *(.glue*)
 .glue_7        0x00000000        0x0 linker stubs
 .glue_7t       0x00000000        0x0 linker stubs
 *(.v4*)
 .v4_bx         0x00000000        0x0 linker stubs
 *(.vfp11_veneer)
 .vfp11_veneer  0x00000000        0x0 linker stubs
 *(.init)
                0x08003bec                __preinit_array_start = .
 *(.preinit_array)
                0x08003bec                __preinit_array_end = .
                0x08003bec                __init_array_start = .
 *(SORT(.init_array.*))
 *(.init_array)
                0x08003bec                __init_array_end = .
 *crtbegin.o(.ctors)
 *(EXCLUDE_FILE(*crtend.o) .ctors)
 *(SORT(.ctors.*))
 *crtend.o(.ctors)
 *(.fini)
                0x08003bec                __fini_array_start = .
 *(.fini_array)
 *(SORT(.fini_array.*))
                0x08003bec                __fini_array_end = .
 *crtbegin.o(.dtors)
 *(EXCLUDE_FILE(*crtend.o) .dtors)
 *(SORT(.dtors.*))
 *crtend.o(.dtors)
                0x08003bec                __extab_start = .
 *(.ARM.extab* .gnu.linkonce.armextab.*)
 .ARM.extab.Xmc4500.reset
                0x08003bec        0x0 Startup/startup_XMC4500.o
 .ARM.extab.Xmc4500.postreset
                0x08003bec        0x0 Startup/startup_XMC4500.o
                0x08003bec                . = ALIGN (0x4)
                0x08003bec                __extab_end = ABSOLUTE (.)

.iplt           0x08003bec        0x0 load address 0x0c003bec
 .iplt          0x00000000        0x0 Startup/startup_XMC4500.o

.ARM.exidx      0x08003bec       0x10 load address 0x0c003bec
                0x08003bec                __exidx_start = .
 *(.ARM.exidx* .gnu.linkonce.armexidx.*)
 .ARM.exidx.Xmc4500.reset
                0x08003bec        0x8 Startup/startup_XMC4500.o
 .ARM.exidx.Xmc4500.postreset
                0x08003bf4        0x8 Startup/startup_XMC4500.o
                0x08003bfc                . = ALIGN (0x4)
                0x08003bfc                __exidx_end = ABSOLUTE (.)

.rodata         0x08003bfc      0x114 load address 0x0c003bfc
 *(.rodata .rodata.*)
 .rodata        0x08003bfc       0xd8 Dave/Generated/src/PWMSP001/PWMSP001_Conf.o
                0x08003bfc                PWMSP001_Handle0
                0x08003c44                PWMSP001_Handle1
                0x08003c8c                PWMSP001_Handle2
 .rodata        0x08003cd4       0x30 Dave/Generated/src/IO004/IO004_Conf.o
                0x08003cd4                IO004_Handle1
                0x08003cdc                IO004_Handle2
                0x08003ce4                IO004_Handle4
                0x08003cec                IO004_Handle5
                0x08003cf4                IO004_Handle6
                0x08003cfc                IO004_Handle7
 .rodata        0x08003d04        0xc Dave/Generated/src/CCU4GLOBAL/CCU4GLOBAL_Conf.o
                0x08003d04                CCU4Global_Handle0
 *(.gnu.linkonce.r*)

.rel.dyn        0x08003d10        0x0 load address 0x0c003d10
 .rel.iplt      0x00000000        0x0 Startup/startup_XMC4500.o
                0x08003d10                . = ALIGN (0x10)
                0x0c003d10                eROData = (. | 0x4000000)

Stack           0x10000000      0x800
                0x10000800                . = (. + stack_size)
 *fill*         0x10000000      0x800 00
                0x10000800                __Xmc4500_stack = .

.data3          0x10000800        0x0
                0x10000800                __data3_start = .
 *(.data3)
                0x10000800                __data3_end = .
                0x00000000                __data3_size = (__data3_end - __data3_start)

.data           0x20000000        0x8 load address 0x0c003d10
                0x20000000                __Xmc4500_sData = .
 *(.data)
 .data          0x20000000        0x0 Startup/startup_XMC4500.o
 .data          0x20000000        0x4 Startup/system_XMC4500.o
                0x20000000                SystemCoreClock
 .data          0x20000004        0x0 Main.o
 .data          0x20000004        0x0 Lib/System_LibcStubs.o
 .data          0x20000004        0x0 Dave/Generated/src/RESET001/RESET001.o
 .data          0x20000004        0x0 Dave/Generated/src/PWMSP001/PWMSP001.o
 .data          0x20000004        0x0 Dave/Generated/src/PWMSP001/PWMSP001_Conf.o
 .data          0x20000004        0x0 Dave/Generated/src/LIBS/CCU8PWMLIB.o
 .data          0x20000004        0x0 Dave/Generated/src/LIBS/MOTORLIB.o
 .data          0x20000004        0x0 Dave/Generated/src/IO004/IO004.o
 .data          0x20000004        0x0 Dave/Generated/src/IO004/IO004_Conf.o
 .data          0x20000004        0x0 Dave/Generated/src/DAVESupport/DAVE3.o
 .data          0x20000004        0x0 Dave/Generated/src/DAVESupport/MULTIPLEXER.o
 .data          0x20000004        0x0 Dave/Generated/src/CLK001/CLK001.o
 .data          0x20000004        0x0 Dave/Generated/src/CCU4GLOBAL/CCU4GLOBAL.o
 .data          0x20000004        0x4 Dave/Generated/src/CCU4GLOBAL/CCU4GLOBAL_Conf.o
                0x20000004                CCU4Global_HandleArray
 .data          0x20000008        0x0 c:/dave-3.1.10/arm-gcc/bin/../lib/gcc/arm-none-eabi/4.7.4/../../../../arm-none-eabi/lib/armv7e-m\libg.a(lib_a-init.o)
 *(.data*)
 *(*.data)
 *(.gnu.linkonce.d*)
                0x20000008                __Xmc4500_eData = ALIGN (0x4)
                0x00000008                __Xmc4500_Data_Size = (__Xmc4500_eData - __Xmc4500_sData)

.igot.plt       0x20000008        0x0 load address 0x0c003d18
 .igot.plt      0x00000000        0x0 Startup/startup_XMC4500.o

.ram_code       0x10000800        0x0 load address 0x0c003d18
                0x10000800                __ram_code_start = .
 *(.ram_code)
                0x10000800                __ram_code_end = .
                0x0c003d18                __ram_code_load = LOADADDR (.ram_code)
                0x00000000                __ram_code_size = (__ram_code_end - __ram_code_start)

.bss            0x20000008       0x3c load address 0x0c003d18
                0x20000008                __Xmc4500_sBSS = .
 *(.bss)
 .bss           0x20000008        0x0 Startup/startup_XMC4500.o
 .bss           0x20000008        0x0 Startup/system_XMC4500.o
 .bss           0x20000008        0x0 Main.o
 .bss           0x20000008        0xc Lib/System_LibcStubs.o
                0x20000008                __dso_handle
 .bss           0x20000014        0x0 Dave/Generated/src/RESET001/RESET001.o
 .bss           0x20000014        0x0 Dave/Generated/src/PWMSP001/PWMSP001.o
 .bss           0x20000014        0xc Dave/Generated/src/PWMSP001/PWMSP001_Conf.o
                0x20000014                PWMSP001_DynamicData0
                0x20000018                PWMSP001_DynamicData1
                0x2000001c                PWMSP001_DynamicData2
 .bss           0x20000020        0x0 Dave/Generated/src/LIBS/CCU8PWMLIB.o
 .bss           0x20000020        0x0 Dave/Generated/src/LIBS/MOTORLIB.o
 .bss           0x20000020        0x0 Dave/Generated/src/IO004/IO004.o
 .bss           0x20000020        0x0 Dave/Generated/src/IO004/IO004_Conf.o
 .bss           0x20000020        0x0 Dave/Generated/src/DAVESupport/DAVE3.o
 .bss           0x20000020        0x0 Dave/Generated/src/DAVESupport/MULTIPLEXER.o
 .bss           0x20000020        0x8 Dave/Generated/src/CLK001/CLK001.o
 .bss           0x20000028        0x4 Dave/Generated/src/CCU4GLOBAL/CCU4GLOBAL.o
 .bss           0x2000002c        0x0 Dave/Generated/src/CCU4GLOBAL/CCU4GLOBAL_Conf.o
 .bss           0x2000002c        0x0 c:/dave-3.1.10/arm-gcc/bin/../lib/gcc/arm-none-eabi/4.7.4/../../../../arm-none-eabi/lib/armv7e-m\libg.a(lib_a-init.o)
 *(.bss*)
 *(COMMON)
 COMMON         0x2000002c       0x15 Main.o
                0x2000002c                configuration
                0x2000003c                data_R
 *(.gnu.linkonce.b*)
                0x20000044                __Xmc4500_eBSS = ALIGN (0x4)
                0x20000044                . = ALIGN (0x4)
 *fill*         0x20000041        0x3 00
                0x20000044                Heap_Bank1_Start = .
                0x0000003c                __Xmc4500_BSS_Size = (__Xmc4500_eBSS - __Xmc4500_sBSS)

.data2          0x30000000        0x0
                0x30000000                __data2_start = .
 *(ETH_RAM)
                0x30000000                __data2_end = .
                0x00000000                __data2_size = (__data2_end - __data2_start)
                0x0000ffbc                Heap_Bank1_Size = (0x10000 - (Heap_Bank1_Start - ORIGIN (DSRAM_1_system)))

DSRAM2_Heap     0x30000000        0x0
                0x30000000                Heap_Bank2_Start = .
                0x00008000                Heap_Bank2_Size = (0x8000 - (Heap_Bank2_Start - ORIGIN (DSRAM_2_comm)))

PSRAM_Heap      0x10000800        0x0
                0x10000800                Heap_Bank3_Start = .
                0x0000f800                Heap_Bank3_Size = (0x10000 - (Heap_Bank3_Start - ORIGIN (PSRAM_1)))

/DISCARD/
 *(.comment)

.stab
 *(.stab)

.stabstr
 *(.stabstr)

.debug
 *(.debug)

.line
 *(.line)

.debug_srcinfo
 *(.debug_srcinfo)

.debug_sfnames
 *(.debug_sfnames)

.debug_aranges  0x00000000      0x440
 *(.debug_aranges)
 .debug_aranges
                0x00000000       0x38 Startup/startup_XMC4500.o
 .debug_aranges
                0x00000038       0x30 Startup/system_XMC4500.o
 .debug_aranges
                0x00000068       0x60 Main.o
 .debug_aranges
                0x000000c8       0xa0 Lib/System_LibcStubs.o
 .debug_aranges
                0x00000168       0x40 Dave/Generated/src/RESET001/RESET001.o
 .debug_aranges
                0x000001a8      0x108 Dave/Generated/src/PWMSP001/PWMSP001.o
 .debug_aranges
                0x000002b0       0x18 Dave/Generated/src/PWMSP001/PWMSP001_Conf.o
 .debug_aranges
                0x000002c8       0x18 Dave/Generated/src/LIBS/CCU8PWMLIB.o
 .debug_aranges
                0x000002e0       0x18 Dave/Generated/src/LIBS/MOTORLIB.o
 .debug_aranges
                0x000002f8       0x30 Dave/Generated/src/IO004/IO004.o
 .debug_aranges
                0x00000328       0x18 Dave/Generated/src/IO004/IO004_Conf.o
 .debug_aranges
                0x00000340       0x30 Dave/Generated/src/DAVESupport/DAVE3.o
 .debug_aranges
                0x00000370       0x28 Dave/Generated/src/DAVESupport/MULTIPLEXER.o
 .debug_aranges
                0x00000398       0x68 Dave/Generated/src/CLK001/CLK001.o
 .debug_aranges
                0x00000400       0x28 Dave/Generated/src/CCU4GLOBAL/CCU4GLOBAL.o
 .debug_aranges
                0x00000428       0x18 Dave/Generated/src/CCU4GLOBAL/CCU4GLOBAL_Conf.o

.debug_pubnames
 *(.debug_pubnames)

.debug_pubtypes
 *(.debug_pubtypes)

.debug_info     0x00000000     0x5924
 *(.debug_info .gnu.linkonce.wi.*)
 .debug_info    0x00000000       0x9f Startup/startup_XMC4500.o
 .debug_info    0x0000009f      0xaf0 Startup/system_XMC4500.o
 .debug_info    0x00000b8f      0xba2 Main.o
 .debug_info    0x00001731      0x65f Lib/System_LibcStubs.o
 .debug_info    0x00001d90      0x47c Dave/Generated/src/RESET001/RESET001.o
 .debug_info    0x0000220c     0x1503 Dave/Generated/src/PWMSP001/PWMSP001.o
 .debug_info    0x0000370f      0x79d Dave/Generated/src/PWMSP001/PWMSP001_Conf.o
 .debug_info    0x00003eac       0x94 Dave/Generated/src/LIBS/CCU8PWMLIB.o
 .debug_info    0x00003f40       0x94 Dave/Generated/src/LIBS/MOTORLIB.o
 .debug_info    0x00003fd4      0x3e0 Dave/Generated/src/IO004/IO004.o
 .debug_info    0x000043b4      0x2e0 Dave/Generated/src/IO004/IO004_Conf.o
 .debug_info    0x00004694      0x2e9 Dave/Generated/src/DAVESupport/DAVE3.o
 .debug_info    0x0000497d      0x389 Dave/Generated/src/DAVESupport/MULTIPLEXER.o
 .debug_info    0x00004d06      0x69f Dave/Generated/src/CLK001/CLK001.o
 .debug_info    0x000053a5      0x275 Dave/Generated/src/CCU4GLOBAL/CCU4GLOBAL.o
 .debug_info    0x0000561a      0x30a Dave/Generated/src/CCU4GLOBAL/CCU4GLOBAL_Conf.o

.debug_abbrev   0x00000000     0x1079
 *(.debug_abbrev)
 .debug_abbrev  0x00000000       0x12 Startup/startup_XMC4500.o
 .debug_abbrev  0x00000012      0x154 Startup/system_XMC4500.o
 .debug_abbrev  0x00000166      0x245 Main.o
 .debug_abbrev  0x000003ab      0x149 Lib/System_LibcStubs.o
 .debug_abbrev  0x000004f4      0x122 Dave/Generated/src/RESET001/RESET001.o
 .debug_abbrev  0x00000616      0x1a4 Dave/Generated/src/PWMSP001/PWMSP001.o
 .debug_abbrev  0x000007ba       0xf5 Dave/Generated/src/PWMSP001/PWMSP001_Conf.o
 .debug_abbrev  0x000008af       0x4e Dave/Generated/src/LIBS/CCU8PWMLIB.o
 .debug_abbrev  0x000008fd       0x4e Dave/Generated/src/LIBS/MOTORLIB.o
 .debug_abbrev  0x0000094b      0x129 Dave/Generated/src/IO004/IO004.o
 .debug_abbrev  0x00000a74       0xbb Dave/Generated/src/IO004/IO004_Conf.o
 .debug_abbrev  0x00000b2f       0xf3 Dave/Generated/src/DAVESupport/DAVE3.o
 .debug_abbrev  0x00000c22       0xbd Dave/Generated/src/DAVESupport/MULTIPLEXER.o
 .debug_abbrev  0x00000cdf      0x19c Dave/Generated/src/CLK001/CLK001.o
 .debug_abbrev  0x00000e7b      0x11e Dave/Generated/src/CCU4GLOBAL/CCU4GLOBAL.o
 .debug_abbrev  0x00000f99       0xe0 Dave/Generated/src/CCU4GLOBAL/CCU4GLOBAL_Conf.o

.debug_line     0x00000000     0x85f4
 *(.debug_line)
 .debug_line    0x00000000      0x130 Startup/startup_XMC4500.o
 .debug_line    0x00000130      0x3b7 Startup/system_XMC4500.o
 .debug_line    0x000004e7      0xcb7 Main.o
 .debug_line    0x0000119e      0x3c1 Lib/System_LibcStubs.o
 .debug_line    0x0000155f      0x41e Dave/Generated/src/RESET001/RESET001.o
 .debug_line    0x0000197d     0x101d Dave/Generated/src/PWMSP001/PWMSP001.o
 .debug_line    0x0000299a      0xb9a Dave/Generated/src/PWMSP001/PWMSP001_Conf.o
 .debug_line    0x00003534      0xbcd Dave/Generated/src/LIBS/CCU8PWMLIB.o
 .debug_line    0x00004101      0xbc9 Dave/Generated/src/LIBS/MOTORLIB.o
 .debug_line    0x00004cca      0xc34 Dave/Generated/src/IO004/IO004.o
 .debug_line    0x000058fe      0xb94 Dave/Generated/src/IO004/IO004_Conf.o
 .debug_line    0x00006492      0x92a Dave/Generated/src/DAVESupport/DAVE3.o
 .debug_line    0x00006dbc      0x915 Dave/Generated/src/DAVESupport/MULTIPLEXER.o
 .debug_line    0x000076d1      0x4c5 Dave/Generated/src/CLK001/CLK001.o
 .debug_line    0x00007b96      0x54a Dave/Generated/src/CCU4GLOBAL/CCU4GLOBAL.o
 .debug_line    0x000080e0      0x514 Dave/Generated/src/CCU4GLOBAL/CCU4GLOBAL_Conf.o

.debug_frame    0x00000000      0xa6c
 *(.debug_frame)
 .debug_frame   0x00000000       0x6c Startup/system_XMC4500.o
 .debug_frame   0x0000006c      0x120 Main.o
 .debug_frame   0x0000018c      0x1ec Lib/System_LibcStubs.o
 .debug_frame   0x00000378       0x9c Dave/Generated/src/RESET001/RESET001.o
 .debug_frame   0x00000414      0x38c Dave/Generated/src/PWMSP001/PWMSP001.o
 .debug_frame   0x000007a0       0x64 Dave/Generated/src/IO004/IO004.o
 .debug_frame   0x00000804       0x64 Dave/Generated/src/DAVESupport/DAVE3.o
 .debug_frame   0x00000868       0x48 Dave/Generated/src/DAVESupport/MULTIPLEXER.o
 .debug_frame   0x000008b0      0x13c Dave/Generated/src/CLK001/CLK001.o
 .debug_frame   0x000009ec       0x50 Dave/Generated/src/CCU4GLOBAL/CCU4GLOBAL.o
 .debug_frame   0x00000a3c       0x30 c:/dave-3.1.10/arm-gcc/bin/../lib/gcc/arm-none-eabi/4.7.4/../../../../arm-none-eabi/lib/armv7e-m\libg.a(lib_a-init.o)

.debug_str      0x00000000    0x9739a
 *(.debug_str)
 .debug_str     0x00000000    0x9018a Startup/system_XMC4500.o
                              0x9049c (size before relaxing)
 .debug_str     0x0009018a     0x3333 Main.o
                              0x9342d (size before relaxing)
 .debug_str     0x000934bd     0x2e29 Lib/System_LibcStubs.o
                               0x58bc (size before relaxing)
 .debug_str     0x000962e6      0x352 Dave/Generated/src/RESET001/RESET001.o
                              0x907fb (size before relaxing)
 .debug_str     0x00096638      0x854 Dave/Generated/src/PWMSP001/PWMSP001.o
                              0x937f6 (size before relaxing)
 .debug_str     0x00096e8c       0x71 Dave/Generated/src/PWMSP001/PWMSP001_Conf.o
                              0x92f65 (size before relaxing)
 .debug_str     0x00096efd       0x28 Dave/Generated/src/LIBS/CCU8PWMLIB.o
                              0x92a0a (size before relaxing)
 .debug_str     0x00096f25       0x26 Dave/Generated/src/LIBS/MOTORLIB.o
                              0x92a08 (size before relaxing)
 .debug_str     0x00096f4b       0xa4 Dave/Generated/src/IO004/IO004.o
                              0x92c47 (size before relaxing)
 .debug_str     0x00096fef       0x29 Dave/Generated/src/IO004/IO004_Conf.o
                              0x92b0e (size before relaxing)
 .debug_str     0x00097018       0x87 Dave/Generated/src/DAVESupport/DAVE3.o
                              0x92ad8 (size before relaxing)
 .debug_str     0x0009709f       0x5a Dave/Generated/src/DAVESupport/MULTIPLEXER.o
                              0x92ab1 (size before relaxing)
 .debug_str     0x000970f9      0x1b3 Dave/Generated/src/CLK001/CLK001.o
                              0x90aaa (size before relaxing)
 .debug_str     0x000972ac       0xa8 Dave/Generated/src/CCU4GLOBAL/CCU4GLOBAL.o
                              0x90be4 (size before relaxing)
 .debug_str     0x00097354       0x46 Dave/Generated/src/CCU4GLOBAL/CCU4GLOBAL_Conf.o
                              0x90ce3 (size before relaxing)

.debug_loc      0x00000000     0x11ac
 *(.debug_loc)
 .debug_loc     0x00000000       0xa8 Startup/system_XMC4500.o
 .debug_loc     0x000000a8      0x1d4 Main.o
 .debug_loc     0x0000027c      0x388 Lib/System_LibcStubs.o
 .debug_loc     0x00000604      0x118 Dave/Generated/src/RESET001/RESET001.o
 .debug_loc     0x0000071c      0x690 Dave/Generated/src/PWMSP001/PWMSP001.o
 .debug_loc     0x00000dac       0x9c Dave/Generated/src/IO004/IO004.o
 .debug_loc     0x00000e48       0x90 Dave/Generated/src/DAVESupport/DAVE3.o
 .debug_loc     0x00000ed8       0x58 Dave/Generated/src/DAVESupport/MULTIPLEXER.o
 .debug_loc     0x00000f30      0x20c Dave/Generated/src/CLK001/CLK001.o
 .debug_loc     0x0000113c       0x70 Dave/Generated/src/CCU4GLOBAL/CCU4GLOBAL.o

.debug_macinfo
 *(.debug_macinfo)

.debug_ranges   0x00000000      0x320
 *(.debug_ranges)
 .debug_ranges  0x00000000       0x30 Startup/startup_XMC4500.o
 .debug_ranges  0x00000030       0x20 Startup/system_XMC4500.o
 .debug_ranges  0x00000050       0x50 Main.o
 .debug_ranges  0x000000a0       0x90 Lib/System_LibcStubs.o
 .debug_ranges  0x00000130       0x30 Dave/Generated/src/RESET001/RESET001.o
 .debug_ranges  0x00000160       0xf8 Dave/Generated/src/PWMSP001/PWMSP001.o
 .debug_ranges  0x00000258       0x20 Dave/Generated/src/IO004/IO004.o
 .debug_ranges  0x00000278       0x20 Dave/Generated/src/DAVESupport/DAVE3.o
 .debug_ranges  0x00000298       0x18 Dave/Generated/src/DAVESupport/MULTIPLEXER.o
 .debug_ranges  0x000002b0       0x58 Dave/Generated/src/CLK001/CLK001.o
 .debug_ranges  0x00000308       0x18 Dave/Generated/src/CCU4GLOBAL/CCU4GLOBAL.o

.debug_weaknames
 *(.debug_weaknames)

.debug_funcnames
 *(.debug_funcnames)

.debug_typenames
 *(.debug_typenames)

.debug_varnames
 *(.debug_varnames)

.build_attributes
                0x00000000      0x3ac
 *(.ARM.attributes)
 .ARM.attributes
                0x00000000       0x27 Startup/startup_XMC4500.o
 .ARM.attributes
                0x00000027       0x39 Startup/system_XMC4500.o
 .ARM.attributes
                0x00000060       0x39 Main.o
 .ARM.attributes
                0x00000099       0x39 Lib/System_LibcStubs.o
 .ARM.attributes
                0x000000d2       0x39 Dave/Generated/src/RESET001/RESET001.o
 .ARM.attributes
                0x0000010b       0x39 Dave/Generated/src/PWMSP001/PWMSP001.o
 .ARM.attributes
                0x00000144       0x39 Dave/Generated/src/PWMSP001/PWMSP001_Conf.o
 .ARM.attributes
                0x0000017d       0x39 Dave/Generated/src/LIBS/CCU8PWMLIB.o
 .ARM.attributes
                0x000001b6       0x39 Dave/Generated/src/LIBS/MOTORLIB.o
 .ARM.attributes
                0x000001ef       0x39 Dave/Generated/src/IO004/IO004.o
 .ARM.attributes
                0x00000228       0x39 Dave/Generated/src/IO004/IO004_Conf.o
 .ARM.attributes
                0x00000261       0x39 Dave/Generated/src/DAVESupport/DAVE3.o
 .ARM.attributes
                0x0000029a       0x39 Dave/Generated/src/DAVESupport/MULTIPLEXER.o
 .ARM.attributes
                0x000002d3       0x39 Dave/Generated/src/CLK001/CLK001.o
 .ARM.attributes
                0x0000030c       0x39 Dave/Generated/src/CCU4GLOBAL/CCU4GLOBAL.o
 .ARM.attributes
                0x00000345       0x39 Dave/Generated/src/CCU4GLOBAL/CCU4GLOBAL_Conf.o
 .ARM.attributes
                0x0000037e       0x2e c:/dave-3.1.10/arm-gcc/bin/../lib/gcc/arm-none-eabi/4.7.4/../../../../arm-none-eabi/lib/armv7e-m\libg.a(lib_a-init.o)
OUTPUT(ControleInterno.elf elf32-littlearm)

.debug_macro    0x00000000    0x198bb
 .debug_macro   0x00000000      0x17e Startup/system_XMC4500.o
 .debug_macro   0x0000017e      0x814 Startup/system_XMC4500.o
 .debug_macro   0x00000992       0x3a Startup/system_XMC4500.o
 .debug_macro   0x000009cc       0x10 Startup/system_XMC4500.o
 .debug_macro   0x000009dc       0x2e Startup/system_XMC4500.o
 .debug_macro   0x00000a0a       0xa3 Startup/system_XMC4500.o
 .debug_macro   0x00000aad      0x20e Startup/system_XMC4500.o
 .debug_macro   0x00000cbb       0x6a Startup/system_XMC4500.o
 .debug_macro   0x00000d25       0x2d Startup/system_XMC4500.o
 .debug_macro   0x00000d52       0x3b Startup/system_XMC4500.o
 .debug_macro   0x00000d8d       0x2d Startup/system_XMC4500.o
 .debug_macro   0x00000dba       0x42 Startup/system_XMC4500.o
 .debug_macro   0x00000dfc      0xd39 Startup/system_XMC4500.o
 .debug_macro   0x00001b35    0x150f5 Startup/system_XMC4500.o
 .debug_macro   0x00016c2a      0x260 Main.o
 .debug_macro   0x00016e8a       0x70 Main.o
 .debug_macro   0x00016efa      0x16c Main.o
 .debug_macro   0x00017066       0x22 Main.o
 .debug_macro   0x00017088      0x54a Main.o
 .debug_macro   0x000175d2       0x64 Main.o
 .debug_macro   0x00017636       0x46 Main.o
 .debug_macro   0x0001767c      0x160 Main.o
 .debug_macro   0x000177dc       0x2d Main.o
 .debug_macro   0x00017809      0x130 Main.o
 .debug_macro   0x00017939       0x7f Main.o
 .debug_macro   0x000179b8       0xbb Main.o
 .debug_macro   0x00017a73       0x10 Main.o
 .debug_macro   0x00017a83       0x6d Main.o
 .debug_macro   0x00017af0      0x119 Lib/System_LibcStubs.o
 .debug_macro   0x00017c09       0x3a Lib/System_LibcStubs.o
 .debug_macro   0x00017c43       0x52 Lib/System_LibcStubs.o
 .debug_macro   0x00017c95       0x19 Lib/System_LibcStubs.o
 .debug_macro   0x00017cae      0x16d Lib/System_LibcStubs.o
 .debug_macro   0x00017e1b       0x10 Lib/System_LibcStubs.o
 .debug_macro   0x00017e2b       0x16 Lib/System_LibcStubs.o
 .debug_macro   0x00017e41       0x89 Lib/System_LibcStubs.o
 .debug_macro   0x00017eca       0x10 Lib/System_LibcStubs.o
 .debug_macro   0x00017eda       0xf5 Lib/System_LibcStubs.o
 .debug_macro   0x00017fcf       0x22 Lib/System_LibcStubs.o
 .debug_macro   0x00017ff1       0x91 Lib/System_LibcStubs.o
 .debug_macro   0x00018082       0x34 Lib/System_LibcStubs.o
 .debug_macro   0x000180b6      0x120 Lib/System_LibcStubs.o
 .debug_macro   0x000181d6       0x16 Lib/System_LibcStubs.o
 .debug_macro   0x000181ec       0x35 Lib/System_LibcStubs.o
 .debug_macro   0x00018221      0x495 Lib/System_LibcStubs.o
 .debug_macro   0x000186b6       0xff Dave/Generated/src/RESET001/RESET001.o
 .debug_macro   0x000187b5      0x270 Dave/Generated/src/PWMSP001/PWMSP001.o
 .debug_macro   0x00018a25      0x1a0 Dave/Generated/src/PWMSP001/PWMSP001_Conf.o
 .debug_macro   0x00018bc5      0x1a4 Dave/Generated/src/LIBS/CCU8PWMLIB.o
 .debug_macro   0x00018d69      0x1a4 Dave/Generated/src/LIBS/MOTORLIB.o
 .debug_macro   0x00018f0d      0x1a0 Dave/Generated/src/IO004/IO004.o
 .debug_macro   0x000190ad      0x1a0 Dave/Generated/src/IO004/IO004_Conf.o
 .debug_macro   0x0001924d      0x1a0 Dave/Generated/src/DAVESupport/DAVE3.o
 .debug_macro   0x000193ed      0x1a0 Dave/Generated/src/DAVESupport/MULTIPLEXER.o
 .debug_macro   0x0001958d       0xee Dave/Generated/src/CLK001/CLK001.o
 .debug_macro   0x0001967b      0x120 Dave/Generated/src/CCU4GLOBAL/CCU4GLOBAL.o
 .debug_macro   0x0001979b      0x120 Dave/Generated/src/CCU4GLOBAL/CCU4GLOBAL_Conf.o
