   1              		.syntax unified
   2              		.cpu cortex-m4
   3              		.eabi_attribute 27, 3
   4              		.fpu fpv4-sp-d16
   5              		.eabi_attribute 20, 1
   6              		.eabi_attribute 21, 1
   7              		.eabi_attribute 23, 3
   8              		.eabi_attribute 24, 1
   9              		.eabi_attribute 25, 1
  10              		.eabi_attribute 26, 1
  11              		.eabi_attribute 30, 6
  12              		.eabi_attribute 34, 1
  13              		.eabi_attribute 18, 4
  14              		.thumb
  15              		.file	"Main.c"
  16              		.text
  17              	.Ltext0:
  18              		.cfi_sections	.debug_frame
  19              		.comm	configuration,15,4
  20              		.comm	data_R,5,4
  21              		.comm	data_E,5,4
  22              		.section	.text.main,"ax",%progbits
  23              		.align	2
  24              		.global	main
  25              		.thumb
  26              		.thumb_func
  28              	main:
  29              	.LFB112:
  30              		.file 1 "../Main.c"
   1:../Main.c     **** /*
   2:../Main.c     ****  * Main.c
   3:../Main.c     ****  *
   4:../Main.c     ****  *  Created on: 20/11/2014
   5:../Main.c     ****  *      Author: Carlos
   6:../Main.c     ****  */
   7:../Main.c     **** 
   8:../Main.c     **** /* DADO3:
   9:../Main.c     **** BIT 0: BLAH2
  10:../Main.c     **** BIT 1: BUZINA
  11:../Main.c     **** BIT 2: ENABLE
  12:../Main.c     **** BIT 3: ALBH2
  13:../Main.c     **** BIT 4: BLAH1
  14:../Main.c     **** BIT 5: ALBH1
  15:../Main.c     **** */
  16:../Main.c     **** 
  17:../Main.c     **** /*
  18:../Main.c     ****  * Potenciometro(costas)
  19:../Main.c     ****  * |	|
  20:../Main.c     ****  * Gnd	Sig
  21:../Main.c     ****  *
  22:../Main.c     ****  *
  23:../Main.c     ****  *
  24:../Main.c     ****  *
  25:../Main.c     ****  *
  26:../Main.c     ****  * |
  27:../Main.c     ****  * Vcc
  28:../Main.c     ****  * */
  29:../Main.c     **** 
  30:../Main.c     **** /***************************************************
  31:../Main.c     ****  * Codigo organizado para uso no XI WINTER CHALLENGE
  32:../Main.c     ****  *Byte 0 : LEDS (? definido no spartacus, retirar quando trocar prgrama do feather)
  33:../Main.c     ****  *Byte 1 : PWM 1
  34:../Main.c     ****  *Byte 2 : PWM 2
  35:../Main.c     ****  *Byte 3 : SENTIDOS
  36:../Main.c     ****  *Byte 3 : PWM 3 (Arma)
  37:../Main.c     ****  ***************************************************/
  38:../Main.c     **** 
  39:../Main.c     **** //TODO Separar partes do codigo em arquivos diferentes
  40:../Main.c     **** /***************************************************/
  41:../Main.c     **** /*************DECLARACAO DAS DEFINICOES*************/
  42:../Main.c     **** /***************************************************/
  43:../Main.c     **** 
  44:../Main.c     **** #define NULL 0
  45:../Main.c     **** //Defines referentes aos limites
  46:../Main.c     **** #define PWM_LIM 60
  47:../Main.c     **** 
  48:../Main.c     **** //Defines referentes ao protocolo
  49:../Main.c     **** #define BYTES_TO_SEND 5
  50:../Main.c     **** //Defines referentes ao byte DADO 3
  51:../Main.c     **** #define	BLAH2		0
  52:../Main.c     **** #define	BUZINA		1
  53:../Main.c     **** #define	ENABLE		2
  54:../Main.c     **** #define	ALBH2		3
  55:../Main.c     **** #define	BLAH1		4
  56:../Main.c     **** #define	ALBH1		5
  57:../Main.c     **** //Defines referentes ao transceptor
  58:../Main.c     **** #define CS	 	IO004_Handle1
  59:../Main.c     **** #define CLK1 	IO004_Handle2
  60:../Main.c     **** #define DATA 	IO004_Handle4
  61:../Main.c     **** #define DR1		IO004_Handle5
  62:../Main.c     **** #define CE 		IO004_Handle6
  63:../Main.c     **** 
  64:../Main.c     **** #include <DAVE3.h>		//Declarations from DAVE3 Code Generation (includes SFR declaration)
  65:../Main.c     **** //#include
  66:../Main.c     **** 
  67:../Main.c     **** 
  68:../Main.c     **** /***************************************************/
  69:../Main.c     **** /**************DECLARACAO DAS FUNCOES***************/
  70:../Main.c     **** /***************************************************/
  71:../Main.c     **** 
  72:../Main.c     **** void delay(long unsigned int i);
  73:../Main.c     **** void pulse_R();
  74:../Main.c     **** void configure_R();
  75:../Main.c     **** void read_R();
  76:../Main.c     **** void delay(long unsigned int i);
  77:../Main.c     **** void updateButtonStates();
  78:../Main.c     **** 
  79:../Main.c     **** /***************************************************/
  80:../Main.c     **** /**********DECLARACAO DE VARIAVEIS GLOBAIS**********/
  81:../Main.c     **** /***************************************************/
  82:../Main.c     **** 
  83:../Main.c     **** char configuration[15];
  84:../Main.c     **** char data_R[BYTES_TO_SEND];
  85:../Main.c     **** char data_E[BYTES_TO_SEND];
  86:../Main.c     **** 
  87:../Main.c     **** /***************************************************/
  88:../Main.c     **** /***********************MAIN************************/
  89:../Main.c     **** /***************************************************/
  90:../Main.c     **** 
  91:../Main.c     **** int main(void)
  92:../Main.c     **** {
  31              		.loc 1 92 0
  32              		.cfi_startproc
  33              		@ args = 0, pretend = 0, frame = 0
  34              		@ frame_needed = 1, uses_anonymous_args = 0
  35 0000 80B5     		push	{r7, lr}
  36              	.LCFI0:
  37              		.cfi_def_cfa_offset 8
  38              		.cfi_offset 7, -8
  39              		.cfi_offset 14, -4
  40 0002 00AF     		add	r7, sp, #0
  41              	.LCFI1:
  42              		.cfi_def_cfa_register 7
  93:../Main.c     **** //	status_t status;		// Declaration of return variable for DAVE3 APIs (toggle comment if required)
  94:../Main.c     **** 	DAVE_Init();			// Initialization of DAVE Apps
  43              		.loc 1 94 0
  44 0004 FFF7FEFF 		bl	DAVE_Init
  95:../Main.c     **** 	/*Etapa de inicializacao*/
  96:../Main.c     **** 	configure_R(); //Configura transceptor como receptor
  45              		.loc 1 96 0
  46 0008 FFF7FEFF 		bl	configure_R
  47 000c 00E0     		b	.L3
  48              	.L4:
  97:../Main.c     **** 	//IO004_SetPin(LED1); //Leds para debug
  98:../Main.c     **** 	//IO004_SetPin(LED2);
  99:../Main.c     **** 
 100:../Main.c     **** 	/*Loop do codigo*/
 101:../Main.c     **** 	while(1)
 102:../Main.c     **** 	{
 103:../Main.c     **** 		if (IO004_ReadPin(DR1))
 104:../Main.c     **** 		{
 105:../Main.c     **** 			read_R();
 106:../Main.c     **** 		}
 107:../Main.c     **** 	}
  49              		.loc 1 107 0
  50 000e 00BF     		nop
  51              	.L3:
 103:../Main.c     **** 		if (IO004_ReadPin(DR1))
  52              		.loc 1 103 0
  53 0010 40F20003 		movw	r3, #:lower16:IO004_Handle5
  54 0014 C0F20003 		movt	r3, #:upper16:IO004_Handle5
  55 0018 5B68     		ldr	r3, [r3, #4]
  56 001a 5A6A     		ldr	r2, [r3, #36]
  57 001c 40F20003 		movw	r3, #:lower16:IO004_Handle5
  58 0020 C0F20003 		movt	r3, #:upper16:IO004_Handle5
  59 0024 5B78     		ldrb	r3, [r3, #1]	@ zero_extendqisi2
  60 0026 22FA03F3 		lsr	r3, r2, r3
  61 002a 03F00103 		and	r3, r3, #1
  62 002e 002B     		cmp	r3, #0
  63 0030 EDD0     		beq	.L4
 105:../Main.c     **** 			read_R();
  64              		.loc 1 105 0
  65 0032 FFF7FEFF 		bl	read_R
  66              		.loc 1 107 0
  67 0036 EAE7     		b	.L4
  68              		.cfi_endproc
  69              	.LFE112:
  71              		.section	.text.read_R,"ax",%progbits
  72              		.align	2
  73              		.global	read_R
  74              		.thumb
  75              		.thumb_func
  77              	read_R:
  78              	.LFB113:
 108:../Main.c     **** 	return 0;
 109:../Main.c     **** }
 110:../Main.c     **** 
 111:../Main.c     **** /***************************************************/
 112:../Main.c     **** /***************FUNCOES DO TRANSCEPTOR**************/
 113:../Main.c     **** /***************************************************/
 114:../Main.c     **** 
 115:../Main.c     **** void read_R()
 116:../Main.c     **** {
  79              		.loc 1 116 0
  80              		.cfi_startproc
  81              		@ args = 0, pretend = 0, frame = 16
  82              		@ frame_needed = 1, uses_anonymous_args = 0
  83 0000 80B5     		push	{r7, lr}
  84              	.LCFI2:
  85              		.cfi_def_cfa_offset 8
  86              		.cfi_offset 7, -8
  87              		.cfi_offset 14, -4
  88 0002 84B0     		sub	sp, sp, #16
  89              	.LCFI3:
  90              		.cfi_def_cfa_offset 24
  91 0004 00AF     		add	r7, sp, #0
  92              	.LCFI4:
  93              		.cfi_def_cfa_register 7
 117:../Main.c     **** 	int i, j;
 118:../Main.c     **** 	IO004_ResetPin(CE);
  94              		.loc 1 118 0
  95 0006 40F20003 		movw	r3, #:lower16:IO004_Handle6
  96 000a C0F20003 		movt	r3, #:upper16:IO004_Handle6
  97 000e 5A68     		ldr	r2, [r3, #4]
  98 0010 40F20003 		movw	r3, #:lower16:IO004_Handle6
  99 0014 C0F20003 		movt	r3, #:upper16:IO004_Handle6
 100 0018 5B78     		ldrb	r3, [r3, #1]	@ zero_extendqisi2
 101 001a 4FF48031 		mov	r1, #65536
 102 001e 01FA03F3 		lsl	r3, r1, r3
 103 0022 5360     		str	r3, [r2, #4]
 119:../Main.c     **** 	delay(50000);
 104              		.loc 1 119 0
 105 0024 4CF25030 		movw	r0, #50000
 106 0028 FFF7FEFF 		bl	delay
 120:../Main.c     **** 	uint8_t temp = 0;
 107              		.loc 1 120 0
 108 002c 4FF00003 		mov	r3, #0
 109 0030 FB71     		strb	r3, [r7, #7]
 121:../Main.c     **** 	for (j = 0; j < BYTES_TO_SEND; j++)
 110              		.loc 1 121 0
 111 0032 4FF00003 		mov	r3, #0
 112 0036 BB60     		str	r3, [r7, #8]
 113 0038 33E0     		b	.L6
 114              	.L10:
 122:../Main.c     **** 	{
 123:../Main.c     **** 		for (i = 7; i > -1; i --)
 115              		.loc 1 123 0
 116 003a 4FF00703 		mov	r3, #7
 117 003e FB60     		str	r3, [r7, #12]
 118 0040 20E0     		b	.L7
 119              	.L9:
 124:../Main.c     **** 		{
 125:../Main.c     **** 			if (IO004_ReadPin(DATA)) temp |= (1<<i);
 120              		.loc 1 125 0
 121 0042 40F20003 		movw	r3, #:lower16:IO004_Handle4
 122 0046 C0F20003 		movt	r3, #:upper16:IO004_Handle4
 123 004a 5B68     		ldr	r3, [r3, #4]
 124 004c 5A6A     		ldr	r2, [r3, #36]
 125 004e 40F20003 		movw	r3, #:lower16:IO004_Handle4
 126 0052 C0F20003 		movt	r3, #:upper16:IO004_Handle4
 127 0056 5B78     		ldrb	r3, [r3, #1]	@ zero_extendqisi2
 128 0058 22FA03F3 		lsr	r3, r2, r3
 129 005c 03F00103 		and	r3, r3, #1
 130 0060 002B     		cmp	r3, #0
 131 0062 09D0     		beq	.L8
 132              		.loc 1 125 0 is_stmt 0 discriminator 1
 133 0064 4FF00102 		mov	r2, #1
 134 0068 FB68     		ldr	r3, [r7, #12]
 135 006a 02FA03F3 		lsl	r3, r2, r3
 136 006e DAB2     		uxtb	r2, r3
 137 0070 FB79     		ldrb	r3, [r7, #7]	@ zero_extendqisi2
 138 0072 1343     		orrs	r3, r3, r2
 139 0074 DBB2     		uxtb	r3, r3
 140 0076 FB71     		strb	r3, [r7, #7]
 141              	.L8:
 126:../Main.c     **** 			pulse_R();
 142              		.loc 1 126 0 is_stmt 1
 143 0078 FFF7FEFF 		bl	pulse_R
 123:../Main.c     **** 		for (i = 7; i > -1; i --)
 144              		.loc 1 123 0
 145 007c FB68     		ldr	r3, [r7, #12]
 146 007e 03F1FF33 		add	r3, r3, #-1
 147 0082 FB60     		str	r3, [r7, #12]
 148              	.L7:
 123:../Main.c     **** 		for (i = 7; i > -1; i --)
 149              		.loc 1 123 0 is_stmt 0 discriminator 1
 150 0084 FB68     		ldr	r3, [r7, #12]
 151 0086 002B     		cmp	r3, #0
 152 0088 DBDA     		bge	.L9
 127:../Main.c     **** 		}
 128:../Main.c     **** 		data_R[j] = temp;
 153              		.loc 1 128 0 is_stmt 1
 154 008a 40F20003 		movw	r3, #:lower16:data_R
 155 008e C0F20003 		movt	r3, #:upper16:data_R
 156 0092 BA68     		ldr	r2, [r7, #8]
 157 0094 9B18     		adds	r3, r3, r2
 158 0096 FA79     		ldrb	r2, [r7, #7]
 159 0098 1A70     		strb	r2, [r3, #0]
 121:../Main.c     **** 	for (j = 0; j < BYTES_TO_SEND; j++)
 160              		.loc 1 121 0
 161 009a BB68     		ldr	r3, [r7, #8]
 162 009c 03F10103 		add	r3, r3, #1
 163 00a0 BB60     		str	r3, [r7, #8]
 164              	.L6:
 121:../Main.c     **** 	for (j = 0; j < BYTES_TO_SEND; j++)
 165              		.loc 1 121 0 is_stmt 0 discriminator 1
 166 00a2 BB68     		ldr	r3, [r7, #8]
 167 00a4 042B     		cmp	r3, #4
 168 00a6 C8DD     		ble	.L10
 129:../Main.c     **** 	}
 130:../Main.c     **** 	IO004_SetPin(CE);
 169              		.loc 1 130 0 is_stmt 1
 170 00a8 40F20003 		movw	r3, #:lower16:IO004_Handle6
 171 00ac C0F20003 		movt	r3, #:upper16:IO004_Handle6
 172 00b0 5A68     		ldr	r2, [r3, #4]
 173 00b2 40F20003 		movw	r3, #:lower16:IO004_Handle6
 174 00b6 C0F20003 		movt	r3, #:upper16:IO004_Handle6
 175 00ba 5B78     		ldrb	r3, [r3, #1]	@ zero_extendqisi2
 176 00bc 4FF00101 		mov	r1, #1
 177 00c0 01FA03F3 		lsl	r3, r1, r3
 178 00c4 5360     		str	r3, [r2, #4]
 131:../Main.c     **** 	delay(50000);
 179              		.loc 1 131 0
 180 00c6 4CF25030 		movw	r0, #50000
 181 00ca FFF7FEFF 		bl	delay
 132:../Main.c     **** }
 182              		.loc 1 132 0
 183 00ce 07F11007 		add	r7, r7, #16
 184 00d2 BD46     		mov	sp, r7
 185 00d4 80BD     		pop	{r7, pc}
 186              		.cfi_endproc
 187              	.LFE113:
 189 00d6 00BF     		.section	.text.pulse_R,"ax",%progbits
 190              		.align	2
 191              		.global	pulse_R
 192              		.thumb
 193              		.thumb_func
 195              	pulse_R:
 196              	.LFB114:
 133:../Main.c     **** 
 134:../Main.c     **** void pulse_R()
 135:../Main.c     **** {
 197              		.loc 1 135 0
 198              		.cfi_startproc
 199              		@ args = 0, pretend = 0, frame = 0
 200              		@ frame_needed = 1, uses_anonymous_args = 0
 201 0000 80B5     		push	{r7, lr}
 202              	.LCFI5:
 203              		.cfi_def_cfa_offset 8
 204              		.cfi_offset 7, -8
 205              		.cfi_offset 14, -4
 206 0002 00AF     		add	r7, sp, #0
 207              	.LCFI6:
 208              		.cfi_def_cfa_register 7
 136:../Main.c     **** 	delay(300);
 209              		.loc 1 136 0
 210 0004 4FF49670 		mov	r0, #300
 211 0008 FFF7FEFF 		bl	delay
 137:../Main.c     **** 	IO004_SetPin(CLK1);
 212              		.loc 1 137 0
 213 000c 40F20003 		movw	r3, #:lower16:IO004_Handle2
 214 0010 C0F20003 		movt	r3, #:upper16:IO004_Handle2
 215 0014 5A68     		ldr	r2, [r3, #4]
 216 0016 40F20003 		movw	r3, #:lower16:IO004_Handle2
 217 001a C0F20003 		movt	r3, #:upper16:IO004_Handle2
 218 001e 5B78     		ldrb	r3, [r3, #1]	@ zero_extendqisi2
 219 0020 4FF00101 		mov	r1, #1
 220 0024 01FA03F3 		lsl	r3, r1, r3
 221 0028 5360     		str	r3, [r2, #4]
 138:../Main.c     **** 	delay(300);
 222              		.loc 1 138 0
 223 002a 4FF49670 		mov	r0, #300
 224 002e FFF7FEFF 		bl	delay
 139:../Main.c     **** 	IO004_ResetPin(CLK1);
 225              		.loc 1 139 0
 226 0032 40F20003 		movw	r3, #:lower16:IO004_Handle2
 227 0036 C0F20003 		movt	r3, #:upper16:IO004_Handle2
 228 003a 5A68     		ldr	r2, [r3, #4]
 229 003c 40F20003 		movw	r3, #:lower16:IO004_Handle2
 230 0040 C0F20003 		movt	r3, #:upper16:IO004_Handle2
 231 0044 5B78     		ldrb	r3, [r3, #1]	@ zero_extendqisi2
 232 0046 4FF48031 		mov	r1, #65536
 233 004a 01FA03F3 		lsl	r3, r1, r3
 234 004e 5360     		str	r3, [r2, #4]
 140:../Main.c     **** }
 235              		.loc 1 140 0
 236 0050 80BD     		pop	{r7, pc}
 237              		.cfi_endproc
 238              	.LFE114:
 240 0052 00BF     		.section	.text.configure_R,"ax",%progbits
 241              		.align	2
 242              		.global	configure_R
 243              		.thumb
 244              		.thumb_func
 246              	configure_R:
 247              	.LFB115:
 141:../Main.c     **** 
 142:../Main.c     **** void configure_R()
 143:../Main.c     **** {
 248              		.loc 1 143 0
 249              		.cfi_startproc
 250              		@ args = 0, pretend = 0, frame = 8
 251              		@ frame_needed = 1, uses_anonymous_args = 0
 252 0000 80B5     		push	{r7, lr}
 253              	.LCFI7:
 254              		.cfi_def_cfa_offset 8
 255              		.cfi_offset 7, -8
 256              		.cfi_offset 14, -4
 257 0002 82B0     		sub	sp, sp, #8
 258              	.LCFI8:
 259              		.cfi_def_cfa_offset 16
 260 0004 00AF     		add	r7, sp, #0
 261              	.LCFI9:
 262              		.cfi_def_cfa_register 7
 144:../Main.c     **** 	/*Atribuicao de valores ao vetor de configuracao do transceptor*/
 145:../Main.c     **** 	configuration[0] = 0xC5;//RF_CH# e OP_MODE 0b11000101
 263              		.loc 1 145 0
 264 0006 40F20003 		movw	r3, #:lower16:configuration
 265 000a C0F20003 		movt	r3, #:upper16:configuration
 266 000e 4FF0C502 		mov	r2, #197
 267 0012 1A70     		strb	r2, [r3, #0]
 146:../Main.c     **** 	configuration[1] = 0x4F;//RX2_EN, CM, RFDR_SB13, X0_F, RF_PWR 0b01101111
 268              		.loc 1 146 0
 269 0014 40F20003 		movw	r3, #:lower16:configuration
 270 0018 C0F20003 		movt	r3, #:upper16:configuration
 271 001c 4FF04F02 		mov	r2, #79
 272 0020 5A70     		strb	r2, [r3, #1]
 147:../Main.c     **** 	configuration[2] = 0xA3;//addr_w
 273              		.loc 1 147 0
 274 0022 40F20003 		movw	r3, #:lower16:configuration
 275 0026 C0F20003 		movt	r3, #:upper16:configuration
 276 002a 4FF0A302 		mov	r2, #163
 277 002e 9A70     		strb	r2, [r3, #2]
 148:../Main.c     **** 	configuration[3] = 0xEE;//Comeco enderco CH1 00000001
 278              		.loc 1 148 0
 279 0030 40F20003 		movw	r3, #:lower16:configuration
 280 0034 C0F20003 		movt	r3, #:upper16:configuration
 281 0038 4FF0EE02 		mov	r2, #238
 282 003c DA70     		strb	r2, [r3, #3]
 149:../Main.c     **** 	configuration[4] = 0xDD;//0b00000000
 283              		.loc 1 149 0
 284 003e 40F20003 		movw	r3, #:lower16:configuration
 285 0042 C0F20003 		movt	r3, #:upper16:configuration
 286 0046 4FF0DD02 		mov	r2, #221
 287 004a 1A71     		strb	r2, [r3, #4]
 150:../Main.c     **** 	configuration[5] = 0xCC;//0b11010100
 288              		.loc 1 150 0
 289 004c 40F20003 		movw	r3, #:lower16:configuration
 290 0050 C0F20003 		movt	r3, #:upper16:configuration
 291 0054 4FF0CC02 		mov	r2, #204
 292 0058 5A71     		strb	r2, [r3, #5]
 151:../Main.c     **** 	configuration[6] = 0xBB;//0b11011111
 293              		.loc 1 151 0
 294 005a 40F20003 		movw	r3, #:lower16:configuration
 295 005e C0F20003 		movt	r3, #:upper16:configuration
 296 0062 4FF0BB02 		mov	r2, #187
 297 0066 9A71     		strb	r2, [r3, #6]
 152:../Main.c     **** 	configuration[7] = 0xAA;//Fim enderco CH1 0b11101010
 298              		.loc 1 152 0
 299 0068 40F20003 		movw	r3, #:lower16:configuration
 300 006c C0F20003 		movt	r3, #:upper16:configuration
 301 0070 4FF0AA02 		mov	r2, #170
 302 0074 DA71     		strb	r2, [r3, #7]
 153:../Main.c     **** 	configuration[8] = 0b00000000;//Comeco enderco CH2
 303              		.loc 1 153 0
 304 0076 40F20003 		movw	r3, #:lower16:configuration
 305 007a C0F20003 		movt	r3, #:upper16:configuration
 306 007e 4FF00002 		mov	r2, #0
 307 0082 1A72     		strb	r2, [r3, #8]
 154:../Main.c     **** 	configuration[9] = 0b00000000;
 308              		.loc 1 154 0
 309 0084 40F20003 		movw	r3, #:lower16:configuration
 310 0088 C0F20003 		movt	r3, #:upper16:configuration
 311 008c 4FF00002 		mov	r2, #0
 312 0090 5A72     		strb	r2, [r3, #9]
 155:../Main.c     **** 	configuration[10] = 0b00000000;
 313              		.loc 1 155 0
 314 0092 40F20003 		movw	r3, #:lower16:configuration
 315 0096 C0F20003 		movt	r3, #:upper16:configuration
 316 009a 4FF00002 		mov	r2, #0
 317 009e 9A72     		strb	r2, [r3, #10]
 156:../Main.c     **** 	configuration[11] = 0b00000000;
 318              		.loc 1 156 0
 319 00a0 40F20003 		movw	r3, #:lower16:configuration
 320 00a4 C0F20003 		movt	r3, #:upper16:configuration
 321 00a8 4FF00002 		mov	r2, #0
 322 00ac DA72     		strb	r2, [r3, #11]
 157:../Main.c     **** 	configuration[12] = 0b00000000;//Fim enderco CH2
 323              		.loc 1 157 0
 324 00ae 40F20003 		movw	r3, #:lower16:configuration
 325 00b2 C0F20003 		movt	r3, #:upper16:configuration
 326 00b6 4FF00002 		mov	r2, #0
 327 00ba 1A73     		strb	r2, [r3, #12]
 158:../Main.c     **** 	configuration[13] = 0x28;//num bits enviados (1 byte nesse ex) TODO arrumar
 328              		.loc 1 158 0
 329 00bc 40F20003 		movw	r3, #:lower16:configuration
 330 00c0 C0F20003 		movt	r3, #:upper16:configuration
 331 00c4 4FF02802 		mov	r2, #40
 332 00c8 5A73     		strb	r2, [r3, #13]
 159:../Main.c     **** 	configuration[14] = 0b00000000;
 333              		.loc 1 159 0
 334 00ca 40F20003 		movw	r3, #:lower16:configuration
 335 00ce C0F20003 		movt	r3, #:upper16:configuration
 336 00d2 4FF00002 		mov	r2, #0
 337 00d6 9A73     		strb	r2, [r3, #14]
 160:../Main.c     **** 
 161:../Main.c     **** 	IO004_ResetPin(CE);
 338              		.loc 1 161 0
 339 00d8 40F20003 		movw	r3, #:lower16:IO004_Handle6
 340 00dc C0F20003 		movt	r3, #:upper16:IO004_Handle6
 341 00e0 5A68     		ldr	r2, [r3, #4]
 342 00e2 40F20003 		movw	r3, #:lower16:IO004_Handle6
 343 00e6 C0F20003 		movt	r3, #:upper16:IO004_Handle6
 344 00ea 5B78     		ldrb	r3, [r3, #1]	@ zero_extendqisi2
 345 00ec 4FF48031 		mov	r1, #65536
 346 00f0 01FA03F3 		lsl	r3, r1, r3
 347 00f4 5360     		str	r3, [r2, #4]
 162:../Main.c     **** 	IO004_SetPin(CS);
 348              		.loc 1 162 0
 349 00f6 40F20003 		movw	r3, #:lower16:IO004_Handle1
 350 00fa C0F20003 		movt	r3, #:upper16:IO004_Handle1
 351 00fe 5A68     		ldr	r2, [r3, #4]
 352 0100 40F20003 		movw	r3, #:lower16:IO004_Handle1
 353 0104 C0F20003 		movt	r3, #:upper16:IO004_Handle1
 354 0108 5B78     		ldrb	r3, [r3, #1]	@ zero_extendqisi2
 355 010a 4FF00101 		mov	r1, #1
 356 010e 01FA03F3 		lsl	r3, r1, r3
 357 0112 5360     		str	r3, [r2, #4]
 163:../Main.c     **** 	int i, j;
 164:../Main.c     **** 	for (i = 14; i > -1; i--)
 358              		.loc 1 164 0
 359 0114 4FF00E03 		mov	r3, #14
 360 0118 7B60     		str	r3, [r7, #4]
 361 011a 3FE0     		b	.L13
 362              	.L18:
 165:../Main.c     **** 	{
 166:../Main.c     **** 		for (j = 7; j > -1; j--)
 363              		.loc 1 166 0
 364 011c 4FF00703 		mov	r3, #7
 365 0120 3B60     		str	r3, [r7, #0]
 366 0122 34E0     		b	.L14
 367              	.L17:
 167:../Main.c     **** 		{
 168:../Main.c     **** 			if ((configuration[i]&(1<<j))>0) IO004_SetPin(DATA);
 368              		.loc 1 168 0
 369 0124 40F20003 		movw	r3, #:lower16:configuration
 370 0128 C0F20003 		movt	r3, #:upper16:configuration
 371 012c 7A68     		ldr	r2, [r7, #4]
 372 012e 9B18     		adds	r3, r3, r2
 373 0130 1B78     		ldrb	r3, [r3, #0]	@ zero_extendqisi2
 374 0132 1A46     		mov	r2, r3
 375 0134 4FF00101 		mov	r1, #1
 376 0138 3B68     		ldr	r3, [r7, #0]
 377 013a 01FA03F3 		lsl	r3, r1, r3
 378 013e 1340     		ands	r3, r3, r2
 379 0140 002B     		cmp	r3, #0
 380 0142 0FDD     		ble	.L15
 381              		.loc 1 168 0 is_stmt 0 discriminator 1
 382 0144 40F20003 		movw	r3, #:lower16:IO004_Handle4
 383 0148 C0F20003 		movt	r3, #:upper16:IO004_Handle4
 384 014c 5A68     		ldr	r2, [r3, #4]
 385 014e 40F20003 		movw	r3, #:lower16:IO004_Handle4
 386 0152 C0F20003 		movt	r3, #:upper16:IO004_Handle4
 387 0156 5B78     		ldrb	r3, [r3, #1]	@ zero_extendqisi2
 388 0158 4FF00101 		mov	r1, #1
 389 015c 01FA03F3 		lsl	r3, r1, r3
 390 0160 5360     		str	r3, [r2, #4]
 391 0162 0EE0     		b	.L16
 392              	.L15:
 169:../Main.c     **** 			else IO004_ResetPin(DATA);;
 393              		.loc 1 169 0 is_stmt 1
 394 0164 40F20003 		movw	r3, #:lower16:IO004_Handle4
 395 0168 C0F20003 		movt	r3, #:upper16:IO004_Handle4
 396 016c 5A68     		ldr	r2, [r3, #4]
 397 016e 40F20003 		movw	r3, #:lower16:IO004_Handle4
 398 0172 C0F20003 		movt	r3, #:upper16:IO004_Handle4
 399 0176 5B78     		ldrb	r3, [r3, #1]	@ zero_extendqisi2
 400 0178 4FF48031 		mov	r1, #65536
 401 017c 01FA03F3 		lsl	r3, r1, r3
 402 0180 5360     		str	r3, [r2, #4]
 403              	.L16:
 170:../Main.c     **** 			pulse_R();
 404              		.loc 1 170 0
 405 0182 FFF7FEFF 		bl	pulse_R
 166:../Main.c     **** 		for (j = 7; j > -1; j--)
 406              		.loc 1 166 0
 407 0186 3B68     		ldr	r3, [r7, #0]
 408 0188 03F1FF33 		add	r3, r3, #-1
 409 018c 3B60     		str	r3, [r7, #0]
 410              	.L14:
 166:../Main.c     **** 		for (j = 7; j > -1; j--)
 411              		.loc 1 166 0 is_stmt 0 discriminator 1
 412 018e 3B68     		ldr	r3, [r7, #0]
 413 0190 002B     		cmp	r3, #0
 414 0192 C7DA     		bge	.L17
 164:../Main.c     **** 	for (i = 14; i > -1; i--)
 415              		.loc 1 164 0 is_stmt 1
 416 0194 7B68     		ldr	r3, [r7, #4]
 417 0196 03F1FF33 		add	r3, r3, #-1
 418 019a 7B60     		str	r3, [r7, #4]
 419              	.L13:
 164:../Main.c     **** 	for (i = 14; i > -1; i--)
 420              		.loc 1 164 0 is_stmt 0 discriminator 1
 421 019c 7B68     		ldr	r3, [r7, #4]
 422 019e 002B     		cmp	r3, #0
 423 01a0 BCDA     		bge	.L18
 171:../Main.c     **** 		}
 172:../Main.c     **** 	}
 173:../Main.c     **** 	IO004_DisableOutputDriver(&DATA, IO004_CONT_POLLING);
 424              		.loc 1 173 0 is_stmt 1
 425 01a2 40F20000 		movw	r0, #:lower16:IO004_Handle4
 426 01a6 C0F20000 		movt	r0, #:upper16:IO004_Handle4
 427 01aa 4FF00301 		mov	r1, #3
 428 01ae FFF7FEFF 		bl	IO004_DisableOutputDriver
 174:../Main.c     **** 	IO004_ResetPin(CS);
 429              		.loc 1 174 0
 430 01b2 40F20003 		movw	r3, #:lower16:IO004_Handle1
 431 01b6 C0F20003 		movt	r3, #:upper16:IO004_Handle1
 432 01ba 5A68     		ldr	r2, [r3, #4]
 433 01bc 40F20003 		movw	r3, #:lower16:IO004_Handle1
 434 01c0 C0F20003 		movt	r3, #:upper16:IO004_Handle1
 435 01c4 5B78     		ldrb	r3, [r3, #1]	@ zero_extendqisi2
 436 01c6 4FF48031 		mov	r1, #65536
 437 01ca 01FA03F3 		lsl	r3, r1, r3
 438 01ce 5360     		str	r3, [r2, #4]
 175:../Main.c     **** 	IO004_SetPin(CE);
 439              		.loc 1 175 0
 440 01d0 40F20003 		movw	r3, #:lower16:IO004_Handle6
 441 01d4 C0F20003 		movt	r3, #:upper16:IO004_Handle6
 442 01d8 5A68     		ldr	r2, [r3, #4]
 443 01da 40F20003 		movw	r3, #:lower16:IO004_Handle6
 444 01de C0F20003 		movt	r3, #:upper16:IO004_Handle6
 445 01e2 5B78     		ldrb	r3, [r3, #1]	@ zero_extendqisi2
 446 01e4 4FF00101 		mov	r1, #1
 447 01e8 01FA03F3 		lsl	r3, r1, r3
 448 01ec 5360     		str	r3, [r2, #4]
 176:../Main.c     **** 	delay(50000);
 449              		.loc 1 176 0
 450 01ee 4CF25030 		movw	r0, #50000
 451 01f2 FFF7FEFF 		bl	delay
 177:../Main.c     **** }
 452              		.loc 1 177 0
 453 01f6 07F10807 		add	r7, r7, #8
 454 01fa BD46     		mov	sp, r7
 455 01fc 80BD     		pop	{r7, pc}
 456              		.cfi_endproc
 457              	.LFE115:
 459 01fe 00BF     		.section	.text.delay,"ax",%progbits
 460              		.align	2
 461              		.global	delay
 462              		.thumb
 463              		.thumb_func
 465              	delay:
 466              	.LFB116:
 178:../Main.c     **** 
 179:../Main.c     **** /***************************************************/
 180:../Main.c     **** /*****************FUNCOES GERAIS********************/
 181:../Main.c     **** /***************************************************/
 182:../Main.c     **** 
 183:../Main.c     **** void delay(long unsigned int i)
 184:../Main.c     **** {
 467              		.loc 1 184 0
 468              		.cfi_startproc
 469              		@ args = 0, pretend = 0, frame = 8
 470              		@ frame_needed = 1, uses_anonymous_args = 0
 471              		@ link register save eliminated.
 472 0000 80B4     		push	{r7}
 473              	.LCFI10:
 474              		.cfi_def_cfa_offset 4
 475              		.cfi_offset 7, -4
 476 0002 83B0     		sub	sp, sp, #12
 477              	.LCFI11:
 478              		.cfi_def_cfa_offset 16
 479 0004 00AF     		add	r7, sp, #0
 480              	.LCFI12:
 481              		.cfi_def_cfa_register 7
 482 0006 7860     		str	r0, [r7, #4]
 185:../Main.c     **** 	while(i--)
 483              		.loc 1 185 0
 484 0008 00E0     		b	.L20
 485              	.L21:
 486              	.LBB4:
 487              	.LBB5:
 488              		.file 2 "C:\\DAVE-3.1.10\\eclipse\\/../CMSIS/Include/core_cmInstr.h"
   1:C:\DAVE-3.1.10\eclipse\/../CMSIS/Include\core_cmInstr.h **** /**************************************************************************//**
   2:C:\DAVE-3.1.10\eclipse\/../CMSIS/Include\core_cmInstr.h ****  * @file     core_cmInstr.h
   3:C:\DAVE-3.1.10\eclipse\/../CMSIS/Include\core_cmInstr.h ****  * @brief    CMSIS Cortex-M Core Instruction Access Header File
   4:C:\DAVE-3.1.10\eclipse\/../CMSIS/Include\core_cmInstr.h ****  * @version  V3.20
   5:C:\DAVE-3.1.10\eclipse\/../CMSIS/Include\core_cmInstr.h ****  * @date     05. March 2013
   6:C:\DAVE-3.1.10\eclipse\/../CMSIS/Include\core_cmInstr.h ****  *
   7:C:\DAVE-3.1.10\eclipse\/../CMSIS/Include\core_cmInstr.h ****  * @note
   8:C:\DAVE-3.1.10\eclipse\/../CMSIS/Include\core_cmInstr.h ****  *
   9:C:\DAVE-3.1.10\eclipse\/../CMSIS/Include\core_cmInstr.h ****  ******************************************************************************/
  10:C:\DAVE-3.1.10\eclipse\/../CMSIS/Include\core_cmInstr.h **** /* Copyright (c) 2009 - 2013 ARM LIMITED
  11:C:\DAVE-3.1.10\eclipse\/../CMSIS/Include\core_cmInstr.h **** 
  12:C:\DAVE-3.1.10\eclipse\/../CMSIS/Include\core_cmInstr.h ****    All rights reserved.
  13:C:\DAVE-3.1.10\eclipse\/../CMSIS/Include\core_cmInstr.h ****    Redistribution and use in source and binary forms, with or without
  14:C:\DAVE-3.1.10\eclipse\/../CMSIS/Include\core_cmInstr.h ****    modification, are permitted provided that the following conditions are met:
  15:C:\DAVE-3.1.10\eclipse\/../CMSIS/Include\core_cmInstr.h ****    - Redistributions of source code must retain the above copyright
  16:C:\DAVE-3.1.10\eclipse\/../CMSIS/Include\core_cmInstr.h ****      notice, this list of conditions and the following disclaimer.
  17:C:\DAVE-3.1.10\eclipse\/../CMSIS/Include\core_cmInstr.h ****    - Redistributions in binary form must reproduce the above copyright
  18:C:\DAVE-3.1.10\eclipse\/../CMSIS/Include\core_cmInstr.h ****      notice, this list of conditions and the following disclaimer in the
  19:C:\DAVE-3.1.10\eclipse\/../CMSIS/Include\core_cmInstr.h ****      documentation and/or other materials provided with the distribution.
  20:C:\DAVE-3.1.10\eclipse\/../CMSIS/Include\core_cmInstr.h ****    - Neither the name of ARM nor the names of its contributors may be used
  21:C:\DAVE-3.1.10\eclipse\/../CMSIS/Include\core_cmInstr.h ****      to endorse or promote products derived from this software without
  22:C:\DAVE-3.1.10\eclipse\/../CMSIS/Include\core_cmInstr.h ****      specific prior written permission.
  23:C:\DAVE-3.1.10\eclipse\/../CMSIS/Include\core_cmInstr.h ****    *
  24:C:\DAVE-3.1.10\eclipse\/../CMSIS/Include\core_cmInstr.h ****    THIS SOFTWARE IS PROVIDED BY THE COPYRIGHT HOLDERS AND CONTRIBUTORS "AS IS"
  25:C:\DAVE-3.1.10\eclipse\/../CMSIS/Include\core_cmInstr.h ****    AND ANY EXPRESS OR IMPLIED WARRANTIES, INCLUDING, BUT NOT LIMITED TO, THE
  26:C:\DAVE-3.1.10\eclipse\/../CMSIS/Include\core_cmInstr.h ****    IMPLIED WARRANTIES OF MERCHANTABILITY AND FITNESS FOR A PARTICULAR PURPOSE
  27:C:\DAVE-3.1.10\eclipse\/../CMSIS/Include\core_cmInstr.h ****    ARE DISCLAIMED. IN NO EVENT SHALL COPYRIGHT HOLDERS AND CONTRIBUTORS BE
  28:C:\DAVE-3.1.10\eclipse\/../CMSIS/Include\core_cmInstr.h ****    LIABLE FOR ANY DIRECT, INDIRECT, INCIDENTAL, SPECIAL, EXEMPLARY, OR
  29:C:\DAVE-3.1.10\eclipse\/../CMSIS/Include\core_cmInstr.h ****    CONSEQUENTIAL DAMAGES (INCLUDING, BUT NOT LIMITED TO, PROCUREMENT OF
  30:C:\DAVE-3.1.10\eclipse\/../CMSIS/Include\core_cmInstr.h ****    SUBSTITUTE GOODS OR SERVICES; LOSS OF USE, DATA, OR PROFITS; OR BUSINESS
  31:C:\DAVE-3.1.10\eclipse\/../CMSIS/Include\core_cmInstr.h ****    INTERRUPTION) HOWEVER CAUSED AND ON ANY THEORY OF LIABILITY, WHETHER IN
  32:C:\DAVE-3.1.10\eclipse\/../CMSIS/Include\core_cmInstr.h ****    CONTRACT, STRICT LIABILITY, OR TORT (INCLUDING NEGLIGENCE OR OTHERWISE)
  33:C:\DAVE-3.1.10\eclipse\/../CMSIS/Include\core_cmInstr.h ****    ARISING IN ANY WAY OUT OF THE USE OF THIS SOFTWARE, EVEN IF ADVISED OF THE
  34:C:\DAVE-3.1.10\eclipse\/../CMSIS/Include\core_cmInstr.h ****    POSSIBILITY OF SUCH DAMAGE.
  35:C:\DAVE-3.1.10\eclipse\/../CMSIS/Include\core_cmInstr.h ****    ---------------------------------------------------------------------------*/
  36:C:\DAVE-3.1.10\eclipse\/../CMSIS/Include\core_cmInstr.h **** 
  37:C:\DAVE-3.1.10\eclipse\/../CMSIS/Include\core_cmInstr.h **** 
  38:C:\DAVE-3.1.10\eclipse\/../CMSIS/Include\core_cmInstr.h **** #ifndef __CORE_CMINSTR_H
  39:C:\DAVE-3.1.10\eclipse\/../CMSIS/Include\core_cmInstr.h **** #define __CORE_CMINSTR_H
  40:C:\DAVE-3.1.10\eclipse\/../CMSIS/Include\core_cmInstr.h **** 
  41:C:\DAVE-3.1.10\eclipse\/../CMSIS/Include\core_cmInstr.h **** 
  42:C:\DAVE-3.1.10\eclipse\/../CMSIS/Include\core_cmInstr.h **** /* ##########################  Core Instruction Access  ######################### */
  43:C:\DAVE-3.1.10\eclipse\/../CMSIS/Include\core_cmInstr.h **** /** \defgroup CMSIS_Core_InstructionInterface CMSIS Core Instruction Interface
  44:C:\DAVE-3.1.10\eclipse\/../CMSIS/Include\core_cmInstr.h ****   Access to dedicated instructions
  45:C:\DAVE-3.1.10\eclipse\/../CMSIS/Include\core_cmInstr.h ****   @{
  46:C:\DAVE-3.1.10\eclipse\/../CMSIS/Include\core_cmInstr.h **** */
  47:C:\DAVE-3.1.10\eclipse\/../CMSIS/Include\core_cmInstr.h **** 
  48:C:\DAVE-3.1.10\eclipse\/../CMSIS/Include\core_cmInstr.h **** #if   defined ( __CC_ARM ) /*------------------RealView Compiler -----------------*/
  49:C:\DAVE-3.1.10\eclipse\/../CMSIS/Include\core_cmInstr.h **** /* ARM armcc specific functions */
  50:C:\DAVE-3.1.10\eclipse\/../CMSIS/Include\core_cmInstr.h **** 
  51:C:\DAVE-3.1.10\eclipse\/../CMSIS/Include\core_cmInstr.h **** #if (__ARMCC_VERSION < 400677)
  52:C:\DAVE-3.1.10\eclipse\/../CMSIS/Include\core_cmInstr.h ****   #error "Please use ARM Compiler Toolchain V4.0.677 or later!"
  53:C:\DAVE-3.1.10\eclipse\/../CMSIS/Include\core_cmInstr.h **** #endif
  54:C:\DAVE-3.1.10\eclipse\/../CMSIS/Include\core_cmInstr.h **** 
  55:C:\DAVE-3.1.10\eclipse\/../CMSIS/Include\core_cmInstr.h **** 
  56:C:\DAVE-3.1.10\eclipse\/../CMSIS/Include\core_cmInstr.h **** /** \brief  No Operation
  57:C:\DAVE-3.1.10\eclipse\/../CMSIS/Include\core_cmInstr.h **** 
  58:C:\DAVE-3.1.10\eclipse\/../CMSIS/Include\core_cmInstr.h ****     No Operation does nothing. This instruction can be used for code alignment purposes.
  59:C:\DAVE-3.1.10\eclipse\/../CMSIS/Include\core_cmInstr.h ****  */
  60:C:\DAVE-3.1.10\eclipse\/../CMSIS/Include\core_cmInstr.h **** #define __NOP                             __nop
  61:C:\DAVE-3.1.10\eclipse\/../CMSIS/Include\core_cmInstr.h **** 
  62:C:\DAVE-3.1.10\eclipse\/../CMSIS/Include\core_cmInstr.h **** 
  63:C:\DAVE-3.1.10\eclipse\/../CMSIS/Include\core_cmInstr.h **** /** \brief  Wait For Interrupt
  64:C:\DAVE-3.1.10\eclipse\/../CMSIS/Include\core_cmInstr.h **** 
  65:C:\DAVE-3.1.10\eclipse\/../CMSIS/Include\core_cmInstr.h ****     Wait For Interrupt is a hint instruction that suspends execution
  66:C:\DAVE-3.1.10\eclipse\/../CMSIS/Include\core_cmInstr.h ****     until one of a number of events occurs.
  67:C:\DAVE-3.1.10\eclipse\/../CMSIS/Include\core_cmInstr.h ****  */
  68:C:\DAVE-3.1.10\eclipse\/../CMSIS/Include\core_cmInstr.h **** #define __WFI                             __wfi
  69:C:\DAVE-3.1.10\eclipse\/../CMSIS/Include\core_cmInstr.h **** 
  70:C:\DAVE-3.1.10\eclipse\/../CMSIS/Include\core_cmInstr.h **** 
  71:C:\DAVE-3.1.10\eclipse\/../CMSIS/Include\core_cmInstr.h **** /** \brief  Wait For Event
  72:C:\DAVE-3.1.10\eclipse\/../CMSIS/Include\core_cmInstr.h **** 
  73:C:\DAVE-3.1.10\eclipse\/../CMSIS/Include\core_cmInstr.h ****     Wait For Event is a hint instruction that permits the processor to enter
  74:C:\DAVE-3.1.10\eclipse\/../CMSIS/Include\core_cmInstr.h ****     a low-power state until one of a number of events occurs.
  75:C:\DAVE-3.1.10\eclipse\/../CMSIS/Include\core_cmInstr.h ****  */
  76:C:\DAVE-3.1.10\eclipse\/../CMSIS/Include\core_cmInstr.h **** #define __WFE                             __wfe
  77:C:\DAVE-3.1.10\eclipse\/../CMSIS/Include\core_cmInstr.h **** 
  78:C:\DAVE-3.1.10\eclipse\/../CMSIS/Include\core_cmInstr.h **** 
  79:C:\DAVE-3.1.10\eclipse\/../CMSIS/Include\core_cmInstr.h **** /** \brief  Send Event
  80:C:\DAVE-3.1.10\eclipse\/../CMSIS/Include\core_cmInstr.h **** 
  81:C:\DAVE-3.1.10\eclipse\/../CMSIS/Include\core_cmInstr.h ****     Send Event is a hint instruction. It causes an event to be signaled to the CPU.
  82:C:\DAVE-3.1.10\eclipse\/../CMSIS/Include\core_cmInstr.h ****  */
  83:C:\DAVE-3.1.10\eclipse\/../CMSIS/Include\core_cmInstr.h **** #define __SEV                             __sev
  84:C:\DAVE-3.1.10\eclipse\/../CMSIS/Include\core_cmInstr.h **** 
  85:C:\DAVE-3.1.10\eclipse\/../CMSIS/Include\core_cmInstr.h **** 
  86:C:\DAVE-3.1.10\eclipse\/../CMSIS/Include\core_cmInstr.h **** /** \brief  Instruction Synchronization Barrier
  87:C:\DAVE-3.1.10\eclipse\/../CMSIS/Include\core_cmInstr.h **** 
  88:C:\DAVE-3.1.10\eclipse\/../CMSIS/Include\core_cmInstr.h ****     Instruction Synchronization Barrier flushes the pipeline in the processor,
  89:C:\DAVE-3.1.10\eclipse\/../CMSIS/Include\core_cmInstr.h ****     so that all instructions following the ISB are fetched from cache or
  90:C:\DAVE-3.1.10\eclipse\/../CMSIS/Include\core_cmInstr.h ****     memory, after the instruction has been completed.
  91:C:\DAVE-3.1.10\eclipse\/../CMSIS/Include\core_cmInstr.h ****  */
  92:C:\DAVE-3.1.10\eclipse\/../CMSIS/Include\core_cmInstr.h **** #define __ISB()                           __isb(0xF)
  93:C:\DAVE-3.1.10\eclipse\/../CMSIS/Include\core_cmInstr.h **** 
  94:C:\DAVE-3.1.10\eclipse\/../CMSIS/Include\core_cmInstr.h **** 
  95:C:\DAVE-3.1.10\eclipse\/../CMSIS/Include\core_cmInstr.h **** /** \brief  Data Synchronization Barrier
  96:C:\DAVE-3.1.10\eclipse\/../CMSIS/Include\core_cmInstr.h **** 
  97:C:\DAVE-3.1.10\eclipse\/../CMSIS/Include\core_cmInstr.h ****     This function acts as a special kind of Data Memory Barrier.
  98:C:\DAVE-3.1.10\eclipse\/../CMSIS/Include\core_cmInstr.h ****     It completes when all explicit memory accesses before this instruction complete.
  99:C:\DAVE-3.1.10\eclipse\/../CMSIS/Include\core_cmInstr.h ****  */
 100:C:\DAVE-3.1.10\eclipse\/../CMSIS/Include\core_cmInstr.h **** #define __DSB()                           __dsb(0xF)
 101:C:\DAVE-3.1.10\eclipse\/../CMSIS/Include\core_cmInstr.h **** 
 102:C:\DAVE-3.1.10\eclipse\/../CMSIS/Include\core_cmInstr.h **** 
 103:C:\DAVE-3.1.10\eclipse\/../CMSIS/Include\core_cmInstr.h **** /** \brief  Data Memory Barrier
 104:C:\DAVE-3.1.10\eclipse\/../CMSIS/Include\core_cmInstr.h **** 
 105:C:\DAVE-3.1.10\eclipse\/../CMSIS/Include\core_cmInstr.h ****     This function ensures the apparent order of the explicit memory operations before
 106:C:\DAVE-3.1.10\eclipse\/../CMSIS/Include\core_cmInstr.h ****     and after the instruction, without ensuring their completion.
 107:C:\DAVE-3.1.10\eclipse\/../CMSIS/Include\core_cmInstr.h ****  */
 108:C:\DAVE-3.1.10\eclipse\/../CMSIS/Include\core_cmInstr.h **** #define __DMB()                           __dmb(0xF)
 109:C:\DAVE-3.1.10\eclipse\/../CMSIS/Include\core_cmInstr.h **** 
 110:C:\DAVE-3.1.10\eclipse\/../CMSIS/Include\core_cmInstr.h **** 
 111:C:\DAVE-3.1.10\eclipse\/../CMSIS/Include\core_cmInstr.h **** /** \brief  Reverse byte order (32 bit)
 112:C:\DAVE-3.1.10\eclipse\/../CMSIS/Include\core_cmInstr.h **** 
 113:C:\DAVE-3.1.10\eclipse\/../CMSIS/Include\core_cmInstr.h ****     This function reverses the byte order in integer value.
 114:C:\DAVE-3.1.10\eclipse\/../CMSIS/Include\core_cmInstr.h **** 
 115:C:\DAVE-3.1.10\eclipse\/../CMSIS/Include\core_cmInstr.h ****     \param [in]    value  Value to reverse
 116:C:\DAVE-3.1.10\eclipse\/../CMSIS/Include\core_cmInstr.h ****     \return               Reversed value
 117:C:\DAVE-3.1.10\eclipse\/../CMSIS/Include\core_cmInstr.h ****  */
 118:C:\DAVE-3.1.10\eclipse\/../CMSIS/Include\core_cmInstr.h **** #define __REV                             __rev
 119:C:\DAVE-3.1.10\eclipse\/../CMSIS/Include\core_cmInstr.h **** 
 120:C:\DAVE-3.1.10\eclipse\/../CMSIS/Include\core_cmInstr.h **** 
 121:C:\DAVE-3.1.10\eclipse\/../CMSIS/Include\core_cmInstr.h **** /** \brief  Reverse byte order (16 bit)
 122:C:\DAVE-3.1.10\eclipse\/../CMSIS/Include\core_cmInstr.h **** 
 123:C:\DAVE-3.1.10\eclipse\/../CMSIS/Include\core_cmInstr.h ****     This function reverses the byte order in two unsigned short values.
 124:C:\DAVE-3.1.10\eclipse\/../CMSIS/Include\core_cmInstr.h **** 
 125:C:\DAVE-3.1.10\eclipse\/../CMSIS/Include\core_cmInstr.h ****     \param [in]    value  Value to reverse
 126:C:\DAVE-3.1.10\eclipse\/../CMSIS/Include\core_cmInstr.h ****     \return               Reversed value
 127:C:\DAVE-3.1.10\eclipse\/../CMSIS/Include\core_cmInstr.h ****  */
 128:C:\DAVE-3.1.10\eclipse\/../CMSIS/Include\core_cmInstr.h **** #ifndef __NO_EMBEDDED_ASM
 129:C:\DAVE-3.1.10\eclipse\/../CMSIS/Include\core_cmInstr.h **** __attribute__((section(".rev16_text"))) __STATIC_INLINE __ASM uint32_t __REV16(uint32_t value)
 130:C:\DAVE-3.1.10\eclipse\/../CMSIS/Include\core_cmInstr.h **** {
 131:C:\DAVE-3.1.10\eclipse\/../CMSIS/Include\core_cmInstr.h ****   rev16 r0, r0
 132:C:\DAVE-3.1.10\eclipse\/../CMSIS/Include\core_cmInstr.h ****   bx lr
 133:C:\DAVE-3.1.10\eclipse\/../CMSIS/Include\core_cmInstr.h **** }
 134:C:\DAVE-3.1.10\eclipse\/../CMSIS/Include\core_cmInstr.h **** #endif
 135:C:\DAVE-3.1.10\eclipse\/../CMSIS/Include\core_cmInstr.h **** 
 136:C:\DAVE-3.1.10\eclipse\/../CMSIS/Include\core_cmInstr.h **** /** \brief  Reverse byte order in signed short value
 137:C:\DAVE-3.1.10\eclipse\/../CMSIS/Include\core_cmInstr.h **** 
 138:C:\DAVE-3.1.10\eclipse\/../CMSIS/Include\core_cmInstr.h ****     This function reverses the byte order in a signed short value with sign extension to integer.
 139:C:\DAVE-3.1.10\eclipse\/../CMSIS/Include\core_cmInstr.h **** 
 140:C:\DAVE-3.1.10\eclipse\/../CMSIS/Include\core_cmInstr.h ****     \param [in]    value  Value to reverse
 141:C:\DAVE-3.1.10\eclipse\/../CMSIS/Include\core_cmInstr.h ****     \return               Reversed value
 142:C:\DAVE-3.1.10\eclipse\/../CMSIS/Include\core_cmInstr.h ****  */
 143:C:\DAVE-3.1.10\eclipse\/../CMSIS/Include\core_cmInstr.h **** #ifndef __NO_EMBEDDED_ASM
 144:C:\DAVE-3.1.10\eclipse\/../CMSIS/Include\core_cmInstr.h **** __attribute__((section(".revsh_text"))) __STATIC_INLINE __ASM int32_t __REVSH(int32_t value)
 145:C:\DAVE-3.1.10\eclipse\/../CMSIS/Include\core_cmInstr.h **** {
 146:C:\DAVE-3.1.10\eclipse\/../CMSIS/Include\core_cmInstr.h ****   revsh r0, r0
 147:C:\DAVE-3.1.10\eclipse\/../CMSIS/Include\core_cmInstr.h ****   bx lr
 148:C:\DAVE-3.1.10\eclipse\/../CMSIS/Include\core_cmInstr.h **** }
 149:C:\DAVE-3.1.10\eclipse\/../CMSIS/Include\core_cmInstr.h **** #endif
 150:C:\DAVE-3.1.10\eclipse\/../CMSIS/Include\core_cmInstr.h **** 
 151:C:\DAVE-3.1.10\eclipse\/../CMSIS/Include\core_cmInstr.h **** 
 152:C:\DAVE-3.1.10\eclipse\/../CMSIS/Include\core_cmInstr.h **** /** \brief  Rotate Right in unsigned value (32 bit)
 153:C:\DAVE-3.1.10\eclipse\/../CMSIS/Include\core_cmInstr.h **** 
 154:C:\DAVE-3.1.10\eclipse\/../CMSIS/Include\core_cmInstr.h ****     This function Rotate Right (immediate) provides the value of the contents of a register rotated
 155:C:\DAVE-3.1.10\eclipse\/../CMSIS/Include\core_cmInstr.h **** 
 156:C:\DAVE-3.1.10\eclipse\/../CMSIS/Include\core_cmInstr.h ****     \param [in]    value  Value to rotate
 157:C:\DAVE-3.1.10\eclipse\/../CMSIS/Include\core_cmInstr.h ****     \param [in]    value  Number of Bits to rotate
 158:C:\DAVE-3.1.10\eclipse\/../CMSIS/Include\core_cmInstr.h ****     \return               Rotated value
 159:C:\DAVE-3.1.10\eclipse\/../CMSIS/Include\core_cmInstr.h ****  */
 160:C:\DAVE-3.1.10\eclipse\/../CMSIS/Include\core_cmInstr.h **** #define __ROR                             __ror
 161:C:\DAVE-3.1.10\eclipse\/../CMSIS/Include\core_cmInstr.h **** 
 162:C:\DAVE-3.1.10\eclipse\/../CMSIS/Include\core_cmInstr.h **** 
 163:C:\DAVE-3.1.10\eclipse\/../CMSIS/Include\core_cmInstr.h **** /** \brief  Breakpoint
 164:C:\DAVE-3.1.10\eclipse\/../CMSIS/Include\core_cmInstr.h **** 
 165:C:\DAVE-3.1.10\eclipse\/../CMSIS/Include\core_cmInstr.h ****     This function causes the processor to enter Debug state.
 166:C:\DAVE-3.1.10\eclipse\/../CMSIS/Include\core_cmInstr.h ****     Debug tools can use this to investigate system state when the instruction at a particular addre
 167:C:\DAVE-3.1.10\eclipse\/../CMSIS/Include\core_cmInstr.h **** 
 168:C:\DAVE-3.1.10\eclipse\/../CMSIS/Include\core_cmInstr.h ****     \param [in]    value  is ignored by the processor.
 169:C:\DAVE-3.1.10\eclipse\/../CMSIS/Include\core_cmInstr.h ****                    If required, a debugger can use it to store additional information about the bre
 170:C:\DAVE-3.1.10\eclipse\/../CMSIS/Include\core_cmInstr.h ****  */
 171:C:\DAVE-3.1.10\eclipse\/../CMSIS/Include\core_cmInstr.h **** #define __BKPT(value)                       __breakpoint(value)
 172:C:\DAVE-3.1.10\eclipse\/../CMSIS/Include\core_cmInstr.h **** 
 173:C:\DAVE-3.1.10\eclipse\/../CMSIS/Include\core_cmInstr.h **** 
 174:C:\DAVE-3.1.10\eclipse\/../CMSIS/Include\core_cmInstr.h **** #if       (__CORTEX_M >= 0x03)
 175:C:\DAVE-3.1.10\eclipse\/../CMSIS/Include\core_cmInstr.h **** 
 176:C:\DAVE-3.1.10\eclipse\/../CMSIS/Include\core_cmInstr.h **** /** \brief  Reverse bit order of value
 177:C:\DAVE-3.1.10\eclipse\/../CMSIS/Include\core_cmInstr.h **** 
 178:C:\DAVE-3.1.10\eclipse\/../CMSIS/Include\core_cmInstr.h ****     This function reverses the bit order of the given value.
 179:C:\DAVE-3.1.10\eclipse\/../CMSIS/Include\core_cmInstr.h **** 
 180:C:\DAVE-3.1.10\eclipse\/../CMSIS/Include\core_cmInstr.h ****     \param [in]    value  Value to reverse
 181:C:\DAVE-3.1.10\eclipse\/../CMSIS/Include\core_cmInstr.h ****     \return               Reversed value
 182:C:\DAVE-3.1.10\eclipse\/../CMSIS/Include\core_cmInstr.h ****  */
 183:C:\DAVE-3.1.10\eclipse\/../CMSIS/Include\core_cmInstr.h **** #define __RBIT                            __rbit
 184:C:\DAVE-3.1.10\eclipse\/../CMSIS/Include\core_cmInstr.h **** 
 185:C:\DAVE-3.1.10\eclipse\/../CMSIS/Include\core_cmInstr.h **** 
 186:C:\DAVE-3.1.10\eclipse\/../CMSIS/Include\core_cmInstr.h **** /** \brief  LDR Exclusive (8 bit)
 187:C:\DAVE-3.1.10\eclipse\/../CMSIS/Include\core_cmInstr.h **** 
 188:C:\DAVE-3.1.10\eclipse\/../CMSIS/Include\core_cmInstr.h ****     This function performs a exclusive LDR command for 8 bit value.
 189:C:\DAVE-3.1.10\eclipse\/../CMSIS/Include\core_cmInstr.h **** 
 190:C:\DAVE-3.1.10\eclipse\/../CMSIS/Include\core_cmInstr.h ****     \param [in]    ptr  Pointer to data
 191:C:\DAVE-3.1.10\eclipse\/../CMSIS/Include\core_cmInstr.h ****     \return             value of type uint8_t at (*ptr)
 192:C:\DAVE-3.1.10\eclipse\/../CMSIS/Include\core_cmInstr.h ****  */
 193:C:\DAVE-3.1.10\eclipse\/../CMSIS/Include\core_cmInstr.h **** #define __LDREXB(ptr)                     ((uint8_t ) __ldrex(ptr))
 194:C:\DAVE-3.1.10\eclipse\/../CMSIS/Include\core_cmInstr.h **** 
 195:C:\DAVE-3.1.10\eclipse\/../CMSIS/Include\core_cmInstr.h **** 
 196:C:\DAVE-3.1.10\eclipse\/../CMSIS/Include\core_cmInstr.h **** /** \brief  LDR Exclusive (16 bit)
 197:C:\DAVE-3.1.10\eclipse\/../CMSIS/Include\core_cmInstr.h **** 
 198:C:\DAVE-3.1.10\eclipse\/../CMSIS/Include\core_cmInstr.h ****     This function performs a exclusive LDR command for 16 bit values.
 199:C:\DAVE-3.1.10\eclipse\/../CMSIS/Include\core_cmInstr.h **** 
 200:C:\DAVE-3.1.10\eclipse\/../CMSIS/Include\core_cmInstr.h ****     \param [in]    ptr  Pointer to data
 201:C:\DAVE-3.1.10\eclipse\/../CMSIS/Include\core_cmInstr.h ****     \return        value of type uint16_t at (*ptr)
 202:C:\DAVE-3.1.10\eclipse\/../CMSIS/Include\core_cmInstr.h ****  */
 203:C:\DAVE-3.1.10\eclipse\/../CMSIS/Include\core_cmInstr.h **** #define __LDREXH(ptr)                     ((uint16_t) __ldrex(ptr))
 204:C:\DAVE-3.1.10\eclipse\/../CMSIS/Include\core_cmInstr.h **** 
 205:C:\DAVE-3.1.10\eclipse\/../CMSIS/Include\core_cmInstr.h **** 
 206:C:\DAVE-3.1.10\eclipse\/../CMSIS/Include\core_cmInstr.h **** /** \brief  LDR Exclusive (32 bit)
 207:C:\DAVE-3.1.10\eclipse\/../CMSIS/Include\core_cmInstr.h **** 
 208:C:\DAVE-3.1.10\eclipse\/../CMSIS/Include\core_cmInstr.h ****     This function performs a exclusive LDR command for 32 bit values.
 209:C:\DAVE-3.1.10\eclipse\/../CMSIS/Include\core_cmInstr.h **** 
 210:C:\DAVE-3.1.10\eclipse\/../CMSIS/Include\core_cmInstr.h ****     \param [in]    ptr  Pointer to data
 211:C:\DAVE-3.1.10\eclipse\/../CMSIS/Include\core_cmInstr.h ****     \return        value of type uint32_t at (*ptr)
 212:C:\DAVE-3.1.10\eclipse\/../CMSIS/Include\core_cmInstr.h ****  */
 213:C:\DAVE-3.1.10\eclipse\/../CMSIS/Include\core_cmInstr.h **** #define __LDREXW(ptr)                     ((uint32_t ) __ldrex(ptr))
 214:C:\DAVE-3.1.10\eclipse\/../CMSIS/Include\core_cmInstr.h **** 
 215:C:\DAVE-3.1.10\eclipse\/../CMSIS/Include\core_cmInstr.h **** 
 216:C:\DAVE-3.1.10\eclipse\/../CMSIS/Include\core_cmInstr.h **** /** \brief  STR Exclusive (8 bit)
 217:C:\DAVE-3.1.10\eclipse\/../CMSIS/Include\core_cmInstr.h **** 
 218:C:\DAVE-3.1.10\eclipse\/../CMSIS/Include\core_cmInstr.h ****     This function performs a exclusive STR command for 8 bit values.
 219:C:\DAVE-3.1.10\eclipse\/../CMSIS/Include\core_cmInstr.h **** 
 220:C:\DAVE-3.1.10\eclipse\/../CMSIS/Include\core_cmInstr.h ****     \param [in]  value  Value to store
 221:C:\DAVE-3.1.10\eclipse\/../CMSIS/Include\core_cmInstr.h ****     \param [in]    ptr  Pointer to location
 222:C:\DAVE-3.1.10\eclipse\/../CMSIS/Include\core_cmInstr.h ****     \return          0  Function succeeded
 223:C:\DAVE-3.1.10\eclipse\/../CMSIS/Include\core_cmInstr.h ****     \return          1  Function failed
 224:C:\DAVE-3.1.10\eclipse\/../CMSIS/Include\core_cmInstr.h ****  */
 225:C:\DAVE-3.1.10\eclipse\/../CMSIS/Include\core_cmInstr.h **** #define __STREXB(value, ptr)              __strex(value, ptr)
 226:C:\DAVE-3.1.10\eclipse\/../CMSIS/Include\core_cmInstr.h **** 
 227:C:\DAVE-3.1.10\eclipse\/../CMSIS/Include\core_cmInstr.h **** 
 228:C:\DAVE-3.1.10\eclipse\/../CMSIS/Include\core_cmInstr.h **** /** \brief  STR Exclusive (16 bit)
 229:C:\DAVE-3.1.10\eclipse\/../CMSIS/Include\core_cmInstr.h **** 
 230:C:\DAVE-3.1.10\eclipse\/../CMSIS/Include\core_cmInstr.h ****     This function performs a exclusive STR command for 16 bit values.
 231:C:\DAVE-3.1.10\eclipse\/../CMSIS/Include\core_cmInstr.h **** 
 232:C:\DAVE-3.1.10\eclipse\/../CMSIS/Include\core_cmInstr.h ****     \param [in]  value  Value to store
 233:C:\DAVE-3.1.10\eclipse\/../CMSIS/Include\core_cmInstr.h ****     \param [in]    ptr  Pointer to location
 234:C:\DAVE-3.1.10\eclipse\/../CMSIS/Include\core_cmInstr.h ****     \return          0  Function succeeded
 235:C:\DAVE-3.1.10\eclipse\/../CMSIS/Include\core_cmInstr.h ****     \return          1  Function failed
 236:C:\DAVE-3.1.10\eclipse\/../CMSIS/Include\core_cmInstr.h ****  */
 237:C:\DAVE-3.1.10\eclipse\/../CMSIS/Include\core_cmInstr.h **** #define __STREXH(value, ptr)              __strex(value, ptr)
 238:C:\DAVE-3.1.10\eclipse\/../CMSIS/Include\core_cmInstr.h **** 
 239:C:\DAVE-3.1.10\eclipse\/../CMSIS/Include\core_cmInstr.h **** 
 240:C:\DAVE-3.1.10\eclipse\/../CMSIS/Include\core_cmInstr.h **** /** \brief  STR Exclusive (32 bit)
 241:C:\DAVE-3.1.10\eclipse\/../CMSIS/Include\core_cmInstr.h **** 
 242:C:\DAVE-3.1.10\eclipse\/../CMSIS/Include\core_cmInstr.h ****     This function performs a exclusive STR command for 32 bit values.
 243:C:\DAVE-3.1.10\eclipse\/../CMSIS/Include\core_cmInstr.h **** 
 244:C:\DAVE-3.1.10\eclipse\/../CMSIS/Include\core_cmInstr.h ****     \param [in]  value  Value to store
 245:C:\DAVE-3.1.10\eclipse\/../CMSIS/Include\core_cmInstr.h ****     \param [in]    ptr  Pointer to location
 246:C:\DAVE-3.1.10\eclipse\/../CMSIS/Include\core_cmInstr.h ****     \return          0  Function succeeded
 247:C:\DAVE-3.1.10\eclipse\/../CMSIS/Include\core_cmInstr.h ****     \return          1  Function failed
 248:C:\DAVE-3.1.10\eclipse\/../CMSIS/Include\core_cmInstr.h ****  */
 249:C:\DAVE-3.1.10\eclipse\/../CMSIS/Include\core_cmInstr.h **** #define __STREXW(value, ptr)              __strex(value, ptr)
 250:C:\DAVE-3.1.10\eclipse\/../CMSIS/Include\core_cmInstr.h **** 
 251:C:\DAVE-3.1.10\eclipse\/../CMSIS/Include\core_cmInstr.h **** 
 252:C:\DAVE-3.1.10\eclipse\/../CMSIS/Include\core_cmInstr.h **** /** \brief  Remove the exclusive lock
 253:C:\DAVE-3.1.10\eclipse\/../CMSIS/Include\core_cmInstr.h **** 
 254:C:\DAVE-3.1.10\eclipse\/../CMSIS/Include\core_cmInstr.h ****     This function removes the exclusive lock which is created by LDREX.
 255:C:\DAVE-3.1.10\eclipse\/../CMSIS/Include\core_cmInstr.h **** 
 256:C:\DAVE-3.1.10\eclipse\/../CMSIS/Include\core_cmInstr.h ****  */
 257:C:\DAVE-3.1.10\eclipse\/../CMSIS/Include\core_cmInstr.h **** #define __CLREX                           __clrex
 258:C:\DAVE-3.1.10\eclipse\/../CMSIS/Include\core_cmInstr.h **** 
 259:C:\DAVE-3.1.10\eclipse\/../CMSIS/Include\core_cmInstr.h **** 
 260:C:\DAVE-3.1.10\eclipse\/../CMSIS/Include\core_cmInstr.h **** /** \brief  Signed Saturate
 261:C:\DAVE-3.1.10\eclipse\/../CMSIS/Include\core_cmInstr.h **** 
 262:C:\DAVE-3.1.10\eclipse\/../CMSIS/Include\core_cmInstr.h ****     This function saturates a signed value.
 263:C:\DAVE-3.1.10\eclipse\/../CMSIS/Include\core_cmInstr.h **** 
 264:C:\DAVE-3.1.10\eclipse\/../CMSIS/Include\core_cmInstr.h ****     \param [in]  value  Value to be saturated
 265:C:\DAVE-3.1.10\eclipse\/../CMSIS/Include\core_cmInstr.h ****     \param [in]    sat  Bit position to saturate to (1..32)
 266:C:\DAVE-3.1.10\eclipse\/../CMSIS/Include\core_cmInstr.h ****     \return             Saturated value
 267:C:\DAVE-3.1.10\eclipse\/../CMSIS/Include\core_cmInstr.h ****  */
 268:C:\DAVE-3.1.10\eclipse\/../CMSIS/Include\core_cmInstr.h **** #define __SSAT                            __ssat
 269:C:\DAVE-3.1.10\eclipse\/../CMSIS/Include\core_cmInstr.h **** 
 270:C:\DAVE-3.1.10\eclipse\/../CMSIS/Include\core_cmInstr.h **** 
 271:C:\DAVE-3.1.10\eclipse\/../CMSIS/Include\core_cmInstr.h **** /** \brief  Unsigned Saturate
 272:C:\DAVE-3.1.10\eclipse\/../CMSIS/Include\core_cmInstr.h **** 
 273:C:\DAVE-3.1.10\eclipse\/../CMSIS/Include\core_cmInstr.h ****     This function saturates an unsigned value.
 274:C:\DAVE-3.1.10\eclipse\/../CMSIS/Include\core_cmInstr.h **** 
 275:C:\DAVE-3.1.10\eclipse\/../CMSIS/Include\core_cmInstr.h ****     \param [in]  value  Value to be saturated
 276:C:\DAVE-3.1.10\eclipse\/../CMSIS/Include\core_cmInstr.h ****     \param [in]    sat  Bit position to saturate to (0..31)
 277:C:\DAVE-3.1.10\eclipse\/../CMSIS/Include\core_cmInstr.h ****     \return             Saturated value
 278:C:\DAVE-3.1.10\eclipse\/../CMSIS/Include\core_cmInstr.h ****  */
 279:C:\DAVE-3.1.10\eclipse\/../CMSIS/Include\core_cmInstr.h **** #define __USAT                            __usat
 280:C:\DAVE-3.1.10\eclipse\/../CMSIS/Include\core_cmInstr.h **** 
 281:C:\DAVE-3.1.10\eclipse\/../CMSIS/Include\core_cmInstr.h **** 
 282:C:\DAVE-3.1.10\eclipse\/../CMSIS/Include\core_cmInstr.h **** /** \brief  Count leading zeros
 283:C:\DAVE-3.1.10\eclipse\/../CMSIS/Include\core_cmInstr.h **** 
 284:C:\DAVE-3.1.10\eclipse\/../CMSIS/Include\core_cmInstr.h ****     This function counts the number of leading zeros of a data value.
 285:C:\DAVE-3.1.10\eclipse\/../CMSIS/Include\core_cmInstr.h **** 
 286:C:\DAVE-3.1.10\eclipse\/../CMSIS/Include\core_cmInstr.h ****     \param [in]  value  Value to count the leading zeros
 287:C:\DAVE-3.1.10\eclipse\/../CMSIS/Include\core_cmInstr.h ****     \return             number of leading zeros in value
 288:C:\DAVE-3.1.10\eclipse\/../CMSIS/Include\core_cmInstr.h ****  */
 289:C:\DAVE-3.1.10\eclipse\/../CMSIS/Include\core_cmInstr.h **** #define __CLZ                             __clz
 290:C:\DAVE-3.1.10\eclipse\/../CMSIS/Include\core_cmInstr.h **** 
 291:C:\DAVE-3.1.10\eclipse\/../CMSIS/Include\core_cmInstr.h **** #endif /* (__CORTEX_M >= 0x03) */
 292:C:\DAVE-3.1.10\eclipse\/../CMSIS/Include\core_cmInstr.h **** 
 293:C:\DAVE-3.1.10\eclipse\/../CMSIS/Include\core_cmInstr.h **** 
 294:C:\DAVE-3.1.10\eclipse\/../CMSIS/Include\core_cmInstr.h **** 
 295:C:\DAVE-3.1.10\eclipse\/../CMSIS/Include\core_cmInstr.h **** #elif defined ( __ICCARM__ ) /*------------------ ICC Compiler -------------------*/
 296:C:\DAVE-3.1.10\eclipse\/../CMSIS/Include\core_cmInstr.h **** /* IAR iccarm specific functions */
 297:C:\DAVE-3.1.10\eclipse\/../CMSIS/Include\core_cmInstr.h **** 
 298:C:\DAVE-3.1.10\eclipse\/../CMSIS/Include\core_cmInstr.h **** #include <cmsis_iar.h>
 299:C:\DAVE-3.1.10\eclipse\/../CMSIS/Include\core_cmInstr.h **** 
 300:C:\DAVE-3.1.10\eclipse\/../CMSIS/Include\core_cmInstr.h **** 
 301:C:\DAVE-3.1.10\eclipse\/../CMSIS/Include\core_cmInstr.h **** #elif defined ( __TMS470__ ) /*---------------- TI CCS Compiler ------------------*/
 302:C:\DAVE-3.1.10\eclipse\/../CMSIS/Include\core_cmInstr.h **** /* TI CCS specific functions */
 303:C:\DAVE-3.1.10\eclipse\/../CMSIS/Include\core_cmInstr.h **** 
 304:C:\DAVE-3.1.10\eclipse\/../CMSIS/Include\core_cmInstr.h **** #include <cmsis_ccs.h>
 305:C:\DAVE-3.1.10\eclipse\/../CMSIS/Include\core_cmInstr.h **** 
 306:C:\DAVE-3.1.10\eclipse\/../CMSIS/Include\core_cmInstr.h **** 
 307:C:\DAVE-3.1.10\eclipse\/../CMSIS/Include\core_cmInstr.h **** #elif defined ( __GNUC__ ) /*------------------ GNU Compiler ---------------------*/
 308:C:\DAVE-3.1.10\eclipse\/../CMSIS/Include\core_cmInstr.h **** /* GNU gcc specific functions */
 309:C:\DAVE-3.1.10\eclipse\/../CMSIS/Include\core_cmInstr.h **** 
 310:C:\DAVE-3.1.10\eclipse\/../CMSIS/Include\core_cmInstr.h **** /* Define macros for porting to both thumb1 and thumb2.
 311:C:\DAVE-3.1.10\eclipse\/../CMSIS/Include\core_cmInstr.h ****  * For thumb1, use low register (r0-r7), specified by constrant "l"
 312:C:\DAVE-3.1.10\eclipse\/../CMSIS/Include\core_cmInstr.h ****  * Otherwise, use general registers, specified by constrant "r" */
 313:C:\DAVE-3.1.10\eclipse\/../CMSIS/Include\core_cmInstr.h **** #if defined (__thumb__) && !defined (__thumb2__)
 314:C:\DAVE-3.1.10\eclipse\/../CMSIS/Include\core_cmInstr.h **** #define __CMSIS_GCC_OUT_REG(r) "=l" (r)
 315:C:\DAVE-3.1.10\eclipse\/../CMSIS/Include\core_cmInstr.h **** #define __CMSIS_GCC_USE_REG(r) "l" (r)
 316:C:\DAVE-3.1.10\eclipse\/../CMSIS/Include\core_cmInstr.h **** #else
 317:C:\DAVE-3.1.10\eclipse\/../CMSIS/Include\core_cmInstr.h **** #define __CMSIS_GCC_OUT_REG(r) "=r" (r)
 318:C:\DAVE-3.1.10\eclipse\/../CMSIS/Include\core_cmInstr.h **** #define __CMSIS_GCC_USE_REG(r) "r" (r)
 319:C:\DAVE-3.1.10\eclipse\/../CMSIS/Include\core_cmInstr.h **** #endif
 320:C:\DAVE-3.1.10\eclipse\/../CMSIS/Include\core_cmInstr.h **** 
 321:C:\DAVE-3.1.10\eclipse\/../CMSIS/Include\core_cmInstr.h **** /** \brief  No Operation
 322:C:\DAVE-3.1.10\eclipse\/../CMSIS/Include\core_cmInstr.h **** 
 323:C:\DAVE-3.1.10\eclipse\/../CMSIS/Include\core_cmInstr.h ****     No Operation does nothing. This instruction can be used for code alignment purposes.
 324:C:\DAVE-3.1.10\eclipse\/../CMSIS/Include\core_cmInstr.h ****  */
 325:C:\DAVE-3.1.10\eclipse\/../CMSIS/Include\core_cmInstr.h **** __attribute__( ( always_inline ) ) __STATIC_INLINE void __NOP(void)
 326:C:\DAVE-3.1.10\eclipse\/../CMSIS/Include\core_cmInstr.h **** {
 327:C:\DAVE-3.1.10\eclipse\/../CMSIS/Include\core_cmInstr.h ****   __ASM volatile ("nop");
 489              		.loc 2 327 0
 490              	@ 327 "C:\DAVE-3.1.10\eclipse\/../CMSIS/Include/core_cmInstr.h" 1
 491 000a 00BF     		nop
 492              	@ 0 "" 2
 493              		.thumb
 494              	.L20:
 495              	.LBE5:
 496              	.LBE4:
 497              		.loc 1 185 0 discriminator 1
 498 000c 7B68     		ldr	r3, [r7, #4]
 499 000e 002B     		cmp	r3, #0
 500 0010 0CBF     		ite	eq
 501 0012 0023     		moveq	r3, #0
 502 0014 0123     		movne	r3, #1
 503 0016 DBB2     		uxtb	r3, r3
 504 0018 7A68     		ldr	r2, [r7, #4]
 505 001a 02F1FF32 		add	r2, r2, #-1
 506 001e 7A60     		str	r2, [r7, #4]
 507 0020 002B     		cmp	r3, #0
 508 0022 F2D1     		bne	.L21
 186:../Main.c     **** 	{
 187:../Main.c     **** 		__NOP();
 188:../Main.c     **** 	}
 189:../Main.c     **** }
 509              		.loc 1 189 0
 510 0024 07F10C07 		add	r7, r7, #12
 511 0028 BD46     		mov	sp, r7
 512 002a 80BC     		pop	{r7}
 513 002c 7047     		bx	lr
 514              		.cfi_endproc
 515              	.LFE116:
 517 002e 00BF     		.text
 518              	.Letext0:
 519              		.file 3 "c:\\dave-3.1.10\\arm-gcc\\bin\\../lib/gcc/arm-none-eabi/4.7.4/../../../../arm-none-eabi/i
 520              		.file 4 "C:\\Users\\Carlos\\Desktop\\NOVOWORKSPACE\\ControleInterno\\Dave\\Generated\\inc\\DAVESup
 521              		.file 5 "C:\\DAVE-3.1.10\\eclipse\\/../CMSIS/Include/core_cm4.h"
 522              		.file 6 "C:\\Users\\Carlos\\Desktop\\NOVOWORKSPACE\\ControleInterno\\Dave\\Generated\\inc\\DAVESup
DEFINED SYMBOLS
                            *ABS*:00000000 Main.c
                            *COM*:0000000f configuration
                            *COM*:00000005 data_R
                            *COM*:00000005 data_E
C:\Users\Carlos\AppData\Local\Temp\ccqjZySI.s:23     .text.main:00000000 $t
C:\Users\Carlos\AppData\Local\Temp\ccqjZySI.s:28     .text.main:00000000 main
C:\Users\Carlos\AppData\Local\Temp\ccqjZySI.s:246    .text.configure_R:00000000 configure_R
C:\Users\Carlos\AppData\Local\Temp\ccqjZySI.s:77     .text.read_R:00000000 read_R
C:\Users\Carlos\AppData\Local\Temp\ccqjZySI.s:72     .text.read_R:00000000 $t
C:\Users\Carlos\AppData\Local\Temp\ccqjZySI.s:465    .text.delay:00000000 delay
C:\Users\Carlos\AppData\Local\Temp\ccqjZySI.s:195    .text.pulse_R:00000000 pulse_R
C:\Users\Carlos\AppData\Local\Temp\ccqjZySI.s:190    .text.pulse_R:00000000 $t
C:\Users\Carlos\AppData\Local\Temp\ccqjZySI.s:241    .text.configure_R:00000000 $t
C:\Users\Carlos\AppData\Local\Temp\ccqjZySI.s:460    .text.delay:00000000 $t
                     .debug_frame:00000010 $d
                           .group:00000000 wm4.1.35166846b5321d4273ad8c4248893ac3
                           .group:00000000 wm4.XMC4500.h.45.215f4b8c79f46c7645c15373868d08c0
                           .group:00000000 wm4.core_cm4.h.47.41af406cb4cda82c972f112a9cd0a024
                           .group:00000000 wm4.newlib.h.8.a9901dc52d1357e3e94003403d43f8b5
                           .group:00000000 wm4.features.h.22.b72b3baab2bb2eab3661375590100b6b
                           .group:00000000 wm4.config.h.193.5fb8ef056cdff92dec3dee9552839d8c
                           .group:00000000 wm4._ansi.h.23.7aefdac4826acebbfc9f3822a0aeb14c
                           .group:00000000 wm4.stdint.h.20.54ad762faa59e3c05491630641c8d8bf
                           .group:00000000 wm4.core_cmInstr.h.39.3d3d1b4a79aef37532666dc6ee87c6ac
                           .group:00000000 wm4.core_cm4_simd.h.43.b5d1d38735af6366227b4256d330cf13
                           .group:00000000 wm4.core_cm4.h.178.e5ef5ce66d198d7f00f9d0076e267c41
                           .group:00000000 wm4.system_XMC4500.h.29.827f68baa362c84f2abae4ab67dde7c9
                           .group:00000000 wm4.XMC4500.h.198.8e022f279ff353ed081df898dc7b9cf3
                           .group:00000000 wm4.stddef.h.40.50cf36416e06376af8a9dca28536f2e4
                           .group:00000000 wm4.types.h.60.e75c47576398c648cdcf9000ace5e3d8
                           .group:00000000 wm4.MULTIPLEXER.h.46.4a863fbae1c79f0db26da3ce2dc30d02
                           .group:00000000 wm4.CCU8PWMLIB.h.74.725ec81203769525cc7a424597055f47
                           .group:00000000 wm4.MOTORLIB.h.62.951091d95913dd2ff36d761323a1771d
                           .group:00000000 wm4.DBG001.h.116.d6d9e7459a0faa3905c97c1d2edb339d
                           .group:00000000 wm4.IO004.h.53.442ea5eb47ad9eedc675253aa35f3107

UNDEFINED SYMBOLS
DAVE_Init
IO004_Handle5
IO004_Handle6
IO004_Handle4
IO004_Handle2
IO004_Handle1
IO004_DisableOutputDriver
