Archive member included because of file (symbol)

c:/dave-3.1.10/arm-gcc/bin/../lib/gcc/arm-none-eabi/4.7.4/../../../../arm-none-eabi/lib/armv7e-m\libc.a(lib_a-init.o)
                              Startup/startup_XMC4500.o (__libc_init_array)

Allocating common symbols
Common symbol       size              file

configuration       0xf               Main.o
TimerTbl            0x400             Dave/Generated/src/SYSTM002/SYSTM002.o
data_R              0x5               Main.o

Discarded input sections

 .comment       0x00000000       0x71 Startup/system_XMC4500.o
 .comment       0x00000000       0x71 Main.o
 .comment       0x00000000       0x71 Lib/System_LibcStubs.o
 .comment       0x00000000       0x71 Dave/Generated/src/SYSTM002/SYSTM002.o
 .comment       0x00000000       0x71 Dave/Generated/src/RESET001/RESET001.o
 .comment       0x00000000       0x71 Dave/Generated/src/PWMSP001/PWMSP001.o
 .comment       0x00000000       0x71 Dave/Generated/src/PWMSP001/PWMSP001_Conf.o
 .comment       0x00000000       0x71 Dave/Generated/src/NVIC002/NVIC002.o
 .comment       0x00000000       0x71 Dave/Generated/src/NVIC002/NVIC002_Conf.o
 .comment       0x00000000       0x71 Dave/Generated/src/LIBS/CCU8PWMLIB.o
 .comment       0x00000000       0x71 Dave/Generated/src/LIBS/MOTORLIB.o
 .comment       0x00000000       0x71 Dave/Generated/src/IO004/IO004.o
 .comment       0x00000000       0x71 Dave/Generated/src/IO004/IO004_Conf.o
 .comment       0x00000000       0x71 Dave/Generated/src/IO002/IO002.o
 .comment       0x00000000       0x71 Dave/Generated/src/IO002/IO002_Conf.o
 .comment       0x00000000       0x71 Dave/Generated/src/ERU002/ERU002.o
 .comment       0x00000000       0x71 Dave/Generated/src/ERU002/ERU002_Conf.o
 .comment       0x00000000       0x71 Dave/Generated/src/ERU001/ERU001.o
 .comment       0x00000000       0x71 Dave/Generated/src/ERU001/ERU001_Conf.o
 .comment       0x00000000       0x71 Dave/Generated/src/DAVESupport/DAVE3.o
 .comment       0x00000000       0x71 Dave/Generated/src/DAVESupport/MULTIPLEXER.o
 .comment       0x00000000       0x71 Dave/Generated/src/CNT001/CNT001.o
 .comment       0x00000000       0x71 Dave/Generated/src/CNT001/CNT001_Conf.o
 .comment       0x00000000       0x71 Dave/Generated/src/CLK001/CLK001.o
 .comment       0x00000000       0x71 Dave/Generated/src/CCU4GLOBAL/CCU4GLOBAL.o
 .comment       0x00000000       0x71 Dave/Generated/src/CCU4GLOBAL/CCU4GLOBAL_Conf.o

Memory Configuration

Name             Origin             Length             Attributes
FLASH_1_cached   0x08000000         0x00100000         xr
FLASH_1_uncached 0x0c000000         0x00100000         xr
PSRAM_1          0x10000000         0x00010000         !xr
DSRAM_1_system   0x20000000         0x00010000         !xr
DSRAM_2_comm     0x30000000         0x00008000         !xr
*default*        0x00000000         0xffffffff

Linker script and memory map

LOAD Startup/startup_XMC4500.o
LOAD Startup/system_XMC4500.o
LOAD Main.o
LOAD Lib/System_LibcStubs.o
LOAD Dave/Generated/src/SYSTM002/SYSTM002.o
LOAD Dave/Generated/src/RESET001/RESET001.o
LOAD Dave/Generated/src/PWMSP001/PWMSP001.o
LOAD Dave/Generated/src/PWMSP001/PWMSP001_Conf.o
LOAD Dave/Generated/src/NVIC002/NVIC002.o
LOAD Dave/Generated/src/NVIC002/NVIC002_Conf.o
LOAD Dave/Generated/src/LIBS/CCU8PWMLIB.o
LOAD Dave/Generated/src/LIBS/MOTORLIB.o
LOAD Dave/Generated/src/IO004/IO004.o
LOAD Dave/Generated/src/IO004/IO004_Conf.o
LOAD Dave/Generated/src/IO002/IO002.o
LOAD Dave/Generated/src/IO002/IO002_Conf.o
LOAD Dave/Generated/src/ERU002/ERU002.o
LOAD Dave/Generated/src/ERU002/ERU002_Conf.o
LOAD Dave/Generated/src/ERU001/ERU001.o
LOAD Dave/Generated/src/ERU001/ERU001_Conf.o
LOAD Dave/Generated/src/DAVESupport/DAVE3.o
LOAD Dave/Generated/src/DAVESupport/MULTIPLEXER.o
LOAD Dave/Generated/src/CNT001/CNT001.o
LOAD Dave/Generated/src/CNT001/CNT001_Conf.o
LOAD Dave/Generated/src/CLK001/CLK001.o
LOAD Dave/Generated/src/CCU4GLOBAL/CCU4GLOBAL.o
LOAD Dave/Generated/src/CCU4GLOBAL/CCU4GLOBAL_Conf.o
START GROUP
LOAD c:/dave-3.1.10/arm-gcc/bin/../lib/gcc/arm-none-eabi/4.7.4/armv7e-m\libgcc.a
LOAD c:/dave-3.1.10/arm-gcc/bin/../lib/gcc/arm-none-eabi/4.7.4/../../../../arm-none-eabi/lib/armv7e-m\libc.a
END GROUP
                0x00000800                stack_size = 0x800

.text           0x08000000     0x2f08 load address 0x0c000000
                0x08000000                sText = .
 *(.Xmc4500.reset)
 .Xmc4500.reset
                0x08000000      0x21c Startup/startup_XMC4500.o
                0x08000000                __Xmc4500_interrupt_vector_cortex_m
                0x08000200                __Xmc4500_reset_cortex_m
 *(.Xmc4500.postreset)
 .Xmc4500.postreset
                0x0800021c       0xa8 Startup/startup_XMC4500.o
 *(.XmcStartup)
 .XmcStartup    0x080002c4        0x4 Startup/startup_XMC4500.o
 *(.text .text.* .gnu.linkonce.t.*)
 .text          0x080002c8      0x82c Startup/startup_XMC4500.o
                0x080002c8                NMI_Handler
                0x080002ca                NMI_Handler_Veneer
                0x080002d8                HardFault_Handler
                0x080002da                HardFault_Handler_Veneer
                0x080002e8                MemManage_Handler
                0x080002ea                MemManage_Handler_Veneer
                0x080002f8                BusFault_Handler
                0x080002fa                BusFault_Handler_Veneer
                0x08000308                UsageFault_Handler
                0x0800030a                UsageFault_Handler_Veneer
                0x08000318                SVC_Handler
                0x0800031a                SVC_Handler_Veneer
                0x08000328                DebugMon_Handler
                0x0800032a                DebugMon_Handler_Veneer
                0x08000338                PendSV_Handler
                0x0800033a                PendSV_Handler_Veneer
                0x0800034a                SysTick_Handler_Veneer
                0x08000358                SCU_0_IRQHandler
                0x0800035a                SCU_0_IRQHandler_Veneer
                0x08000368                ERU0_0_IRQHandler
                0x0800036a                ERU0_0_IRQHandler_Veneer
                0x08000378                ERU0_1_IRQHandler
                0x0800037a                ERU0_1_IRQHandler_Veneer
                0x08000388                ERU0_2_IRQHandler
                0x0800038a                ERU0_2_IRQHandler_Veneer
                0x0800039a                ERU0_3_IRQHandler_Veneer
                0x080003aa                ERU1_0_IRQHandler_Veneer
                0x080003b8                ERU1_1_IRQHandler
                0x080003ba                ERU1_1_IRQHandler_Veneer
                0x080003c8                ERU1_2_IRQHandler
                0x080003ca                ERU1_2_IRQHandler_Veneer
                0x080003d8                ERU1_3_IRQHandler
                0x080003da                ERU1_3_IRQHandler_Veneer
                0x080003e8                PMU0_0_IRQHandler
                0x080003ea                PMU0_0_IRQHandler_Veneer
                0x080003f8                VADC0_C0_0_IRQHandler
                0x080003fa                VADC0_C0_0_IRQHandler_Veneer
                0x08000408                VADC0_C0_1_IRQHandler
                0x0800040a                VADC0_C0_1_IRQHandler_Veneer
                0x08000418                VADC0_C0_2_IRQHandler
                0x0800041a                VADC0_C0_2_IRQHandler_Veneer
                0x08000428                VADC0_C0_3_IRQHandler
                0x0800042a                VADC0_C0_3_IRQHandler_Veneer
                0x08000438                VADC0_G0_0_IRQHandler
                0x0800043a                VADC0_G0_0_IRQHandler_Veneer
                0x08000448                VADC0_G0_1_IRQHandler
                0x0800044a                VADC0_G0_1_IRQHandler_Veneer
                0x08000458                VADC0_G0_2_IRQHandler
                0x0800045a                VADC0_G0_2_IRQHandler_Veneer
                0x08000468                VADC0_G0_3_IRQHandler
                0x0800046a                VADC0_G0_3_IRQHandler_Veneer
                0x08000478                VADC0_G1_0_IRQHandler
                0x0800047a                VADC0_G1_0_IRQHandler_Veneer
                0x08000488                VADC0_G1_1_IRQHandler
                0x0800048a                VADC0_G1_1_IRQHandler_Veneer
                0x08000498                VADC0_G1_2_IRQHandler
                0x0800049a                VADC0_G1_2_IRQHandler_Veneer
                0x080004a8                VADC0_G1_3_IRQHandler
                0x080004aa                VADC0_G1_3_IRQHandler_Veneer
                0x080004b8                VADC0_G2_0_IRQHandler
                0x080004ba                VADC0_G2_0_IRQHandler_Veneer
                0x080004c8                VADC0_G2_1_IRQHandler
                0x080004ca                VADC0_G2_1_IRQHandler_Veneer
                0x080004d8                VADC0_G2_2_IRQHandler
                0x080004da                VADC0_G2_2_IRQHandler_Veneer
                0x080004e8                VADC0_G2_3_IRQHandler
                0x080004ea                VADC0_G2_3_IRQHandler_Veneer
                0x080004f8                VADC0_G3_0_IRQHandler
                0x080004fa                VADC0_G3_0_IRQHandler_Veneer
                0x08000508                VADC0_G3_1_IRQHandler
                0x0800050a                VADC0_G3_1_IRQHandler_Veneer
                0x08000518                VADC0_G3_2_IRQHandler
                0x0800051a                VADC0_G3_2_IRQHandler_Veneer
                0x08000528                VADC0_G3_3_IRQHandler
                0x0800052a                VADC0_G3_3_IRQHandler_Veneer
                0x08000538                DSD0_0_IRQHandler
                0x0800053a                DSD0_0_IRQHandler_Veneer
                0x08000548                DSD0_1_IRQHandler
                0x0800054a                DSD0_1_IRQHandler_Veneer
                0x08000558                DSD0_2_IRQHandler
                0x0800055a                DSD0_2_IRQHandler_Veneer
                0x08000568                DSD0_3_IRQHandler
                0x0800056a                DSD0_3_IRQHandler_Veneer
                0x08000578                DSD0_4_IRQHandler
                0x0800057a                DSD0_4_IRQHandler_Veneer
                0x08000588                DSD0_5_IRQHandler
                0x0800058a                DSD0_5_IRQHandler_Veneer
                0x08000598                DSD0_6_IRQHandler
                0x0800059a                DSD0_6_IRQHandler_Veneer
                0x080005a8                DSD0_7_IRQHandler
                0x080005aa                DSD0_7_IRQHandler_Veneer
                0x080005b8                DAC0_0_IRQHandler
                0x080005ba                DAC0_0_IRQHandler_Veneer
                0x080005c8                DAC0_1_IRQHandler
                0x080005ca                DAC0_1_IRQHandler_Veneer
                0x080005d8                CCU40_0_IRQHandler
                0x080005da                CCU40_0_IRQHandler_Veneer
                0x080005e8                CCU40_1_IRQHandler
                0x080005ea                CCU40_1_IRQHandler_Veneer
                0x080005f8                CCU40_2_IRQHandler
                0x080005fa                CCU40_2_IRQHandler_Veneer
                0x08000608                CCU40_3_IRQHandler
                0x0800060a                CCU40_3_IRQHandler_Veneer
                0x08000618                CCU41_0_IRQHandler
                0x0800061a                CCU41_0_IRQHandler_Veneer
                0x08000626                CCU41_1_IRQHandler
                0x08000628                CCU41_1_IRQHandler_Veneer
                0x08000634                CCU41_2_IRQHandler
                0x08000636                CCU41_2_IRQHandler_Veneer
                0x08000642                CCU41_3_IRQHandler
                0x08000644                CCU41_3_IRQHandler_Veneer
                0x08000650                CCU42_0_IRQHandler
                0x08000652                CCU42_0_IRQHandler_Veneer
                0x0800065e                CCU42_1_IRQHandler
                0x08000660                CCU42_1_IRQHandler_Veneer
                0x0800066c                CCU42_2_IRQHandler
                0x0800066e                CCU42_2_IRQHandler_Veneer
                0x0800067a                CCU42_3_IRQHandler
                0x0800067c                CCU42_3_IRQHandler_Veneer
                0x08000688                CCU43_0_IRQHandler
                0x0800068a                CCU43_0_IRQHandler_Veneer
                0x08000696                CCU43_1_IRQHandler
                0x08000698                CCU43_1_IRQHandler_Veneer
                0x080006a4                CCU43_2_IRQHandler
                0x080006a6                CCU43_2_IRQHandler_Veneer
                0x080006b2                CCU43_3_IRQHandler
                0x080006b4                CCU43_3_IRQHandler_Veneer
                0x080006c0                CCU80_0_IRQHandler
                0x080006c2                CCU80_0_IRQHandler_Veneer
                0x080006ce                CCU80_1_IRQHandler
                0x080006d0                CCU80_1_IRQHandler_Veneer
                0x080006dc                CCU80_2_IRQHandler
                0x080006de                CCU80_2_IRQHandler_Veneer
                0x080006ea                CCU80_3_IRQHandler
                0x080006ec                CCU80_3_IRQHandler_Veneer
                0x080006f8                CCU81_0_IRQHandler
                0x080006fa                CCU81_0_IRQHandler_Veneer
                0x08000706                CCU81_1_IRQHandler
                0x08000708                CCU81_1_IRQHandler_Veneer
                0x08000714                CCU81_2_IRQHandler
                0x08000716                CCU81_2_IRQHandler_Veneer
                0x08000722                CCU81_3_IRQHandler
                0x08000724                CCU81_3_IRQHandler_Veneer
                0x08000730                POSIF0_0_IRQHandler
                0x08000732                POSIF0_0_IRQHandler_Veneer
                0x0800073e                POSIF0_1_IRQHandler
                0x08000740                POSIF0_1_IRQHandler_Veneer
                0x0800074c                POSIF1_0_IRQHandler
                0x0800074e                POSIF1_0_IRQHandler_Veneer
                0x0800075a                POSIF1_1_IRQHandler
                0x0800075c                POSIF1_1_IRQHandler_Veneer
                0x08000768                CAN0_0_IRQHandler
                0x0800076a                CAN0_0_IRQHandler_Veneer
                0x08000776                CAN0_1_IRQHandler
                0x08000778                CAN0_1_IRQHandler_Veneer
                0x08000784                CAN0_2_IRQHandler
                0x08000786                CAN0_2_IRQHandler_Veneer
                0x08000792                CAN0_3_IRQHandler
                0x08000794                CAN0_3_IRQHandler_Veneer
                0x080007a0                CAN0_4_IRQHandler
                0x080007a2                CAN0_4_IRQHandler_Veneer
                0x080007ae                CAN0_5_IRQHandler
                0x080007b0                CAN0_5_IRQHandler_Veneer
                0x080007bc                CAN0_6_IRQHandler
                0x080007be                CAN0_6_IRQHandler_Veneer
                0x080007ca                CAN0_7_IRQHandler
                0x080007cc                CAN0_7_IRQHandler_Veneer
                0x080007d8                USIC0_0_IRQHandler
                0x080007da                USIC0_0_IRQHandler_Veneer
                0x080007e6                USIC0_1_IRQHandler
                0x080007e8                USIC0_1_IRQHandler_Veneer
                0x080007f4                USIC0_2_IRQHandler
                0x080007f6                USIC0_2_IRQHandler_Veneer
                0x08000802                USIC0_3_IRQHandler
                0x08000804                USIC0_3_IRQHandler_Veneer
                0x08000810                USIC0_4_IRQHandler
                0x08000812                USIC0_4_IRQHandler_Veneer
                0x0800081e                USIC0_5_IRQHandler
                0x08000820                USIC0_5_IRQHandler_Veneer
                0x0800082c                USIC1_0_IRQHandler
                0x0800082e                USIC1_0_IRQHandler_Veneer
                0x0800083a                USIC1_1_IRQHandler
                0x0800083c                USIC1_1_IRQHandler_Veneer
                0x08000848                USIC1_2_IRQHandler
                0x0800084a                USIC1_2_IRQHandler_Veneer
                0x08000856                USIC1_3_IRQHandler
                0x08000858                USIC1_3_IRQHandler_Veneer
                0x08000864                USIC1_4_IRQHandler
                0x08000866                USIC1_4_IRQHandler_Veneer
                0x08000872                USIC1_5_IRQHandler
                0x08000874                USIC1_5_IRQHandler_Veneer
                0x08000880                USIC2_0_IRQHandler
                0x08000882                USIC2_0_IRQHandler_Veneer
                0x0800088e                USIC2_1_IRQHandler
                0x08000890                USIC2_1_IRQHandler_Veneer
                0x0800089c                USIC2_2_IRQHandler
                0x0800089e                USIC2_2_IRQHandler_Veneer
                0x080008aa                USIC2_3_IRQHandler
                0x080008ac                USIC2_3_IRQHandler_Veneer
                0x080008b8                USIC2_4_IRQHandler
                0x080008ba                USIC2_4_IRQHandler_Veneer
                0x080008c6                USIC2_5_IRQHandler
                0x080008c8                USIC2_5_IRQHandler_Veneer
                0x080008d4                LEDTS0_0_IRQHandler
                0x080008d6                LEDTS0_0_IRQHandler_Veneer
                0x080008e2                FCE0_0_IRQHandler
                0x080008e4                FCE0_0_IRQHandler_Veneer
                0x080008f0                GPDMA0_0_IRQHandler
                0x080008f2                GPDMA0_0_IRQHandler_Veneer
                0x080008fe                SDMMC0_0_IRQHandler
                0x08000900                SDMMC0_0_IRQHandler_Veneer
                0x0800090c                USB0_0_IRQHandler
                0x0800090e                USB0_0_IRQHandler_Veneer
                0x0800091a                ETH0_0_IRQHandler
                0x0800091c                ETH0_0_IRQHandler_Veneer
                0x08000928                GPDMA1_0_IRQHandler
                0x0800092a                GPDMA1_0_IRQHandler_Veneer
 .text          0x08000af4        0x0 Startup/system_XMC4500.o
 .text.SystemCoreClockUpdate
                0x08000af4       0x70 Startup/system_XMC4500.o
                0x08000af4                SystemCoreClockUpdate
 .text.SystemInit
                0x08000b64      0x204 Startup/system_XMC4500.o
                0x08000b64                SystemInit
 .text          0x08000d68        0x0 Main.o
 .text.Tick_Handler
                0x08000d68       0x14 Main.o
                0x08000d68                Tick_Handler
 .text.WakeUp   0x08000d7c        0x2 Main.o
                0x08000d7c                WakeUp
 *fill*         0x08000d7e        0x2 00
 .text.start_driver_signals
                0x08000d80       0x48 Main.o
                0x08000d80                start_driver_signals
 .text.update_driver_signals
                0x08000dc8      0x158 Main.o
                0x08000dc8                update_driver_signals
 .text.Testando_Handler
                0x08000f20        0x2 Main.o
                0x08000f20                Testando_Handler
 .text.ERU0_3_IRQHandler
                0x08000f22        0x2 Main.o
                0x08000f22                ERU0_3_IRQHandler
 .text.ERU1_0_IRQHandler
                0x08000f24        0x2 Main.o
                0x08000f24                ERU1_0_IRQHandler
 *fill*         0x08000f26        0x2 00
 .text.Software_Timers_Init
                0x08000f28       0x20 Main.o
                0x08000f28                Software_Timers_Init
 .text.delayus  0x08000f48       0x14 Main.o
                0x08000f48                delayus
 .text.delayms  0x08000f5c        0xa Main.o
                0x08000f5c                delayms
 .text.delay    0x08000f66        0xc Main.o
                0x08000f66                delay
 *fill*         0x08000f72        0x2 00
 .text.pulse_R  0x08000f74       0x30 Main.o
                0x08000f74                pulse_R
 .text.configure_R
                0x08000fa4       0xd0 Main.o
                0x08000fa4                configure_R
 .text.read_R   0x08001074       0x74 Main.o
                0x08001074                read_R
 .text.startup.main
                0x080010e8       0x50 Main.o
                0x080010e8                main
 .text          0x08001138        0x0 Lib/System_LibcStubs.o
 .text._open    0x08001138        0x6 Lib/System_LibcStubs.o
                0x08001138                _open
 .text._lseek   0x0800113e        0x6 Lib/System_LibcStubs.o
                0x0800113e                _lseek
 .text._read    0x08001144        0x4 Lib/System_LibcStubs.o
                0x08001144                _read
 .text._write   0x08001148        0x6 Lib/System_LibcStubs.o
                0x08001148                _write
 .text._close   0x0800114e        0x6 Lib/System_LibcStubs.o
                0x0800114e                _close
 .text._fstat   0x08001154        0xe Lib/System_LibcStubs.o
                0x08001154                _fstat
 .text._link    0x08001162        0xe Lib/System_LibcStubs.o
                0x08001162                _link
 .text._unlink  0x08001170        0x6 Lib/System_LibcStubs.o
                0x08001170                _unlink
 *fill*         0x08001176        0x2 00
 .text._sbrk    0x08001178       0x38 Lib/System_LibcStubs.o
                0x08001178                _sbrk
 .text._times   0x080011b0        0x6 Lib/System_LibcStubs.o
                0x080011b0                _times
 .text._wait    0x080011b6        0x6 Lib/System_LibcStubs.o
                0x080011b6                _wait
 .text._kill    0x080011bc        0x6 Lib/System_LibcStubs.o
                0x080011bc                _kill
 .text._fork    0x080011c2        0x6 Lib/System_LibcStubs.o
                0x080011c2                _fork
 .text._getpid  0x080011c8        0x6 Lib/System_LibcStubs.o
                0x080011c8                _getpid
 .text._exit    0x080011ce        0x2 Lib/System_LibcStubs.o
                0x080011ce                _exit
 .text._init    0x080011d0        0x2 Lib/System_LibcStubs.o
                0x080011d0                _init
 .text._isatty  0x080011d2        0x6 Lib/System_LibcStubs.o
                0x080011d2                _isatty
 .text          0x080011d8        0x0 Dave/Generated/src/SYSTM002/SYSTM002.o
 .text.SYSTM002_lInsertTimerList
                0x080011d8       0x88 Dave/Generated/src/SYSTM002/SYSTM002.o
 .text.SYSTM002_lRemoveTimerList
                0x08001260       0x44 Dave/Generated/src/SYSTM002/SYSTM002.o
 .text.SysTick_Handler
                0x080012a4       0x5c Dave/Generated/src/SYSTM002/SYSTM002.o
                0x080012a4                SysTick_Handler
 .text.SYSTM002_Init
                0x08001300       0x6c Dave/Generated/src/SYSTM002/SYSTM002.o
                0x08001300                SYSTM002_Init
 .text.SYSTM002_CreateTimer
                0x0800136c       0x84 Dave/Generated/src/SYSTM002/SYSTM002.o
                0x0800136c                SYSTM002_CreateTimer
 .text.SYSTM002_StartTimer
                0x080013f0       0x44 Dave/Generated/src/SYSTM002/SYSTM002.o
                0x080013f0                SYSTM002_StartTimer
 .text.SYSTM002_StopTimer
                0x08001434       0x3c Dave/Generated/src/SYSTM002/SYSTM002.o
                0x08001434                SYSTM002_StopTimer
 .text.SYSTM002_DeleteTimer
                0x08001470       0x44 Dave/Generated/src/SYSTM002/SYSTM002.o
                0x08001470                SYSTM002_DeleteTimer
 .text.SYSTM002_GetTime
                0x080014b4       0x10 Dave/Generated/src/SYSTM002/SYSTM002.o
                0x080014b4                SYSTM002_GetTime
 .text          0x080014c4        0x0 Dave/Generated/src/RESET001/RESET001.o
 .text.RESET001_AssertReset
                0x080014c4       0x14 Dave/Generated/src/RESET001/RESET001.o
                0x080014c4                RESET001_AssertReset
 .text.RESET001_DeassertReset
                0x080014d8       0x14 Dave/Generated/src/RESET001/RESET001.o
                0x080014d8                RESET001_DeassertReset
 .text.RESET001_GetResetInfo
                0x080014ec        0xc Dave/Generated/src/RESET001/RESET001.o
                0x080014ec                RESET001_GetResetInfo
 .text.RESET001_GetStatus
                0x080014f8       0x1c Dave/Generated/src/RESET001/RESET001.o
                0x080014f8                RESET001_GetStatus
 .text.RESET001_ClearResetInfo
                0x08001514       0x10 Dave/Generated/src/RESET001/RESET001.o
                0x08001514                RESET001_ClearResetInfo
 .text          0x08001524        0x0 Dave/Generated/src/PWMSP001/PWMSP001.o
 .text.PWMSP001_Deinit
                0x08001524       0x8e Dave/Generated/src/PWMSP001/PWMSP001.o
                0x08001524                PWMSP001_Deinit
 .text.PWMSP001_Start
                0x080015b2       0xd8 Dave/Generated/src/PWMSP001/PWMSP001.o
                0x080015b2                PWMSP001_Start
 .text.PWMSP001_Stop
                0x0800168a       0x50 Dave/Generated/src/PWMSP001/PWMSP001.o
                0x0800168a                PWMSP001_Stop
 .text.PWMSP001_SetCompare
                0x080016da       0x3e Dave/Generated/src/PWMSP001/PWMSP001.o
                0x080016da                PWMSP001_SetCompare
 .text.PWMSP001_lSetCompareEdgeAlign
                0x08001718       0x1c Dave/Generated/src/PWMSP001/PWMSP001.o
                0x08001718                PWMSP001_lSetCompareEdgeAlign
 .text.PWMSP001_lSetCompareEdgeAlignTimerConcat
                0x08001734       0x44 Dave/Generated/src/PWMSP001/PWMSP001.o
                0x08001734                PWMSP001_lSetCompareEdgeAlignTimerConcat
 .text.PWMSP001_lSetCompareCenterAlign
                0x08001778       0x1c Dave/Generated/src/PWMSP001/PWMSP001.o
                0x08001778                PWMSP001_lSetCompareCenterAlign
 .text.PWMSP001_SetDutyCycle
                0x08001794       0x38 Dave/Generated/src/PWMSP001/PWMSP001.o
                0x08001794                PWMSP001_SetDutyCycle
 .text.PWMSP001_lSetDutyEdgeAlign
                0x080017cc       0x48 Dave/Generated/src/PWMSP001/PWMSP001.o
                0x080017cc                PWMSP001_lSetDutyEdgeAlign
 .text.PWMSP001_lSetDutyEdgeAlignTimerConcat
                0x08001814       0x7c Dave/Generated/src/PWMSP001/PWMSP001.o
                0x08001814                PWMSP001_lSetDutyEdgeAlignTimerConcat
 .text.PWMSP001_lSetDutyCenterAlign
                0x08001890       0x44 Dave/Generated/src/PWMSP001/PWMSP001.o
                0x08001890                PWMSP001_lSetDutyCenterAlign
 .text.PWMSP001_SetPeriodAndCompare
                0x080018d4       0x46 Dave/Generated/src/PWMSP001/PWMSP001.o
                0x080018d4                PWMSP001_SetPeriodAndCompare
 .text.PWMSP001_SetPeriod
                0x0800191a       0x64 Dave/Generated/src/PWMSP001/PWMSP001.o
                0x0800191a                PWMSP001_SetPeriod
 .text.PWMSP001_lSetPwmFreqTimerConcat
                0x0800197e       0x40 Dave/Generated/src/PWMSP001/PWMSP001.o
                0x0800197e                PWMSP001_lSetPwmFreqTimerConcat
 *fill*         0x080019be        0x2 00
 .text.PWMSP001_SetPwmFreq
                0x080019c0       0x98 Dave/Generated/src/PWMSP001/PWMSP001.o
                0x080019c0                PWMSP001_SetPwmFreq
 .text.PWMSP001_SetPwmFreqAndDutyCycle
                0x08001a58       0xa4 Dave/Generated/src/PWMSP001/PWMSP001.o
                0x08001a58                PWMSP001_SetPwmFreqAndDutyCycle
 .text.PWMSP001_SetTimerVal
                0x08001afc       0x2a Dave/Generated/src/PWMSP001/PWMSP001.o
                0x08001afc                PWMSP001_SetTimerVal
 .text.PWMSP001_GetTimerStatus
                0x08001b26       0x2a Dave/Generated/src/PWMSP001/PWMSP001.o
                0x08001b26                PWMSP001_GetTimerStatus
 .text.PWMSP001_GetTimerRegsVal
                0x08001b50       0x52 Dave/Generated/src/PWMSP001/PWMSP001.o
                0x08001b50                PWMSP001_GetTimerRegsVal
 .text.PWMSP001_GetPeriodReg
                0x08001ba2       0x32 Dave/Generated/src/PWMSP001/PWMSP001.o
                0x08001ba2                PWMSP001_GetPeriodReg
 .text.PWMSP001_SWRequestShadowTransfer
                0x08001bd4       0x46 Dave/Generated/src/PWMSP001/PWMSP001.o
                0x08001bd4                PWMSP001_SWRequestShadowTransfer
 .text.PWMSP001_ResetTrapFlag
                0x08001c1a       0x50 Dave/Generated/src/PWMSP001/PWMSP001.o
                0x08001c1a                PWMSP001_ResetTrapFlag
 .text.PWMSP001_lConfigureSecondSlice
                0x08001c6a      0x14a Dave/Generated/src/PWMSP001/PWMSP001.o
                0x08001c6a                PWMSP001_lConfigureSecondSlice
 .text.PWMSP001_lInit
                0x08001db4      0x1a8 Dave/Generated/src/PWMSP001/PWMSP001.o
                0x08001db4                PWMSP001_lInit
 .text.PWMSP001_Init
                0x08001f5c       0x78 Dave/Generated/src/PWMSP001/PWMSP001.o
                0x08001f5c                PWMSP001_Init
 .text.PWMSP001_EnableEvent
                0x08001fd4       0x3a Dave/Generated/src/PWMSP001/PWMSP001.o
                0x08001fd4                PWMSP001_EnableEvent
 .text.PWMSP001_DisableEvent
                0x0800200e       0x3e Dave/Generated/src/PWMSP001/PWMSP001.o
                0x0800200e                PWMSP001_DisableEvent
 .text.PWMSP001_ClearPendingEvent
                0x0800204c       0x3a Dave/Generated/src/PWMSP001/PWMSP001.o
                0x0800204c                PWMSP001_ClearPendingEvent
 .text.PWMSP001_SetPendingEvent
                0x08002086       0x3a Dave/Generated/src/PWMSP001/PWMSP001.o
                0x08002086                PWMSP001_SetPendingEvent
 .text.PWMSP001_GetPendingEvent
                0x080020c0       0x38 Dave/Generated/src/PWMSP001/PWMSP001.o
                0x080020c0                PWMSP001_GetPendingEvent
 .text          0x080020f8        0x0 Dave/Generated/src/PWMSP001/PWMSP001_Conf.o
 .text          0x080020f8        0x0 Dave/Generated/src/NVIC002/NVIC002.o
 .text.NVIC002_Init
                0x080020f8       0xa4 Dave/Generated/src/NVIC002/NVIC002.o
                0x080020f8                NVIC002_Init
 .text          0x0800219c        0x0 Dave/Generated/src/NVIC002/NVIC002_Conf.o
 .text          0x0800219c        0x0 Dave/Generated/src/LIBS/CCU8PWMLIB.o
 .text          0x0800219c        0x0 Dave/Generated/src/LIBS/MOTORLIB.o
 .text          0x0800219c        0x0 Dave/Generated/src/IO004/IO004.o
 .text.IO004_Init
                0x0800219c      0x1c4 Dave/Generated/src/IO004/IO004.o
                0x0800219c                IO004_Init
 .text.IO004_DisableOutputDriver
                0x08002360       0xb2 Dave/Generated/src/IO004/IO004.o
                0x08002360                IO004_DisableOutputDriver
 .text.IO004_EnableOutputDriver
                0x08002412       0xb2 Dave/Generated/src/IO004/IO004.o
                0x08002412                IO004_EnableOutputDriver
 .text          0x080024c4        0x0 Dave/Generated/src/IO004/IO004_Conf.o
 .text          0x080024c4        0x0 Dave/Generated/src/IO002/IO002.o
 .text.IO002_Init
                0x080024c4      0x134 Dave/Generated/src/IO002/IO002.o
                0x080024c4                IO002_Init
 .text.IO002_ReadPin
                0x080025f8       0x1a Dave/Generated/src/IO002/IO002.o
                0x080025f8                IO002_ReadPin
 .text.IO002_SetPin
                0x08002612       0x18 Dave/Generated/src/IO002/IO002.o
                0x08002612                IO002_SetPin
 .text.IO002_ResetPin
                0x0800262a       0x1a Dave/Generated/src/IO002/IO002.o
                0x0800262a                IO002_ResetPin
 .text.IO002_SetOutputValue
                0x08002644       0x22 Dave/Generated/src/IO002/IO002.o
                0x08002644                IO002_SetOutputValue
 .text.IO002_TogglePin
                0x08002666       0x1a Dave/Generated/src/IO002/IO002.o
                0x08002666                IO002_TogglePin
 .text.IO002_DisableOutputDriver
                0x08002680        0x2 Dave/Generated/src/IO002/IO002.o
                0x08002680                IO002_DisableOutputDriver
 .text.IO002_EnableOutputDriver
                0x08002682        0x2 Dave/Generated/src/IO002/IO002.o
                0x08002682                IO002_EnableOutputDriver
 .text          0x08002684        0x0 Dave/Generated/src/IO002/IO002_Conf.o
 .text          0x08002684        0x0 Dave/Generated/src/ERU002/ERU002.o
 .text.ERU002_lInit
                0x08002684       0x48 Dave/Generated/src/ERU002/ERU002.o
                0x08002684                ERU002_lInit
 .text.ERU002_Init
                0x080026cc       0x18 Dave/Generated/src/ERU002/ERU002.o
                0x080026cc                ERU002_Init
 .text.ERU002_SetPeripheralTrigInputSrc
                0x080026e4       0x22 Dave/Generated/src/ERU002/ERU002.o
                0x080026e4                ERU002_SetPeripheralTrigInputSrc
 .text.ERU002_GetPatternResult
                0x08002706       0x1c Dave/Generated/src/ERU002/ERU002.o
                0x08002706                ERU002_GetPatternResult
 .text.ERU002_EnablePatternDetection
                0x08002722       0x16 Dave/Generated/src/ERU002/ERU002.o
                0x08002722                ERU002_EnablePatternDetection
 .text.ERU002_DisablePatternDetection
                0x08002738       0x16 Dave/Generated/src/ERU002/ERU002.o
                0x08002738                ERU002_DisablePatternDetection
 .text.ERU002_SelectServiceRequestMode
                0x0800274e       0x1e Dave/Generated/src/ERU002/ERU002.o
                0x0800274e                ERU002_SelectServiceRequestMode
 .text          0x0800276c        0x0 Dave/Generated/src/ERU002/ERU002_Conf.o
 .text          0x0800276c        0x0 Dave/Generated/src/ERU001/ERU001.o
 .text.ERU001_lInit
                0x0800276c       0x70 Dave/Generated/src/ERU001/ERU001.o
                0x0800276c                ERU001_lInit
 .text.ERU001_Init
                0x080027dc       0x18 Dave/Generated/src/ERU001/ERU001.o
                0x080027dc                ERU001_Init
 .text.ERU001_ClearFlag
                0x080027f4       0x20 Dave/Generated/src/ERU001/ERU001.o
                0x080027f4                ERU001_ClearFlag
 .text          0x08002814        0x0 Dave/Generated/src/ERU001/ERU001_Conf.o
 .text          0x08002814        0x0 Dave/Generated/src/DAVESupport/DAVE3.o
 .text.DAVE_Init
                0x08002814       0x50 Dave/Generated/src/DAVESupport/DAVE3.o
                0x08002814                DAVE_Init
 .text.SystemInit_DAVE3
                0x08002864        0x4 Dave/Generated/src/DAVESupport/DAVE3.o
                0x08002864                SystemInit_DAVE3
 .text          0x08002868        0x0 Dave/Generated/src/DAVESupport/MULTIPLEXER.o
 .text.DAVE_MUX_Init
                0x08002868       0xe8 Dave/Generated/src/DAVESupport/MULTIPLEXER.o
                0x08002868                DAVE_MUX_Init
 .text.DAVE_MUX_PreInit
                0x08002950       0x14 Dave/Generated/src/DAVESupport/MULTIPLEXER.o
                0x08002950                DAVE_MUX_PreInit
 .text          0x08002964        0x0 Dave/Generated/src/CNT001/CNT001.o
 .text.CNT001_lInit
                0x08002964       0xdc Dave/Generated/src/CNT001/CNT001.o
                0x08002964                CNT001_lInit
 .text.CNT001_Deinit
                0x08002a40       0x50 Dave/Generated/src/CNT001/CNT001.o
                0x08002a40                CNT001_Deinit
 .text.CNT001_Start
                0x08002a90       0x2e Dave/Generated/src/CNT001/CNT001.o
                0x08002a90                CNT001_Start
 *fill*         0x08002abe        0x2 00
 .text.CNT001_Init
                0x08002ac0       0x28 Dave/Generated/src/CNT001/CNT001.o
                0x08002ac0                CNT001_Init
 .text.CNT001_Stop
                0x08002ae8       0x3a Dave/Generated/src/CNT001/CNT001.o
                0x08002ae8                CNT001_Stop
 .text.CNT001_GetEvtCountValue
                0x08002b22       0x16 Dave/Generated/src/CNT001/CNT001.o
                0x08002b22                CNT001_GetEvtCountValue
 .text.CNT001_GetCountMatch
                0x08002b38       0x12 Dave/Generated/src/CNT001/CNT001.o
                0x08002b38                CNT001_GetCountMatch
 .text.CNT001_SetCountMatch
                0x08002b4a       0x3a Dave/Generated/src/CNT001/CNT001.o
                0x08002b4a                CNT001_SetCountMatch
 .text.CNT001_GetTimerStatus
                0x08002b84       0x18 Dave/Generated/src/CNT001/CNT001.o
                0x08002b84                CNT001_GetTimerStatus
 .text.CNT001_EnableEvent
                0x08002b9c       0x1c Dave/Generated/src/CNT001/CNT001.o
                0x08002b9c                CNT001_EnableEvent
 .text.CNT001_DisableEvent
                0x08002bb8       0x1e Dave/Generated/src/CNT001/CNT001.o
                0x08002bb8                CNT001_DisableEvent
 .text.CNT001_ClearPendingEvent
                0x08002bd6       0x1c Dave/Generated/src/CNT001/CNT001.o
                0x08002bd6                CNT001_ClearPendingEvent
 .text.CNT001_SetPendingEvent
                0x08002bf2       0x1c Dave/Generated/src/CNT001/CNT001.o
                0x08002bf2                CNT001_SetPendingEvent
 .text.CNT001_GetPendingEvent
                0x08002c0e       0x28 Dave/Generated/src/CNT001/CNT001.o
                0x08002c0e                CNT001_GetPendingEvent
 .text.CNT001_ResetCounter
                0x08002c36       0x18 Dave/Generated/src/CNT001/CNT001.o
                0x08002c36                CNT001_ResetCounter
 .text          0x08002c4e        0x0 Dave/Generated/src/CNT001/CNT001_Conf.o
 .text          0x08002c4e        0x0 Dave/Generated/src/CLK001/CLK001.o
 .text.CLK001_Delay
                0x08002c4e       0x1e Dave/Generated/src/CLK001/CLK001.o
 .text.CLK001_Init
                0x08002c6c      0x1c8 Dave/Generated/src/CLK001/CLK001.o
                0x08002c6c                CLK001_Init
 .text.AllowPLLInitByStartup
                0x08002e34        0x4 Dave/Generated/src/CLK001/CLK001.o
                0x08002e34                AllowPLLInitByStartup
 .text          0x08002e38        0x0 Dave/Generated/src/CCU4GLOBAL/CCU4GLOBAL.o
 .text.CCU4GLOBAL_Init
                0x08002e38       0x3c Dave/Generated/src/CCU4GLOBAL/CCU4GLOBAL.o
                0x08002e38                CCU4GLOBAL_Init
 .text          0x08002e74        0x0 Dave/Generated/src/CCU4GLOBAL/CCU4GLOBAL_Conf.o
 .text          0x08002e74        0x0 c:/dave-3.1.10/arm-gcc/bin/../lib/gcc/arm-none-eabi/4.7.4/../../../../arm-none-eabi/lib/armv7e-m\libc.a(lib_a-init.o)
 .text.__libc_init_array
                0x08002e74       0x94 c:/dave-3.1.10/arm-gcc/bin/../lib/gcc/arm-none-eabi/4.7.4/../../../../arm-none-eabi/lib/armv7e-m\libc.a(lib_a-init.o)
                0x08002e74                __libc_init_array
 *(.glue*)
 .glue_7        0x00000000        0x0 linker stubs
 .glue_7t       0x00000000        0x0 linker stubs
 *(.v4*)
 .v4_bx         0x00000000        0x0 linker stubs
 *(.vfp11_veneer)
 .vfp11_veneer  0x00000000        0x0 linker stubs
 *(.init)
                0x08002f08                __preinit_array_start = .
 *(.preinit_array)
                0x08002f08                __preinit_array_end = .
                0x08002f08                __init_array_start = .
 *(SORT(.init_array.*))
 *(.init_array)
                0x08002f08                __init_array_end = .
 *crtbegin.o(.ctors)
 *(EXCLUDE_FILE(*crtend.o) .ctors)
 *(SORT(.ctors.*))
 *crtend.o(.ctors)
 *(.fini)
                0x08002f08                __fini_array_start = .
 *(.fini_array)
 *(SORT(.fini_array.*))
                0x08002f08                __fini_array_end = .
 *crtbegin.o(.dtors)
 *(EXCLUDE_FILE(*crtend.o) .dtors)
 *(SORT(.dtors.*))
 *crtend.o(.dtors)
                0x08002f08                __extab_start = .
 *(.ARM.extab* .gnu.linkonce.armextab.*)
 .ARM.extab.Xmc4500.reset
                0x08002f08        0x0 Startup/startup_XMC4500.o
 .ARM.extab.Xmc4500.postreset
                0x08002f08        0x0 Startup/startup_XMC4500.o
                0x08002f08                . = ALIGN (0x4)
                0x08002f08                __extab_end = ABSOLUTE (.)

.iplt           0x08002f08        0x0 load address 0x0c002f08
 .iplt          0x00000000        0x0 Startup/startup_XMC4500.o

.ARM.exidx      0x08002f08       0x10 load address 0x0c002f08
                0x08002f08                __exidx_start = .
 *(.ARM.exidx* .gnu.linkonce.armexidx.*)
 .ARM.exidx.Xmc4500.reset
                0x08002f08        0x8 Startup/startup_XMC4500.o
 .ARM.exidx.Xmc4500.postreset
                0x08002f10        0x8 Startup/startup_XMC4500.o
                0x08002f18                . = ALIGN (0x4)
                0x08002f18                __exidx_end = ABSOLUTE (.)

.rodata         0x08002f18      0x218 load address 0x0c002f18
 *(.rodata .rodata.*)
 .rodata        0x08002f18       0x90 Dave/Generated/src/PWMSP001/PWMSP001_Conf.o
                0x08002f18                PWMSP001_Handle1
                0x08002f60                PWMSP001_Handle0
 .rodata        0x08002fa8        0x8 Dave/Generated/src/NVIC002/NVIC002_Conf.o
                0x08002fa8                NVIC002_Handle1
                0x08002fac                NVIC002_Handle0
 .rodata        0x08002fb0       0x78 Dave/Generated/src/IO004/IO004_Conf.o
                0x08002fb0                IO004_Handle9
                0x08002fb8                IO004_Handle8
                0x08002fc0                IO004_Handle7
                0x08002fc8                IO004_Handle6
                0x08002fd0                IO004_Handle5
                0x08002fd8                IO004_Handle4
                0x08002fe0                IO004_Handle3
                0x08002fe8                IO004_Handle2
                0x08002ff0                IO004_Handle14
                0x08002ff8                IO004_Handle13
                0x08003000                IO004_Handle12
                0x08003008                IO004_Handle11
                0x08003010                IO004_Handle10
                0x08003018                IO004_Handle1
                0x08003020                IO004_Handle0
 .rodata        0x08003028       0x98 Dave/Generated/src/IO002/IO002_Conf.o
                0x08003028                IO002_Handle1
                0x08003074                IO002_Handle0
 .rodata        0x080030c0       0x20 Dave/Generated/src/ERU002/ERU002_Conf.o
                0x080030c0                ERU002_Handle1
                0x080030d0                ERU002_Handle0
 .rodata        0x080030e0       0x18 Dave/Generated/src/ERU001/ERU001_Conf.o
                0x080030e0                ERU001_Handle1
                0x080030ec                ERU001_Handle0
 .rodata        0x080030f8       0x20 Dave/Generated/src/CNT001/CNT001_Conf.o
                0x080030f8                CNT001_Handle0
 .rodata        0x08003118       0x18 Dave/Generated/src/CCU4GLOBAL/CCU4GLOBAL_Conf.o
                0x08003118                CCU4Global_Handle1
                0x08003124                CCU4Global_Handle0
 *(.gnu.linkonce.r*)

.rel.dyn        0x08003130        0x0 load address 0x0c003130
 .rel.iplt      0x00000000        0x0 Startup/startup_XMC4500.o
                0x08003130                . = ALIGN (0x10)
                0x0c003130                eROData = (. | 0x4000000)

Stack           0x10000000      0x800
                0x10000800                . = (. + stack_size)
 *fill*         0x10000000      0x800 00
                0x10000800                __Xmc4500_stack = .

.data3          0x10000800        0x0
                0x10000800                __data3_start = .
 *(.data3)
                0x10000800                __data3_end = .
                0x00000000                __data3_size = (__data3_end - __data3_start)

.data           0x20000000       0x2c load address 0x0c003130
                0x20000000                __Xmc4500_sData = .
 *(.data)
 .data          0x20000000        0x0 Startup/startup_XMC4500.o
 .data          0x20000000        0x4 Startup/system_XMC4500.o
                0x20000000                SystemCoreClock
 .data          0x20000004        0x0 Main.o
 .data          0x20000004        0x0 Lib/System_LibcStubs.o
 .data          0x20000004        0x0 Dave/Generated/src/SYSTM002/SYSTM002.o
 .data          0x20000004        0x0 Dave/Generated/src/RESET001/RESET001.o
 .data          0x20000004        0x0 Dave/Generated/src/PWMSP001/PWMSP001.o
 .data          0x20000004        0x0 Dave/Generated/src/PWMSP001/PWMSP001_Conf.o
 .data          0x20000004        0x0 Dave/Generated/src/NVIC002/NVIC002.o
 .data          0x20000004        0x8 Dave/Generated/src/NVIC002/NVIC002_Conf.o
                0x20000004                NVIC002_HandleArray
 .data          0x2000000c        0x0 Dave/Generated/src/LIBS/CCU8PWMLIB.o
 .data          0x2000000c        0x0 Dave/Generated/src/LIBS/MOTORLIB.o
 .data          0x2000000c        0x0 Dave/Generated/src/IO004/IO004.o
 .data          0x2000000c        0x0 Dave/Generated/src/IO004/IO004_Conf.o
 .data          0x2000000c        0x0 Dave/Generated/src/IO002/IO002.o
 .data          0x2000000c        0x8 Dave/Generated/src/IO002/IO002_Conf.o
                0x2000000c                IO002_HandleArr
 .data          0x20000014        0x0 Dave/Generated/src/ERU002/ERU002.o
 .data          0x20000014        0x8 Dave/Generated/src/ERU002/ERU002_Conf.o
                0x20000014                ERU002_HandleArray
 .data          0x2000001c        0x0 Dave/Generated/src/ERU001/ERU001.o
 .data          0x2000001c        0x8 Dave/Generated/src/ERU001/ERU001_Conf.o
                0x2000001c                ERU001_HandleArray
 .data          0x20000024        0x0 Dave/Generated/src/DAVESupport/DAVE3.o
 .data          0x20000024        0x0 Dave/Generated/src/DAVESupport/MULTIPLEXER.o
 .data          0x20000024        0x0 Dave/Generated/src/CNT001/CNT001.o
 .data          0x20000024        0x0 Dave/Generated/src/CNT001/CNT001_Conf.o
 .data          0x20000024        0x0 Dave/Generated/src/CLK001/CLK001.o
 .data          0x20000024        0x0 Dave/Generated/src/CCU4GLOBAL/CCU4GLOBAL.o
 .data          0x20000024        0x8 Dave/Generated/src/CCU4GLOBAL/CCU4GLOBAL_Conf.o
                0x20000024                CCU4Global_HandleArray
 .data          0x2000002c        0x0 c:/dave-3.1.10/arm-gcc/bin/../lib/gcc/arm-none-eabi/4.7.4/../../../../arm-none-eabi/lib/armv7e-m\libc.a(lib_a-init.o)
 *(.data*)
 *(*.data)
 *(.gnu.linkonce.d*)
                0x2000002c                __Xmc4500_eData = ALIGN (0x4)
                0x0000002c                __Xmc4500_Data_Size = (__Xmc4500_eData - __Xmc4500_sData)

.igot.plt       0x2000002c        0x0 load address 0x0c00315c
 .igot.plt      0x00000000        0x0 Startup/startup_XMC4500.o

.ram_code       0x10000800        0x0 load address 0x0c00315c
                0x10000800                __ram_code_start = .
 *(.ram_code)
                0x10000800                __ram_code_end = .
                0x0c00315c                __ram_code_load = LOADADDR (.ram_code)
                0x00000000                __ram_code_size = (__ram_code_end - __ram_code_start)

.bss            0x2000002c      0x454 load address 0x0c00315c
                0x2000002c                __Xmc4500_sBSS = .
 *(.bss)
 .bss           0x2000002c        0x0 Startup/startup_XMC4500.o
 .bss           0x2000002c        0x0 Startup/system_XMC4500.o
 .bss           0x2000002c        0xc Main.o
                0x2000002c                ticks
                0x20000030                status_ticks
                0x20000034                value
 .bss           0x20000038        0xc Lib/System_LibcStubs.o
                0x20000040                __dso_handle
 .bss           0x20000044        0xc Dave/Generated/src/SYSTM002/SYSTM002.o
                0x20000044                TimerList
                0x20000048                SysTickCount
                0x2000004c                TimerTracker
 .bss           0x20000050        0x0 Dave/Generated/src/RESET001/RESET001.o
 .bss           0x20000050        0x0 Dave/Generated/src/PWMSP001/PWMSP001.o
 .bss           0x20000050        0x2 Dave/Generated/src/PWMSP001/PWMSP001_Conf.o
                0x20000050                PWMSP001_DynamicData1
                0x20000051                PWMSP001_DynamicData0
 .bss           0x20000052        0x0 Dave/Generated/src/NVIC002/NVIC002.o
 .bss           0x20000052        0x0 Dave/Generated/src/NVIC002/NVIC002_Conf.o
 .bss           0x20000052        0x0 Dave/Generated/src/LIBS/CCU8PWMLIB.o
 .bss           0x20000052        0x0 Dave/Generated/src/LIBS/MOTORLIB.o
 .bss           0x20000052        0x0 Dave/Generated/src/IO004/IO004.o
 .bss           0x20000052        0x0 Dave/Generated/src/IO004/IO004_Conf.o
 .bss           0x20000052        0x0 Dave/Generated/src/IO002/IO002.o
 .bss           0x20000052        0x0 Dave/Generated/src/IO002/IO002_Conf.o
 .bss           0x20000052        0x0 Dave/Generated/src/ERU002/ERU002.o
 .bss           0x20000052        0x0 Dave/Generated/src/ERU002/ERU002_Conf.o
 .bss           0x20000052        0x0 Dave/Generated/src/ERU001/ERU001.o
 .bss           0x20000052        0x0 Dave/Generated/src/ERU001/ERU001_Conf.o
 .bss           0x20000052        0x0 Dave/Generated/src/DAVESupport/DAVE3.o
 .bss           0x20000052        0x0 Dave/Generated/src/DAVESupport/MULTIPLEXER.o
 .bss           0x20000052        0x0 Dave/Generated/src/CNT001/CNT001.o
 *fill*         0x20000052        0x2 00
 .bss           0x20000054        0xc Dave/Generated/src/CNT001/CNT001_Conf.o
                0x20000054                CNT001_DynamicHandle0
 .bss           0x20000060        0x8 Dave/Generated/src/CLK001/CLK001.o
 .bss           0x20000068        0x4 Dave/Generated/src/CCU4GLOBAL/CCU4GLOBAL.o
 .bss           0x2000006c        0x0 Dave/Generated/src/CCU4GLOBAL/CCU4GLOBAL_Conf.o
 .bss           0x2000006c        0x0 c:/dave-3.1.10/arm-gcc/bin/../lib/gcc/arm-none-eabi/4.7.4/../../../../arm-none-eabi/lib/armv7e-m\libc.a(lib_a-init.o)
 *(.bss*)
 *(COMMON)
 COMMON         0x2000006c       0x14 Main.o
                0x2000006c                configuration
                0x2000007b                data_R
 COMMON         0x20000080      0x400 Dave/Generated/src/SYSTM002/SYSTM002.o
                0x20000080                TimerTbl
 *(.gnu.linkonce.b*)
                0x20000480                __Xmc4500_eBSS = ALIGN (0x4)
                0x20000480                . = ALIGN (0x4)
                0x20000480                Heap_Bank1_Start = .
                0x00000454                __Xmc4500_BSS_Size = (__Xmc4500_eBSS - __Xmc4500_sBSS)

.data2          0x30000000        0x0
                0x30000000                __data2_start = .
 *(ETH_RAM)
                0x30000000                __data2_end = .
                0x00000000                __data2_size = (__data2_end - __data2_start)
                0x0000fb80                Heap_Bank1_Size = (0x10000 - (Heap_Bank1_Start - ORIGIN (DSRAM_1_system)))

DSRAM2_Heap     0x30000000        0x0
                0x30000000                Heap_Bank2_Start = .
                0x00008000                Heap_Bank2_Size = (0x8000 - (Heap_Bank2_Start - ORIGIN (DSRAM_2_comm)))

PSRAM_Heap      0x10000800        0x0
                0x10000800                Heap_Bank3_Start = .
                0x0000f800                Heap_Bank3_Size = (0x10000 - (Heap_Bank3_Start - ORIGIN (PSRAM_1)))

/DISCARD/
 *(.comment)

.stab
 *(.stab)

.stabstr
 *(.stabstr)

.debug
 *(.debug)

.line
 *(.line)

.debug_srcinfo
 *(.debug_srcinfo)

.debug_sfnames
 *(.debug_sfnames)

.debug_aranges
 *(.debug_aranges)

.debug_pubnames
 *(.debug_pubnames)

.debug_pubtypes
 *(.debug_pubtypes)

.debug_info
 *(.debug_info .gnu.linkonce.wi.*)

.debug_abbrev
 *(.debug_abbrev)

.debug_line
 *(.debug_line)

.debug_frame    0x00000000       0x30
 *(.debug_frame)
 .debug_frame   0x00000000       0x30 c:/dave-3.1.10/arm-gcc/bin/../lib/gcc/arm-none-eabi/4.7.4/../../../../arm-none-eabi/lib/armv7e-m\libc.a(lib_a-init.o)

.debug_str
 *(.debug_str)

.debug_loc
 *(.debug_loc)

.debug_macinfo
 *(.debug_macinfo)

.debug_ranges
 *(.debug_ranges)

.debug_weaknames
 *(.debug_weaknames)

.debug_funcnames
 *(.debug_funcnames)

.debug_typenames
 *(.debug_typenames)

.debug_varnames
 *(.debug_varnames)

.build_attributes
                0x00000000      0x61f
 *(.ARM.attributes)
 .ARM.attributes
                0x00000000       0x27 Startup/startup_XMC4500.o
 .ARM.attributes
                0x00000027       0x39 Startup/system_XMC4500.o
 .ARM.attributes
                0x00000060       0x39 Main.o
 .ARM.attributes
                0x00000099       0x39 Lib/System_LibcStubs.o
 .ARM.attributes
                0x000000d2       0x39 Dave/Generated/src/SYSTM002/SYSTM002.o
 .ARM.attributes
                0x0000010b       0x39 Dave/Generated/src/RESET001/RESET001.o
 .ARM.attributes
                0x00000144       0x39 Dave/Generated/src/PWMSP001/PWMSP001.o
 .ARM.attributes
                0x0000017d       0x39 Dave/Generated/src/PWMSP001/PWMSP001_Conf.o
 .ARM.attributes
                0x000001b6       0x39 Dave/Generated/src/NVIC002/NVIC002.o
 .ARM.attributes
                0x000001ef       0x39 Dave/Generated/src/NVIC002/NVIC002_Conf.o
 .ARM.attributes
                0x00000228       0x39 Dave/Generated/src/LIBS/CCU8PWMLIB.o
 .ARM.attributes
                0x00000261       0x39 Dave/Generated/src/LIBS/MOTORLIB.o
 .ARM.attributes
                0x0000029a       0x39 Dave/Generated/src/IO004/IO004.o
 .ARM.attributes
                0x000002d3       0x39 Dave/Generated/src/IO004/IO004_Conf.o
 .ARM.attributes
                0x0000030c       0x39 Dave/Generated/src/IO002/IO002.o
 .ARM.attributes
                0x00000345       0x39 Dave/Generated/src/IO002/IO002_Conf.o
 .ARM.attributes
                0x0000037e       0x39 Dave/Generated/src/ERU002/ERU002.o
 .ARM.attributes
                0x000003b7       0x39 Dave/Generated/src/ERU002/ERU002_Conf.o
 .ARM.attributes
                0x000003f0       0x39 Dave/Generated/src/ERU001/ERU001.o
 .ARM.attributes
                0x00000429       0x39 Dave/Generated/src/ERU001/ERU001_Conf.o
 .ARM.attributes
                0x00000462       0x39 Dave/Generated/src/DAVESupport/DAVE3.o
 .ARM.attributes
                0x0000049b       0x39 Dave/Generated/src/DAVESupport/MULTIPLEXER.o
 .ARM.attributes
                0x000004d4       0x39 Dave/Generated/src/CNT001/CNT001.o
 .ARM.attributes
                0x0000050d       0x39 Dave/Generated/src/CNT001/CNT001_Conf.o
 .ARM.attributes
                0x00000546       0x39 Dave/Generated/src/CLK001/CLK001.o
 .ARM.attributes
                0x0000057f       0x39 Dave/Generated/src/CCU4GLOBAL/CCU4GLOBAL.o
 .ARM.attributes
                0x000005b8       0x39 Dave/Generated/src/CCU4GLOBAL/CCU4GLOBAL_Conf.o
 .ARM.attributes
                0x000005f1       0x2e c:/dave-3.1.10/arm-gcc/bin/../lib/gcc/arm-none-eabi/4.7.4/../../../../arm-none-eabi/lib/armv7e-m\libc.a(lib_a-init.o)
OUTPUT(ControleInterno-Spartacus.elf elf32-littlearm)
