   1              		.syntax unified
   2              		.cpu cortex-m4
   3              		.eabi_attribute 27, 3
   4              		.fpu fpv4-sp-d16
   5              		.eabi_attribute 20, 1
   6              		.eabi_attribute 21, 1
   7              		.eabi_attribute 23, 3
   8              		.eabi_attribute 24, 1
   9              		.eabi_attribute 25, 1
  10              		.eabi_attribute 26, 1
  11              		.eabi_attribute 30, 4
  12              		.eabi_attribute 34, 1
  13              		.eabi_attribute 18, 4
  14              		.thumb
  15              		.file	"Main.c"
  16              		.section	.text.Tick_Handler,"ax",%progbits
  17              		.align	1
  18              		.global	Tick_Handler
  19              		.thumb
  20              		.thumb_func
  22              	Tick_Handler:
  23              		@ args = 0, pretend = 0, frame = 0
  24              		@ frame_needed = 0, uses_anonymous_args = 0
  25              		@ link register save eliminated.
  26 0000 034B     		ldr	r3, .L2
  27 0002 1A68     		ldr	r2, [r3, #0]
  28 0004 5968     		ldr	r1, [r3, #4]
  29 0006 501C     		adds	r0, r2, #1
  30 0008 4A1C     		adds	r2, r1, #1
  31 000a 1860     		str	r0, [r3, #0]
  32 000c 5A60     		str	r2, [r3, #4]
  33 000e 7047     		bx	lr
  34              	.L3:
  35              		.align	2
  36              	.L2:
  37 0010 00000000 		.word	.LANCHOR0
  39              		.section	.text.WakeUp,"ax",%progbits
  40              		.align	1
  41              		.global	WakeUp
  42              		.thumb
  43              		.thumb_func
  45              	WakeUp:
  46              		@ args = 0, pretend = 0, frame = 0
  47              		@ frame_needed = 0, uses_anonymous_args = 0
  48              		@ link register save eliminated.
  49 0000 7047     		bx	lr
  51              		.section	.text.start_driver_signals,"ax",%progbits
  52              		.align	1
  53              		.global	start_driver_signals
  54              		.thumb
  55              		.thumb_func
  57              	start_driver_signals:
  58              		@ args = 0, pretend = 0, frame = 0
  59              		@ frame_needed = 0, uses_anonymous_args = 0
  60 0000 70B5     		push	{r4, r5, r6, lr}
  61 0002 0E4C     		ldr	r4, .L6
  62 0004 0E4E     		ldr	r6, .L6+4
  63 0006 2046     		mov	r0, r4
  64 0008 FFF7FEFF 		bl	PWMSP001_Start
  65 000c 3146     		mov	r1, r6	@ float
  66 000e 2046     		mov	r0, r4
  67 0010 FFF7FEFF 		bl	PWMSP001_SetPwmFreq
  68 0014 0025     		movs	r5, #0
  69 0016 2046     		mov	r0, r4
  70 0018 0A4C     		ldr	r4, .L6+8
  71 001a 2946     		mov	r1, r5	@ float
  72 001c FFF7FEFF 		bl	PWMSP001_SetDutyCycle
  73 0020 2046     		mov	r0, r4
  74 0022 FFF7FEFF 		bl	PWMSP001_Start
  75 0026 3146     		mov	r1, r6	@ float
  76 0028 2046     		mov	r0, r4
  77 002a FFF7FEFF 		bl	PWMSP001_SetPwmFreq
  78 002e 2046     		mov	r0, r4
  79 0030 2946     		mov	r1, r5	@ float
  80 0032 BDE87040 		pop	{r4, r5, r6, lr}
  81 0036 FFF7FEBF 		b	PWMSP001_SetDutyCycle
  82              	.L7:
  83 003a 00BF     		.align	2
  84              	.L6:
  85 003c 00000000 		.word	PWMSP001_Handle0
  86 0040 00409C46 		.word	1184645120
  87 0044 00000000 		.word	PWMSP001_Handle1
  89              		.section	.text.update_driver_signals,"ax",%progbits
  90              		.align	1
  91              		.global	update_driver_signals
  92              		.thumb
  93              		.thumb_func
  95              	update_driver_signals:
  96              		@ args = 0, pretend = 0, frame = 0
  97              		@ frame_needed = 0, uses_anonymous_args = 0
  98 0000 08B5     		push	{r3, lr}
  99 0002 2DED028B 		fstmfdd	sp!, {d8}
 100 0006 4C4A     		ldr	r2, .L26
 101 0008 D378     		ldrb	r3, [r2, #3]	@ zero_extendqisi2
 102 000a 03F00801 		and	r1, r3, #8
 103 000e C8B2     		uxtb	r0, r1
 104 0010 88B1     		cbz	r0, .L9
 105 0012 5178     		ldrb	r1, [r2, #1]	@ zero_extendqisi2
 106 0014 1E29     		cmp	r1, #30
 107 0016 22D9     		bls	.L17
 108 0018 01EE901A 		fmsr	s3, r1	@ int
 109 001c DFED472A 		flds	s5, .L26+4
 110 0020 B8EE612A 		fuitos	s4, s3
 111 0024 DFED463A 		flds	s7, .L26+8
 112 0028 82EE223A 		fdivs	s6, s4, s5
 113 002c B7EE007A 		fconsts	s14, #112
 114 0030 23EE238A 		fmuls	s16, s6, s7
 115 0034 1CE0     		b	.L10
 116              	.L9:
 117 0036 D907     		lsls	r1, r3, #31
 118 0038 16D5     		bpl	.L19
 119 003a 5278     		ldrb	r2, [r2, #1]	@ zero_extendqisi2
 120 003c 1E2A     		cmp	r2, #30
 121 003e 13D9     		bls	.L19
 122 0040 07EE902A 		fmsr	s15, r2	@ int
 123 0044 9FED3D0A 		flds	s0, .L26+4
 124 0048 B8EE678A 		fuitos	s16, s15
 125 004c 9FED3C1A 		flds	s2, .L26+8
 126 0050 C8EE000A 		fdivs	s1, s16, s0
 127 0054 9FED3B7A 		flds	s14, .L26+12
 128 0058 20EE818A 		fmuls	s16, s1, s2
 129 005c 08E0     		b	.L10
 130              	.L17:
 131 005e B7EE007A 		fconsts	s14, #112
 132 0062 9FED388A 		flds	s16, .L26+12
 133 0066 03E0     		b	.L10
 134              	.L19:
 135 0068 9FED367A 		flds	s14, .L26+12
 136 006c B0EE478A 		fcpys	s16, s14
 137              	.L10:
 138 0070 03F02000 		and	r0, r3, #32
 139 0074 C2B2     		uxtb	r2, r0
 140 0076 92B1     		cbz	r2, .L11
 141 0078 2F4B     		ldr	r3, .L26
 142 007a 9978     		ldrb	r1, [r3, #2]	@ zero_extendqisi2
 143 007c 1E29     		cmp	r1, #30
 144 007e 25D9     		bls	.L20
 145 0080 00EE101A 		fmsr	s0, r1	@ int
 146 0084 9FED2D1A 		flds	s2, .L26+4
 147 0088 F8EE400A 		fuitos	s1, s0
 148 008c 9FED2C2A 		flds	s4, .L26+8
 149 0090 C0EE811A 		fdivs	s3, s1, s2
 150 0094 B7EE004A 		fconsts	s8, #112
 151 0098 61EE826A 		fmuls	s13, s3, s4
 152 009c 1FE0     		b	.L12
 153              	.L11:
 154 009e 03F01003 		and	r3, r3, #16
 155 00a2 D9B2     		uxtb	r1, r3
 156 00a4 B9B1     		cbz	r1, .L22
 157 00a6 2448     		ldr	r0, .L26
 158 00a8 8278     		ldrb	r2, [r0, #2]	@ zero_extendqisi2
 159 00aa 1E2A     		cmp	r2, #30
 160 00ac 13D9     		bls	.L22
 161 00ae 04EE902A 		fmsr	s9, r2	@ int
 162 00b2 DFED225A 		flds	s11, .L26+4
 163 00b6 B8EE645A 		fuitos	s10, s9
 164 00ba DFED217A 		flds	s15, .L26+8
 165 00be 85EE256A 		fdivs	s12, s10, s11
 166 00c2 9FED204A 		flds	s8, .L26+12
 167 00c6 66EE276A 		fmuls	s13, s12, s15
 168 00ca 08E0     		b	.L12
 169              	.L20:
 170 00cc B7EE004A 		fconsts	s8, #112
 171 00d0 DFED1C6A 		flds	s13, .L26+12
 172 00d4 03E0     		b	.L12
 173              	.L22:
 174 00d6 9FED1B4A 		flds	s8, .L26+12
 175 00da F0EE446A 		fcpys	s13, s8
 176              	.L12:
 177 00de 1A48     		ldr	r0, .L26+16
 178 00e0 B5EE407A 		fcmpzs	s14
 179 00e4 F1EE10FA 		fmstat
 180 00e8 4268     		ldr	r2, [r0, #4]
 181 00ea 4378     		ldrb	r3, [r0, #1]	@ zero_extendqisi2
 182 00ec 01D0     		beq	.L13
 183 00ee 0121     		movs	r1, #1
 184 00f0 01E0     		b	.L23
 185              	.L13:
 186 00f2 4FF48031 		mov	r1, #65536
 187              	.L23:
 188 00f6 01FA03F0 		lsl	r0, r1, r3
 189 00fa B5EE404A 		fcmpzs	s8
 190 00fe 134B     		ldr	r3, .L26+20
 191 0100 5060     		str	r0, [r2, #4]
 192 0102 F1EE10FA 		fmstat
 193 0106 5A68     		ldr	r2, [r3, #4]
 194 0108 5878     		ldrb	r0, [r3, #1]	@ zero_extendqisi2
 195 010a 01D0     		beq	.L15
 196 010c 0121     		movs	r1, #1
 197 010e 01E0     		b	.L24
 198              	.L15:
 199 0110 4FF48031 		mov	r1, #65536
 200              	.L24:
 201 0114 01FA00F3 		lsl	r3, r1, r0
 202 0118 5360     		str	r3, [r2, #4]
 203 011a 16EE901A 		fmrs	r1, s13
 204 011e 0C48     		ldr	r0, .L26+24
 205 0120 FFF7FEFF 		bl	PWMSP001_SetDutyCycle
 206 0124 0B48     		ldr	r0, .L26+28
 207 0126 18EE101A 		fmrs	r1, s16
 208 012a BDEC028B 		fldmfdd	sp!, {d8}
 209 012e BDE80840 		pop	{r3, lr}
 210 0132 FFF7FEBF 		b	PWMSP001_SetDutyCycle
 211              	.L27:
 212 0136 00BF     		.align	2
 213              	.L26:
 214 0138 00000000 		.word	data_R
 215 013c 00007F43 		.word	1132396544
 216 0140 0000C842 		.word	1120403456
 217 0144 00000000 		.word	0
 218 0148 00000000 		.word	IO004_Handle6
 219 014c 00000000 		.word	IO004_Handle0
 220 0150 00000000 		.word	PWMSP001_Handle0
 221 0154 00000000 		.word	PWMSP001_Handle1
 223              		.section	.text.Testando_Handler,"ax",%progbits
 224              		.align	1
 225              		.global	Testando_Handler
 226              		.thumb
 227              		.thumb_func
 229              	Testando_Handler:
 230              		@ args = 0, pretend = 0, frame = 0
 231              		@ frame_needed = 0, uses_anonymous_args = 0
 232              		@ link register save eliminated.
 233 0000 7047     		bx	lr
 235              		.section	.text.ERU0_3_IRQHandler,"ax",%progbits
 236              		.align	1
 237              		.global	ERU0_3_IRQHandler
 238              		.thumb
 239              		.thumb_func
 241              	ERU0_3_IRQHandler:
 242              		@ args = 0, pretend = 0, frame = 0
 243              		@ frame_needed = 0, uses_anonymous_args = 0
 244              		@ link register save eliminated.
 245 0000 7047     		bx	lr
 247              		.section	.text.ERU1_0_IRQHandler,"ax",%progbits
 248              		.align	1
 249              		.global	ERU1_0_IRQHandler
 250              		.thumb
 251              		.thumb_func
 253              	ERU1_0_IRQHandler:
 254              		@ args = 0, pretend = 0, frame = 0
 255              		@ frame_needed = 0, uses_anonymous_args = 0
 256              		@ link register save eliminated.
 257 0000 7047     		bx	lr
 259              		.section	.text.Software_Timers_Init,"ax",%progbits
 260              		.align	1
 261              		.global	Software_Timers_Init
 262              		.thumb
 263              		.thumb_func
 265              	Software_Timers_Init:
 266              		@ args = 0, pretend = 0, frame = 0
 267              		@ frame_needed = 0, uses_anonymous_args = 0
 268 0000 08B5     		push	{r3, lr}
 269 0002 6420     		movs	r0, #100
 270 0004 0121     		movs	r1, #1
 271 0006 054A     		ldr	r2, .L33
 272 0008 0023     		movs	r3, #0
 273 000a FFF7FEFF 		bl	SYSTM002_CreateTimer
 274 000e 18B1     		cbz	r0, .L31
 275 0010 BDE80840 		pop	{r3, lr}
 276 0014 FFF7FEBF 		b	SYSTM002_StartTimer
 277              	.L31:
 278 0018 08BD     		pop	{r3, pc}
 279              	.L34:
 280 001a 00BF     		.align	2
 281              	.L33:
 282 001c 00000000 		.word	Tick_Handler
 284              		.section	.text.delayus,"ax",%progbits
 285              		.align	1
 286              		.global	delayus
 287              		.thumb
 288              		.thumb_func
 290              	delayus:
 291              		@ args = 0, pretend = 0, frame = 0
 292              		@ frame_needed = 0, uses_anonymous_args = 0
 293              		@ link register save eliminated.
 294 0000 6328     		cmp	r0, #99
 295 0002 03D8     		bhi	.L36
 296 0004 024B     		ldr	r3, .L39
 297 0006 0022     		movs	r2, #0
 298 0008 1A60     		str	r2, [r3, #0]
 299 000a 7047     		bx	lr
 300              	.L36:
 301              	.L38:
 302 000c FEE7     		b	.L38
 303              	.L40:
 304 000e 00BF     		.align	2
 305              	.L39:
 306 0010 00000000 		.word	.LANCHOR0
 308              		.section	.text.delayms,"ax",%progbits
 309              		.align	1
 310              		.global	delayms
 311              		.thumb
 312              		.thumb_func
 314              	delayms:
 315              		@ args = 0, pretend = 0, frame = 0
 316              		@ frame_needed = 0, uses_anonymous_args = 0
 317              		@ link register save eliminated.
 318 0000 4FF47A73 		mov	r3, #1000
 319 0004 5843     		muls	r0, r3, r0
 320 0006 FFF7FEBF 		b	delayus
 322              		.section	.text.delay,"ax",%progbits
 323              		.align	1
 324              		.global	delay
 325              		.thumb
 326              		.thumb_func
 328              	delay:
 329              		@ args = 0, pretend = 0, frame = 0
 330              		@ frame_needed = 0, uses_anonymous_args = 0
 331              		@ link register save eliminated.
 332              	.L43:
 333 0000 10F1FF30 		adds	r0, r0, #-1
 334 0004 01D3     		bcc	.L45
 335              	.L44:
 336              	@ 327 "C:\DAVE-3.1.10\eclipse\/../CMSIS/Include/core_cmInstr.h" 1
 337 0006 00BF     		nop
 338              	@ 0 "" 2
 339              		.thumb
 340 0008 FAE7     		b	.L43
 341              	.L45:
 342 000a 7047     		bx	lr
 344              		.section	.text.pulse_R,"ax",%progbits
 345              		.align	1
 346              		.global	pulse_R
 347              		.thumb
 348              		.thumb_func
 350              	pulse_R:
 351              		@ args = 0, pretend = 0, frame = 0
 352              		@ frame_needed = 0, uses_anonymous_args = 0
 353 0000 38B5     		push	{r3, r4, r5, lr}
 354 0002 4FF49670 		mov	r0, #300
 355 0006 FFF7FEFF 		bl	delay
 356 000a 084B     		ldr	r3, .L47
 357 000c 5D78     		ldrb	r5, [r3, #1]	@ zero_extendqisi2
 358 000e 5C68     		ldr	r4, [r3, #4]
 359 0010 0120     		movs	r0, #1
 360 0012 00FA05F0 		lsl	r0, r0, r5
 361 0016 6060     		str	r0, [r4, #4]
 362 0018 4FF49670 		mov	r0, #300
 363 001c FFF7FEFF 		bl	delay
 364 0020 4FF48031 		mov	r1, #65536
 365 0024 01FA05F5 		lsl	r5, r1, r5
 366 0028 6560     		str	r5, [r4, #4]
 367 002a 38BD     		pop	{r3, r4, r5, pc}
 368              	.L48:
 369              		.align	2
 370              	.L47:
 371 002c 00000000 		.word	IO004_Handle11
 373              		.section	.text.configure_R,"ax",%progbits
 374              		.align	1
 375              		.global	configure_R
 376              		.thumb
 377              		.thumb_func
 379              	configure_R:
 380              		@ args = 0, pretend = 0, frame = 0
 381              		@ frame_needed = 0, uses_anonymous_args = 0
 382 0000 2DE9F843 		push	{r3, r4, r5, r6, r7, r8, r9, lr}
 383 0004 2E4B     		ldr	r3, .L56
 384 0006 C522     		movs	r2, #197
 385 0008 4F20     		movs	r0, #79
 386 000a A321     		movs	r1, #163
 387 000c 1A70     		strb	r2, [r3, #0]
 388 000e 5870     		strb	r0, [r3, #1]
 389 0010 9970     		strb	r1, [r3, #2]
 390 0012 0020     		movs	r0, #0
 391 0014 EE24     		movs	r4, #238
 392 0016 DD25     		movs	r5, #221
 393 0018 CC26     		movs	r6, #204
 394 001a BB27     		movs	r7, #187
 395 001c AA22     		movs	r2, #170
 396 001e 2821     		movs	r1, #40
 397 0020 DC70     		strb	r4, [r3, #3]
 398 0022 1D71     		strb	r5, [r3, #4]
 399 0024 5E71     		strb	r6, [r3, #5]
 400 0026 9F71     		strb	r7, [r3, #6]
 401 0028 DA71     		strb	r2, [r3, #7]
 402 002a 1872     		strb	r0, [r3, #8]
 403 002c 5872     		strb	r0, [r3, #9]
 404 002e 9872     		strb	r0, [r3, #10]
 405 0030 D872     		strb	r0, [r3, #11]
 406 0032 1873     		strb	r0, [r3, #12]
 407 0034 9873     		strb	r0, [r3, #14]
 408 0036 5973     		strb	r1, [r3, #13]
 409 0038 224D     		ldr	r5, .L56+4
 410 003a 234B     		ldr	r3, .L56+8
 411 003c 95F80190 		ldrb	r9, [r5, #1]	@ zero_extendqisi2
 412 0040 5F78     		ldrb	r7, [r3, #1]	@ zero_extendqisi2
 413 0042 D5F80480 		ldr	r8, [r5, #4]
 414 0046 5E68     		ldr	r6, [r3, #4]
 415 0048 4FF48034 		mov	r4, #65536
 416 004c 0122     		movs	r2, #1
 417 004e 04FA07F4 		lsl	r4, r4, r7
 418 0052 02FA09F0 		lsl	r0, r2, r9
 419 0056 7460     		str	r4, [r6, #4]
 420 0058 0E25     		movs	r5, #14
 421 005a C8F80400 		str	r0, [r8, #4]
 422              	.L50:
 423 005e 0724     		movs	r4, #7
 424              	.L53:
 425 0060 174B     		ldr	r3, .L56
 426 0062 0121     		movs	r1, #1
 427 0064 E85C     		ldrb	r0, [r5, r3]	@ zero_extendqisi2
 428 0066 194B     		ldr	r3, .L56+12
 429 0068 01FA04F2 		lsl	r2, r1, r4
 430 006c 0242     		tst	r2, r0
 431 006e 5A68     		ldr	r2, [r3, #4]
 432 0070 5878     		ldrb	r0, [r3, #1]	@ zero_extendqisi2
 433 0072 03D0     		beq	.L51
 434 0074 01FA00F1 		lsl	r1, r1, r0
 435 0078 5160     		str	r1, [r2, #4]
 436 007a 04E0     		b	.L52
 437              	.L51:
 438 007c 4FF48031 		mov	r1, #65536
 439 0080 01FA00F3 		lsl	r3, r1, r0
 440 0084 5360     		str	r3, [r2, #4]
 441              	.L52:
 442 0086 FFF7FEFF 		bl	pulse_R
 443 008a 14F1FF34 		adds	r4, r4, #-1
 444 008e E7D2     		bcs	.L53
 445 0090 15F1FF35 		adds	r5, r5, #-1
 446 0094 E3D2     		bcs	.L50
 447              	.L54:
 448 0096 0321     		movs	r1, #3
 449 0098 0C48     		ldr	r0, .L56+12
 450 009a FFF7FEFF 		bl	IO004_DisableOutputDriver
 451 009e 4FF48032 		mov	r2, #65536
 452 00a2 02FA09F0 		lsl	r0, r2, r9
 453 00a6 0121     		movs	r1, #1
 454 00a8 C8F80400 		str	r0, [r8, #4]
 455 00ac 01FA07F7 		lsl	r7, r1, r7
 456 00b0 4CF25030 		movw	r0, #50000
 457 00b4 7760     		str	r7, [r6, #4]
 458 00b6 BDE8F843 		pop	{r3, r4, r5, r6, r7, r8, r9, lr}
 459 00ba FFF7FEBF 		b	delay
 460              	.L57:
 461 00be 00BF     		.align	2
 462              	.L56:
 463 00c0 00000000 		.word	configuration
 464 00c4 00000000 		.word	IO004_Handle10
 465 00c8 00000000 		.word	IO004_Handle14
 466 00cc 00000000 		.word	IO004_Handle12
 468              		.section	.text.read_R,"ax",%progbits
 469              		.align	1
 470              		.global	read_R
 471              		.thumb
 472              		.thumb_func
 474              	read_R:
 475              		@ args = 0, pretend = 0, frame = 0
 476              		@ frame_needed = 0, uses_anonymous_args = 0
 477 0000 194B     		ldr	r3, .L67
 478 0002 2DE9F041 		push	{r4, r5, r6, r7, r8, lr}
 479 0006 93F80180 		ldrb	r8, [r3, #1]	@ zero_extendqisi2
 480 000a 5F68     		ldr	r7, [r3, #4]
 481 000c 4FF48030 		mov	r0, #65536
 482 0010 00FA08F1 		lsl	r1, r0, r8
 483 0014 7960     		str	r1, [r7, #4]
 484 0016 4CF25030 		movw	r0, #50000
 485 001a FFF7FEFF 		bl	delay
 486 001e 0025     		movs	r5, #0
 487              	.L59:
 488 0020 0026     		movs	r6, #0
 489 0022 0724     		movs	r4, #7
 490              	.L61:
 491 0024 114B     		ldr	r3, .L67+4
 492 0026 5A68     		ldr	r2, [r3, #4]
 493 0028 5978     		ldrb	r1, [r3, #1]	@ zero_extendqisi2
 494 002a 506A     		ldr	r0, [r2, #36]
 495 002c 20FA01F3 		lsr	r3, r0, r1
 496 0030 D807     		lsls	r0, r3, #31
 497 0032 04D5     		bpl	.L60
 498 0034 0122     		movs	r2, #1
 499 0036 02FA04F2 		lsl	r2, r2, r4
 500 003a 1643     		orrs	r6, r6, r2
 501 003c F6B2     		uxtb	r6, r6
 502              	.L60:
 503 003e FFF7FEFF 		bl	pulse_R
 504 0042 14F1FF34 		adds	r4, r4, #-1
 505 0046 EDD2     		bcs	.L61
 506 0048 0948     		ldr	r0, .L67+8
 507 004a 2E54     		strb	r6, [r5, r0]
 508 004c 0135     		adds	r5, r5, #1
 509 004e 052D     		cmp	r5, #5
 510 0050 E6D1     		bne	.L59
 511              	.L62:
 512 0052 0121     		movs	r1, #1
 513 0054 01FA08F3 		lsl	r3, r1, r8
 514 0058 4CF25030 		movw	r0, #50000
 515 005c 7B60     		str	r3, [r7, #4]
 516 005e BDE8F041 		pop	{r4, r5, r6, r7, r8, lr}
 517 0062 FFF7FEBF 		b	delay
 518              	.L68:
 519 0066 00BF     		.align	2
 520              	.L67:
 521 0068 00000000 		.word	IO004_Handle14
 522 006c 00000000 		.word	IO004_Handle12
 523 0070 00000000 		.word	data_R
 525              		.section	.text.startup.main,"ax",%progbits
 526              		.align	1
 527              		.global	main
 528              		.thumb
 529              		.thumb_func
 531              	main:
 532              		@ args = 0, pretend = 0, frame = 0
 533              		@ frame_needed = 0, uses_anonymous_args = 0
 534 0000 08B5     		push	{r3, lr}
 535 0002 FFF7FEFF 		bl	DAVE_Init
 536 0006 FFF7FEFF 		bl	Software_Timers_Init
 537 000a FFF7FEFF 		bl	configure_R
 538 000e 0E4B     		ldr	r3, .L77
 539 0010 0022     		movs	r2, #0
 540 0012 1A60     		str	r2, [r3, #0]
 541 0014 5A60     		str	r2, [r3, #4]
 542              	.L76:
 543 0016 FFF7FEFF 		bl	start_driver_signals
 544              	.L75:
 545 001a 0C48     		ldr	r0, .L77+4
 546 001c 4168     		ldr	r1, [r0, #4]
 547 001e 4378     		ldrb	r3, [r0, #1]	@ zero_extendqisi2
 548 0020 4A6A     		ldr	r2, [r1, #36]
 549 0022 0949     		ldr	r1, .L77
 550 0024 22FA03F0 		lsr	r0, r2, r3
 551 0028 10F0010F 		tst	r0, #1
 552 002c 06D0     		beq	.L71
 553 002e 0020     		movs	r0, #0
 554 0030 4860     		str	r0, [r1, #4]
 555 0032 FFF7FEFF 		bl	read_R
 556 0036 FFF7FEFF 		bl	update_driver_signals
 557 003a EEE7     		b	.L75
 558              	.L71:
 559 003c 4A68     		ldr	r2, [r1, #4]
 560 003e 41F28833 		movw	r3, #5000
 561 0042 9A42     		cmp	r2, r3
 562 0044 E9D9     		bls	.L75
 563 0046 E6E7     		b	.L76
 564              	.L78:
 565              		.align	2
 566              	.L77:
 567 0048 00000000 		.word	.LANCHOR0
 568 004c 00000000 		.word	IO004_Handle13
 570              		.global	value
 571              		.global	status_ticks
 572              		.global	ticks
 573              		.comm	data_R,5,1
 574              		.comm	configuration,15,1
 575              		.bss
 576              		.align	2
 577              		.set	.LANCHOR0,. + 0
 580              	ticks:
 581 0000 00000000 		.space	4
 584              	status_ticks:
 585 0004 00000000 		.space	4
 588              	value:
 589 0008 00       		.space	1
 590 0009 000000   		.ident	"GCC: (GNU Tools for ARM Embedded Processors) 4.7.4 20130913 (release) [ARM/embedded-4_7-br
DEFINED SYMBOLS
                            *ABS*:00000000 Main.c
C:\Users\JMASS_~1\AppData\Local\Temp\cc1RUvkt.s:17     .text.Tick_Handler:00000000 $t
C:\Users\JMASS_~1\AppData\Local\Temp\cc1RUvkt.s:22     .text.Tick_Handler:00000000 Tick_Handler
C:\Users\JMASS_~1\AppData\Local\Temp\cc1RUvkt.s:37     .text.Tick_Handler:00000010 $d
C:\Users\JMASS_~1\AppData\Local\Temp\cc1RUvkt.s:40     .text.WakeUp:00000000 $t
C:\Users\JMASS_~1\AppData\Local\Temp\cc1RUvkt.s:45     .text.WakeUp:00000000 WakeUp
C:\Users\JMASS_~1\AppData\Local\Temp\cc1RUvkt.s:52     .text.start_driver_signals:00000000 $t
C:\Users\JMASS_~1\AppData\Local\Temp\cc1RUvkt.s:57     .text.start_driver_signals:00000000 start_driver_signals
C:\Users\JMASS_~1\AppData\Local\Temp\cc1RUvkt.s:85     .text.start_driver_signals:0000003c $d
C:\Users\JMASS_~1\AppData\Local\Temp\cc1RUvkt.s:90     .text.update_driver_signals:00000000 $t
C:\Users\JMASS_~1\AppData\Local\Temp\cc1RUvkt.s:95     .text.update_driver_signals:00000000 update_driver_signals
C:\Users\JMASS_~1\AppData\Local\Temp\cc1RUvkt.s:214    .text.update_driver_signals:00000138 $d
                            *COM*:00000005 data_R
C:\Users\JMASS_~1\AppData\Local\Temp\cc1RUvkt.s:224    .text.Testando_Handler:00000000 $t
C:\Users\JMASS_~1\AppData\Local\Temp\cc1RUvkt.s:229    .text.Testando_Handler:00000000 Testando_Handler
C:\Users\JMASS_~1\AppData\Local\Temp\cc1RUvkt.s:236    .text.ERU0_3_IRQHandler:00000000 $t
C:\Users\JMASS_~1\AppData\Local\Temp\cc1RUvkt.s:241    .text.ERU0_3_IRQHandler:00000000 ERU0_3_IRQHandler
C:\Users\JMASS_~1\AppData\Local\Temp\cc1RUvkt.s:248    .text.ERU1_0_IRQHandler:00000000 $t
C:\Users\JMASS_~1\AppData\Local\Temp\cc1RUvkt.s:253    .text.ERU1_0_IRQHandler:00000000 ERU1_0_IRQHandler
C:\Users\JMASS_~1\AppData\Local\Temp\cc1RUvkt.s:260    .text.Software_Timers_Init:00000000 $t
C:\Users\JMASS_~1\AppData\Local\Temp\cc1RUvkt.s:265    .text.Software_Timers_Init:00000000 Software_Timers_Init
C:\Users\JMASS_~1\AppData\Local\Temp\cc1RUvkt.s:282    .text.Software_Timers_Init:0000001c $d
C:\Users\JMASS_~1\AppData\Local\Temp\cc1RUvkt.s:285    .text.delayus:00000000 $t
C:\Users\JMASS_~1\AppData\Local\Temp\cc1RUvkt.s:290    .text.delayus:00000000 delayus
C:\Users\JMASS_~1\AppData\Local\Temp\cc1RUvkt.s:306    .text.delayus:00000010 $d
C:\Users\JMASS_~1\AppData\Local\Temp\cc1RUvkt.s:309    .text.delayms:00000000 $t
C:\Users\JMASS_~1\AppData\Local\Temp\cc1RUvkt.s:314    .text.delayms:00000000 delayms
C:\Users\JMASS_~1\AppData\Local\Temp\cc1RUvkt.s:323    .text.delay:00000000 $t
C:\Users\JMASS_~1\AppData\Local\Temp\cc1RUvkt.s:328    .text.delay:00000000 delay
C:\Users\JMASS_~1\AppData\Local\Temp\cc1RUvkt.s:345    .text.pulse_R:00000000 $t
C:\Users\JMASS_~1\AppData\Local\Temp\cc1RUvkt.s:350    .text.pulse_R:00000000 pulse_R
C:\Users\JMASS_~1\AppData\Local\Temp\cc1RUvkt.s:371    .text.pulse_R:0000002c $d
C:\Users\JMASS_~1\AppData\Local\Temp\cc1RUvkt.s:374    .text.configure_R:00000000 $t
C:\Users\JMASS_~1\AppData\Local\Temp\cc1RUvkt.s:379    .text.configure_R:00000000 configure_R
C:\Users\JMASS_~1\AppData\Local\Temp\cc1RUvkt.s:463    .text.configure_R:000000c0 $d
                            *COM*:0000000f configuration
C:\Users\JMASS_~1\AppData\Local\Temp\cc1RUvkt.s:469    .text.read_R:00000000 $t
C:\Users\JMASS_~1\AppData\Local\Temp\cc1RUvkt.s:474    .text.read_R:00000000 read_R
C:\Users\JMASS_~1\AppData\Local\Temp\cc1RUvkt.s:521    .text.read_R:00000068 $d
C:\Users\JMASS_~1\AppData\Local\Temp\cc1RUvkt.s:526    .text.startup.main:00000000 $t
C:\Users\JMASS_~1\AppData\Local\Temp\cc1RUvkt.s:531    .text.startup.main:00000000 main
C:\Users\JMASS_~1\AppData\Local\Temp\cc1RUvkt.s:567    .text.startup.main:00000048 $d
C:\Users\JMASS_~1\AppData\Local\Temp\cc1RUvkt.s:588    .bss:00000008 value
C:\Users\JMASS_~1\AppData\Local\Temp\cc1RUvkt.s:584    .bss:00000004 status_ticks
C:\Users\JMASS_~1\AppData\Local\Temp\cc1RUvkt.s:580    .bss:00000000 ticks
C:\Users\JMASS_~1\AppData\Local\Temp\cc1RUvkt.s:576    .bss:00000000 $d

UNDEFINED SYMBOLS
PWMSP001_Start
PWMSP001_SetPwmFreq
PWMSP001_SetDutyCycle
PWMSP001_Handle0
PWMSP001_Handle1
IO004_Handle6
IO004_Handle0
SYSTM002_CreateTimer
SYSTM002_StartTimer
IO004_Handle11
IO004_DisableOutputDriver
IO004_Handle10
IO004_Handle14
IO004_Handle12
DAVE_Init
IO004_Handle13
